In file included from [01m[K/opt/ros/humble/include/rclcpp/rclcpp/logging.hpp:24[m[K,
                 from [01m[K/opt/ros/humble/include/rclcpp/rclcpp/client.hpp:40[m[K,
                 from [01m[K/opt/ros/humble/include/rclcpp/rclcpp/callback_group.hpp:24[m[K,
                 from [01m[K/opt/ros/humble/include/rclcpp/rclcpp/any_executable.hpp:20[m[K,
                 from [01m[K/opt/ros/humble/include/rclcpp/rclcpp/memory_strategy.hpp:25[m[K,
                 from [01m[K/opt/ros/humble/include/rclcpp/rclcpp/memory_strategies.hpp:18[m[K,
                 from [01m[K/opt/ros/humble/include/rclcpp/rclcpp/executor_options.hpp:20[m[K,
                 from [01m[K/opt/ros/humble/include/rclcpp/rclcpp/executor.hpp:37[m[K,
                 from [01m[K/opt/ros/humble/include/rclcpp/rclcpp/executors/multi_threaded_executor.hpp:25[m[K,
                 from [01m[K/opt/ros/humble/include/rclcpp/rclcpp/executors.hpp:21[m[K,
                 from [01m[K/opt/ros/humble/include/rclcpp/rclcpp/rclcpp.hpp:155[m[K,
                 from [01m[K/home/user/ws_siasun/src/aivt/src/robot_motion.cpp:1[m[K:
[01m[K/home/user/ws_siasun/src/aivt/src/robot_motion.cpp:[m[K In member function ‘[01m[Kvoid RobotMotion::recordMove()[m[K’:
[01m[K/home/user/ws_siasun/src/aivt/src/robot_motion.cpp:242:41:[m[K [01;35m[Kwarning: [m[Kformat ‘[01m[K%d[m[K’ expects argument of type ‘[01m[Kint[m[K’, but argument 5 has type ‘[01m[Kstd::vector<std::array<float, 6> >::size_type[m[K’ {aka ‘[01m[Klong unsigned int[m[K’} [[01;35m[K]8;;https://gcc.gnu.org/onlinedocs/gcc/Warning-Options.html#index-Wformat=-Wformat=]8;;[m[K]
  242 |         RCLCPP_INFO(this->get_logger(), [01;35m[K"record %d move"[m[K, [32m[Krecorded_joint_state_.size()[m[K);
      |                                         [01;35m[K^~~~~~~~~~~~~~~~[m[K  [32m[K~~~~~~~~~~~~~~~~~~~~~~~~~~~~[m[K
      |                                                                                     [32m[K|[m[K
      |                                                                                     [32m[Kstd::vector<std::array<float, 6> >::size_type {aka long unsigned int}[m[K
[01m[K/home/user/ws_siasun/src/aivt/src/robot_motion.cpp:242:50:[m[K [01;36m[Knote: [m[Kformat string is defined here
  242 |         RCLCPP_INFO(this->get_logger(), "record [01;36m[K%d[m[K move", recorded_joint_state_.size());
      |                                                 [01;36m[K~^[m[K
      |                                                  [01;36m[K|[m[K
      |                                                  [01;36m[Kint[m[K
      |                                                 [32m[K%ld[m[K
[01m[K/home/user/ws_siasun/src/aivt/src/robot_motion.cpp:[m[K In member function ‘[01m[Kvoid RobotMotion::repeatMove()[m[K’:
[01m[K/home/user/ws_siasun/src/aivt/src/robot_motion.cpp:253:26:[m[K [01;35m[Kwarning: [m[Kcomparison of integer expressions of different signedness: ‘[01m[Kint[m[K’ and ‘[01m[Kstd::vector<std::array<float, 6> >::size_type[m[K’ {aka ‘[01m[Klong unsigned int[m[K’} [[01;35m[K]8;;https://gcc.gnu.org/onlinedocs/gcc/Warning-Options.html#index-Wsign-compare-Wsign-compare]8;;[m[K]
  253 |         for(int i = 0; [01;35m[Ki < recorded_joint_state_.size()[m[K; i++)
      |                        [01;35m[K~~^~~~~~~~~~~~~~~~~~~~~~~~~~~~~~[m[K
