[0.009s] Invoking command in '/home/user/ws_siasun/build/aivt': AMENT_PREFIX_PATH=/home/user/ws_siasun/install/duco_ros_driver:/home/user/ws_siasun/install/duco_arms:/home/user/ws_siasun/install/duco_support:/home/user/ws_siasun/install/duco_msg:/home/user/ws_siasun/install/aivt_interfaces:${AMENT_PREFIX_PATH} CMAKE_PREFIX_PATH=/home/user/ws_siasun/install/duco_ros_driver:/home/user/ws_siasun/install/duco_arms:/home/user/ws_siasun/install/duco_support:/home/user/ws_siasun/install/duco_msg:/home/user/ws_siasun/install/aivt_interfaces:/opt/ros/humble LD_LIBRARY_PATH=/home/user/ws_siasun/install/duco_msg/lib:/home/user/ws_siasun/install/aivt_interfaces/lib:${LD_LIBRARY_PATH} PYTHONPATH=/home/user/ws_siasun/install/duco_msg/local/lib/python3.10/dist-packages:/home/user/ws_siasun/install/aivt_interfaces/local/lib/python3.10/dist-packages:${PYTHONPATH} /usr/bin/cmake --build /home/user/ws_siasun/build/aivt -- -j16 -l16
[0.049s] [35m[1mConsolidate compiler generated dependencies of target robot_motion[0m
[0.055s] [ 12%] Built target grasp_touch_control
[0.058s] [ 31%] Built target robot_motion_test
[0.058s] [ 37%] Built target tcp_calibration
[0.058s] [ 50%] Built target chessboard_detection
[0.059s] [ 62%] Built target hand_eye_calibration
[0.062s] [ 75%] Built target obstacle_avoidance
[0.062s] [ 87%] Built target calibration_calculation
[0.064s] [ 93%] [32mBuilding CXX object CMakeFiles/robot_motion.dir/src/robot_motion.cpp.o[0m
[2.085s] In file included from [01m[K/opt/ros/humble/include/rclcpp/rclcpp/logging.hpp:24[m[K,
[2.085s]                  from [01m[K/opt/ros/humble/include/rclcpp/rclcpp/client.hpp:40[m[K,
[2.085s]                  from [01m[K/opt/ros/humble/include/rclcpp/rclcpp/callback_group.hpp:24[m[K,
[2.085s]                  from [01m[K/opt/ros/humble/include/rclcpp/rclcpp/any_executable.hpp:20[m[K,
[2.086s]                  from [01m[K/opt/ros/humble/include/rclcpp/rclcpp/memory_strategy.hpp:25[m[K,
[2.086s]                  from [01m[K/opt/ros/humble/include/rclcpp/rclcpp/memory_strategies.hpp:18[m[K,
[2.086s]                  from [01m[K/opt/ros/humble/include/rclcpp/rclcpp/executor_options.hpp:20[m[K,
[2.086s]                  from [01m[K/opt/ros/humble/include/rclcpp/rclcpp/executor.hpp:37[m[K,
[2.086s]                  from [01m[K/opt/ros/humble/include/rclcpp/rclcpp/executors/multi_threaded_executor.hpp:25[m[K,
[2.086s]                  from [01m[K/opt/ros/humble/include/rclcpp/rclcpp/executors.hpp:21[m[K,
[2.086s]                  from [01m[K/opt/ros/humble/include/rclcpp/rclcpp/rclcpp.hpp:155[m[K,
[2.086s]                  from [01m[K/home/user/ws_siasun/src/aivt/src/robot_motion.cpp:1[m[K:
[2.086s] [01m[K/home/user/ws_siasun/src/aivt/src/robot_motion.cpp:[m[K In member function ‘[01m[Kvoid RobotMotion::recordMove()[m[K’:
[2.086s] [01m[K/home/user/ws_siasun/src/aivt/src/robot_motion.cpp:242:41:[m[K [01;35m[Kwarning: [m[Kformat ‘[01m[K%d[m[K’ expects argument of type ‘[01m[Kint[m[K’, but argument 5 has type ‘[01m[Kstd::vector<std::array<float, 6> >::size_type[m[K’ {aka ‘[01m[Klong unsigned int[m[K’} [[01;35m[K]8;;https://gcc.gnu.org/onlinedocs/gcc/Warning-Options.html#index-Wformat=-Wformat=]8;;[m[K]
[2.086s]   242 |         RCLCPP_INFO(this->get_logger(), [01;35m[K"record %d move"[m[K, [32m[Krecorded_joint_state_.size()[m[K);
[2.086s]       |                                         [01;35m[K^~~~~~~~~~~~~~~~[m[K  [32m[K~~~~~~~~~~~~~~~~~~~~~~~~~~~~[m[K
[2.086s]       |                                                                                     [32m[K|[m[K
[2.086s]       |                                                                                     [32m[Kstd::vector<std::array<float, 6> >::size_type {aka long unsigned int}[m[K
[2.086s] [01m[K/home/user/ws_siasun/src/aivt/src/robot_motion.cpp:242:50:[m[K [01;36m[Knote: [m[Kformat string is defined here
[2.086s]   242 |         RCLCPP_INFO(this->get_logger(), "record [01;36m[K%d[m[K move", recorded_joint_state_.size());
[2.086s]       |                                                 [01;36m[K~^[m[K
[2.087s]       |                                                  [01;36m[K|[m[K
[2.087s]       |                                                  [01;36m[Kint[m[K
[2.087s]       |                                                 [32m[K%ld[m[K
[2.087s] [01m[K/home/user/ws_siasun/src/aivt/src/robot_motion.cpp:[m[K In member function ‘[01m[Kvoid RobotMotion::repeatMove()[m[K’:
[2.087s] [01m[K/home/user/ws_siasun/src/aivt/src/robot_motion.cpp:253:26:[m[K [01;35m[Kwarning: [m[Kcomparison of integer expressions of different signedness: ‘[01m[Kint[m[K’ and ‘[01m[Kstd::vector<std::array<float, 6> >::size_type[m[K’ {aka ‘[01m[Klong unsigned int[m[K’} [[01;35m[K]8;;https://gcc.gnu.org/onlinedocs/gcc/Warning-Options.html#index-Wsign-compare-Wsign-compare]8;;[m[K]
[2.087s]   253 |         for(int i = 0; [01;35m[Ki < recorded_joint_state_.size()[m[K; i++)
[2.087s]       |                        [01;35m[K~~^~~~~~~~~~~~~~~~~~~~~~~~~~~~~~[m[K
[11.894s] [100%] [32m[1mLinking CXX executable robot_motion[0m
[12.503s] [100%] Built target robot_motion
[12.512s] Invoked command in '/home/user/ws_siasun/build/aivt' returned '0': AMENT_PREFIX_PATH=/home/user/ws_siasun/install/duco_ros_driver:/home/user/ws_siasun/install/duco_arms:/home/user/ws_siasun/install/duco_support:/home/user/ws_siasun/install/duco_msg:/home/user/ws_siasun/install/aivt_interfaces:${AMENT_PREFIX_PATH} CMAKE_PREFIX_PATH=/home/user/ws_siasun/install/duco_ros_driver:/home/user/ws_siasun/install/duco_arms:/home/user/ws_siasun/install/duco_support:/home/user/ws_siasun/install/duco_msg:/home/user/ws_siasun/install/aivt_interfaces:/opt/ros/humble LD_LIBRARY_PATH=/home/user/ws_siasun/install/duco_msg/lib:/home/user/ws_siasun/install/aivt_interfaces/lib:${LD_LIBRARY_PATH} PYTHONPATH=/home/user/ws_siasun/install/duco_msg/local/lib/python3.10/dist-packages:/home/user/ws_siasun/install/aivt_interfaces/local/lib/python3.10/dist-packages:${PYTHONPATH} /usr/bin/cmake --build /home/user/ws_siasun/build/aivt -- -j16 -l16
[12.513s] Invoking command in '/home/user/ws_siasun/build/aivt': AMENT_PREFIX_PATH=/home/user/ws_siasun/install/duco_ros_driver:/home/user/ws_siasun/install/duco_arms:/home/user/ws_siasun/install/duco_support:/home/user/ws_siasun/install/duco_msg:/home/user/ws_siasun/install/aivt_interfaces:${AMENT_PREFIX_PATH} CMAKE_PREFIX_PATH=/home/user/ws_siasun/install/duco_ros_driver:/home/user/ws_siasun/install/duco_arms:/home/user/ws_siasun/install/duco_support:/home/user/ws_siasun/install/duco_msg:/home/user/ws_siasun/install/aivt_interfaces:/opt/ros/humble LD_LIBRARY_PATH=/home/user/ws_siasun/install/duco_msg/lib:/home/user/ws_siasun/install/aivt_interfaces/lib:${LD_LIBRARY_PATH} PYTHONPATH=/home/user/ws_siasun/install/duco_msg/local/lib/python3.10/dist-packages:/home/user/ws_siasun/install/aivt_interfaces/local/lib/python3.10/dist-packages:${PYTHONPATH} /usr/bin/cmake --install /home/user/ws_siasun/build/aivt
[12.519s] -- Install configuration: ""
[12.519s] -- Up-to-date: /home/user/ws_siasun/install/aivt/lib/aivt/robot_motion_test
[12.519s] -- Up-to-date: /home/user/ws_siasun/install/aivt/lib/aivt/hand_eye_calibration
[12.520s] -- Up-to-date: /home/user/ws_siasun/install/aivt/lib/aivt/chessboard_detection
[12.520s] -- Up-to-date: /home/user/ws_siasun/install/aivt/lib/aivt/grasp_touch_control
[12.520s] -- Up-to-date: /home/user/ws_siasun/install/aivt/lib/aivt/tcp_calibration
[12.520s] -- Installing: /home/user/ws_siasun/install/aivt/lib/aivt/robot_motion
[12.527s] -- Set runtime path of "/home/user/ws_siasun/install/aivt/lib/aivt/robot_motion" to ""
[12.527s] -- Up-to-date: /home/user/ws_siasun/install/aivt/lib/aivt/calibration_calculation
[12.527s] -- Up-to-date: /home/user/ws_siasun/install/aivt/lib/aivt/obstacle_avoidance
[12.527s] -- Up-to-date: /home/user/ws_siasun/install/aivt/share/aivt/launch
[12.527s] -- Up-to-date: /home/user/ws_siasun/install/aivt/share/aivt/launch/gripper_server.launch.py
[12.527s] -- Up-to-date: /home/user/ws_siasun/install/aivt/share/aivt/launch/hand_eye_calibration.launch.py
[12.527s] -- Up-to-date: /home/user/ws_siasun/install/aivt/share/aivt/config
[12.527s] -- Up-to-date: /home/user/ws_siasun/install/aivt/share/aivt/config/chessboard_6.jpg
[12.527s] -- Up-to-date: /home/user/ws_siasun/install/aivt/share/aivt/config/chessboard_12.jpg
[12.527s] -- Up-to-date: /home/user/ws_siasun/install/aivt/share/aivt/config/chessboard_5.jpg
[12.527s] -- Up-to-date: /home/user/ws_siasun/install/aivt/share/aivt/config/hand_eye_transformer.yaml
[12.527s] -- Up-to-date: /home/user/ws_siasun/install/aivt/share/aivt/config/chessboard_13.jpg
[12.528s] -- Up-to-date: /home/user/ws_siasun/install/aivt/share/aivt/config/chessboard_0.jpg
[12.528s] -- Up-to-date: /home/user/ws_siasun/install/aivt/share/aivt/config/chessboard_14.jpg
[12.528s] -- Up-to-date: /home/user/ws_siasun/install/aivt/share/aivt/config/chessboard_2.jpg
[12.528s] -- Up-to-date: /home/user/ws_siasun/install/aivt/share/aivt/config/chessboard_4.jpg
[12.528s] -- Up-to-date: /home/user/ws_siasun/install/aivt/share/aivt/config/chessboard_1.jpg
[12.528s] -- Up-to-date: /home/user/ws_siasun/install/aivt/share/aivt/config/chessboard_7.jpg
[12.528s] -- Up-to-date: /home/user/ws_siasun/install/aivt/share/aivt/config/chessboard_3.jpg
[12.528s] -- Up-to-date: /home/user/ws_siasun/install/aivt/share/aivt/config/robot_pose.yaml
[12.528s] -- Up-to-date: /home/user/ws_siasun/install/aivt/share/aivt/config/chessboard_8.jpg
[12.528s] -- Up-to-date: /home/user/ws_siasun/install/aivt/share/aivt/config/calibration_data.yaml
[12.528s] -- Up-to-date: /home/user/ws_siasun/install/aivt/share/aivt/config/chessboard_11.jpg
[12.528s] -- Up-to-date: /home/user/ws_siasun/install/aivt/share/aivt/config/chessboard_10.jpg
[12.528s] -- Up-to-date: /home/user/ws_siasun/install/aivt/share/aivt/config/chessboard_15.jpg
[12.528s] -- Up-to-date: /home/user/ws_siasun/install/aivt/share/aivt/config/chessboard_9.jpg
[12.529s] -- Up-to-date: /home/user/ws_siasun/install/aivt/share/ament_index/resource_index/package_run_dependencies/aivt
[12.529s] -- Up-to-date: /home/user/ws_siasun/install/aivt/share/ament_index/resource_index/parent_prefix_path/aivt
[12.529s] -- Up-to-date: /home/user/ws_siasun/install/aivt/share/aivt/environment/ament_prefix_path.sh
[12.529s] -- Up-to-date: /home/user/ws_siasun/install/aivt/share/aivt/environment/ament_prefix_path.dsv
[12.529s] -- Up-to-date: /home/user/ws_siasun/install/aivt/share/aivt/environment/path.sh
[12.529s] -- Up-to-date: /home/user/ws_siasun/install/aivt/share/aivt/environment/path.dsv
[12.529s] -- Up-to-date: /home/user/ws_siasun/install/aivt/share/aivt/local_setup.bash
[12.529s] -- Up-to-date: /home/user/ws_siasun/install/aivt/share/aivt/local_setup.sh
[12.530s] -- Up-to-date: /home/user/ws_siasun/install/aivt/share/aivt/local_setup.zsh
[12.530s] -- Up-to-date: /home/user/ws_siasun/install/aivt/share/aivt/local_setup.dsv
[12.530s] -- Installing: /home/user/ws_siasun/install/aivt/share/aivt/package.dsv
[12.530s] -- Up-to-date: /home/user/ws_siasun/install/aivt/share/ament_index/resource_index/packages/aivt
[12.530s] -- Up-to-date: /home/user/ws_siasun/install/aivt/share/aivt/cmake/aivtConfig.cmake
[12.530s] -- Up-to-date: /home/user/ws_siasun/install/aivt/share/aivt/cmake/aivtConfig-version.cmake
[12.530s] -- Up-to-date: /home/user/ws_siasun/install/aivt/share/aivt/package.xml
[12.531s] Invoked command in '/home/user/ws_siasun/build/aivt' returned '0': AMENT_PREFIX_PATH=/home/user/ws_siasun/install/duco_ros_driver:/home/user/ws_siasun/install/duco_arms:/home/user/ws_siasun/install/duco_support:/home/user/ws_siasun/install/duco_msg:/home/user/ws_siasun/install/aivt_interfaces:${AMENT_PREFIX_PATH} CMAKE_PREFIX_PATH=/home/user/ws_siasun/install/duco_ros_driver:/home/user/ws_siasun/install/duco_arms:/home/user/ws_siasun/install/duco_support:/home/user/ws_siasun/install/duco_msg:/home/user/ws_siasun/install/aivt_interfaces:/opt/ros/humble LD_LIBRARY_PATH=/home/user/ws_siasun/install/duco_msg/lib:/home/user/ws_siasun/install/aivt_interfaces/lib:${LD_LIBRARY_PATH} PYTHONPATH=/home/user/ws_siasun/install/duco_msg/local/lib/python3.10/dist-packages:/home/user/ws_siasun/install/aivt_interfaces/local/lib/python3.10/dist-packages:${PYTHONPATH} /usr/bin/cmake --install /home/user/ws_siasun/build/aivt
