[0.014s] Invoking command in '/home/user/ws_siasun/build/duco_arms': CMAKE_PREFIX_PATH=/home/user/ws_siasun/install/duco_support:/home/user/ws_siasun/install/robot_control:/home/user/ws_siasun/install/aivt:/home/user/ws_siasun/install/duco_ros_driver:/home/user/ws_siasun/install/duco_gcr3_618_moveit_config:/home/user/ws_siasun/install/duco_arms:/home/user/ws_siasun/install/duco_msg:/home/user/ws_siasun/install/aivt_interfaces:/opt/ros/humble /usr/bin/cmake --build /home/user/ws_siasun/build/duco_arms -- -j16 -l16
[0.047s] Invoked command in '/home/user/ws_siasun/build/duco_arms' returned '0': CMAKE_PREFIX_PATH=/home/user/ws_siasun/install/duco_support:/home/user/ws_siasun/install/robot_control:/home/user/ws_siasun/install/aivt:/home/user/ws_siasun/install/duco_ros_driver:/home/user/ws_siasun/install/duco_gcr3_618_moveit_config:/home/user/ws_siasun/install/duco_arms:/home/user/ws_siasun/install/duco_msg:/home/user/ws_siasun/install/aivt_interfaces:/opt/ros/humble /usr/bin/cmake --build /home/user/ws_siasun/build/duco_arms -- -j16 -l16
[0.051s] Invoking command in '/home/user/ws_siasun/build/duco_arms': CMAKE_PREFIX_PATH=/home/user/ws_siasun/install/duco_support:/home/user/ws_siasun/install/robot_control:/home/user/ws_siasun/install/aivt:/home/user/ws_siasun/install/duco_ros_driver:/home/user/ws_siasun/install/duco_gcr3_618_moveit_config:/home/user/ws_siasun/install/duco_arms:/home/user/ws_siasun/install/duco_msg:/home/user/ws_siasun/install/aivt_interfaces:/opt/ros/humble /usr/bin/cmake --install /home/user/ws_siasun/build/duco_arms
[0.056s] -- Install configuration: ""
[0.056s] -- Up-to-date: /home/user/ws_siasun/install/duco_arms/share/ament_index/resource_index/package_run_dependencies/duco_arms
[0.057s] -- Up-to-date: /home/user/ws_siasun/install/duco_arms/share/ament_index/resource_index/parent_prefix_path/duco_arms
[0.057s] -- Up-to-date: /home/user/ws_siasun/install/duco_arms/share/duco_arms/environment/ament_prefix_path.sh
[0.057s] -- Up-to-date: /home/user/ws_siasun/install/duco_arms/share/duco_arms/environment/ament_prefix_path.dsv
[0.057s] -- Up-to-date: /home/user/ws_siasun/install/duco_arms/share/duco_arms/environment/path.sh
[0.057s] -- Up-to-date: /home/user/ws_siasun/install/duco_arms/share/duco_arms/environment/path.dsv
[0.058s] -- Up-to-date: /home/user/ws_siasun/install/duco_arms/share/duco_arms/local_setup.bash
[0.058s] -- Up-to-date: /home/user/ws_siasun/install/duco_arms/share/duco_arms/local_setup.sh
[0.058s] -- Up-to-date: /home/user/ws_siasun/install/duco_arms/share/duco_arms/local_setup.zsh
[0.058s] -- Up-to-date: /home/user/ws_siasun/install/duco_arms/share/duco_arms/local_setup.dsv
[0.058s] -- Installing: /home/user/ws_siasun/install/duco_arms/share/duco_arms/package.dsv
[0.058s] -- Up-to-date: /home/user/ws_siasun/install/duco_arms/share/ament_index/resource_index/packages/duco_arms
[0.058s] -- Up-to-date: /home/user/ws_siasun/install/duco_arms/share/duco_arms/cmake/duco_armsConfig.cmake
[0.058s] -- Up-to-date: /home/user/ws_siasun/install/duco_arms/share/duco_arms/cmake/duco_armsConfig-version.cmake
[0.058s] -- Up-to-date: /home/user/ws_siasun/install/duco_arms/share/duco_arms/package.xml
[0.059s] -- Up-to-date: /home/user/ws_siasun/install/duco_arms/share/duco_arms/launch
[0.059s] -- Up-to-date: /home/user/ws_siasun/install/duco_arms/share/duco_arms/launch/rsp.launch.py
[0.059s] -- Up-to-date: /home/user/ws_siasun/install/duco_arms/share/duco_arms/launch/move_group.launch.py
[0.059s] -- Up-to-date: /home/user/ws_siasun/install/duco_arms/share/duco_arms/launch/static_virtual_joint_tfs.launch.py
[0.059s] -- Up-to-date: /home/user/ws_siasun/install/duco_arms/share/duco_arms/launch/moveit_rviz.launch.py
[0.059s] -- Up-to-date: /home/user/ws_siasun/install/duco_arms/share/duco_arms/launch/demo.launch.py
[0.059s] -- Up-to-date: /home/user/ws_siasun/install/duco_arms/share/duco_arms/launch/warehouse_db.launch.py
[0.059s] -- Up-to-date: /home/user/ws_siasun/install/duco_arms/share/duco_arms/launch/setup_assistant.launch.py
[0.059s] -- Up-to-date: /home/user/ws_siasun/install/duco_arms/share/duco_arms/launch/spawn_controllers.launch.py
[0.060s] -- Up-to-date: /home/user/ws_siasun/install/duco_arms/share/duco_arms/config
[0.060s] -- Up-to-date: /home/user/ws_siasun/install/duco_arms/share/duco_arms/config/pilz_cartesian_limits.yaml
[0.060s] -- Up-to-date: /home/user/ws_siasun/install/duco_arms/share/duco_arms/config/moveit.rviz
[0.060s] -- Up-to-date: /home/user/ws_siasun/install/duco_arms/share/duco_arms/config/ros2_controllers.yaml
[0.060s] -- Up-to-date: /home/user/ws_siasun/install/duco_arms/share/duco_arms/config/dual_arms.ros2_control.xacro
[0.060s] -- Up-to-date: /home/user/ws_siasun/install/duco_arms/share/duco_arms/config/initial_positions.yaml
[0.060s] -- Up-to-date: /home/user/ws_siasun/install/duco_arms/share/duco_arms/config/sensors_3d.yaml
[0.060s] -- Up-to-date: /home/user/ws_siasun/install/duco_arms/share/duco_arms/config/joint_limits.yaml
[0.060s] -- Up-to-date: /home/user/ws_siasun/install/duco_arms/share/duco_arms/config/kinematics.yaml
[0.061s] -- Up-to-date: /home/user/ws_siasun/install/duco_arms/share/duco_arms/config/dual_arms.urdf.xacro
[0.061s] -- Up-to-date: /home/user/ws_siasun/install/duco_arms/share/duco_arms/config/dual_arms.srdf
[0.061s] -- Up-to-date: /home/user/ws_siasun/install/duco_arms/share/duco_arms/config/moveit_controllers.yaml
[0.061s] -- Up-to-date: /home/user/ws_siasun/install/duco_arms/share/duco_arms/.setup_assistant
[0.066s] Invoked command in '/home/user/ws_siasun/build/duco_arms' returned '0': CMAKE_PREFIX_PATH=/home/user/ws_siasun/install/duco_support:/home/user/ws_siasun/install/robot_control:/home/user/ws_siasun/install/aivt:/home/user/ws_siasun/install/duco_ros_driver:/home/user/ws_siasun/install/duco_gcr3_618_moveit_config:/home/user/ws_siasun/install/duco_arms:/home/user/ws_siasun/install/duco_msg:/home/user/ws_siasun/install/aivt_interfaces:/opt/ros/humble /usr/bin/cmake --install /home/user/ws_siasun/build/duco_arms
