[0.011s] Invoking command in '/home/user/ws_siasun/build/aivt': CMAKE_PREFIX_PATH=/home/user/ws_siasun/install/duco_ros_driver:/home/user/ws_siasun/install/duco_arms:/home/user/ws_siasun/install/duco_support:/home/user/ws_siasun/install/duco_msg:/home/user/ws_siasun/install/aivt_interfaces:/home/user/ws_siasun/install/robot_control:/home/user/ws_siasun/install/aivt:/home/user/ws_siasun/install/duco_gcr3_618_moveit_config:/opt/ros/humble /usr/bin/cmake --build /home/user/ws_siasun/build/aivt -- -j16 -l16
[0.034s] -- Found ament_cmake: 1.3.11 (/opt/ros/humble/share/ament_cmake/cmake)
[0.117s] -- Found rclcpp: 16.0.11 (/opt/ros/humble/share/rclcpp/cmake)
[0.141s] -- Found rosidl_generator_c: 3.1.6 (/opt/ros/humble/share/rosidl_generator_c/cmake)
[0.144s] -- Found rosidl_adapter: 3.1.6 (/opt/ros/humble/share/rosidl_adapter/cmake)
[0.147s] -- Found rosidl_generator_cpp: 3.1.6 (/opt/ros/humble/share/rosidl_generator_cpp/cmake)
[0.153s] -- Using all available rosidl_typesupport_c: rosidl_typesupport_fastrtps_c;rosidl_typesupport_introspection_c
[0.160s] -- Using all available rosidl_typesupport_cpp: rosidl_typesupport_fastrtps_cpp;rosidl_typesupport_introspection_cpp
[0.178s] -- Found rmw_implementation_cmake: 6.1.2 (/opt/ros/humble/share/rmw_implementation_cmake/cmake)
[0.179s] -- Found rmw_fastrtps_cpp: 6.2.7 (/opt/ros/humble/share/rmw_fastrtps_cpp/cmake)
[0.247s] -- Using RMW implementation 'rmw_fastrtps_cpp' as default
[0.280s] -- Found sensor_msgs: 4.2.4 (/opt/ros/humble/share/sensor_msgs/cmake)
[0.299s] -- Found duco_msg: 0.0.0 (/home/user/ws_siasun/install/duco_msg/share/duco_msg/cmake)
[0.308s] -- Found aivt_interfaces: 0.0.0 (/home/user/ws_siasun/install/aivt_interfaces/share/aivt_interfaces/cmake)
[0.318s] -- Found cv_bridge: 3.2.1 (/opt/ros/humble/share/cv_bridge/cmake)
[0.320s] -- Found tf2_ros: 0.25.12 (/opt/ros/humble/share/tf2_ros/cmake)
[0.370s] -- Found tf2_geometry_msgs: 0.25.12 (/opt/ros/humble/share/tf2_geometry_msgs/cmake)
[0.372s] -- Found eigen3_cmake_module: 0.1.1 (/opt/ros/humble/share/eigen3_cmake_module/cmake)
[0.373s] -- Ensuring Eigen3 include directory is part of orocos-kdl CMake target
[0.385s] -- Eigen found (include: /usr/include/eigen3, version: 3.4.0)
[0.393s] -- Found Boost: /usr/lib/x86_64-linux-gnu/cmake/Boost-1.74.0/BoostConfig.cmake (found suitable version "1.74.0", minimum required is "1.65.0") found components: system filesystem date_time iostreams serialization 
[0.407s] -- FLANN found (include: /usr/include, lib: /usr/lib/x86_64-linux-gnu/libflann_cpp.so)
[0.431s] -- Found GLEW: /usr/lib/x86_64-linux-gnu/libGLEW.so  
[0.432s] -- Found OpenGL: /usr/lib/x86_64-linux-gnu/libOpenGL.so  found components: OpenGL GLX 
[0.508s] -- Found MPI_C: /usr/lib/x86_64-linux-gnu/libmpi.so (found version "3.1") 
[0.508s] -- Found MPI: TRUE (found version "3.1") found components: C 
[0.509s] -- Found JsonCpp: /usr/lib/x86_64-linux-gnu/libjsoncpp.so (found suitable version "1.9.5", minimum required is "0.7.0") 
[0.514s] -- Found ZLIB: /usr/lib/x86_64-linux-gnu/libz.so (found version "1.2.11") 
[0.525s] -- Found PNG: /usr/lib/x86_64-linux-gnu/libpng.so (found version "1.6.37") 
[0.531s] -- Found Eigen3: /usr/include/eigen3 (found version "3.4.0") 
[0.547s] -- Found X11: /usr/include   
[0.568s] -- Found EXPAT: /usr/lib/x86_64-linux-gnu/libexpat.so (found version "2.4.7") 
[0.569s] -- Found double-conversion: /usr/lib/x86_64-linux-gnu/libdouble-conversion.so  
[0.570s] -- Found LZ4: /usr/lib/x86_64-linux-gnu/liblz4.so (found version "1.9.3") 
[0.571s] -- Found LZMA: /usr/lib/x86_64-linux-gnu/liblzma.so (found version "5.2.5") 
[0.578s] -- Found JPEG: /usr/lib/x86_64-linux-gnu/libjpeg.so (found version "80") 
[0.581s] -- Found TIFF: /usr/lib/x86_64-linux-gnu/libtiff.so (found version "4.3.0")  
[0.583s] -- Found Freetype: /usr/lib/x86_64-linux-gnu/libfreetype.so (found version "2.11.1") 
[0.586s] -- Found utf8cpp: /usr/include/utf8cpp  
[0.608s] -- Found OpenNI: /usr/lib/libOpenNI.so;libusb::libusb (found version "1.5.4.0") 
[0.608s] -- OpenNI found (version: 1.5.4.0, include: /usr/include/ni, lib: /usr/lib/libOpenNI.so;libusb::libusb)
[0.613s] -- Found OpenNI2: /usr/lib/x86_64-linux-gnu/libOpenNI2.so;libusb::libusb (found version "2.2.0.33") 
[0.613s] -- OpenNI2 found (version: 2.2.0.33, include: /usr/include/openni2, lib: /usr/lib/x86_64-linux-gnu/libOpenNI2.so;libusb::libusb)
[0.613s] [0m** WARNING ** io features related to pcap will be disabled[0m
[0.710s] -- Eigen found (include: /usr/include/eigen3, version: 3.4.0)
[0.716s] -- OpenNI found (version: 1.5.4.0, include: /usr/include/ni, lib: /usr/lib/libOpenNI.so;libusb::libusb)
[0.722s] -- OpenNI2 found (version: 2.2.0.33, include: /usr/include/openni2, lib: /usr/lib/x86_64-linux-gnu/libOpenNI2.so;libusb::libusb)
[0.826s] -- Found Qhull version 8.0.2
[0.923s] -- OpenNI found (version: 1.5.4.0, include: /usr/include/ni, lib: /usr/lib/libOpenNI.so;libusb::libusb)
[1.016s] -- looking for PCL_COMMON
[1.016s] -- looking for PCL_KDTREE
[1.016s] -- looking for PCL_OCTREE
[1.016s] -- looking for PCL_SEARCH
[1.017s] -- looking for PCL_SAMPLE_CONSENSUS
[1.017s] -- looking for PCL_FILTERS
[1.017s] -- looking for PCL_2D
[1.017s] -- looking for PCL_GEOMETRY
[1.017s] -- looking for PCL_IO
[1.018s] -- looking for PCL_FEATURES
[1.018s] -- looking for PCL_ML
[1.018s] -- looking for PCL_SEGMENTATION
[1.019s] -- looking for PCL_VISUALIZATION
[1.019s] -- looking for PCL_SURFACE
[1.019s] -- looking for PCL_REGISTRATION
[1.019s] -- looking for PCL_KEYPOINTS
[1.020s] -- looking for PCL_TRACKING
[1.020s] -- looking for PCL_RECOGNITION
[1.020s] -- looking for PCL_STEREO
[1.020s] -- looking for PCL_APPS
[1.021s] -- looking for PCL_IN_HAND_SCANNER
[1.021s] -- looking for PCL_MODELER
[1.021s] -- looking for PCL_POINT_CLOUD_EDITOR
[1.022s] -- looking for PCL_OUTOFCORE
[1.022s] -- looking for PCL_PEOPLE
[1.023s] -- Found PCL: pcl_common;pcl_kdtree;pcl_octree;pcl_search;pcl_sample_consensus;pcl_filters;pcl_io;pcl_features;pcl_ml;pcl_segmentation;pcl_visualization;pcl_surface;pcl_registration;pcl_keypoints;pcl_tracking;pcl_recognition;pcl_stereo;pcl_apps;pcl_outofcore;pcl_people;Boost::system;Boost::filesystem;Boost::date_time;Boost::iostreams;Boost::serialization;/usr/lib/libOpenNI.so;libusb::libusb;/usr/lib/x86_64-linux-gnu/libOpenNI2.so;libusb::libusb;VTK::ChartsCore;VTK::CommonColor;VTK::CommonComputationalGeometry;VTK::CommonCore;VTK::CommonDataModel;VTK::CommonExecutionModel;VTK::CommonMath;VTK::CommonMisc;VTK::CommonTransforms;VTK::FiltersCore;VTK::FiltersExtraction;VTK::FiltersGeneral;VTK::FiltersGeometry;VTK::FiltersModeling;VTK::FiltersSources;VTK::ImagingCore;VTK::ImagingSources;VTK::InteractionImage;VTK::InteractionStyle;VTK::InteractionWidgets;VTK::IOCore;VTK::IOGeometry;VTK::IOImage;VTK::IOLegacy;VTK::IOPLY;VTK::RenderingAnnotation;VTK::RenderingCore;VTK::RenderingContext2D;VTK::RenderingLOD;VTK::RenderingFreeType;VTK::ViewsCore;VTK::ViewsContext2D;VTK::RenderingOpenGL2;VTK::GUISupportQt;FLANN::FLANN;QHULL::QHULL  
[1.023s] -- Found pcl_conversions: 2.4.5 (/opt/ros/humble/share/pcl_conversions/cmake)
[1.036s] -- Found duco_ros_driver: 0.0.0 (/home/user/ws_siasun/install/duco_ros_driver/share/duco_ros_driver/cmake)
[1.045s] -- Found ament_lint_auto: 0.12.11 (/opt/ros/humble/share/ament_lint_auto/cmake)
[1.088s] -- Added test 'cppcheck' to perform static code analysis on C / C++ code
[1.088s] -- Configured cppcheck include dirs: 
[1.088s] -- Configured cppcheck exclude dirs and/or files: 
[1.088s] -- Added test 'flake8' to check Python code syntax and style conventions
[1.088s] -- Added test 'lint_cmake' to check CMake code style
[1.088s] -- Added test 'pep257' to check Python code against some of the docstring style conventions in PEP 257
[1.089s] -- Added test 'uncrustify' to check C / C++ code style
[1.089s] -- Configured uncrustify additional arguments: 
[1.090s] -- Added test 'xmllint' to check XML markup files
[1.090s] -- Configuring done
[1.117s] -- Generating done
[1.132s] -- Build files have been written to: /home/user/ws_siasun/build/aivt
[1.157s] [35m[1mConsolidate compiler generated dependencies of target hand_eye_calibration[0m
[1.157s] [35m[1mConsolidate compiler generated dependencies of target robot_motion[0m
[1.157s] [35m[1mConsolidate compiler generated dependencies of target chessboard_detection[0m
[1.158s] [35m[1mConsolidate compiler generated dependencies of target robot_motion_test[0m
[1.159s] [35m[1mConsolidate compiler generated dependencies of target grasp_touch_control[0m
[1.159s] [35m[1mConsolidate compiler generated dependencies of target tcp_calibration[0m
[1.160s] [35m[1mConsolidate compiler generated dependencies of target obstacle_avoidance[0m
[1.160s] [35m[1mConsolidate compiler generated dependencies of target calibration_calculation[0m
[1.169s] [ 12%] Built target chessboard_detection
[1.171s] [ 25%] Built target grasp_touch_control
[1.171s] [ 37%] Built target hand_eye_calibration
[1.174s] [ 50%] Built target tcp_calibration
[1.174s] [ 62%] Built target robot_motion_test
[1.174s] [ 75%] Built target robot_motion
[1.175s] [ 81%] [32mBuilding CXX object CMakeFiles/obstacle_avoidance.dir/src/obstacle_avoidance.cpp.o[0m
[1.179s] [ 93%] Built target calibration_calculation
[1.293s] [01m[K/home/user/ws_siasun/src/aivt/src/obstacle_avoidance.cpp:3:10:[m[K [01;31m[Kfatal error: [m[Kpcl/point_types.h: 没有那个文件或目录
[1.294s]     3 | #include [01;31m[K"pcl/point_types.h"[m[K
[1.294s]       |          [01;31m[K^~~~~~~~~~~~~~~~~~~[m[K
[1.294s] compilation terminated.
[1.295s] gmake[2]: *** [CMakeFiles/obstacle_avoidance.dir/build.make:76：CMakeFiles/obstacle_avoidance.dir/src/obstacle_avoidance.cpp.o] 错误 1
[1.296s] gmake[1]: *** [CMakeFiles/Makefile2:333：CMakeFiles/obstacle_avoidance.dir/all] 错误 2
[1.296s] gmake: *** [Makefile:146：all] 错误 2
[1.298s] Invoked command in '/home/user/ws_siasun/build/aivt' returned '2': CMAKE_PREFIX_PATH=/home/user/ws_siasun/install/duco_ros_driver:/home/user/ws_siasun/install/duco_arms:/home/user/ws_siasun/install/duco_support:/home/user/ws_siasun/install/duco_msg:/home/user/ws_siasun/install/aivt_interfaces:/home/user/ws_siasun/install/robot_control:/home/user/ws_siasun/install/aivt:/home/user/ws_siasun/install/duco_gcr3_618_moveit_config:/opt/ros/humble /usr/bin/cmake --build /home/user/ws_siasun/build/aivt -- -j16 -l16
