[35m[1mConsolidate compiler generated dependencies of target move_controller[0m
[35m[1mConsolidate compiler generated dependencies of target move_controller_test[0m
[ 33%] Built target simple_motion_node
[ 83%] [32mBuilding CXX object CMakeFiles/move_controller.dir/src/move_controller.cpp.o[0m
[ 83%] Built target move_controller_test
[01m[K/home/ubuntu/ws_engineer/src/moveit_demo/src/move_controller.cpp:[m[K In function ‘[01m[Kint main(int, const char**)[m[K’:
[01m[K/home/ubuntu/ws_engineer/src/moveit_demo/src/move_controller.cpp:68:19:[m[K [01;35m[Kwarning: [m[Kthe address of ‘[01m[Kbool rclcpp::ok(Context::SharedPtr)[m[K’ will never be NULL [[01;35m[K]8;;https://gcc.gnu.org/onlinedocs/gcc/Warning-Options.html#index-Waddress-Waddress]8;;[m[K]
   68 |     while([01;35m[Krclcpp::ok[m[K){
      |           [01;35m[K~~~~~~~~^~[m[K
In file included from [01m[K/opt/ros/humble/include/rclcpp/rclcpp/logging.hpp:25[m[K,
                 from [01m[K/opt/ros/humble/include/rclcpp/rclcpp/client.hpp:40[m[K,
                 from [01m[K/opt/ros/humble/include/rclcpp/rclcpp/callback_group.hpp:24[m[K,
                 from [01m[K/opt/ros/humble/include/rclcpp/rclcpp/any_executable.hpp:20[m[K,
                 from [01m[K/opt/ros/humble/include/rclcpp/rclcpp/memory_strategy.hpp:25[m[K,
                 from [01m[K/opt/ros/humble/include/rclcpp/rclcpp/memory_strategies.hpp:18[m[K,
                 from [01m[K/opt/ros/humble/include/rclcpp/rclcpp/executor_options.hpp:20[m[K,
                 from [01m[K/opt/ros/humble/include/rclcpp/rclcpp/executor.hpp:37[m[K,
                 from [01m[K/opt/ros/humble/include/rclcpp/rclcpp/executors/multi_threaded_executor.hpp:25[m[K,
                 from [01m[K/opt/ros/humble/include/rclcpp/rclcpp/executors.hpp:21[m[K,
                 from [01m[K/opt/ros/humble/include/rclcpp/rclcpp/rclcpp.hpp:155[m[K,
                 from [01m[K/home/ubuntu/ws_engineer/src/moveit_demo/src/move_controller.cpp:5[m[K:
[01m[K/opt/ros/humble/include/rclcpp/rclcpp/utilities.hpp:176:1:[m[K [01;36m[Knote: [m[K‘[01m[Kbool rclcpp::ok(Context::SharedPtr)[m[K’ declared here
  176 | [01;36m[Kok[m[K(rclcpp::Context::SharedPtr context = nullptr);
      | [01;36m[K^~[m[K
[100%] [32m[1mLinking CXX executable move_controller[0m
[100%] Built target move_controller
-- Install configuration: ""
-- Up-to-date: /home/ubuntu/ws_engineer/install/moveit_demo/lib/moveit_demo/simple_motion_node
-- Installing: /home/ubuntu/ws_engineer/install/moveit_demo/lib/moveit_demo/move_controller_test
-- Set runtime path of "/home/ubuntu/ws_engineer/install/moveit_demo/lib/moveit_demo/move_controller_test" to ""
-- Installing: /home/ubuntu/ws_engineer/install/moveit_demo/lib/moveit_demo/move_controller
-- Set runtime path of "/home/ubuntu/ws_engineer/install/moveit_demo/lib/moveit_demo/move_controller" to ""
-- Installing: /home/ubuntu/ws_engineer/install/moveit_demo/share/ament_index/resource_index/package_run_dependencies/moveit_demo
-- Installing: /home/ubuntu/ws_engineer/install/moveit_demo/share/ament_index/resource_index/parent_prefix_path/moveit_demo
-- Up-to-date: /home/ubuntu/ws_engineer/install/moveit_demo/share/moveit_demo/environment/ament_prefix_path.sh
-- Installing: /home/ubuntu/ws_engineer/install/moveit_demo/share/moveit_demo/environment/ament_prefix_path.dsv
-- Up-to-date: /home/ubuntu/ws_engineer/install/moveit_demo/share/moveit_demo/environment/path.sh
-- Installing: /home/ubuntu/ws_engineer/install/moveit_demo/share/moveit_demo/environment/path.dsv
-- Up-to-date: /home/ubuntu/ws_engineer/install/moveit_demo/share/moveit_demo/local_setup.bash
-- Up-to-date: /home/ubuntu/ws_engineer/install/moveit_demo/share/moveit_demo/local_setup.sh
-- Up-to-date: /home/ubuntu/ws_engineer/install/moveit_demo/share/moveit_demo/local_setup.zsh
-- Installing: /home/ubuntu/ws_engineer/install/moveit_demo/share/moveit_demo/local_setup.dsv
-- Installing: /home/ubuntu/ws_engineer/install/moveit_demo/share/moveit_demo/package.dsv
-- Up-to-date: /home/ubuntu/ws_engineer/install/moveit_demo/share/ament_index/resource_index/packages/moveit_demo
-- Up-to-date: /home/ubuntu/ws_engineer/install/moveit_demo/share/moveit_demo/cmake/moveit_demoConfig.cmake
-- Up-to-date: /home/ubuntu/ws_engineer/install/moveit_demo/share/moveit_demo/cmake/moveit_demoConfig-version.cmake
-- Installing: /home/ubuntu/ws_engineer/install/moveit_demo/share/moveit_demo/package.xml
