[0.587s] DEBUG:colcon:Command line arguments: ['/usr/bin/colcon', 'build']
[0.587s] DEBUG:colcon:Parsed command line arguments: Namespace(log_base=None, log_level=None, verb_name='build', build_base='build', install_base='install', merge_install=False, symlink_install=False, test_result_base=None, continue_on_error=False, executor='parallel', parallel_workers=16, event_handlers=None, ignore_user_meta=False, metas=['./colcon.meta'], base_paths=['.'], packages_ignore=None, packages_ignore_regex=None, paths=None, packages_up_to=None, packages_up_to_regex=None, packages_above=None, packages_above_and_dependencies=None, packages_above_depth=None, packages_select_by_dep=None, packages_skip_by_dep=None, packages_skip_up_to=None, packages_select_build_failed=False, packages_skip_build_finished=False, packages_select_test_failures=False, packages_skip_test_passed=False, packages_select=None, packages_skip=None, packages_select_regex=None, packages_skip_regex=None, packages_start=None, packages_end=None, allow_overriding=[], cmake_args=None, cmake_target=None, cmake_target_skip_unavailable=False, cmake_clean_cache=False, cmake_clean_first=False, cmake_force_configure=False, ament_cmake_args=None, catkin_cmake_args=None, catkin_skip_building_tests=False, mixin_files=None, mixin=None, verb_parser=<colcon_mixin.mixin.mixin_argument.MixinArgumentDecorator object at 0x7c74c887b670>, verb_extension=<colcon_core.verb.build.BuildVerb object at 0x7c74c887acb0>, main=<bound method BuildVerb.main of <colcon_core.verb.build.BuildVerb object at 0x7c74c887acb0>>, mixin_verb=('build',))
[1.009s] Level 1:colcon.colcon_core.package_discovery:discover_packages(colcon_meta) check parameters
[1.010s] Level 1:colcon.colcon_core.package_discovery:discover_packages(recursive) check parameters
[1.010s] Level 1:colcon.colcon_core.package_discovery:discover_packages(ignore) check parameters
[1.010s] Level 1:colcon.colcon_core.package_discovery:discover_packages(path) check parameters
[1.010s] Level 1:colcon.colcon_core.package_discovery:discover_packages(colcon_meta) discover
[1.010s] Level 1:colcon.colcon_core.package_discovery:discover_packages(recursive) discover
[1.010s] INFO:colcon.colcon_core.package_discovery:Crawling recursively for packages in '/home/ubuntu/ws_engineer'
[1.010s] Level 1:colcon.colcon_core.package_identification:_identify(.) by extensions ['ignore', 'ignore_ament_install']
[1.010s] Level 1:colcon.colcon_core.package_identification:_identify(.) by extension 'ignore'
[1.010s] Level 1:colcon.colcon_core.package_identification:_identify(.) by extension 'ignore_ament_install'
[1.010s] Level 1:colcon.colcon_core.package_identification:_identify(.) by extensions ['colcon_pkg']
[1.010s] Level 1:colcon.colcon_core.package_identification:_identify(.) by extension 'colcon_pkg'
[1.010s] Level 1:colcon.colcon_core.package_identification:_identify(.) by extensions ['colcon_meta']
[1.010s] Level 1:colcon.colcon_core.package_identification:_identify(.) by extension 'colcon_meta'
[1.010s] Level 1:colcon.colcon_core.package_identification:_identify(.) by extensions ['ros']
[1.010s] Level 1:colcon.colcon_core.package_identification:_identify(.) by extension 'ros'
[1.026s] Level 1:colcon.colcon_core.package_identification:_identify(.) by extensions ['cmake', 'python']
[1.026s] Level 1:colcon.colcon_core.package_identification:_identify(.) by extension 'cmake'
[1.026s] Level 1:colcon.colcon_core.package_identification:_identify(.) by extension 'python'
[1.026s] Level 1:colcon.colcon_core.package_identification:_identify(.) by extensions ['python_setup_py']
[1.026s] Level 1:colcon.colcon_core.package_identification:_identify(.) by extension 'python_setup_py'
[1.026s] Level 1:colcon.colcon_core.package_identification:_identify(build) by extensions ['ignore', 'ignore_ament_install']
[1.026s] Level 1:colcon.colcon_core.package_identification:_identify(build) by extension 'ignore'
[1.026s] Level 1:colcon.colcon_core.package_identification:_identify(build) ignored
[1.026s] Level 1:colcon.colcon_core.package_identification:_identify(install) by extensions ['ignore', 'ignore_ament_install']
[1.026s] Level 1:colcon.colcon_core.package_identification:_identify(install) by extension 'ignore'
[1.026s] Level 1:colcon.colcon_core.package_identification:_identify(install) ignored
[1.026s] Level 1:colcon.colcon_core.package_identification:_identify(log) by extensions ['ignore', 'ignore_ament_install']
[1.026s] Level 1:colcon.colcon_core.package_identification:_identify(log) by extension 'ignore'
[1.026s] Level 1:colcon.colcon_core.package_identification:_identify(log) ignored
[1.027s] Level 1:colcon.colcon_core.package_identification:_identify(readme) by extensions ['ignore', 'ignore_ament_install']
[1.027s] Level 1:colcon.colcon_core.package_identification:_identify(readme) by extension 'ignore'
[1.027s] Level 1:colcon.colcon_core.package_identification:_identify(readme) by extension 'ignore_ament_install'
[1.027s] Level 1:colcon.colcon_core.package_identification:_identify(readme) by extensions ['colcon_pkg']
[1.027s] Level 1:colcon.colcon_core.package_identification:_identify(readme) by extension 'colcon_pkg'
[1.027s] Level 1:colcon.colcon_core.package_identification:_identify(readme) by extensions ['colcon_meta']
[1.027s] Level 1:colcon.colcon_core.package_identification:_identify(readme) by extension 'colcon_meta'
[1.027s] Level 1:colcon.colcon_core.package_identification:_identify(readme) by extensions ['ros']
[1.027s] Level 1:colcon.colcon_core.package_identification:_identify(readme) by extension 'ros'
[1.027s] Level 1:colcon.colcon_core.package_identification:_identify(readme) by extensions ['cmake', 'python']
[1.027s] Level 1:colcon.colcon_core.package_identification:_identify(readme) by extension 'cmake'
[1.027s] Level 1:colcon.colcon_core.package_identification:_identify(readme) by extension 'python'
[1.027s] Level 1:colcon.colcon_core.package_identification:_identify(readme) by extensions ['python_setup_py']
[1.027s] Level 1:colcon.colcon_core.package_identification:_identify(readme) by extension 'python_setup_py'
[1.027s] Level 1:colcon.colcon_core.package_identification:_identify(src) by extensions ['ignore', 'ignore_ament_install']
[1.027s] Level 1:colcon.colcon_core.package_identification:_identify(src) by extension 'ignore'
[1.027s] Level 1:colcon.colcon_core.package_identification:_identify(src) by extension 'ignore_ament_install'
[1.027s] Level 1:colcon.colcon_core.package_identification:_identify(src) by extensions ['colcon_pkg']
[1.028s] Level 1:colcon.colcon_core.package_identification:_identify(src) by extension 'colcon_pkg'
[1.028s] Level 1:colcon.colcon_core.package_identification:_identify(src) by extensions ['colcon_meta']
[1.028s] Level 1:colcon.colcon_core.package_identification:_identify(src) by extension 'colcon_meta'
[1.028s] Level 1:colcon.colcon_core.package_identification:_identify(src) by extensions ['ros']
[1.028s] Level 1:colcon.colcon_core.package_identification:_identify(src) by extension 'ros'
[1.028s] Level 1:colcon.colcon_core.package_identification:_identify(src) by extensions ['cmake', 'python']
[1.028s] Level 1:colcon.colcon_core.package_identification:_identify(src) by extension 'cmake'
[1.028s] Level 1:colcon.colcon_core.package_identification:_identify(src) by extension 'python'
[1.028s] Level 1:colcon.colcon_core.package_identification:_identify(src) by extensions ['python_setup_py']
[1.028s] Level 1:colcon.colcon_core.package_identification:_identify(src) by extension 'python_setup_py'
[1.028s] Level 1:colcon.colcon_core.package_identification:_identify(src/base_interfaces) by extensions ['ignore', 'ignore_ament_install']
[1.028s] Level 1:colcon.colcon_core.package_identification:_identify(src/base_interfaces) by extension 'ignore'
[1.028s] Level 1:colcon.colcon_core.package_identification:_identify(src/base_interfaces) by extension 'ignore_ament_install'
[1.028s] Level 1:colcon.colcon_core.package_identification:_identify(src/base_interfaces) by extensions ['colcon_pkg']
[1.028s] Level 1:colcon.colcon_core.package_identification:_identify(src/base_interfaces) by extension 'colcon_pkg'
[1.028s] Level 1:colcon.colcon_core.package_identification:_identify(src/base_interfaces) by extensions ['colcon_meta']
[1.028s] Level 1:colcon.colcon_core.package_identification:_identify(src/base_interfaces) by extension 'colcon_meta'
[1.028s] Level 1:colcon.colcon_core.package_identification:_identify(src/base_interfaces) by extensions ['ros']
[1.028s] Level 1:colcon.colcon_core.package_identification:_identify(src/base_interfaces) by extension 'ros'
[1.040s] DEBUG:colcon.colcon_core.package_identification:Package 'src/base_interfaces' with type 'ros.ament_cmake' and name 'base_interfaces'
[1.040s] Level 1:colcon.colcon_core.package_identification:_identify(src/engineer_config) by extensions ['ignore', 'ignore_ament_install']
[1.040s] Level 1:colcon.colcon_core.package_identification:_identify(src/engineer_config) by extension 'ignore'
[1.040s] Level 1:colcon.colcon_core.package_identification:_identify(src/engineer_config) by extension 'ignore_ament_install'
[1.040s] Level 1:colcon.colcon_core.package_identification:_identify(src/engineer_config) by extensions ['colcon_pkg']
[1.040s] Level 1:colcon.colcon_core.package_identification:_identify(src/engineer_config) by extension 'colcon_pkg'
[1.040s] Level 1:colcon.colcon_core.package_identification:_identify(src/engineer_config) by extensions ['colcon_meta']
[1.040s] Level 1:colcon.colcon_core.package_identification:_identify(src/engineer_config) by extension 'colcon_meta'
[1.040s] Level 1:colcon.colcon_core.package_identification:_identify(src/engineer_config) by extensions ['ros']
[1.041s] Level 1:colcon.colcon_core.package_identification:_identify(src/engineer_config) by extension 'ros'
[1.042s] DEBUG:colcon.colcon_core.package_identification:Package 'src/engineer_config' with type 'ros.ament_cmake' and name 'engineer_config'
[1.042s] Level 1:colcon.colcon_core.package_identification:_identify(src/engineer_protocol) by extensions ['ignore', 'ignore_ament_install']
[1.042s] Level 1:colcon.colcon_core.package_identification:_identify(src/engineer_protocol) by extension 'ignore'
[1.042s] Level 1:colcon.colcon_core.package_identification:_identify(src/engineer_protocol) by extension 'ignore_ament_install'
[1.042s] Level 1:colcon.colcon_core.package_identification:_identify(src/engineer_protocol) by extensions ['colcon_pkg']
[1.042s] Level 1:colcon.colcon_core.package_identification:_identify(src/engineer_protocol) by extension 'colcon_pkg'
[1.042s] Level 1:colcon.colcon_core.package_identification:_identify(src/engineer_protocol) by extensions ['colcon_meta']
[1.042s] Level 1:colcon.colcon_core.package_identification:_identify(src/engineer_protocol) by extension 'colcon_meta'
[1.042s] Level 1:colcon.colcon_core.package_identification:_identify(src/engineer_protocol) by extensions ['ros']
[1.042s] Level 1:colcon.colcon_core.package_identification:_identify(src/engineer_protocol) by extension 'ros'
[1.042s] DEBUG:colcon.colcon_core.package_identification:Package 'src/engineer_protocol' with type 'ros.ament_cmake' and name 'engineer_protocol'
[1.043s] Level 1:colcon.colcon_core.package_identification:_identify(src/engineer_urdf) by extensions ['ignore', 'ignore_ament_install']
[1.043s] Level 1:colcon.colcon_core.package_identification:_identify(src/engineer_urdf) by extension 'ignore'
[1.043s] Level 1:colcon.colcon_core.package_identification:_identify(src/engineer_urdf) by extension 'ignore_ament_install'
[1.043s] Level 1:colcon.colcon_core.package_identification:_identify(src/engineer_urdf) by extensions ['colcon_pkg']
[1.043s] Level 1:colcon.colcon_core.package_identification:_identify(src/engineer_urdf) by extension 'colcon_pkg'
[1.043s] Level 1:colcon.colcon_core.package_identification:_identify(src/engineer_urdf) by extensions ['colcon_meta']
[1.043s] Level 1:colcon.colcon_core.package_identification:_identify(src/engineer_urdf) by extension 'colcon_meta'
[1.043s] Level 1:colcon.colcon_core.package_identification:_identify(src/engineer_urdf) by extensions ['ros']
[1.043s] Level 1:colcon.colcon_core.package_identification:_identify(src/engineer_urdf) by extension 'ros'
[1.044s] DEBUG:colcon.colcon_core.package_identification:Package 'src/engineer_urdf' with type 'ros.ament_cmake' and name 'engineer_urdf'
[1.044s] Level 1:colcon.colcon_core.package_identification:_identify(src/moveit_demo) by extensions ['ignore', 'ignore_ament_install']
[1.044s] Level 1:colcon.colcon_core.package_identification:_identify(src/moveit_demo) by extension 'ignore'
[1.044s] Level 1:colcon.colcon_core.package_identification:_identify(src/moveit_demo) by extension 'ignore_ament_install'
[1.044s] Level 1:colcon.colcon_core.package_identification:_identify(src/moveit_demo) by extensions ['colcon_pkg']
[1.044s] Level 1:colcon.colcon_core.package_identification:_identify(src/moveit_demo) by extension 'colcon_pkg'
[1.045s] Level 1:colcon.colcon_core.package_identification:_identify(src/moveit_demo) by extensions ['colcon_meta']
[1.045s] Level 1:colcon.colcon_core.package_identification:_identify(src/moveit_demo) by extension 'colcon_meta'
[1.045s] Level 1:colcon.colcon_core.package_identification:_identify(src/moveit_demo) by extensions ['ros']
[1.045s] Level 1:colcon.colcon_core.package_identification:_identify(src/moveit_demo) by extension 'ros'
[1.045s] DEBUG:colcon.colcon_core.package_identification:Package 'src/moveit_demo' with type 'ros.ament_cmake' and name 'moveit_demo'
[1.045s] Level 1:colcon.colcon_core.package_discovery:discover_packages(recursive) using defaults
[1.046s] Level 1:colcon.colcon_core.package_discovery:discover_packages(ignore) discover
[1.046s] Level 1:colcon.colcon_core.package_discovery:discover_packages(ignore) using defaults
[1.046s] Level 1:colcon.colcon_core.package_discovery:discover_packages(path) discover
[1.046s] Level 1:colcon.colcon_core.package_discovery:discover_packages(path) using defaults
[1.109s] Level 1:colcon.colcon_core.package_discovery:discover_packages(prefix_path) check parameters
[1.109s] Level 1:colcon.colcon_core.package_discovery:discover_packages(prefix_path) discover
[1.154s] DEBUG:colcon.colcon_installed_package_information.package_discovery:Found 5 installed packages in /home/ubuntu/ws_engineer/install
[1.156s] DEBUG:colcon.colcon_installed_package_information.package_discovery:Found 55 installed packages in /home/ubuntu/ws_moveit/install
[1.157s] DEBUG:colcon.colcon_installed_package_information.package_discovery:Found 3 installed packages in /home/ubuntu/ws00_helloworld/install
[1.159s] DEBUG:colcon.colcon_installed_package_information.package_discovery:Found 21 installed packages in /home/ubuntu/dev_ws/install
[1.163s] DEBUG:colcon.colcon_installed_package_information.package_discovery:Found 342 installed packages in /opt/ros/humble
[1.167s] Level 1:colcon.colcon_core.package_discovery:discover_packages(prefix_path) using defaults
[1.476s] Level 5:colcon.colcon_core.verb:set package 'base_interfaces' build argument 'cmake_args' from command line to 'None'
[1.477s] Level 5:colcon.colcon_core.verb:set package 'base_interfaces' build argument 'cmake_target' from command line to 'None'
[1.477s] Level 5:colcon.colcon_core.verb:set package 'base_interfaces' build argument 'cmake_target_skip_unavailable' from command line to 'False'
[1.477s] Level 5:colcon.colcon_core.verb:set package 'base_interfaces' build argument 'cmake_clean_cache' from command line to 'False'
[1.477s] Level 5:colcon.colcon_core.verb:set package 'base_interfaces' build argument 'cmake_clean_first' from command line to 'False'
[1.477s] Level 5:colcon.colcon_core.verb:set package 'base_interfaces' build argument 'cmake_force_configure' from command line to 'False'
[1.477s] Level 5:colcon.colcon_core.verb:set package 'base_interfaces' build argument 'ament_cmake_args' from command line to 'None'
[1.477s] Level 5:colcon.colcon_core.verb:set package 'base_interfaces' build argument 'catkin_cmake_args' from command line to 'None'
[1.477s] Level 5:colcon.colcon_core.verb:set package 'base_interfaces' build argument 'catkin_skip_building_tests' from command line to 'False'
[1.477s] DEBUG:colcon.colcon_core.verb:Building package 'base_interfaces' with the following arguments: {'ament_cmake_args': None, 'build_base': '/home/ubuntu/ws_engineer/build/base_interfaces', 'catkin_cmake_args': None, 'catkin_skip_building_tests': False, 'cmake_args': None, 'cmake_clean_cache': False, 'cmake_clean_first': False, 'cmake_force_configure': False, 'cmake_target': None, 'cmake_target_skip_unavailable': False, 'install_base': '/home/ubuntu/ws_engineer/install/base_interfaces', 'merge_install': False, 'path': '/home/ubuntu/ws_engineer/src/base_interfaces', 'symlink_install': False, 'test_result_base': None}
[1.477s] Level 5:colcon.colcon_core.verb:set package 'engineer_urdf' build argument 'cmake_args' from command line to 'None'
[1.477s] Level 5:colcon.colcon_core.verb:set package 'engineer_urdf' build argument 'cmake_target' from command line to 'None'
[1.477s] Level 5:colcon.colcon_core.verb:set package 'engineer_urdf' build argument 'cmake_target_skip_unavailable' from command line to 'False'
[1.477s] Level 5:colcon.colcon_core.verb:set package 'engineer_urdf' build argument 'cmake_clean_cache' from command line to 'False'
[1.477s] Level 5:colcon.colcon_core.verb:set package 'engineer_urdf' build argument 'cmake_clean_first' from command line to 'False'
[1.477s] Level 5:colcon.colcon_core.verb:set package 'engineer_urdf' build argument 'cmake_force_configure' from command line to 'False'
[1.477s] Level 5:colcon.colcon_core.verb:set package 'engineer_urdf' build argument 'ament_cmake_args' from command line to 'None'
[1.477s] Level 5:colcon.colcon_core.verb:set package 'engineer_urdf' build argument 'catkin_cmake_args' from command line to 'None'
[1.477s] Level 5:colcon.colcon_core.verb:set package 'engineer_urdf' build argument 'catkin_skip_building_tests' from command line to 'False'
[1.477s] DEBUG:colcon.colcon_core.verb:Building package 'engineer_urdf' with the following arguments: {'ament_cmake_args': None, 'build_base': '/home/ubuntu/ws_engineer/build/engineer_urdf', 'catkin_cmake_args': None, 'catkin_skip_building_tests': False, 'cmake_args': None, 'cmake_clean_cache': False, 'cmake_clean_first': False, 'cmake_force_configure': False, 'cmake_target': None, 'cmake_target_skip_unavailable': False, 'install_base': '/home/ubuntu/ws_engineer/install/engineer_urdf', 'merge_install': False, 'path': '/home/ubuntu/ws_engineer/src/engineer_urdf', 'symlink_install': False, 'test_result_base': None}
[1.478s] Level 5:colcon.colcon_core.verb:set package 'moveit_demo' build argument 'cmake_args' from command line to 'None'
[1.478s] Level 5:colcon.colcon_core.verb:set package 'moveit_demo' build argument 'cmake_target' from command line to 'None'
[1.478s] Level 5:colcon.colcon_core.verb:set package 'moveit_demo' build argument 'cmake_target_skip_unavailable' from command line to 'False'
[1.478s] Level 5:colcon.colcon_core.verb:set package 'moveit_demo' build argument 'cmake_clean_cache' from command line to 'False'
[1.478s] Level 5:colcon.colcon_core.verb:set package 'moveit_demo' build argument 'cmake_clean_first' from command line to 'False'
[1.478s] Level 5:colcon.colcon_core.verb:set package 'moveit_demo' build argument 'cmake_force_configure' from command line to 'False'
[1.478s] Level 5:colcon.colcon_core.verb:set package 'moveit_demo' build argument 'ament_cmake_args' from command line to 'None'
[1.478s] Level 5:colcon.colcon_core.verb:set package 'moveit_demo' build argument 'catkin_cmake_args' from command line to 'None'
[1.478s] Level 5:colcon.colcon_core.verb:set package 'moveit_demo' build argument 'catkin_skip_building_tests' from command line to 'False'
[1.478s] DEBUG:colcon.colcon_core.verb:Building package 'moveit_demo' with the following arguments: {'ament_cmake_args': None, 'build_base': '/home/ubuntu/ws_engineer/build/moveit_demo', 'catkin_cmake_args': None, 'catkin_skip_building_tests': False, 'cmake_args': None, 'cmake_clean_cache': False, 'cmake_clean_first': False, 'cmake_force_configure': False, 'cmake_target': None, 'cmake_target_skip_unavailable': False, 'install_base': '/home/ubuntu/ws_engineer/install/moveit_demo', 'merge_install': False, 'path': '/home/ubuntu/ws_engineer/src/moveit_demo', 'symlink_install': False, 'test_result_base': None}
[1.478s] Level 5:colcon.colcon_core.verb:set package 'engineer_config' build argument 'cmake_args' from command line to 'None'
[1.478s] Level 5:colcon.colcon_core.verb:set package 'engineer_config' build argument 'cmake_target' from command line to 'None'
[1.478s] Level 5:colcon.colcon_core.verb:set package 'engineer_config' build argument 'cmake_target_skip_unavailable' from command line to 'False'
[1.478s] Level 5:colcon.colcon_core.verb:set package 'engineer_config' build argument 'cmake_clean_cache' from command line to 'False'
[1.478s] Level 5:colcon.colcon_core.verb:set package 'engineer_config' build argument 'cmake_clean_first' from command line to 'False'
[1.478s] Level 5:colcon.colcon_core.verb:set package 'engineer_config' build argument 'cmake_force_configure' from command line to 'False'
[1.478s] Level 5:colcon.colcon_core.verb:set package 'engineer_config' build argument 'ament_cmake_args' from command line to 'None'
[1.478s] Level 5:colcon.colcon_core.verb:set package 'engineer_config' build argument 'catkin_cmake_args' from command line to 'None'
[1.478s] Level 5:colcon.colcon_core.verb:set package 'engineer_config' build argument 'catkin_skip_building_tests' from command line to 'False'
[1.478s] DEBUG:colcon.colcon_core.verb:Building package 'engineer_config' with the following arguments: {'ament_cmake_args': None, 'build_base': '/home/ubuntu/ws_engineer/build/engineer_config', 'catkin_cmake_args': None, 'catkin_skip_building_tests': False, 'cmake_args': None, 'cmake_clean_cache': False, 'cmake_clean_first': False, 'cmake_force_configure': False, 'cmake_target': None, 'cmake_target_skip_unavailable': False, 'install_base': '/home/ubuntu/ws_engineer/install/engineer_config', 'merge_install': False, 'path': '/home/ubuntu/ws_engineer/src/engineer_config', 'symlink_install': False, 'test_result_base': None}
[1.478s] Level 5:colcon.colcon_core.verb:set package 'engineer_protocol' build argument 'cmake_args' from command line to 'None'
[1.478s] Level 5:colcon.colcon_core.verb:set package 'engineer_protocol' build argument 'cmake_target' from command line to 'None'
[1.478s] Level 5:colcon.colcon_core.verb:set package 'engineer_protocol' build argument 'cmake_target_skip_unavailable' from command line to 'False'
[1.479s] Level 5:colcon.colcon_core.verb:set package 'engineer_protocol' build argument 'cmake_clean_cache' from command line to 'False'
[1.479s] Level 5:colcon.colcon_core.verb:set package 'engineer_protocol' build argument 'cmake_clean_first' from command line to 'False'
[1.479s] Level 5:colcon.colcon_core.verb:set package 'engineer_protocol' build argument 'cmake_force_configure' from command line to 'False'
[1.479s] Level 5:colcon.colcon_core.verb:set package 'engineer_protocol' build argument 'ament_cmake_args' from command line to 'None'
[1.479s] Level 5:colcon.colcon_core.verb:set package 'engineer_protocol' build argument 'catkin_cmake_args' from command line to 'None'
[1.479s] Level 5:colcon.colcon_core.verb:set package 'engineer_protocol' build argument 'catkin_skip_building_tests' from command line to 'False'
[1.479s] DEBUG:colcon.colcon_core.verb:Building package 'engineer_protocol' with the following arguments: {'ament_cmake_args': None, 'build_base': '/home/ubuntu/ws_engineer/build/engineer_protocol', 'catkin_cmake_args': None, 'catkin_skip_building_tests': False, 'cmake_args': None, 'cmake_clean_cache': False, 'cmake_clean_first': False, 'cmake_force_configure': False, 'cmake_target': None, 'cmake_target_skip_unavailable': False, 'install_base': '/home/ubuntu/ws_engineer/install/engineer_protocol', 'merge_install': False, 'path': '/home/ubuntu/ws_engineer/src/engineer_protocol', 'symlink_install': False, 'test_result_base': None}
[1.479s] INFO:colcon.colcon_core.executor:Executing jobs using 'parallel' executor
[1.479s] DEBUG:colcon.colcon_parallel_executor.executor.parallel:run_until_complete
[1.480s] INFO:colcon.colcon_ros.task.ament_cmake.build:Building ROS package in '/home/ubuntu/ws_engineer/src/base_interfaces' with build type 'ament_cmake'
[1.480s] INFO:colcon.colcon_cmake.task.cmake.build:Building CMake package in '/home/ubuntu/ws_engineer/src/base_interfaces'
[1.512s] INFO:colcon.colcon_core.plugin_system:Skipping extension 'colcon_core.shell.bat': Not used on non-Windows systems
[1.512s] INFO:colcon.colcon_core.shell:Skip shell extension 'powershell' for command environment: Not usable outside of PowerShell
[1.512s] DEBUG:colcon.colcon_core.shell:Skip shell extension 'dsv' for command environment
[1.523s] INFO:colcon.colcon_ros.task.ament_cmake.build:Building ROS package in '/home/ubuntu/ws_engineer/src/engineer_urdf' with build type 'ament_cmake'
[1.524s] INFO:colcon.colcon_cmake.task.cmake.build:Building CMake package in '/home/ubuntu/ws_engineer/src/engineer_urdf'
[1.524s] INFO:colcon.colcon_core.shell:Skip shell extension 'powershell' for command environment: Not usable outside of PowerShell
[1.524s] DEBUG:colcon.colcon_core.shell:Skip shell extension 'dsv' for command environment
[1.532s] INFO:colcon.colcon_ros.task.ament_cmake.build:Building ROS package in '/home/ubuntu/ws_engineer/src/moveit_demo' with build type 'ament_cmake'
[1.532s] INFO:colcon.colcon_cmake.task.cmake.build:Building CMake package in '/home/ubuntu/ws_engineer/src/moveit_demo'
[1.532s] INFO:colcon.colcon_core.shell:Skip shell extension 'powershell' for command environment: Not usable outside of PowerShell
[1.532s] DEBUG:colcon.colcon_core.shell:Skip shell extension 'dsv' for command environment
[1.546s] DEBUG:colcon.colcon_core.event_handler.log_command:Invoking command in '/home/ubuntu/ws_engineer/build/base_interfaces': CMAKE_PREFIX_PATH=${CMAKE_PREFIX_PATH}:/home/ubuntu/ws_moveit/install/moveit_configs_utils:/home/ubuntu/ws_moveit/install/launch_param_builder:/home/ubuntu/ws00_helloworld/install/pkg02_helloworld_py:/home/ubuntu/dev_ws/install/learning_urdf:/home/ubuntu/dev_ws/install/learning_topic:/home/ubuntu/dev_ws/install/learning_tf:/home/ubuntu/dev_ws/install/learning_service:/home/ubuntu/dev_ws/install/learning_qos:/home/ubuntu/dev_ws/install/learning_pkg_python:/home/ubuntu/dev_ws/install/learning_parameter:/home/ubuntu/dev_ws/install/learning_node:/home/ubuntu/dev_ws/install/learning_launch:/home/ubuntu/dev_ws/install/learning_action:/home/ubuntu/dev_ws/install/learning_gazebo_harmonic:/home/ubuntu/dev_ws/install/learning_gazebo:/home/ubuntu/dev_ws/install/learning_cv:/opt/ros/humble /usr/bin/cmake --build /home/ubuntu/ws_engineer/build/base_interfaces -- -j16 -l16
[1.553s] DEBUG:colcon.colcon_core.event_handler.log_command:Invoking command in '/home/ubuntu/ws_engineer/build/engineer_urdf': CMAKE_PREFIX_PATH=${CMAKE_PREFIX_PATH}:/home/ubuntu/ws_moveit/install/moveit_configs_utils:/home/ubuntu/ws_moveit/install/launch_param_builder:/home/ubuntu/ws00_helloworld/install/pkg02_helloworld_py:/home/ubuntu/dev_ws/install/learning_urdf:/home/ubuntu/dev_ws/install/learning_topic:/home/ubuntu/dev_ws/install/learning_tf:/home/ubuntu/dev_ws/install/learning_service:/home/ubuntu/dev_ws/install/learning_qos:/home/ubuntu/dev_ws/install/learning_pkg_python:/home/ubuntu/dev_ws/install/learning_parameter:/home/ubuntu/dev_ws/install/learning_node:/home/ubuntu/dev_ws/install/learning_launch:/home/ubuntu/dev_ws/install/learning_action:/home/ubuntu/dev_ws/install/learning_gazebo_harmonic:/home/ubuntu/dev_ws/install/learning_gazebo:/home/ubuntu/dev_ws/install/learning_cv:/opt/ros/humble /usr/bin/cmake --build /home/ubuntu/ws_engineer/build/engineer_urdf -- -j16 -l16
[1.557s] DEBUG:colcon.colcon_core.event_handler.log_command:Invoking command in '/home/ubuntu/ws_engineer/build/moveit_demo': CMAKE_PREFIX_PATH=${CMAKE_PREFIX_PATH}:/home/ubuntu/ws_moveit/install/moveit_configs_utils:/home/ubuntu/ws_moveit/install/launch_param_builder:/home/ubuntu/ws00_helloworld/install/pkg02_helloworld_py:/home/ubuntu/dev_ws/install/learning_urdf:/home/ubuntu/dev_ws/install/learning_topic:/home/ubuntu/dev_ws/install/learning_tf:/home/ubuntu/dev_ws/install/learning_service:/home/ubuntu/dev_ws/install/learning_qos:/home/ubuntu/dev_ws/install/learning_pkg_python:/home/ubuntu/dev_ws/install/learning_parameter:/home/ubuntu/dev_ws/install/learning_node:/home/ubuntu/dev_ws/install/learning_launch:/home/ubuntu/dev_ws/install/learning_action:/home/ubuntu/dev_ws/install/learning_gazebo_harmonic:/home/ubuntu/dev_ws/install/learning_gazebo:/home/ubuntu/dev_ws/install/learning_cv:/opt/ros/humble /usr/bin/cmake --build /home/ubuntu/ws_engineer/build/moveit_demo -- -j16 -l16
[1.815s] DEBUG:colcon.colcon_core.event_handler.log_command:Invoked command in '/home/ubuntu/ws_engineer/build/moveit_demo' returned '0': CMAKE_PREFIX_PATH=${CMAKE_PREFIX_PATH}:/home/ubuntu/ws_moveit/install/moveit_configs_utils:/home/ubuntu/ws_moveit/install/launch_param_builder:/home/ubuntu/ws00_helloworld/install/pkg02_helloworld_py:/home/ubuntu/dev_ws/install/learning_urdf:/home/ubuntu/dev_ws/install/learning_topic:/home/ubuntu/dev_ws/install/learning_tf:/home/ubuntu/dev_ws/install/learning_service:/home/ubuntu/dev_ws/install/learning_qos:/home/ubuntu/dev_ws/install/learning_pkg_python:/home/ubuntu/dev_ws/install/learning_parameter:/home/ubuntu/dev_ws/install/learning_node:/home/ubuntu/dev_ws/install/learning_launch:/home/ubuntu/dev_ws/install/learning_action:/home/ubuntu/dev_ws/install/learning_gazebo_harmonic:/home/ubuntu/dev_ws/install/learning_gazebo:/home/ubuntu/dev_ws/install/learning_cv:/opt/ros/humble /usr/bin/cmake --build /home/ubuntu/ws_engineer/build/moveit_demo -- -j16 -l16
[1.831s] DEBUG:colcon.colcon_core.event_handler.log_command:Invoking command in '/home/ubuntu/ws_engineer/build/moveit_demo': CMAKE_PREFIX_PATH=${CMAKE_PREFIX_PATH}:/home/ubuntu/ws_moveit/install/moveit_configs_utils:/home/ubuntu/ws_moveit/install/launch_param_builder:/home/ubuntu/ws00_helloworld/install/pkg02_helloworld_py:/home/ubuntu/dev_ws/install/learning_urdf:/home/ubuntu/dev_ws/install/learning_topic:/home/ubuntu/dev_ws/install/learning_tf:/home/ubuntu/dev_ws/install/learning_service:/home/ubuntu/dev_ws/install/learning_qos:/home/ubuntu/dev_ws/install/learning_pkg_python:/home/ubuntu/dev_ws/install/learning_parameter:/home/ubuntu/dev_ws/install/learning_node:/home/ubuntu/dev_ws/install/learning_launch:/home/ubuntu/dev_ws/install/learning_action:/home/ubuntu/dev_ws/install/learning_gazebo_harmonic:/home/ubuntu/dev_ws/install/learning_gazebo:/home/ubuntu/dev_ws/install/learning_cv:/opt/ros/humble /usr/bin/cmake --install /home/ubuntu/ws_engineer/build/moveit_demo
[1.832s] DEBUG:colcon.colcon_core.event_handler.log_command:Invoked command in '/home/ubuntu/ws_engineer/build/engineer_urdf' returned '0': CMAKE_PREFIX_PATH=${CMAKE_PREFIX_PATH}:/home/ubuntu/ws_moveit/install/moveit_configs_utils:/home/ubuntu/ws_moveit/install/launch_param_builder:/home/ubuntu/ws00_helloworld/install/pkg02_helloworld_py:/home/ubuntu/dev_ws/install/learning_urdf:/home/ubuntu/dev_ws/install/learning_topic:/home/ubuntu/dev_ws/install/learning_tf:/home/ubuntu/dev_ws/install/learning_service:/home/ubuntu/dev_ws/install/learning_qos:/home/ubuntu/dev_ws/install/learning_pkg_python:/home/ubuntu/dev_ws/install/learning_parameter:/home/ubuntu/dev_ws/install/learning_node:/home/ubuntu/dev_ws/install/learning_launch:/home/ubuntu/dev_ws/install/learning_action:/home/ubuntu/dev_ws/install/learning_gazebo_harmonic:/home/ubuntu/dev_ws/install/learning_gazebo:/home/ubuntu/dev_ws/install/learning_cv:/opt/ros/humble /usr/bin/cmake --build /home/ubuntu/ws_engineer/build/engineer_urdf -- -j16 -l16
[1.834s] DEBUG:colcon.colcon_core.event_handler.log_command:Invoking command in '/home/ubuntu/ws_engineer/build/engineer_urdf': CMAKE_PREFIX_PATH=${CMAKE_PREFIX_PATH}:/home/ubuntu/ws_moveit/install/moveit_configs_utils:/home/ubuntu/ws_moveit/install/launch_param_builder:/home/ubuntu/ws00_helloworld/install/pkg02_helloworld_py:/home/ubuntu/dev_ws/install/learning_urdf:/home/ubuntu/dev_ws/install/learning_topic:/home/ubuntu/dev_ws/install/learning_tf:/home/ubuntu/dev_ws/install/learning_service:/home/ubuntu/dev_ws/install/learning_qos:/home/ubuntu/dev_ws/install/learning_pkg_python:/home/ubuntu/dev_ws/install/learning_parameter:/home/ubuntu/dev_ws/install/learning_node:/home/ubuntu/dev_ws/install/learning_launch:/home/ubuntu/dev_ws/install/learning_action:/home/ubuntu/dev_ws/install/learning_gazebo_harmonic:/home/ubuntu/dev_ws/install/learning_gazebo:/home/ubuntu/dev_ws/install/learning_cv:/opt/ros/humble /usr/bin/cmake --install /home/ubuntu/ws_engineer/build/engineer_urdf
[1.850s] Level 1:colcon.colcon_core.environment:create_environment_scripts_only(moveit_demo)
[1.851s] DEBUG:colcon.colcon_core.event_handler.log_command:Invoked command in '/home/ubuntu/ws_engineer/build/moveit_demo' returned '0': CMAKE_PREFIX_PATH=${CMAKE_PREFIX_PATH}:/home/ubuntu/ws_moveit/install/moveit_configs_utils:/home/ubuntu/ws_moveit/install/launch_param_builder:/home/ubuntu/ws00_helloworld/install/pkg02_helloworld_py:/home/ubuntu/dev_ws/install/learning_urdf:/home/ubuntu/dev_ws/install/learning_topic:/home/ubuntu/dev_ws/install/learning_tf:/home/ubuntu/dev_ws/install/learning_service:/home/ubuntu/dev_ws/install/learning_qos:/home/ubuntu/dev_ws/install/learning_pkg_python:/home/ubuntu/dev_ws/install/learning_parameter:/home/ubuntu/dev_ws/install/learning_node:/home/ubuntu/dev_ws/install/learning_launch:/home/ubuntu/dev_ws/install/learning_action:/home/ubuntu/dev_ws/install/learning_gazebo_harmonic:/home/ubuntu/dev_ws/install/learning_gazebo:/home/ubuntu/dev_ws/install/learning_cv:/opt/ros/humble /usr/bin/cmake --install /home/ubuntu/ws_engineer/build/moveit_demo
[1.859s] Level 1:colcon.colcon_core.environment:checking '/home/ubuntu/ws_engineer/install/moveit_demo' for CMake module files
[1.862s] Level 1:colcon.colcon_core.environment:checking '/home/ubuntu/ws_engineer/install/moveit_demo' for CMake config files
[1.862s] Level 1:colcon.colcon_core.shell:create_environment_hook('moveit_demo', 'cmake_prefix_path')
[1.862s] INFO:colcon.colcon_core.shell:Creating environment hook '/home/ubuntu/ws_engineer/install/moveit_demo/share/moveit_demo/hook/cmake_prefix_path.ps1'
[1.863s] INFO:colcon.colcon_core.shell:Creating environment descriptor '/home/ubuntu/ws_engineer/install/moveit_demo/share/moveit_demo/hook/cmake_prefix_path.dsv'
[1.864s] INFO:colcon.colcon_core.shell:Creating environment hook '/home/ubuntu/ws_engineer/install/moveit_demo/share/moveit_demo/hook/cmake_prefix_path.sh'
[1.865s] Level 1:colcon.colcon_core.environment:checking '/home/ubuntu/ws_engineer/install/moveit_demo/lib'
[1.865s] Level 1:colcon.colcon_core.environment:checking '/home/ubuntu/ws_engineer/install/moveit_demo/bin'
[1.865s] Level 1:colcon.colcon_core.environment:checking '/home/ubuntu/ws_engineer/install/moveit_demo/lib/pkgconfig/moveit_demo.pc'
[1.865s] Level 1:colcon.colcon_core.environment:checking '/home/ubuntu/ws_engineer/install/moveit_demo/lib/python3.10/site-packages'
[1.865s] Level 1:colcon.colcon_core.environment:checking '/home/ubuntu/ws_engineer/install/moveit_demo/bin'
[1.866s] INFO:colcon.colcon_core.shell:Creating package script '/home/ubuntu/ws_engineer/install/moveit_demo/share/moveit_demo/package.ps1'
[1.867s] INFO:colcon.colcon_core.shell:Creating package descriptor '/home/ubuntu/ws_engineer/install/moveit_demo/share/moveit_demo/package.dsv'
[1.867s] INFO:colcon.colcon_core.shell:Creating package script '/home/ubuntu/ws_engineer/install/moveit_demo/share/moveit_demo/package.sh'
[1.868s] INFO:colcon.colcon_core.shell:Creating package script '/home/ubuntu/ws_engineer/install/moveit_demo/share/moveit_demo/package.bash'
[1.869s] INFO:colcon.colcon_core.shell:Creating package script '/home/ubuntu/ws_engineer/install/moveit_demo/share/moveit_demo/package.zsh'
[1.870s] Level 1:colcon.colcon_core.environment:create_file_with_runtime_dependencies(/home/ubuntu/ws_engineer/install/moveit_demo/share/colcon-core/packages/moveit_demo)
[1.870s] Level 1:colcon.colcon_core.environment:create_environment_scripts_only(moveit_demo)
[1.871s] Level 1:colcon.colcon_core.environment:checking '/home/ubuntu/ws_engineer/install/moveit_demo' for CMake module files
[1.871s] Level 1:colcon.colcon_core.environment:checking '/home/ubuntu/ws_engineer/install/moveit_demo' for CMake config files
[1.871s] Level 1:colcon.colcon_core.shell:create_environment_hook('moveit_demo', 'cmake_prefix_path')
[1.871s] INFO:colcon.colcon_core.shell:Creating environment hook '/home/ubuntu/ws_engineer/install/moveit_demo/share/moveit_demo/hook/cmake_prefix_path.ps1'
[1.872s] INFO:colcon.colcon_core.shell:Creating environment descriptor '/home/ubuntu/ws_engineer/install/moveit_demo/share/moveit_demo/hook/cmake_prefix_path.dsv'
[1.872s] INFO:colcon.colcon_core.shell:Creating environment hook '/home/ubuntu/ws_engineer/install/moveit_demo/share/moveit_demo/hook/cmake_prefix_path.sh'
[1.872s] Level 1:colcon.colcon_core.environment:checking '/home/ubuntu/ws_engineer/install/moveit_demo/lib'
[1.873s] Level 1:colcon.colcon_core.environment:checking '/home/ubuntu/ws_engineer/install/moveit_demo/bin'
[1.873s] Level 1:colcon.colcon_core.environment:checking '/home/ubuntu/ws_engineer/install/moveit_demo/lib/pkgconfig/moveit_demo.pc'
[1.873s] Level 1:colcon.colcon_core.environment:checking '/home/ubuntu/ws_engineer/install/moveit_demo/lib/python3.10/site-packages'
[1.873s] Level 1:colcon.colcon_core.environment:checking '/home/ubuntu/ws_engineer/install/moveit_demo/bin'
[1.873s] INFO:colcon.colcon_core.shell:Creating package script '/home/ubuntu/ws_engineer/install/moveit_demo/share/moveit_demo/package.ps1'
[1.874s] INFO:colcon.colcon_core.shell:Creating package descriptor '/home/ubuntu/ws_engineer/install/moveit_demo/share/moveit_demo/package.dsv'
[1.874s] INFO:colcon.colcon_core.shell:Creating package script '/home/ubuntu/ws_engineer/install/moveit_demo/share/moveit_demo/package.sh'
[1.874s] INFO:colcon.colcon_core.shell:Creating package script '/home/ubuntu/ws_engineer/install/moveit_demo/share/moveit_demo/package.bash'
[1.875s] INFO:colcon.colcon_core.shell:Creating package script '/home/ubuntu/ws_engineer/install/moveit_demo/share/moveit_demo/package.zsh'
[1.875s] Level 1:colcon.colcon_core.environment:create_file_with_runtime_dependencies(/home/ubuntu/ws_engineer/install/moveit_demo/share/colcon-core/packages/moveit_demo)
[1.876s] Level 1:colcon.colcon_core.environment:create_environment_scripts_only(engineer_urdf)
[1.876s] Level 1:colcon.colcon_core.environment:checking '/home/ubuntu/ws_engineer/install/engineer_urdf' for CMake module files
[1.877s] DEBUG:colcon.colcon_core.event_handler.log_command:Invoked command in '/home/ubuntu/ws_engineer/build/engineer_urdf' returned '0': CMAKE_PREFIX_PATH=${CMAKE_PREFIX_PATH}:/home/ubuntu/ws_moveit/install/moveit_configs_utils:/home/ubuntu/ws_moveit/install/launch_param_builder:/home/ubuntu/ws00_helloworld/install/pkg02_helloworld_py:/home/ubuntu/dev_ws/install/learning_urdf:/home/ubuntu/dev_ws/install/learning_topic:/home/ubuntu/dev_ws/install/learning_tf:/home/ubuntu/dev_ws/install/learning_service:/home/ubuntu/dev_ws/install/learning_qos:/home/ubuntu/dev_ws/install/learning_pkg_python:/home/ubuntu/dev_ws/install/learning_parameter:/home/ubuntu/dev_ws/install/learning_node:/home/ubuntu/dev_ws/install/learning_launch:/home/ubuntu/dev_ws/install/learning_action:/home/ubuntu/dev_ws/install/learning_gazebo_harmonic:/home/ubuntu/dev_ws/install/learning_gazebo:/home/ubuntu/dev_ws/install/learning_cv:/opt/ros/humble /usr/bin/cmake --install /home/ubuntu/ws_engineer/build/engineer_urdf
[1.878s] Level 1:colcon.colcon_core.environment:checking '/home/ubuntu/ws_engineer/install/engineer_urdf' for CMake config files
[1.880s] Level 1:colcon.colcon_core.shell:create_environment_hook('engineer_urdf', 'cmake_prefix_path')
[1.880s] INFO:colcon.colcon_core.shell:Creating environment hook '/home/ubuntu/ws_engineer/install/engineer_urdf/share/engineer_urdf/hook/cmake_prefix_path.ps1'
[1.880s] INFO:colcon.colcon_core.shell:Creating environment descriptor '/home/ubuntu/ws_engineer/install/engineer_urdf/share/engineer_urdf/hook/cmake_prefix_path.dsv'
[1.881s] INFO:colcon.colcon_core.shell:Creating environment hook '/home/ubuntu/ws_engineer/install/engineer_urdf/share/engineer_urdf/hook/cmake_prefix_path.sh'
[1.881s] Level 1:colcon.colcon_core.environment:checking '/home/ubuntu/ws_engineer/install/engineer_urdf/lib'
[1.881s] Level 1:colcon.colcon_core.environment:checking '/home/ubuntu/ws_engineer/install/engineer_urdf/bin'
[1.881s] Level 1:colcon.colcon_core.environment:checking '/home/ubuntu/ws_engineer/install/engineer_urdf/lib/pkgconfig/engineer_urdf.pc'
[1.881s] Level 1:colcon.colcon_core.environment:checking '/home/ubuntu/ws_engineer/install/engineer_urdf/lib/python3.10/site-packages'
[1.881s] Level 1:colcon.colcon_core.environment:checking '/home/ubuntu/ws_engineer/install/engineer_urdf/bin'
[1.882s] INFO:colcon.colcon_core.shell:Creating package script '/home/ubuntu/ws_engineer/install/engineer_urdf/share/engineer_urdf/package.ps1'
[1.882s] INFO:colcon.colcon_core.shell:Creating package descriptor '/home/ubuntu/ws_engineer/install/engineer_urdf/share/engineer_urdf/package.dsv'
[1.882s] INFO:colcon.colcon_core.shell:Creating package script '/home/ubuntu/ws_engineer/install/engineer_urdf/share/engineer_urdf/package.sh'
[1.883s] INFO:colcon.colcon_core.shell:Creating package script '/home/ubuntu/ws_engineer/install/engineer_urdf/share/engineer_urdf/package.bash'
[1.883s] INFO:colcon.colcon_core.shell:Creating package script '/home/ubuntu/ws_engineer/install/engineer_urdf/share/engineer_urdf/package.zsh'
[1.883s] Level 1:colcon.colcon_core.environment:create_file_with_runtime_dependencies(/home/ubuntu/ws_engineer/install/engineer_urdf/share/colcon-core/packages/engineer_urdf)
[1.884s] Level 1:colcon.colcon_core.environment:create_environment_scripts_only(engineer_urdf)
[1.884s] Level 1:colcon.colcon_core.environment:checking '/home/ubuntu/ws_engineer/install/engineer_urdf' for CMake module files
[1.884s] Level 1:colcon.colcon_core.environment:checking '/home/ubuntu/ws_engineer/install/engineer_urdf' for CMake config files
[1.884s] Level 1:colcon.colcon_core.shell:create_environment_hook('engineer_urdf', 'cmake_prefix_path')
[1.885s] INFO:colcon.colcon_core.shell:Creating environment hook '/home/ubuntu/ws_engineer/install/engineer_urdf/share/engineer_urdf/hook/cmake_prefix_path.ps1'
[1.885s] INFO:colcon.colcon_core.shell:Creating environment descriptor '/home/ubuntu/ws_engineer/install/engineer_urdf/share/engineer_urdf/hook/cmake_prefix_path.dsv'
[1.885s] INFO:colcon.colcon_core.shell:Creating environment hook '/home/ubuntu/ws_engineer/install/engineer_urdf/share/engineer_urdf/hook/cmake_prefix_path.sh'
[1.886s] Level 1:colcon.colcon_core.environment:checking '/home/ubuntu/ws_engineer/install/engineer_urdf/lib'
[1.886s] Level 1:colcon.colcon_core.environment:checking '/home/ubuntu/ws_engineer/install/engineer_urdf/bin'
[1.886s] Level 1:colcon.colcon_core.environment:checking '/home/ubuntu/ws_engineer/install/engineer_urdf/lib/pkgconfig/engineer_urdf.pc'
[1.886s] Level 1:colcon.colcon_core.environment:checking '/home/ubuntu/ws_engineer/install/engineer_urdf/lib/python3.10/site-packages'
[1.886s] Level 1:colcon.colcon_core.environment:checking '/home/ubuntu/ws_engineer/install/engineer_urdf/bin'
[1.886s] INFO:colcon.colcon_core.shell:Creating package script '/home/ubuntu/ws_engineer/install/engineer_urdf/share/engineer_urdf/package.ps1'
[1.887s] INFO:colcon.colcon_core.shell:Creating package descriptor '/home/ubuntu/ws_engineer/install/engineer_urdf/share/engineer_urdf/package.dsv'
[1.887s] INFO:colcon.colcon_core.shell:Creating package script '/home/ubuntu/ws_engineer/install/engineer_urdf/share/engineer_urdf/package.sh'
[1.887s] INFO:colcon.colcon_core.shell:Creating package script '/home/ubuntu/ws_engineer/install/engineer_urdf/share/engineer_urdf/package.bash'
[1.888s] INFO:colcon.colcon_core.shell:Creating package script '/home/ubuntu/ws_engineer/install/engineer_urdf/share/engineer_urdf/package.zsh'
[1.888s] Level 1:colcon.colcon_core.environment:create_file_with_runtime_dependencies(/home/ubuntu/ws_engineer/install/engineer_urdf/share/colcon-core/packages/engineer_urdf)
[1.889s] INFO:colcon.colcon_ros.task.ament_cmake.build:Building ROS package in '/home/ubuntu/ws_engineer/src/engineer_config' with build type 'ament_cmake'
[1.889s] INFO:colcon.colcon_cmake.task.cmake.build:Building CMake package in '/home/ubuntu/ws_engineer/src/engineer_config'
[1.889s] INFO:colcon.colcon_core.shell:Skip shell extension 'powershell' for command environment: Not usable outside of PowerShell
[1.889s] DEBUG:colcon.colcon_core.shell:Skip shell extension 'dsv' for command environment
[1.908s] DEBUG:colcon.colcon_core.event_handler.log_command:Invoking command in '/home/ubuntu/ws_engineer/build/engineer_config': CMAKE_PREFIX_PATH=/home/ubuntu/ws_engineer/install/engineer_urdf:/home/ubuntu/ws_engineer/install/moveit_demo:/home/ubuntu/ws_engineer/install/engineer_config:/home/ubuntu/ws_engineer/install/engineer_protocol:/home/ubuntu/ws_engineer/install/base_interfaces:/home/ubuntu/ws_moveit/install/pilz_industrial_motion_planner_testutils:/home/ubuntu/ws_moveit/install/moveit_runtime:/home/ubuntu/ws_moveit/install/moveit2_tutorials:/home/ubuntu/ws_moveit/install/moveit:/home/ubuntu/ws_moveit/install/moveit_planners:/home/ubuntu/ws_moveit/install/pilz_industrial_motion_planner:/home/ubuntu/ws_moveit/install/moveit_visual_tools:/home/ubuntu/ws_moveit/install/moveit_task_constructor_visualization:/home/ubuntu/ws_moveit/install/moveit_task_constructor_demo:/home/ubuntu/ws_moveit/install/moveit_task_constructor_capabilities:/home/ubuntu/ws_moveit/install/moveit_task_constructor_core:/home/ubuntu/ws_moveit/install/moveit_ros_control_interface:/home/ubuntu/ws_moveit/install/moveit_plugins:/home/ubuntu/ws_moveit/install/moveit_simple_controller_manager:/home/ubuntu/ws_moveit/install/moveit_setup_assistant:/home/ubuntu/ws_moveit/install/moveit_setup_srdf_plugins:/home/ubuntu/ws_moveit/install/moveit_setup_core_plugins:/home/ubuntu/ws_moveit/install/moveit_setup_controllers:/home/ubuntu/ws_moveit/install/moveit_setup_app_plugins:/home/ubuntu/ws_moveit/install/moveit_setup_framework:/home/ubuntu/ws_moveit/install/moveit_servo:/home/ubuntu/ws_moveit/install/moveit_ros:/home/ubuntu/ws_moveit/install/moveit_ros_visualization:/home/ubuntu/ws_moveit/install/moveit_hybrid_planning:/home/ubuntu/ws_moveit/install/moveit_ros_planning_interface:/home/ubuntu/ws_moveit/install/moveit_ros_benchmarks:/home/ubuntu/ws_moveit/install/moveit_ros_warehouse:/home/ubuntu/ws_moveit/install/moveit_ros_robot_interaction:/home/ubuntu/ws_moveit/install/moveit_ros_perception:/home/ubuntu/ws_moveit/install/moveit_resources_prbt_pg70_support:/home/ubuntu/ws_moveit/install/moveit_resources_prbt_moveit_config:/home/ubuntu/ws_moveit/install/moveit_ros_move_group:/home/ubuntu/ws_moveit/install/moveit_planners_ompl:/home/ubuntu/ws_moveit/install/moveit_ros_planning:/home/ubuntu/ws_moveit/install/moveit_ros_occupancy_map_monitor:/home/ubuntu/ws_moveit/install/moveit_resources_prbt_ikfast_manipulator_plugin:/home/ubuntu/ws_moveit/install/moveit_planners_chomp:/home/ubuntu/ws_moveit/install/moveit_kinematics:/home/ubuntu/ws_moveit/install/moveit_chomp_optimizer_adapter:/home/ubuntu/ws_moveit/install/chomp_motion_planner:/home/ubuntu/ws_moveit/install/moveit_core:/home/ubuntu/ws_moveit/install/srdfdom:/home/ubuntu/ws_moveit/install/rviz_marker_tools:/home/ubuntu/ws_moveit/install/rosparam_shortcuts:/home/ubuntu/ws_moveit/install/moveit_task_constructor_msgs:/home/ubuntu/ws_moveit/install/moveit_resources_prbt_support:/home/ubuntu/ws_moveit/install/moveit_resources:/home/ubuntu/ws_moveit/install/moveit_resources_pr2_description:/home/ubuntu/ws_moveit/install/moveit_resources_panda_moveit_config:/home/ubuntu/ws_moveit/install/moveit_resources_panda_description:/home/ubuntu/ws_moveit/install/moveit_resources_fanuc_moveit_config:/home/ubuntu/ws_moveit/install/moveit_resources_fanuc_description:/home/ubuntu/ws_moveit/install/moveit_common:/home/ubuntu/ws00_helloworld/install/pkg03_hellovscode_cpp:/home/ubuntu/ws00_helloworld/install/pkg01_helloworld_cpp:/home/ubuntu/dev_ws/install/learning_topic_cpp:/home/ubuntu/dev_ws/install/learning_tf_cpp:/home/ubuntu/dev_ws/install/learning_service_cpp:/home/ubuntu/dev_ws/install/learning_pkg_c:/home/ubuntu/dev_ws/install/learning_parameter_cpp:/home/ubuntu/dev_ws/install/learning_node_cpp:/home/ubuntu/dev_ws/install/learning_action_cpp:/home/ubuntu/dev_ws/install/learning_interface:/home/ubuntu/ws_moveit/install/moveit_configs_utils:/home/ubuntu/ws_moveit/install/launch_param_builder:/home/ubuntu/ws00_helloworld/install/pkg02_helloworld_py:/home/ubuntu/dev_ws/install/learning_urdf:/home/ubuntu/dev_ws/install/learning_topic:/home/ubuntu/dev_ws/install/learning_tf:/home/ubuntu/dev_ws/install/learning_service:/home/ubuntu/dev_ws/install/learning_qos:/home/ubuntu/dev_ws/install/learning_pkg_python:/home/ubuntu/dev_ws/install/learning_parameter:/home/ubuntu/dev_ws/install/learning_node:/home/ubuntu/dev_ws/install/learning_launch:/home/ubuntu/dev_ws/install/learning_action:/home/ubuntu/dev_ws/install/learning_gazebo_harmonic:/home/ubuntu/dev_ws/install/learning_gazebo:/home/ubuntu/dev_ws/install/learning_cv:/opt/ros/humble /usr/bin/cmake --build /home/ubuntu/ws_engineer/build/engineer_config -- -j16 -l16
[1.971s] DEBUG:colcon.colcon_core.event_handler.log_command:Invoked command in '/home/ubuntu/ws_engineer/build/engineer_config' returned '0': CMAKE_PREFIX_PATH=/home/ubuntu/ws_engineer/install/engineer_urdf:/home/ubuntu/ws_engineer/install/moveit_demo:/home/ubuntu/ws_engineer/install/engineer_config:/home/ubuntu/ws_engineer/install/engineer_protocol:/home/ubuntu/ws_engineer/install/base_interfaces:/home/ubuntu/ws_moveit/install/pilz_industrial_motion_planner_testutils:/home/ubuntu/ws_moveit/install/moveit_runtime:/home/ubuntu/ws_moveit/install/moveit2_tutorials:/home/ubuntu/ws_moveit/install/moveit:/home/ubuntu/ws_moveit/install/moveit_planners:/home/ubuntu/ws_moveit/install/pilz_industrial_motion_planner:/home/ubuntu/ws_moveit/install/moveit_visual_tools:/home/ubuntu/ws_moveit/install/moveit_task_constructor_visualization:/home/ubuntu/ws_moveit/install/moveit_task_constructor_demo:/home/ubuntu/ws_moveit/install/moveit_task_constructor_capabilities:/home/ubuntu/ws_moveit/install/moveit_task_constructor_core:/home/ubuntu/ws_moveit/install/moveit_ros_control_interface:/home/ubuntu/ws_moveit/install/moveit_plugins:/home/ubuntu/ws_moveit/install/moveit_simple_controller_manager:/home/ubuntu/ws_moveit/install/moveit_setup_assistant:/home/ubuntu/ws_moveit/install/moveit_setup_srdf_plugins:/home/ubuntu/ws_moveit/install/moveit_setup_core_plugins:/home/ubuntu/ws_moveit/install/moveit_setup_controllers:/home/ubuntu/ws_moveit/install/moveit_setup_app_plugins:/home/ubuntu/ws_moveit/install/moveit_setup_framework:/home/ubuntu/ws_moveit/install/moveit_servo:/home/ubuntu/ws_moveit/install/moveit_ros:/home/ubuntu/ws_moveit/install/moveit_ros_visualization:/home/ubuntu/ws_moveit/install/moveit_hybrid_planning:/home/ubuntu/ws_moveit/install/moveit_ros_planning_interface:/home/ubuntu/ws_moveit/install/moveit_ros_benchmarks:/home/ubuntu/ws_moveit/install/moveit_ros_warehouse:/home/ubuntu/ws_moveit/install/moveit_ros_robot_interaction:/home/ubuntu/ws_moveit/install/moveit_ros_perception:/home/ubuntu/ws_moveit/install/moveit_resources_prbt_pg70_support:/home/ubuntu/ws_moveit/install/moveit_resources_prbt_moveit_config:/home/ubuntu/ws_moveit/install/moveit_ros_move_group:/home/ubuntu/ws_moveit/install/moveit_planners_ompl:/home/ubuntu/ws_moveit/install/moveit_ros_planning:/home/ubuntu/ws_moveit/install/moveit_ros_occupancy_map_monitor:/home/ubuntu/ws_moveit/install/moveit_resources_prbt_ikfast_manipulator_plugin:/home/ubuntu/ws_moveit/install/moveit_planners_chomp:/home/ubuntu/ws_moveit/install/moveit_kinematics:/home/ubuntu/ws_moveit/install/moveit_chomp_optimizer_adapter:/home/ubuntu/ws_moveit/install/chomp_motion_planner:/home/ubuntu/ws_moveit/install/moveit_core:/home/ubuntu/ws_moveit/install/srdfdom:/home/ubuntu/ws_moveit/install/rviz_marker_tools:/home/ubuntu/ws_moveit/install/rosparam_shortcuts:/home/ubuntu/ws_moveit/install/moveit_task_constructor_msgs:/home/ubuntu/ws_moveit/install/moveit_resources_prbt_support:/home/ubuntu/ws_moveit/install/moveit_resources:/home/ubuntu/ws_moveit/install/moveit_resources_pr2_description:/home/ubuntu/ws_moveit/install/moveit_resources_panda_moveit_config:/home/ubuntu/ws_moveit/install/moveit_resources_panda_description:/home/ubuntu/ws_moveit/install/moveit_resources_fanuc_moveit_config:/home/ubuntu/ws_moveit/install/moveit_resources_fanuc_description:/home/ubuntu/ws_moveit/install/moveit_common:/home/ubuntu/ws00_helloworld/install/pkg03_hellovscode_cpp:/home/ubuntu/ws00_helloworld/install/pkg01_helloworld_cpp:/home/ubuntu/dev_ws/install/learning_topic_cpp:/home/ubuntu/dev_ws/install/learning_tf_cpp:/home/ubuntu/dev_ws/install/learning_service_cpp:/home/ubuntu/dev_ws/install/learning_pkg_c:/home/ubuntu/dev_ws/install/learning_parameter_cpp:/home/ubuntu/dev_ws/install/learning_node_cpp:/home/ubuntu/dev_ws/install/learning_action_cpp:/home/ubuntu/dev_ws/install/learning_interface:/home/ubuntu/ws_moveit/install/moveit_configs_utils:/home/ubuntu/ws_moveit/install/launch_param_builder:/home/ubuntu/ws00_helloworld/install/pkg02_helloworld_py:/home/ubuntu/dev_ws/install/learning_urdf:/home/ubuntu/dev_ws/install/learning_topic:/home/ubuntu/dev_ws/install/learning_tf:/home/ubuntu/dev_ws/install/learning_service:/home/ubuntu/dev_ws/install/learning_qos:/home/ubuntu/dev_ws/install/learning_pkg_python:/home/ubuntu/dev_ws/install/learning_parameter:/home/ubuntu/dev_ws/install/learning_node:/home/ubuntu/dev_ws/install/learning_launch:/home/ubuntu/dev_ws/install/learning_action:/home/ubuntu/dev_ws/install/learning_gazebo_harmonic:/home/ubuntu/dev_ws/install/learning_gazebo:/home/ubuntu/dev_ws/install/learning_cv:/opt/ros/humble /usr/bin/cmake --build /home/ubuntu/ws_engineer/build/engineer_config -- -j16 -l16
[1.974s] DEBUG:colcon.colcon_core.event_handler.log_command:Invoking command in '/home/ubuntu/ws_engineer/build/engineer_config': CMAKE_PREFIX_PATH=/home/ubuntu/ws_engineer/install/engineer_urdf:/home/ubuntu/ws_engineer/install/moveit_demo:/home/ubuntu/ws_engineer/install/engineer_config:/home/ubuntu/ws_engineer/install/engineer_protocol:/home/ubuntu/ws_engineer/install/base_interfaces:/home/ubuntu/ws_moveit/install/pilz_industrial_motion_planner_testutils:/home/ubuntu/ws_moveit/install/moveit_runtime:/home/ubuntu/ws_moveit/install/moveit2_tutorials:/home/ubuntu/ws_moveit/install/moveit:/home/ubuntu/ws_moveit/install/moveit_planners:/home/ubuntu/ws_moveit/install/pilz_industrial_motion_planner:/home/ubuntu/ws_moveit/install/moveit_visual_tools:/home/ubuntu/ws_moveit/install/moveit_task_constructor_visualization:/home/ubuntu/ws_moveit/install/moveit_task_constructor_demo:/home/ubuntu/ws_moveit/install/moveit_task_constructor_capabilities:/home/ubuntu/ws_moveit/install/moveit_task_constructor_core:/home/ubuntu/ws_moveit/install/moveit_ros_control_interface:/home/ubuntu/ws_moveit/install/moveit_plugins:/home/ubuntu/ws_moveit/install/moveit_simple_controller_manager:/home/ubuntu/ws_moveit/install/moveit_setup_assistant:/home/ubuntu/ws_moveit/install/moveit_setup_srdf_plugins:/home/ubuntu/ws_moveit/install/moveit_setup_core_plugins:/home/ubuntu/ws_moveit/install/moveit_setup_controllers:/home/ubuntu/ws_moveit/install/moveit_setup_app_plugins:/home/ubuntu/ws_moveit/install/moveit_setup_framework:/home/ubuntu/ws_moveit/install/moveit_servo:/home/ubuntu/ws_moveit/install/moveit_ros:/home/ubuntu/ws_moveit/install/moveit_ros_visualization:/home/ubuntu/ws_moveit/install/moveit_hybrid_planning:/home/ubuntu/ws_moveit/install/moveit_ros_planning_interface:/home/ubuntu/ws_moveit/install/moveit_ros_benchmarks:/home/ubuntu/ws_moveit/install/moveit_ros_warehouse:/home/ubuntu/ws_moveit/install/moveit_ros_robot_interaction:/home/ubuntu/ws_moveit/install/moveit_ros_perception:/home/ubuntu/ws_moveit/install/moveit_resources_prbt_pg70_support:/home/ubuntu/ws_moveit/install/moveit_resources_prbt_moveit_config:/home/ubuntu/ws_moveit/install/moveit_ros_move_group:/home/ubuntu/ws_moveit/install/moveit_planners_ompl:/home/ubuntu/ws_moveit/install/moveit_ros_planning:/home/ubuntu/ws_moveit/install/moveit_ros_occupancy_map_monitor:/home/ubuntu/ws_moveit/install/moveit_resources_prbt_ikfast_manipulator_plugin:/home/ubuntu/ws_moveit/install/moveit_planners_chomp:/home/ubuntu/ws_moveit/install/moveit_kinematics:/home/ubuntu/ws_moveit/install/moveit_chomp_optimizer_adapter:/home/ubuntu/ws_moveit/install/chomp_motion_planner:/home/ubuntu/ws_moveit/install/moveit_core:/home/ubuntu/ws_moveit/install/srdfdom:/home/ubuntu/ws_moveit/install/rviz_marker_tools:/home/ubuntu/ws_moveit/install/rosparam_shortcuts:/home/ubuntu/ws_moveit/install/moveit_task_constructor_msgs:/home/ubuntu/ws_moveit/install/moveit_resources_prbt_support:/home/ubuntu/ws_moveit/install/moveit_resources:/home/ubuntu/ws_moveit/install/moveit_resources_pr2_description:/home/ubuntu/ws_moveit/install/moveit_resources_panda_moveit_config:/home/ubuntu/ws_moveit/install/moveit_resources_panda_description:/home/ubuntu/ws_moveit/install/moveit_resources_fanuc_moveit_config:/home/ubuntu/ws_moveit/install/moveit_resources_fanuc_description:/home/ubuntu/ws_moveit/install/moveit_common:/home/ubuntu/ws00_helloworld/install/pkg03_hellovscode_cpp:/home/ubuntu/ws00_helloworld/install/pkg01_helloworld_cpp:/home/ubuntu/dev_ws/install/learning_topic_cpp:/home/ubuntu/dev_ws/install/learning_tf_cpp:/home/ubuntu/dev_ws/install/learning_service_cpp:/home/ubuntu/dev_ws/install/learning_pkg_c:/home/ubuntu/dev_ws/install/learning_parameter_cpp:/home/ubuntu/dev_ws/install/learning_node_cpp:/home/ubuntu/dev_ws/install/learning_action_cpp:/home/ubuntu/dev_ws/install/learning_interface:/home/ubuntu/ws_moveit/install/moveit_configs_utils:/home/ubuntu/ws_moveit/install/launch_param_builder:/home/ubuntu/ws00_helloworld/install/pkg02_helloworld_py:/home/ubuntu/dev_ws/install/learning_urdf:/home/ubuntu/dev_ws/install/learning_topic:/home/ubuntu/dev_ws/install/learning_tf:/home/ubuntu/dev_ws/install/learning_service:/home/ubuntu/dev_ws/install/learning_qos:/home/ubuntu/dev_ws/install/learning_pkg_python:/home/ubuntu/dev_ws/install/learning_parameter:/home/ubuntu/dev_ws/install/learning_node:/home/ubuntu/dev_ws/install/learning_launch:/home/ubuntu/dev_ws/install/learning_action:/home/ubuntu/dev_ws/install/learning_gazebo_harmonic:/home/ubuntu/dev_ws/install/learning_gazebo:/home/ubuntu/dev_ws/install/learning_cv:/opt/ros/humble /usr/bin/cmake --install /home/ubuntu/ws_engineer/build/engineer_config
[1.994s] Level 1:colcon.colcon_core.environment:create_environment_scripts_only(engineer_config)
[1.995s] Level 1:colcon.colcon_core.environment:checking '/home/ubuntu/ws_engineer/install/engineer_config' for CMake module files
[1.995s] DEBUG:colcon.colcon_core.event_handler.log_command:Invoked command in '/home/ubuntu/ws_engineer/build/engineer_config' returned '0': CMAKE_PREFIX_PATH=/home/ubuntu/ws_engineer/install/engineer_urdf:/home/ubuntu/ws_engineer/install/moveit_demo:/home/ubuntu/ws_engineer/install/engineer_config:/home/ubuntu/ws_engineer/install/engineer_protocol:/home/ubuntu/ws_engineer/install/base_interfaces:/home/ubuntu/ws_moveit/install/pilz_industrial_motion_planner_testutils:/home/ubuntu/ws_moveit/install/moveit_runtime:/home/ubuntu/ws_moveit/install/moveit2_tutorials:/home/ubuntu/ws_moveit/install/moveit:/home/ubuntu/ws_moveit/install/moveit_planners:/home/ubuntu/ws_moveit/install/pilz_industrial_motion_planner:/home/ubuntu/ws_moveit/install/moveit_visual_tools:/home/ubuntu/ws_moveit/install/moveit_task_constructor_visualization:/home/ubuntu/ws_moveit/install/moveit_task_constructor_demo:/home/ubuntu/ws_moveit/install/moveit_task_constructor_capabilities:/home/ubuntu/ws_moveit/install/moveit_task_constructor_core:/home/ubuntu/ws_moveit/install/moveit_ros_control_interface:/home/ubuntu/ws_moveit/install/moveit_plugins:/home/ubuntu/ws_moveit/install/moveit_simple_controller_manager:/home/ubuntu/ws_moveit/install/moveit_setup_assistant:/home/ubuntu/ws_moveit/install/moveit_setup_srdf_plugins:/home/ubuntu/ws_moveit/install/moveit_setup_core_plugins:/home/ubuntu/ws_moveit/install/moveit_setup_controllers:/home/ubuntu/ws_moveit/install/moveit_setup_app_plugins:/home/ubuntu/ws_moveit/install/moveit_setup_framework:/home/ubuntu/ws_moveit/install/moveit_servo:/home/ubuntu/ws_moveit/install/moveit_ros:/home/ubuntu/ws_moveit/install/moveit_ros_visualization:/home/ubuntu/ws_moveit/install/moveit_hybrid_planning:/home/ubuntu/ws_moveit/install/moveit_ros_planning_interface:/home/ubuntu/ws_moveit/install/moveit_ros_benchmarks:/home/ubuntu/ws_moveit/install/moveit_ros_warehouse:/home/ubuntu/ws_moveit/install/moveit_ros_robot_interaction:/home/ubuntu/ws_moveit/install/moveit_ros_perception:/home/ubuntu/ws_moveit/install/moveit_resources_prbt_pg70_support:/home/ubuntu/ws_moveit/install/moveit_resources_prbt_moveit_config:/home/ubuntu/ws_moveit/install/moveit_ros_move_group:/home/ubuntu/ws_moveit/install/moveit_planners_ompl:/home/ubuntu/ws_moveit/install/moveit_ros_planning:/home/ubuntu/ws_moveit/install/moveit_ros_occupancy_map_monitor:/home/ubuntu/ws_moveit/install/moveit_resources_prbt_ikfast_manipulator_plugin:/home/ubuntu/ws_moveit/install/moveit_planners_chomp:/home/ubuntu/ws_moveit/install/moveit_kinematics:/home/ubuntu/ws_moveit/install/moveit_chomp_optimizer_adapter:/home/ubuntu/ws_moveit/install/chomp_motion_planner:/home/ubuntu/ws_moveit/install/moveit_core:/home/ubuntu/ws_moveit/install/srdfdom:/home/ubuntu/ws_moveit/install/rviz_marker_tools:/home/ubuntu/ws_moveit/install/rosparam_shortcuts:/home/ubuntu/ws_moveit/install/moveit_task_constructor_msgs:/home/ubuntu/ws_moveit/install/moveit_resources_prbt_support:/home/ubuntu/ws_moveit/install/moveit_resources:/home/ubuntu/ws_moveit/install/moveit_resources_pr2_description:/home/ubuntu/ws_moveit/install/moveit_resources_panda_moveit_config:/home/ubuntu/ws_moveit/install/moveit_resources_panda_description:/home/ubuntu/ws_moveit/install/moveit_resources_fanuc_moveit_config:/home/ubuntu/ws_moveit/install/moveit_resources_fanuc_description:/home/ubuntu/ws_moveit/install/moveit_common:/home/ubuntu/ws00_helloworld/install/pkg03_hellovscode_cpp:/home/ubuntu/ws00_helloworld/install/pkg01_helloworld_cpp:/home/ubuntu/dev_ws/install/learning_topic_cpp:/home/ubuntu/dev_ws/install/learning_tf_cpp:/home/ubuntu/dev_ws/install/learning_service_cpp:/home/ubuntu/dev_ws/install/learning_pkg_c:/home/ubuntu/dev_ws/install/learning_parameter_cpp:/home/ubuntu/dev_ws/install/learning_node_cpp:/home/ubuntu/dev_ws/install/learning_action_cpp:/home/ubuntu/dev_ws/install/learning_interface:/home/ubuntu/ws_moveit/install/moveit_configs_utils:/home/ubuntu/ws_moveit/install/launch_param_builder:/home/ubuntu/ws00_helloworld/install/pkg02_helloworld_py:/home/ubuntu/dev_ws/install/learning_urdf:/home/ubuntu/dev_ws/install/learning_topic:/home/ubuntu/dev_ws/install/learning_tf:/home/ubuntu/dev_ws/install/learning_service:/home/ubuntu/dev_ws/install/learning_qos:/home/ubuntu/dev_ws/install/learning_pkg_python:/home/ubuntu/dev_ws/install/learning_parameter:/home/ubuntu/dev_ws/install/learning_node:/home/ubuntu/dev_ws/install/learning_launch:/home/ubuntu/dev_ws/install/learning_action:/home/ubuntu/dev_ws/install/learning_gazebo_harmonic:/home/ubuntu/dev_ws/install/learning_gazebo:/home/ubuntu/dev_ws/install/learning_cv:/opt/ros/humble /usr/bin/cmake --install /home/ubuntu/ws_engineer/build/engineer_config
[1.996s] Level 1:colcon.colcon_core.environment:checking '/home/ubuntu/ws_engineer/install/engineer_config' for CMake config files
[1.997s] Level 1:colcon.colcon_core.shell:create_environment_hook('engineer_config', 'cmake_prefix_path')
[1.997s] INFO:colcon.colcon_core.shell:Creating environment hook '/home/ubuntu/ws_engineer/install/engineer_config/share/engineer_config/hook/cmake_prefix_path.ps1'
[1.997s] INFO:colcon.colcon_core.shell:Creating environment descriptor '/home/ubuntu/ws_engineer/install/engineer_config/share/engineer_config/hook/cmake_prefix_path.dsv'
[1.998s] INFO:colcon.colcon_core.shell:Creating environment hook '/home/ubuntu/ws_engineer/install/engineer_config/share/engineer_config/hook/cmake_prefix_path.sh'
[1.998s] Level 1:colcon.colcon_core.environment:checking '/home/ubuntu/ws_engineer/install/engineer_config/bin'
[1.998s] Level 1:colcon.colcon_core.environment:checking '/home/ubuntu/ws_engineer/install/engineer_config/lib/pkgconfig/engineer_config.pc'
[1.999s] Level 1:colcon.colcon_core.environment:checking '/home/ubuntu/ws_engineer/install/engineer_config/lib/python3.10/site-packages'
[1.999s] Level 1:colcon.colcon_core.environment:checking '/home/ubuntu/ws_engineer/install/engineer_config/bin'
[1.999s] INFO:colcon.colcon_core.shell:Creating package script '/home/ubuntu/ws_engineer/install/engineer_config/share/engineer_config/package.ps1'
[1.999s] INFO:colcon.colcon_core.shell:Creating package descriptor '/home/ubuntu/ws_engineer/install/engineer_config/share/engineer_config/package.dsv'
[2.000s] INFO:colcon.colcon_core.shell:Creating package script '/home/ubuntu/ws_engineer/install/engineer_config/share/engineer_config/package.sh'
[2.000s] INFO:colcon.colcon_core.shell:Creating package script '/home/ubuntu/ws_engineer/install/engineer_config/share/engineer_config/package.bash'
[2.000s] INFO:colcon.colcon_core.shell:Creating package script '/home/ubuntu/ws_engineer/install/engineer_config/share/engineer_config/package.zsh'
[2.001s] Level 1:colcon.colcon_core.environment:create_file_with_runtime_dependencies(/home/ubuntu/ws_engineer/install/engineer_config/share/colcon-core/packages/engineer_config)
[2.001s] Level 1:colcon.colcon_core.environment:create_environment_scripts_only(engineer_config)
[2.001s] Level 1:colcon.colcon_core.environment:checking '/home/ubuntu/ws_engineer/install/engineer_config' for CMake module files
[2.002s] Level 1:colcon.colcon_core.environment:checking '/home/ubuntu/ws_engineer/install/engineer_config' for CMake config files
[2.002s] Level 1:colcon.colcon_core.shell:create_environment_hook('engineer_config', 'cmake_prefix_path')
[2.002s] INFO:colcon.colcon_core.shell:Creating environment hook '/home/ubuntu/ws_engineer/install/engineer_config/share/engineer_config/hook/cmake_prefix_path.ps1'
[2.002s] INFO:colcon.colcon_core.shell:Creating environment descriptor '/home/ubuntu/ws_engineer/install/engineer_config/share/engineer_config/hook/cmake_prefix_path.dsv'
[2.003s] INFO:colcon.colcon_core.shell:Creating environment hook '/home/ubuntu/ws_engineer/install/engineer_config/share/engineer_config/hook/cmake_prefix_path.sh'
[2.003s] Level 1:colcon.colcon_core.environment:checking '/home/ubuntu/ws_engineer/install/engineer_config/bin'
[2.003s] Level 1:colcon.colcon_core.environment:checking '/home/ubuntu/ws_engineer/install/engineer_config/lib/pkgconfig/engineer_config.pc'
[2.003s] Level 1:colcon.colcon_core.environment:checking '/home/ubuntu/ws_engineer/install/engineer_config/lib/python3.10/site-packages'
[2.004s] Level 1:colcon.colcon_core.environment:checking '/home/ubuntu/ws_engineer/install/engineer_config/bin'
[2.004s] INFO:colcon.colcon_core.shell:Creating package script '/home/ubuntu/ws_engineer/install/engineer_config/share/engineer_config/package.ps1'
[2.004s] INFO:colcon.colcon_core.shell:Creating package descriptor '/home/ubuntu/ws_engineer/install/engineer_config/share/engineer_config/package.dsv'
[2.005s] INFO:colcon.colcon_core.shell:Creating package script '/home/ubuntu/ws_engineer/install/engineer_config/share/engineer_config/package.sh'
[2.005s] INFO:colcon.colcon_core.shell:Creating package script '/home/ubuntu/ws_engineer/install/engineer_config/share/engineer_config/package.bash'
[2.005s] INFO:colcon.colcon_core.shell:Creating package script '/home/ubuntu/ws_engineer/install/engineer_config/share/engineer_config/package.zsh'
[2.006s] Level 1:colcon.colcon_core.environment:create_file_with_runtime_dependencies(/home/ubuntu/ws_engineer/install/engineer_config/share/colcon-core/packages/engineer_config)
[2.074s] DEBUG:colcon.colcon_core.event_handler.log_command:Invoked command in '/home/ubuntu/ws_engineer/build/base_interfaces' returned '0': CMAKE_PREFIX_PATH=${CMAKE_PREFIX_PATH}:/home/ubuntu/ws_moveit/install/moveit_configs_utils:/home/ubuntu/ws_moveit/install/launch_param_builder:/home/ubuntu/ws00_helloworld/install/pkg02_helloworld_py:/home/ubuntu/dev_ws/install/learning_urdf:/home/ubuntu/dev_ws/install/learning_topic:/home/ubuntu/dev_ws/install/learning_tf:/home/ubuntu/dev_ws/install/learning_service:/home/ubuntu/dev_ws/install/learning_qos:/home/ubuntu/dev_ws/install/learning_pkg_python:/home/ubuntu/dev_ws/install/learning_parameter:/home/ubuntu/dev_ws/install/learning_node:/home/ubuntu/dev_ws/install/learning_launch:/home/ubuntu/dev_ws/install/learning_action:/home/ubuntu/dev_ws/install/learning_gazebo_harmonic:/home/ubuntu/dev_ws/install/learning_gazebo:/home/ubuntu/dev_ws/install/learning_cv:/opt/ros/humble /usr/bin/cmake --build /home/ubuntu/ws_engineer/build/base_interfaces -- -j16 -l16
[2.078s] DEBUG:colcon.colcon_core.event_handler.log_command:Invoking command in '/home/ubuntu/ws_engineer/build/base_interfaces': CMAKE_PREFIX_PATH=${CMAKE_PREFIX_PATH}:/home/ubuntu/ws_moveit/install/moveit_configs_utils:/home/ubuntu/ws_moveit/install/launch_param_builder:/home/ubuntu/ws00_helloworld/install/pkg02_helloworld_py:/home/ubuntu/dev_ws/install/learning_urdf:/home/ubuntu/dev_ws/install/learning_topic:/home/ubuntu/dev_ws/install/learning_tf:/home/ubuntu/dev_ws/install/learning_service:/home/ubuntu/dev_ws/install/learning_qos:/home/ubuntu/dev_ws/install/learning_pkg_python:/home/ubuntu/dev_ws/install/learning_parameter:/home/ubuntu/dev_ws/install/learning_node:/home/ubuntu/dev_ws/install/learning_launch:/home/ubuntu/dev_ws/install/learning_action:/home/ubuntu/dev_ws/install/learning_gazebo_harmonic:/home/ubuntu/dev_ws/install/learning_gazebo:/home/ubuntu/dev_ws/install/learning_cv:/opt/ros/humble /usr/bin/cmake --install /home/ubuntu/ws_engineer/build/base_interfaces
[2.184s] Level 1:colcon.colcon_core.environment:create_environment_scripts_only(base_interfaces)
[2.184s] Level 1:colcon.colcon_core.environment:checking '/home/ubuntu/ws_engineer/install/base_interfaces' for CMake module files
[2.184s] DEBUG:colcon.colcon_core.event_handler.log_command:Invoked command in '/home/ubuntu/ws_engineer/build/base_interfaces' returned '0': CMAKE_PREFIX_PATH=${CMAKE_PREFIX_PATH}:/home/ubuntu/ws_moveit/install/moveit_configs_utils:/home/ubuntu/ws_moveit/install/launch_param_builder:/home/ubuntu/ws00_helloworld/install/pkg02_helloworld_py:/home/ubuntu/dev_ws/install/learning_urdf:/home/ubuntu/dev_ws/install/learning_topic:/home/ubuntu/dev_ws/install/learning_tf:/home/ubuntu/dev_ws/install/learning_service:/home/ubuntu/dev_ws/install/learning_qos:/home/ubuntu/dev_ws/install/learning_pkg_python:/home/ubuntu/dev_ws/install/learning_parameter:/home/ubuntu/dev_ws/install/learning_node:/home/ubuntu/dev_ws/install/learning_launch:/home/ubuntu/dev_ws/install/learning_action:/home/ubuntu/dev_ws/install/learning_gazebo_harmonic:/home/ubuntu/dev_ws/install/learning_gazebo:/home/ubuntu/dev_ws/install/learning_cv:/opt/ros/humble /usr/bin/cmake --install /home/ubuntu/ws_engineer/build/base_interfaces
[2.185s] Level 1:colcon.colcon_core.environment:checking '/home/ubuntu/ws_engineer/install/base_interfaces' for CMake config files
[2.187s] Level 1:colcon.colcon_core.shell:create_environment_hook('base_interfaces', 'cmake_prefix_path')
[2.187s] INFO:colcon.colcon_core.shell:Creating environment hook '/home/ubuntu/ws_engineer/install/base_interfaces/share/base_interfaces/hook/cmake_prefix_path.ps1'
[2.187s] INFO:colcon.colcon_core.shell:Creating environment descriptor '/home/ubuntu/ws_engineer/install/base_interfaces/share/base_interfaces/hook/cmake_prefix_path.dsv'
[2.188s] INFO:colcon.colcon_core.shell:Creating environment hook '/home/ubuntu/ws_engineer/install/base_interfaces/share/base_interfaces/hook/cmake_prefix_path.sh'
[2.188s] Level 1:colcon.colcon_core.environment:checking '/home/ubuntu/ws_engineer/install/base_interfaces/lib'
[2.188s] Level 1:colcon.colcon_core.shell:create_environment_hook('base_interfaces', 'ld_library_path_lib')
[2.188s] INFO:colcon.colcon_core.shell:Creating environment hook '/home/ubuntu/ws_engineer/install/base_interfaces/share/base_interfaces/hook/ld_library_path_lib.ps1'
[2.189s] INFO:colcon.colcon_core.shell:Creating environment descriptor '/home/ubuntu/ws_engineer/install/base_interfaces/share/base_interfaces/hook/ld_library_path_lib.dsv'
[2.189s] INFO:colcon.colcon_core.shell:Creating environment hook '/home/ubuntu/ws_engineer/install/base_interfaces/share/base_interfaces/hook/ld_library_path_lib.sh'
[2.189s] Level 1:colcon.colcon_core.environment:checking '/home/ubuntu/ws_engineer/install/base_interfaces/bin'
[2.189s] Level 1:colcon.colcon_core.environment:checking '/home/ubuntu/ws_engineer/install/base_interfaces/lib/pkgconfig/base_interfaces.pc'
[2.190s] Level 1:colcon.colcon_core.environment:checking '/home/ubuntu/ws_engineer/install/base_interfaces/lib/python3.10/site-packages'
[2.190s] Level 1:colcon.colcon_core.environment:checking '/home/ubuntu/ws_engineer/install/base_interfaces/bin'
[2.190s] INFO:colcon.colcon_core.shell:Creating package script '/home/ubuntu/ws_engineer/install/base_interfaces/share/base_interfaces/package.ps1'
[2.190s] INFO:colcon.colcon_core.shell:Creating package descriptor '/home/ubuntu/ws_engineer/install/base_interfaces/share/base_interfaces/package.dsv'
[2.191s] INFO:colcon.colcon_core.shell:Creating package script '/home/ubuntu/ws_engineer/install/base_interfaces/share/base_interfaces/package.sh'
[2.191s] INFO:colcon.colcon_core.shell:Creating package script '/home/ubuntu/ws_engineer/install/base_interfaces/share/base_interfaces/package.bash'
[2.191s] INFO:colcon.colcon_core.shell:Creating package script '/home/ubuntu/ws_engineer/install/base_interfaces/share/base_interfaces/package.zsh'
[2.191s] Level 1:colcon.colcon_core.environment:create_file_with_runtime_dependencies(/home/ubuntu/ws_engineer/install/base_interfaces/share/colcon-core/packages/base_interfaces)
[2.192s] Level 1:colcon.colcon_core.environment:create_environment_scripts_only(base_interfaces)
[2.192s] Level 1:colcon.colcon_core.environment:checking '/home/ubuntu/ws_engineer/install/base_interfaces' for CMake module files
[2.193s] Level 1:colcon.colcon_core.environment:checking '/home/ubuntu/ws_engineer/install/base_interfaces' for CMake config files
[2.193s] Level 1:colcon.colcon_core.shell:create_environment_hook('base_interfaces', 'cmake_prefix_path')
[2.193s] INFO:colcon.colcon_core.shell:Creating environment hook '/home/ubuntu/ws_engineer/install/base_interfaces/share/base_interfaces/hook/cmake_prefix_path.ps1'
[2.193s] INFO:colcon.colcon_core.shell:Creating environment descriptor '/home/ubuntu/ws_engineer/install/base_interfaces/share/base_interfaces/hook/cmake_prefix_path.dsv'
[2.194s] INFO:colcon.colcon_core.shell:Creating environment hook '/home/ubuntu/ws_engineer/install/base_interfaces/share/base_interfaces/hook/cmake_prefix_path.sh'
[2.194s] Level 1:colcon.colcon_core.environment:checking '/home/ubuntu/ws_engineer/install/base_interfaces/lib'
[2.194s] Level 1:colcon.colcon_core.shell:create_environment_hook('base_interfaces', 'ld_library_path_lib')
[2.194s] INFO:colcon.colcon_core.shell:Creating environment hook '/home/ubuntu/ws_engineer/install/base_interfaces/share/base_interfaces/hook/ld_library_path_lib.ps1'
[2.195s] INFO:colcon.colcon_core.shell:Creating environment descriptor '/home/ubuntu/ws_engineer/install/base_interfaces/share/base_interfaces/hook/ld_library_path_lib.dsv'
[2.195s] INFO:colcon.colcon_core.shell:Creating environment hook '/home/ubuntu/ws_engineer/install/base_interfaces/share/base_interfaces/hook/ld_library_path_lib.sh'
[2.195s] Level 1:colcon.colcon_core.environment:checking '/home/ubuntu/ws_engineer/install/base_interfaces/bin'
[2.195s] Level 1:colcon.colcon_core.environment:checking '/home/ubuntu/ws_engineer/install/base_interfaces/lib/pkgconfig/base_interfaces.pc'
[2.195s] Level 1:colcon.colcon_core.environment:checking '/home/ubuntu/ws_engineer/install/base_interfaces/lib/python3.10/site-packages'
[2.195s] Level 1:colcon.colcon_core.environment:checking '/home/ubuntu/ws_engineer/install/base_interfaces/bin'
[2.196s] INFO:colcon.colcon_core.shell:Creating package script '/home/ubuntu/ws_engineer/install/base_interfaces/share/base_interfaces/package.ps1'
[2.196s] INFO:colcon.colcon_core.shell:Creating package descriptor '/home/ubuntu/ws_engineer/install/base_interfaces/share/base_interfaces/package.dsv'
[2.196s] INFO:colcon.colcon_core.shell:Creating package script '/home/ubuntu/ws_engineer/install/base_interfaces/share/base_interfaces/package.sh'
[2.197s] INFO:colcon.colcon_core.shell:Creating package script '/home/ubuntu/ws_engineer/install/base_interfaces/share/base_interfaces/package.bash'
[2.197s] INFO:colcon.colcon_core.shell:Creating package script '/home/ubuntu/ws_engineer/install/base_interfaces/share/base_interfaces/package.zsh'
[2.197s] Level 1:colcon.colcon_core.environment:create_file_with_runtime_dependencies(/home/ubuntu/ws_engineer/install/base_interfaces/share/colcon-core/packages/base_interfaces)
[2.198s] INFO:colcon.colcon_ros.task.ament_cmake.build:Building ROS package in '/home/ubuntu/ws_engineer/src/engineer_protocol' with build type 'ament_cmake'
[2.198s] INFO:colcon.colcon_cmake.task.cmake.build:Building CMake package in '/home/ubuntu/ws_engineer/src/engineer_protocol'
[2.198s] INFO:colcon.colcon_core.shell:Skip shell extension 'powershell' for command environment: Not usable outside of PowerShell
[2.198s] DEBUG:colcon.colcon_core.shell:Skip shell extension 'dsv' for command environment
[2.218s] DEBUG:colcon.colcon_core.event_handler.log_command:Invoking command in '/home/ubuntu/ws_engineer/build/engineer_protocol': CMAKE_PREFIX_PATH=/home/ubuntu/ws_engineer/install/base_interfaces:/home/ubuntu/ws_engineer/install/moveit_demo:/home/ubuntu/ws_engineer/install/engineer_config:/home/ubuntu/ws_engineer/install/engineer_urdf:/home/ubuntu/ws_engineer/install/engineer_protocol:/home/ubuntu/ws_moveit/install/pilz_industrial_motion_planner_testutils:/home/ubuntu/ws_moveit/install/moveit_runtime:/home/ubuntu/ws_moveit/install/moveit2_tutorials:/home/ubuntu/ws_moveit/install/moveit:/home/ubuntu/ws_moveit/install/moveit_planners:/home/ubuntu/ws_moveit/install/pilz_industrial_motion_planner:/home/ubuntu/ws_moveit/install/moveit_visual_tools:/home/ubuntu/ws_moveit/install/moveit_task_constructor_visualization:/home/ubuntu/ws_moveit/install/moveit_task_constructor_demo:/home/ubuntu/ws_moveit/install/moveit_task_constructor_capabilities:/home/ubuntu/ws_moveit/install/moveit_task_constructor_core:/home/ubuntu/ws_moveit/install/moveit_ros_control_interface:/home/ubuntu/ws_moveit/install/moveit_plugins:/home/ubuntu/ws_moveit/install/moveit_simple_controller_manager:/home/ubuntu/ws_moveit/install/moveit_setup_assistant:/home/ubuntu/ws_moveit/install/moveit_setup_srdf_plugins:/home/ubuntu/ws_moveit/install/moveit_setup_core_plugins:/home/ubuntu/ws_moveit/install/moveit_setup_controllers:/home/ubuntu/ws_moveit/install/moveit_setup_app_plugins:/home/ubuntu/ws_moveit/install/moveit_setup_framework:/home/ubuntu/ws_moveit/install/moveit_servo:/home/ubuntu/ws_moveit/install/moveit_ros:/home/ubuntu/ws_moveit/install/moveit_ros_visualization:/home/ubuntu/ws_moveit/install/moveit_hybrid_planning:/home/ubuntu/ws_moveit/install/moveit_ros_planning_interface:/home/ubuntu/ws_moveit/install/moveit_ros_benchmarks:/home/ubuntu/ws_moveit/install/moveit_ros_warehouse:/home/ubuntu/ws_moveit/install/moveit_ros_robot_interaction:/home/ubuntu/ws_moveit/install/moveit_ros_perception:/home/ubuntu/ws_moveit/install/moveit_resources_prbt_pg70_support:/home/ubuntu/ws_moveit/install/moveit_resources_prbt_moveit_config:/home/ubuntu/ws_moveit/install/moveit_ros_move_group:/home/ubuntu/ws_moveit/install/moveit_planners_ompl:/home/ubuntu/ws_moveit/install/moveit_ros_planning:/home/ubuntu/ws_moveit/install/moveit_ros_occupancy_map_monitor:/home/ubuntu/ws_moveit/install/moveit_resources_prbt_ikfast_manipulator_plugin:/home/ubuntu/ws_moveit/install/moveit_planners_chomp:/home/ubuntu/ws_moveit/install/moveit_kinematics:/home/ubuntu/ws_moveit/install/moveit_chomp_optimizer_adapter:/home/ubuntu/ws_moveit/install/chomp_motion_planner:/home/ubuntu/ws_moveit/install/moveit_core:/home/ubuntu/ws_moveit/install/srdfdom:/home/ubuntu/ws_moveit/install/rviz_marker_tools:/home/ubuntu/ws_moveit/install/rosparam_shortcuts:/home/ubuntu/ws_moveit/install/moveit_task_constructor_msgs:/home/ubuntu/ws_moveit/install/moveit_resources_prbt_support:/home/ubuntu/ws_moveit/install/moveit_resources:/home/ubuntu/ws_moveit/install/moveit_resources_pr2_description:/home/ubuntu/ws_moveit/install/moveit_resources_panda_moveit_config:/home/ubuntu/ws_moveit/install/moveit_resources_panda_description:/home/ubuntu/ws_moveit/install/moveit_resources_fanuc_moveit_config:/home/ubuntu/ws_moveit/install/moveit_resources_fanuc_description:/home/ubuntu/ws_moveit/install/moveit_common:/home/ubuntu/ws00_helloworld/install/pkg03_hellovscode_cpp:/home/ubuntu/ws00_helloworld/install/pkg01_helloworld_cpp:/home/ubuntu/dev_ws/install/learning_topic_cpp:/home/ubuntu/dev_ws/install/learning_tf_cpp:/home/ubuntu/dev_ws/install/learning_service_cpp:/home/ubuntu/dev_ws/install/learning_pkg_c:/home/ubuntu/dev_ws/install/learning_parameter_cpp:/home/ubuntu/dev_ws/install/learning_node_cpp:/home/ubuntu/dev_ws/install/learning_action_cpp:/home/ubuntu/dev_ws/install/learning_interface:/home/ubuntu/ws_moveit/install/moveit_configs_utils:/home/ubuntu/ws_moveit/install/launch_param_builder:/home/ubuntu/ws00_helloworld/install/pkg02_helloworld_py:/home/ubuntu/dev_ws/install/learning_urdf:/home/ubuntu/dev_ws/install/learning_topic:/home/ubuntu/dev_ws/install/learning_tf:/home/ubuntu/dev_ws/install/learning_service:/home/ubuntu/dev_ws/install/learning_qos:/home/ubuntu/dev_ws/install/learning_pkg_python:/home/ubuntu/dev_ws/install/learning_parameter:/home/ubuntu/dev_ws/install/learning_node:/home/ubuntu/dev_ws/install/learning_launch:/home/ubuntu/dev_ws/install/learning_action:/home/ubuntu/dev_ws/install/learning_gazebo_harmonic:/home/ubuntu/dev_ws/install/learning_gazebo:/home/ubuntu/dev_ws/install/learning_cv:/opt/ros/humble /usr/bin/cmake --build /home/ubuntu/ws_engineer/build/engineer_protocol -- -j16 -l16
[15.542s] DEBUG:colcon.colcon_core.event_handler.log_command:Invoked command in '/home/ubuntu/ws_engineer/build/engineer_protocol' returned '2': CMAKE_PREFIX_PATH=/home/ubuntu/ws_engineer/install/base_interfaces:/home/ubuntu/ws_engineer/install/moveit_demo:/home/ubuntu/ws_engineer/install/engineer_config:/home/ubuntu/ws_engineer/install/engineer_urdf:/home/ubuntu/ws_engineer/install/engineer_protocol:/home/ubuntu/ws_moveit/install/pilz_industrial_motion_planner_testutils:/home/ubuntu/ws_moveit/install/moveit_runtime:/home/ubuntu/ws_moveit/install/moveit2_tutorials:/home/ubuntu/ws_moveit/install/moveit:/home/ubuntu/ws_moveit/install/moveit_planners:/home/ubuntu/ws_moveit/install/pilz_industrial_motion_planner:/home/ubuntu/ws_moveit/install/moveit_visual_tools:/home/ubuntu/ws_moveit/install/moveit_task_constructor_visualization:/home/ubuntu/ws_moveit/install/moveit_task_constructor_demo:/home/ubuntu/ws_moveit/install/moveit_task_constructor_capabilities:/home/ubuntu/ws_moveit/install/moveit_task_constructor_core:/home/ubuntu/ws_moveit/install/moveit_ros_control_interface:/home/ubuntu/ws_moveit/install/moveit_plugins:/home/ubuntu/ws_moveit/install/moveit_simple_controller_manager:/home/ubuntu/ws_moveit/install/moveit_setup_assistant:/home/ubuntu/ws_moveit/install/moveit_setup_srdf_plugins:/home/ubuntu/ws_moveit/install/moveit_setup_core_plugins:/home/ubuntu/ws_moveit/install/moveit_setup_controllers:/home/ubuntu/ws_moveit/install/moveit_setup_app_plugins:/home/ubuntu/ws_moveit/install/moveit_setup_framework:/home/ubuntu/ws_moveit/install/moveit_servo:/home/ubuntu/ws_moveit/install/moveit_ros:/home/ubuntu/ws_moveit/install/moveit_ros_visualization:/home/ubuntu/ws_moveit/install/moveit_hybrid_planning:/home/ubuntu/ws_moveit/install/moveit_ros_planning_interface:/home/ubuntu/ws_moveit/install/moveit_ros_benchmarks:/home/ubuntu/ws_moveit/install/moveit_ros_warehouse:/home/ubuntu/ws_moveit/install/moveit_ros_robot_interaction:/home/ubuntu/ws_moveit/install/moveit_ros_perception:/home/ubuntu/ws_moveit/install/moveit_resources_prbt_pg70_support:/home/ubuntu/ws_moveit/install/moveit_resources_prbt_moveit_config:/home/ubuntu/ws_moveit/install/moveit_ros_move_group:/home/ubuntu/ws_moveit/install/moveit_planners_ompl:/home/ubuntu/ws_moveit/install/moveit_ros_planning:/home/ubuntu/ws_moveit/install/moveit_ros_occupancy_map_monitor:/home/ubuntu/ws_moveit/install/moveit_resources_prbt_ikfast_manipulator_plugin:/home/ubuntu/ws_moveit/install/moveit_planners_chomp:/home/ubuntu/ws_moveit/install/moveit_kinematics:/home/ubuntu/ws_moveit/install/moveit_chomp_optimizer_adapter:/home/ubuntu/ws_moveit/install/chomp_motion_planner:/home/ubuntu/ws_moveit/install/moveit_core:/home/ubuntu/ws_moveit/install/srdfdom:/home/ubuntu/ws_moveit/install/rviz_marker_tools:/home/ubuntu/ws_moveit/install/rosparam_shortcuts:/home/ubuntu/ws_moveit/install/moveit_task_constructor_msgs:/home/ubuntu/ws_moveit/install/moveit_resources_prbt_support:/home/ubuntu/ws_moveit/install/moveit_resources:/home/ubuntu/ws_moveit/install/moveit_resources_pr2_description:/home/ubuntu/ws_moveit/install/moveit_resources_panda_moveit_config:/home/ubuntu/ws_moveit/install/moveit_resources_panda_description:/home/ubuntu/ws_moveit/install/moveit_resources_fanuc_moveit_config:/home/ubuntu/ws_moveit/install/moveit_resources_fanuc_description:/home/ubuntu/ws_moveit/install/moveit_common:/home/ubuntu/ws00_helloworld/install/pkg03_hellovscode_cpp:/home/ubuntu/ws00_helloworld/install/pkg01_helloworld_cpp:/home/ubuntu/dev_ws/install/learning_topic_cpp:/home/ubuntu/dev_ws/install/learning_tf_cpp:/home/ubuntu/dev_ws/install/learning_service_cpp:/home/ubuntu/dev_ws/install/learning_pkg_c:/home/ubuntu/dev_ws/install/learning_parameter_cpp:/home/ubuntu/dev_ws/install/learning_node_cpp:/home/ubuntu/dev_ws/install/learning_action_cpp:/home/ubuntu/dev_ws/install/learning_interface:/home/ubuntu/ws_moveit/install/moveit_configs_utils:/home/ubuntu/ws_moveit/install/launch_param_builder:/home/ubuntu/ws00_helloworld/install/pkg02_helloworld_py:/home/ubuntu/dev_ws/install/learning_urdf:/home/ubuntu/dev_ws/install/learning_topic:/home/ubuntu/dev_ws/install/learning_tf:/home/ubuntu/dev_ws/install/learning_service:/home/ubuntu/dev_ws/install/learning_qos:/home/ubuntu/dev_ws/install/learning_pkg_python:/home/ubuntu/dev_ws/install/learning_parameter:/home/ubuntu/dev_ws/install/learning_node:/home/ubuntu/dev_ws/install/learning_launch:/home/ubuntu/dev_ws/install/learning_action:/home/ubuntu/dev_ws/install/learning_gazebo_harmonic:/home/ubuntu/dev_ws/install/learning_gazebo:/home/ubuntu/dev_ws/install/learning_cv:/opt/ros/humble /usr/bin/cmake --build /home/ubuntu/ws_engineer/build/engineer_protocol -- -j16 -l16
[15.543s] Level 1:colcon.colcon_core.environment:create_environment_scripts_only(engineer_protocol)
[15.543s] Level 1:colcon.colcon_core.environment:checking '/home/ubuntu/ws_engineer/install/engineer_protocol' for CMake module files
[15.546s] Level 1:colcon.colcon_core.environment:checking '/home/ubuntu/ws_engineer/install/engineer_protocol' for CMake config files
[15.546s] Level 1:colcon.colcon_core.shell:create_environment_hook('engineer_protocol', 'cmake_prefix_path')
[15.546s] INFO:colcon.colcon_core.shell:Creating environment hook '/home/ubuntu/ws_engineer/install/engineer_protocol/share/engineer_protocol/hook/cmake_prefix_path.ps1'
[15.546s] INFO:colcon.colcon_core.shell:Creating environment descriptor '/home/ubuntu/ws_engineer/install/engineer_protocol/share/engineer_protocol/hook/cmake_prefix_path.dsv'
[15.547s] INFO:colcon.colcon_core.shell:Creating environment hook '/home/ubuntu/ws_engineer/install/engineer_protocol/share/engineer_protocol/hook/cmake_prefix_path.sh'
[15.547s] Level 1:colcon.colcon_core.environment:checking '/home/ubuntu/ws_engineer/install/engineer_protocol/lib'
[15.547s] Level 1:colcon.colcon_core.environment:checking '/home/ubuntu/ws_engineer/install/engineer_protocol/bin'
[15.547s] Level 1:colcon.colcon_core.environment:checking '/home/ubuntu/ws_engineer/install/engineer_protocol/lib/pkgconfig/engineer_protocol.pc'
[15.547s] Level 1:colcon.colcon_core.environment:checking '/home/ubuntu/ws_engineer/install/engineer_protocol/lib/python3.10/site-packages'
[15.547s] Level 1:colcon.colcon_core.environment:checking '/home/ubuntu/ws_engineer/install/engineer_protocol/bin'
[15.548s] INFO:colcon.colcon_core.shell:Creating package script '/home/ubuntu/ws_engineer/install/engineer_protocol/share/engineer_protocol/package.ps1'
[15.548s] INFO:colcon.colcon_core.shell:Creating package descriptor '/home/ubuntu/ws_engineer/install/engineer_protocol/share/engineer_protocol/package.dsv'
[15.548s] INFO:colcon.colcon_core.shell:Creating package script '/home/ubuntu/ws_engineer/install/engineer_protocol/share/engineer_protocol/package.sh'
[15.549s] INFO:colcon.colcon_core.shell:Creating package script '/home/ubuntu/ws_engineer/install/engineer_protocol/share/engineer_protocol/package.bash'
[15.549s] INFO:colcon.colcon_core.shell:Creating package script '/home/ubuntu/ws_engineer/install/engineer_protocol/share/engineer_protocol/package.zsh'
[15.549s] Level 1:colcon.colcon_core.environment:create_file_with_runtime_dependencies(/home/ubuntu/ws_engineer/install/engineer_protocol/share/colcon-core/packages/engineer_protocol)
[15.560s] DEBUG:colcon.colcon_parallel_executor.executor.parallel:closing loop
[15.560s] DEBUG:colcon.colcon_parallel_executor.executor.parallel:loop closed
[15.560s] DEBUG:colcon.colcon_parallel_executor.executor.parallel:run_until_complete finished with '2'
[15.560s] DEBUG:colcon.colcon_core.event_reactor:joining thread
[15.572s] INFO:colcon.colcon_core.plugin_system:Skipping extension 'colcon_notification.desktop_notification.terminal_notifier': Not used on non-Darwin systems
[15.572s] INFO:colcon.colcon_core.plugin_system:Skipping extension 'colcon_notification.desktop_notification.win32': Not used on non-Windows systems
[15.572s] INFO:colcon.colcon_notification.desktop_notification:Sending desktop notification using 'notify2'
[15.583s] DEBUG:colcon.colcon_core.event_reactor:joined thread
[15.583s] INFO:colcon.colcon_core.shell:Creating prefix script '/home/ubuntu/ws_engineer/install/local_setup.ps1'
[15.584s] INFO:colcon.colcon_core.shell:Creating prefix util module '/home/ubuntu/ws_engineer/install/_local_setup_util_ps1.py'
[15.585s] INFO:colcon.colcon_core.shell:Creating prefix chain script '/home/ubuntu/ws_engineer/install/setup.ps1'
[15.589s] INFO:colcon.colcon_core.shell:Creating prefix script '/home/ubuntu/ws_engineer/install/local_setup.sh'
[15.590s] INFO:colcon.colcon_core.shell:Creating prefix util module '/home/ubuntu/ws_engineer/install/_local_setup_util_sh.py'
[15.591s] INFO:colcon.colcon_core.shell:Creating prefix chain script '/home/ubuntu/ws_engineer/install/setup.sh'
[15.594s] INFO:colcon.colcon_core.shell:Creating prefix script '/home/ubuntu/ws_engineer/install/local_setup.bash'
[15.595s] INFO:colcon.colcon_core.shell:Creating prefix chain script '/home/ubuntu/ws_engineer/install/setup.bash'
[15.598s] INFO:colcon.colcon_core.shell:Creating prefix script '/home/ubuntu/ws_engineer/install/local_setup.zsh'
[15.599s] INFO:colcon.colcon_core.shell:Creating prefix chain script '/home/ubuntu/ws_engineer/install/setup.zsh'
