[0.009s] Invoking command in '/home/user/ws_siasun/build/duco_msg': CMAKE_PREFIX_PATH=${CMAKE_PREFIX_PATH}:/opt/ros/humble /usr/bin/cmake --build /home/user/ws_siasun/build/duco_msg -- -j16 -l16
[0.070s] [  0%] Built target duco_msg__cpp
[0.077s] [ 12%] Built target duco_msg__rosidl_generator_c
[0.077s] [ 12%] Built target ament_cmake_python_copy_duco_msg
[0.077s] [ 24%] Built target duco_msg__rosidl_typesupport_cpp
[0.077s] [ 36%] Built target duco_msg__rosidl_typesupport_c
[0.078s] [ 47%] Built target duco_msg__rosidl_typesupport_fastrtps_cpp
[0.078s] [ 59%] Built target duco_msg__rosidl_typesupport_introspection_cpp
[0.078s] [ 71%] Built target duco_msg__rosidl_typesupport_fastrtps_c
[0.080s] [ 83%] Built target duco_msg__rosidl_typesupport_introspection_c
[0.096s] [ 83%] Built target duco_msg
[0.109s] [ 84%] Built target duco_msg__py
[0.128s] [ 95%] Built target duco_msg__rosidl_generator_py
[0.142s] [ 96%] Built target duco_msg__rosidl_typesupport_c__pyext
[0.144s] [ 98%] Built target duco_msg__rosidl_typesupport_fastrtps_c__pyext
[0.144s] [100%] Built target duco_msg__rosidl_typesupport_introspection_c__pyext
[0.230s] running egg_info
[0.230s] writing duco_msg.egg-info/PKG-INFO
[0.230s] writing dependency_links to duco_msg.egg-info/dependency_links.txt
[0.230s] writing top-level names to duco_msg.egg-info/top_level.txt
[0.232s] reading manifest file 'duco_msg.egg-info/SOURCES.txt'
[0.232s] writing manifest file 'duco_msg.egg-info/SOURCES.txt'
[0.250s] [100%] Built target ament_cmake_python_build_duco_msg_egg
[0.260s] Invoked command in '/home/user/ws_siasun/build/duco_msg' returned '0': CMAKE_PREFIX_PATH=${CMAKE_PREFIX_PATH}:/opt/ros/humble /usr/bin/cmake --build /home/user/ws_siasun/build/duco_msg -- -j16 -l16
[0.262s] Invoking command in '/home/user/ws_siasun/build/duco_msg': CMAKE_PREFIX_PATH=${CMAKE_PREFIX_PATH}:/opt/ros/humble /usr/bin/cmake --install /home/user/ws_siasun/build/duco_msg
[0.267s] -- Install configuration: ""
[0.267s] -- Up-to-date: /home/user/ws_siasun/install/duco_msg/share/ament_index/resource_index/rosidl_interfaces/duco_msg
[0.267s] -- Up-to-date: /home/user/ws_siasun/install/duco_msg/include/duco_msg/duco_msg
[0.267s] -- Up-to-date: /home/user/ws_siasun/install/duco_msg/include/duco_msg/duco_msg/msg
[0.267s] -- Up-to-date: /home/user/ws_siasun/install/duco_msg/include/duco_msg/duco_msg/msg/rosidl_generator_c__visibility_control.h
[0.267s] -- Up-to-date: /home/user/ws_siasun/install/duco_msg/include/duco_msg/duco_msg/msg/virtual_servo_pose.h
[0.267s] -- Up-to-date: /home/user/ws_siasun/install/duco_msg/include/duco_msg/duco_msg/msg/detail
[0.267s] -- Up-to-date: /home/user/ws_siasun/install/duco_msg/include/duco_msg/duco_msg/msg/detail/duco_robot_state__struct.h
[0.267s] -- Up-to-date: /home/user/ws_siasun/install/duco_msg/include/duco_msg/duco_msg/msg/detail/duco_robot_state__functions.c
[0.267s] -- Up-to-date: /home/user/ws_siasun/install/duco_msg/include/duco_msg/duco_msg/msg/detail/virtual_servo_point_cloud__functions.c
[0.267s] -- Up-to-date: /home/user/ws_siasun/install/duco_msg/include/duco_msg/duco_msg/msg/detail/virtual_servo_pose__functions.h
[0.267s] -- Up-to-date: /home/user/ws_siasun/install/duco_msg/include/duco_msg/duco_msg/msg/detail/duco_robot_state__type_support.h
[0.267s] -- Up-to-date: /home/user/ws_siasun/install/duco_msg/include/duco_msg/duco_msg/msg/detail/virtual_servo_pose__functions.c
[0.267s] -- Up-to-date: /home/user/ws_siasun/install/duco_msg/include/duco_msg/duco_msg/msg/detail/virtual_servo_pose__type_support.h
[0.267s] -- Up-to-date: /home/user/ws_siasun/install/duco_msg/include/duco_msg/duco_msg/msg/detail/virtual_servo_point_cloud__functions.h
[0.267s] -- Up-to-date: /home/user/ws_siasun/install/duco_msg/include/duco_msg/duco_msg/msg/detail/virtual_servo_point_cloud__type_support.h
[0.267s] -- Up-to-date: /home/user/ws_siasun/install/duco_msg/include/duco_msg/duco_msg/msg/detail/virtual_servo_point_cloud__struct.h
[0.267s] -- Up-to-date: /home/user/ws_siasun/install/duco_msg/include/duco_msg/duco_msg/msg/detail/duco_robot_state__functions.h
[0.267s] -- Up-to-date: /home/user/ws_siasun/install/duco_msg/include/duco_msg/duco_msg/msg/detail/virtual_servo_pose__struct.h
[0.268s] -- Up-to-date: /home/user/ws_siasun/install/duco_msg/include/duco_msg/duco_msg/msg/virtual_servo_point_cloud.h
[0.268s] -- Up-to-date: /home/user/ws_siasun/install/duco_msg/include/duco_msg/duco_msg/msg/duco_robot_state.h
[0.268s] -- Up-to-date: /home/user/ws_siasun/install/duco_msg/include/duco_msg/duco_msg/srv
[0.268s] -- Up-to-date: /home/user/ws_siasun/install/duco_msg/include/duco_msg/duco_msg/srv/robot_move.h
[0.268s] -- Up-to-date: /home/user/ws_siasun/install/duco_msg/include/duco_msg/duco_msg/srv/robot_task_state_rquest.h
[0.268s] -- Up-to-date: /home/user/ws_siasun/install/duco_msg/include/duco_msg/duco_msg/srv/speech.h
[0.268s] -- Up-to-date: /home/user/ws_siasun/install/duco_msg/include/duco_msg/duco_msg/srv/robot_io_control.h
[0.268s] -- Up-to-date: /home/user/ws_siasun/install/duco_msg/include/duco_msg/duco_msg/srv/detail
[0.268s] -- Up-to-date: /home/user/ws_siasun/install/duco_msg/include/duco_msg/duco_msg/srv/detail/duco_robot_states__type_support.h
[0.268s] -- Up-to-date: /home/user/ws_siasun/install/duco_msg/include/duco_msg/duco_msg/srv/detail/robot_task_state_rquest__type_support.h
[0.268s] -- Up-to-date: /home/user/ws_siasun/install/duco_msg/include/duco_msg/duco_msg/srv/detail/speech__functions.c
[0.268s] -- Up-to-date: /home/user/ws_siasun/install/duco_msg/include/duco_msg/duco_msg/srv/detail/pose_estimation__functions.c
[0.268s] -- Up-to-date: /home/user/ws_siasun/install/duco_msg/include/duco_msg/duco_msg/srv/detail/robot_control__functions.h
[0.268s] -- Up-to-date: /home/user/ws_siasun/install/duco_msg/include/duco_msg/duco_msg/srv/detail/robot_control__type_support.h
[0.268s] -- Up-to-date: /home/user/ws_siasun/install/duco_msg/include/duco_msg/duco_msg/srv/detail/pose_estimation__type_support.h
[0.268s] -- Up-to-date: /home/user/ws_siasun/install/duco_msg/include/duco_msg/duco_msg/srv/detail/robot_move__type_support.h
[0.268s] -- Up-to-date: /home/user/ws_siasun/install/duco_msg/include/duco_msg/duco_msg/srv/detail/robot_move__struct.h
[0.268s] -- Up-to-date: /home/user/ws_siasun/install/duco_msg/include/duco_msg/duco_msg/srv/detail/speech__type_support.h
[0.268s] -- Up-to-date: /home/user/ws_siasun/install/duco_msg/include/duco_msg/duco_msg/srv/detail/robot_io_control__functions.h
[0.268s] -- Up-to-date: /home/user/ws_siasun/install/duco_msg/include/duco_msg/duco_msg/srv/detail/robot_io_control__functions.c
[0.268s] -- Up-to-date: /home/user/ws_siasun/install/duco_msg/include/duco_msg/duco_msg/srv/detail/robot_task_state_rquest__functions.c
[0.268s] -- Up-to-date: /home/user/ws_siasun/install/duco_msg/include/duco_msg/duco_msg/srv/detail/robot_control__functions.c
[0.268s] -- Up-to-date: /home/user/ws_siasun/install/duco_msg/include/duco_msg/duco_msg/srv/detail/robot_task_state_rquest__functions.h
[0.268s] -- Up-to-date: /home/user/ws_siasun/install/duco_msg/include/duco_msg/duco_msg/srv/detail/pose_estimation__functions.h
[0.268s] -- Up-to-date: /home/user/ws_siasun/install/duco_msg/include/duco_msg/duco_msg/srv/detail/grippers__type_support.h
[0.268s] -- Up-to-date: /home/user/ws_siasun/install/duco_msg/include/duco_msg/duco_msg/srv/detail/robot_io_control__struct.h
[0.268s] -- Up-to-date: /home/user/ws_siasun/install/duco_msg/include/duco_msg/duco_msg/srv/detail/speech__struct.h
[0.268s] -- Up-to-date: /home/user/ws_siasun/install/duco_msg/include/duco_msg/duco_msg/srv/detail/duco_robot_states__struct.h
[0.268s] -- Up-to-date: /home/user/ws_siasun/install/duco_msg/include/duco_msg/duco_msg/srv/detail/robot_move__functions.h
[0.268s] -- Up-to-date: /home/user/ws_siasun/install/duco_msg/include/duco_msg/duco_msg/srv/detail/duco_robot_states__functions.c
[0.268s] -- Up-to-date: /home/user/ws_siasun/install/duco_msg/include/duco_msg/duco_msg/srv/detail/pose_estimation__struct.h
[0.269s] -- Up-to-date: /home/user/ws_siasun/install/duco_msg/include/duco_msg/duco_msg/srv/detail/robot_control__struct.h
[0.269s] -- Up-to-date: /home/user/ws_siasun/install/duco_msg/include/duco_msg/duco_msg/srv/detail/duco_robot_states__functions.h
[0.269s] -- Up-to-date: /home/user/ws_siasun/install/duco_msg/include/duco_msg/duco_msg/srv/detail/grippers__struct.h
[0.269s] -- Up-to-date: /home/user/ws_siasun/install/duco_msg/include/duco_msg/duco_msg/srv/detail/robot_move__functions.c
[0.269s] -- Up-to-date: /home/user/ws_siasun/install/duco_msg/include/duco_msg/duco_msg/srv/detail/grippers__functions.h
[0.269s] -- Up-to-date: /home/user/ws_siasun/install/duco_msg/include/duco_msg/duco_msg/srv/detail/robot_io_control__type_support.h
[0.269s] -- Up-to-date: /home/user/ws_siasun/install/duco_msg/include/duco_msg/duco_msg/srv/detail/robot_task_state_rquest__struct.h
[0.269s] -- Up-to-date: /home/user/ws_siasun/install/duco_msg/include/duco_msg/duco_msg/srv/detail/grippers__functions.c
[0.269s] -- Up-to-date: /home/user/ws_siasun/install/duco_msg/include/duco_msg/duco_msg/srv/detail/speech__functions.h
[0.269s] -- Up-to-date: /home/user/ws_siasun/install/duco_msg/include/duco_msg/duco_msg/srv/grippers.h
[0.269s] -- Up-to-date: /home/user/ws_siasun/install/duco_msg/include/duco_msg/duco_msg/srv/robot_control.h
[0.269s] -- Up-to-date: /home/user/ws_siasun/install/duco_msg/include/duco_msg/duco_msg/srv/duco_robot_states.h
[0.269s] -- Up-to-date: /home/user/ws_siasun/install/duco_msg/include/duco_msg/duco_msg/srv/pose_estimation.h
[0.269s] -- Up-to-date: /home/user/ws_siasun/install/duco_msg/share/duco_msg/environment/library_path.sh
[0.269s] -- Up-to-date: /home/user/ws_siasun/install/duco_msg/share/duco_msg/environment/library_path.dsv
[0.269s] -- Up-to-date: /home/user/ws_siasun/install/duco_msg/lib/libduco_msg__rosidl_generator_c.so
[0.269s] -- Up-to-date: /home/user/ws_siasun/install/duco_msg/include/duco_msg/duco_msg
[0.269s] -- Up-to-date: /home/user/ws_siasun/install/duco_msg/include/duco_msg/duco_msg/msg
[0.269s] -- Up-to-date: /home/user/ws_siasun/install/duco_msg/include/duco_msg/duco_msg/msg/rosidl_typesupport_fastrtps_c__visibility_control.h
[0.269s] -- Up-to-date: /home/user/ws_siasun/install/duco_msg/include/duco_msg/duco_msg/msg/detail
[0.269s] -- Up-to-date: /home/user/ws_siasun/install/duco_msg/include/duco_msg/duco_msg/msg/detail/virtual_servo_pose__rosidl_typesupport_fastrtps_c.h
[0.269s] -- Up-to-date: /home/user/ws_siasun/install/duco_msg/include/duco_msg/duco_msg/msg/detail/virtual_servo_point_cloud__rosidl_typesupport_fastrtps_c.h
[0.269s] -- Up-to-date: /home/user/ws_siasun/install/duco_msg/include/duco_msg/duco_msg/msg/detail/duco_robot_state__rosidl_typesupport_fastrtps_c.h
[0.269s] -- Up-to-date: /home/user/ws_siasun/install/duco_msg/include/duco_msg/duco_msg/srv
[0.269s] -- Up-to-date: /home/user/ws_siasun/install/duco_msg/include/duco_msg/duco_msg/srv/detail
[0.269s] -- Up-to-date: /home/user/ws_siasun/install/duco_msg/include/duco_msg/duco_msg/srv/detail/robot_move__rosidl_typesupport_fastrtps_c.h
[0.269s] -- Up-to-date: /home/user/ws_siasun/install/duco_msg/include/duco_msg/duco_msg/srv/detail/robot_control__rosidl_typesupport_fastrtps_c.h
[0.269s] -- Up-to-date: /home/user/ws_siasun/install/duco_msg/include/duco_msg/duco_msg/srv/detail/robot_io_control__rosidl_typesupport_fastrtps_c.h
[0.269s] -- Up-to-date: /home/user/ws_siasun/install/duco_msg/include/duco_msg/duco_msg/srv/detail/robot_task_state_rquest__rosidl_typesupport_fastrtps_c.h
[0.269s] -- Up-to-date: /home/user/ws_siasun/install/duco_msg/include/duco_msg/duco_msg/srv/detail/pose_estimation__rosidl_typesupport_fastrtps_c.h
[0.269s] -- Up-to-date: /home/user/ws_siasun/install/duco_msg/include/duco_msg/duco_msg/srv/detail/grippers__rosidl_typesupport_fastrtps_c.h
[0.269s] -- Up-to-date: /home/user/ws_siasun/install/duco_msg/include/duco_msg/duco_msg/srv/detail/speech__rosidl_typesupport_fastrtps_c.h
[0.269s] -- Up-to-date: /home/user/ws_siasun/install/duco_msg/include/duco_msg/duco_msg/srv/detail/duco_robot_states__rosidl_typesupport_fastrtps_c.h
[0.269s] -- Up-to-date: /home/user/ws_siasun/install/duco_msg/lib/libduco_msg__rosidl_typesupport_fastrtps_c.so
[0.269s] -- Up-to-date: /home/user/ws_siasun/install/duco_msg/include/duco_msg/duco_msg
[0.270s] -- Up-to-date: /home/user/ws_siasun/install/duco_msg/include/duco_msg/duco_msg/msg
[0.270s] -- Up-to-date: /home/user/ws_siasun/install/duco_msg/include/duco_msg/duco_msg/msg/virtual_servo_point_cloud.hpp
[0.270s] -- Up-to-date: /home/user/ws_siasun/install/duco_msg/include/duco_msg/duco_msg/msg/virtual_servo_pose.hpp
[0.270s] -- Up-to-date: /home/user/ws_siasun/install/duco_msg/include/duco_msg/duco_msg/msg/detail
[0.270s] -- Up-to-date: /home/user/ws_siasun/install/duco_msg/include/duco_msg/duco_msg/msg/detail/duco_robot_state__traits.hpp
[0.270s] -- Up-to-date: /home/user/ws_siasun/install/duco_msg/include/duco_msg/duco_msg/msg/detail/virtual_servo_point_cloud__builder.hpp
[0.270s] -- Up-to-date: /home/user/ws_siasun/install/duco_msg/include/duco_msg/duco_msg/msg/detail/virtual_servo_pose__struct.hpp
[0.270s] -- Up-to-date: /home/user/ws_siasun/install/duco_msg/include/duco_msg/duco_msg/msg/detail/duco_robot_state__struct.hpp
[0.270s] -- Up-to-date: /home/user/ws_siasun/install/duco_msg/include/duco_msg/duco_msg/msg/detail/virtual_servo_point_cloud__traits.hpp
[0.270s] -- Up-to-date: /home/user/ws_siasun/install/duco_msg/include/duco_msg/duco_msg/msg/detail/virtual_servo_pose__traits.hpp
[0.270s] -- Up-to-date: /home/user/ws_siasun/install/duco_msg/include/duco_msg/duco_msg/msg/detail/virtual_servo_pose__builder.hpp
[0.270s] -- Up-to-date: /home/user/ws_siasun/install/duco_msg/include/duco_msg/duco_msg/msg/detail/duco_robot_state__type_support.hpp
[0.270s] -- Up-to-date: /home/user/ws_siasun/install/duco_msg/include/duco_msg/duco_msg/msg/detail/virtual_servo_point_cloud__type_support.hpp
[0.270s] -- Up-to-date: /home/user/ws_siasun/install/duco_msg/include/duco_msg/duco_msg/msg/detail/virtual_servo_pose__type_support.hpp
[0.270s] -- Up-to-date: /home/user/ws_siasun/install/duco_msg/include/duco_msg/duco_msg/msg/detail/duco_robot_state__builder.hpp
[0.270s] -- Up-to-date: /home/user/ws_siasun/install/duco_msg/include/duco_msg/duco_msg/msg/detail/virtual_servo_point_cloud__struct.hpp
[0.270s] -- Up-to-date: /home/user/ws_siasun/install/duco_msg/include/duco_msg/duco_msg/msg/rosidl_generator_cpp__visibility_control.hpp
[0.270s] -- Up-to-date: /home/user/ws_siasun/install/duco_msg/include/duco_msg/duco_msg/msg/duco_robot_state.hpp
[0.270s] -- Up-to-date: /home/user/ws_siasun/install/duco_msg/include/duco_msg/duco_msg/srv
[0.270s] -- Up-to-date: /home/user/ws_siasun/install/duco_msg/include/duco_msg/duco_msg/srv/duco_robot_states.hpp
[0.270s] -- Up-to-date: /home/user/ws_siasun/install/duco_msg/include/duco_msg/duco_msg/srv/pose_estimation.hpp
[0.270s] -- Up-to-date: /home/user/ws_siasun/install/duco_msg/include/duco_msg/duco_msg/srv/speech.hpp
[0.270s] -- Up-to-date: /home/user/ws_siasun/install/duco_msg/include/duco_msg/duco_msg/srv/robot_io_control.hpp
[0.270s] -- Up-to-date: /home/user/ws_siasun/install/duco_msg/include/duco_msg/duco_msg/srv/detail
[0.270s] -- Up-to-date: /home/user/ws_siasun/install/duco_msg/include/duco_msg/duco_msg/srv/detail/robot_control__struct.hpp
[0.270s] -- Up-to-date: /home/user/ws_siasun/install/duco_msg/include/duco_msg/duco_msg/srv/detail/robot_control__traits.hpp
[0.270s] -- Up-to-date: /home/user/ws_siasun/install/duco_msg/include/duco_msg/duco_msg/srv/detail/robot_io_control__type_support.hpp
[0.270s] -- Up-to-date: /home/user/ws_siasun/install/duco_msg/include/duco_msg/duco_msg/srv/detail/robot_task_state_rquest__traits.hpp
[0.270s] -- Up-to-date: /home/user/ws_siasun/install/duco_msg/include/duco_msg/duco_msg/srv/detail/robot_move__struct.hpp
[0.270s] -- Up-to-date: /home/user/ws_siasun/install/duco_msg/include/duco_msg/duco_msg/srv/detail/robot_task_state_rquest__struct.hpp
[0.270s] -- Up-to-date: /home/user/ws_siasun/install/duco_msg/include/duco_msg/duco_msg/srv/detail/robot_control__builder.hpp
[0.270s] -- Up-to-date: /home/user/ws_siasun/install/duco_msg/include/duco_msg/duco_msg/srv/detail/pose_estimation__builder.hpp
[0.271s] -- Up-to-date: /home/user/ws_siasun/install/duco_msg/include/duco_msg/duco_msg/srv/detail/pose_estimation__traits.hpp
[0.271s] -- Up-to-date: /home/user/ws_siasun/install/duco_msg/include/duco_msg/duco_msg/srv/detail/grippers__builder.hpp
[0.271s] -- Up-to-date: /home/user/ws_siasun/install/duco_msg/include/duco_msg/duco_msg/srv/detail/robot_move__traits.hpp
[0.271s] -- Up-to-date: /home/user/ws_siasun/install/duco_msg/include/duco_msg/duco_msg/srv/detail/duco_robot_states__builder.hpp
[0.271s] -- Up-to-date: /home/user/ws_siasun/install/duco_msg/include/duco_msg/duco_msg/srv/detail/robot_io_control__traits.hpp
[0.271s] -- Up-to-date: /home/user/ws_siasun/install/duco_msg/include/duco_msg/duco_msg/srv/detail/speech__builder.hpp
[0.271s] -- Up-to-date: /home/user/ws_siasun/install/duco_msg/include/duco_msg/duco_msg/srv/detail/robot_io_control__builder.hpp
[0.271s] -- Up-to-date: /home/user/ws_siasun/install/duco_msg/include/duco_msg/duco_msg/srv/detail/grippers__traits.hpp
[0.271s] -- Up-to-date: /home/user/ws_siasun/install/duco_msg/include/duco_msg/duco_msg/srv/detail/duco_robot_states__struct.hpp
[0.271s] -- Up-to-date: /home/user/ws_siasun/install/duco_msg/include/duco_msg/duco_msg/srv/detail/speech__struct.hpp
[0.271s] -- Up-to-date: /home/user/ws_siasun/install/duco_msg/include/duco_msg/duco_msg/srv/detail/pose_estimation__type_support.hpp
[0.271s] -- Up-to-date: /home/user/ws_siasun/install/duco_msg/include/duco_msg/duco_msg/srv/detail/robot_task_state_rquest__builder.hpp
[0.271s] -- Up-to-date: /home/user/ws_siasun/install/duco_msg/include/duco_msg/duco_msg/srv/detail/duco_robot_states__traits.hpp
[0.271s] -- Up-to-date: /home/user/ws_siasun/install/duco_msg/include/duco_msg/duco_msg/srv/detail/robot_move__builder.hpp
[0.271s] -- Up-to-date: /home/user/ws_siasun/install/duco_msg/include/duco_msg/duco_msg/srv/detail/speech__traits.hpp
[0.271s] -- Up-to-date: /home/user/ws_siasun/install/duco_msg/include/duco_msg/duco_msg/srv/detail/robot_io_control__struct.hpp
[0.271s] -- Up-to-date: /home/user/ws_siasun/install/duco_msg/include/duco_msg/duco_msg/srv/detail/grippers__type_support.hpp
[0.271s] -- Up-to-date: /home/user/ws_siasun/install/duco_msg/include/duco_msg/duco_msg/srv/detail/pose_estimation__struct.hpp
[0.271s] -- Up-to-date: /home/user/ws_siasun/install/duco_msg/include/duco_msg/duco_msg/srv/detail/speech__type_support.hpp
[0.271s] -- Up-to-date: /home/user/ws_siasun/install/duco_msg/include/duco_msg/duco_msg/srv/detail/grippers__struct.hpp
[0.271s] -- Up-to-date: /home/user/ws_siasun/install/duco_msg/include/duco_msg/duco_msg/srv/detail/robot_move__type_support.hpp
[0.271s] -- Up-to-date: /home/user/ws_siasun/install/duco_msg/include/duco_msg/duco_msg/srv/detail/robot_control__type_support.hpp
[0.271s] -- Up-to-date: /home/user/ws_siasun/install/duco_msg/include/duco_msg/duco_msg/srv/detail/robot_task_state_rquest__type_support.hpp
[0.271s] -- Up-to-date: /home/user/ws_siasun/install/duco_msg/include/duco_msg/duco_msg/srv/detail/duco_robot_states__type_support.hpp
[0.271s] -- Up-to-date: /home/user/ws_siasun/install/duco_msg/include/duco_msg/duco_msg/srv/grippers.hpp
[0.271s] -- Up-to-date: /home/user/ws_siasun/install/duco_msg/include/duco_msg/duco_msg/srv/robot_move.hpp
[0.272s] -- Up-to-date: /home/user/ws_siasun/install/duco_msg/include/duco_msg/duco_msg/srv/robot_task_state_rquest.hpp
[0.272s] -- Up-to-date: /home/user/ws_siasun/install/duco_msg/include/duco_msg/duco_msg/srv/robot_control.hpp
[0.272s] -- Up-to-date: /home/user/ws_siasun/install/duco_msg/include/duco_msg/duco_msg
[0.272s] -- Up-to-date: /home/user/ws_siasun/install/duco_msg/include/duco_msg/duco_msg/msg
[0.272s] -- Up-to-date: /home/user/ws_siasun/install/duco_msg/include/duco_msg/duco_msg/msg/rosidl_typesupport_fastrtps_cpp__visibility_control.h
[0.272s] -- Up-to-date: /home/user/ws_siasun/install/duco_msg/include/duco_msg/duco_msg/msg/detail
[0.272s] -- Up-to-date: /home/user/ws_siasun/install/duco_msg/include/duco_msg/duco_msg/msg/detail/virtual_servo_pose__rosidl_typesupport_fastrtps_cpp.hpp
[0.272s] -- Up-to-date: /home/user/ws_siasun/install/duco_msg/include/duco_msg/duco_msg/msg/detail/dds_fastrtps
[0.272s] -- Up-to-date: /home/user/ws_siasun/install/duco_msg/include/duco_msg/duco_msg/msg/detail/virtual_servo_point_cloud__rosidl_typesupport_fastrtps_cpp.hpp
[0.272s] -- Up-to-date: /home/user/ws_siasun/install/duco_msg/include/duco_msg/duco_msg/msg/detail/duco_robot_state__rosidl_typesupport_fastrtps_cpp.hpp
[0.272s] -- Up-to-date: /home/user/ws_siasun/install/duco_msg/include/duco_msg/duco_msg/srv
[0.272s] -- Up-to-date: /home/user/ws_siasun/install/duco_msg/include/duco_msg/duco_msg/srv/detail
[0.272s] -- Up-to-date: /home/user/ws_siasun/install/duco_msg/include/duco_msg/duco_msg/srv/detail/robot_move__rosidl_typesupport_fastrtps_cpp.hpp
[0.272s] -- Up-to-date: /home/user/ws_siasun/install/duco_msg/include/duco_msg/duco_msg/srv/detail/robot_task_state_rquest__rosidl_typesupport_fastrtps_cpp.hpp
[0.272s] -- Up-to-date: /home/user/ws_siasun/install/duco_msg/include/duco_msg/duco_msg/srv/detail/speech__rosidl_typesupport_fastrtps_cpp.hpp
[0.272s] -- Up-to-date: /home/user/ws_siasun/install/duco_msg/include/duco_msg/duco_msg/srv/detail/pose_estimation__rosidl_typesupport_fastrtps_cpp.hpp
[0.272s] -- Up-to-date: /home/user/ws_siasun/install/duco_msg/include/duco_msg/duco_msg/srv/detail/duco_robot_states__rosidl_typesupport_fastrtps_cpp.hpp
[0.272s] -- Up-to-date: /home/user/ws_siasun/install/duco_msg/include/duco_msg/duco_msg/srv/detail/grippers__rosidl_typesupport_fastrtps_cpp.hpp
[0.272s] -- Up-to-date: /home/user/ws_siasun/install/duco_msg/include/duco_msg/duco_msg/srv/detail/dds_fastrtps
[0.272s] -- Up-to-date: /home/user/ws_siasun/install/duco_msg/include/duco_msg/duco_msg/srv/detail/robot_io_control__rosidl_typesupport_fastrtps_cpp.hpp
[0.272s] -- Up-to-date: /home/user/ws_siasun/install/duco_msg/include/duco_msg/duco_msg/srv/detail/robot_control__rosidl_typesupport_fastrtps_cpp.hpp
[0.272s] -- Up-to-date: /home/user/ws_siasun/install/duco_msg/lib/libduco_msg__rosidl_typesupport_fastrtps_cpp.so
[0.272s] -- Up-to-date: /home/user/ws_siasun/install/duco_msg/include/duco_msg/duco_msg
[0.272s] -- Up-to-date: /home/user/ws_siasun/install/duco_msg/include/duco_msg/duco_msg/msg
[0.272s] -- Up-to-date: /home/user/ws_siasun/install/duco_msg/include/duco_msg/duco_msg/msg/detail
[0.272s] -- Up-to-date: /home/user/ws_siasun/install/duco_msg/include/duco_msg/duco_msg/msg/detail/duco_robot_state__type_support.c
[0.272s] -- Up-to-date: /home/user/ws_siasun/install/duco_msg/include/duco_msg/duco_msg/msg/detail/virtual_servo_pose__type_support.c
[0.272s] -- Up-to-date: /home/user/ws_siasun/install/duco_msg/include/duco_msg/duco_msg/msg/detail/virtual_servo_point_cloud__rosidl_typesupport_introspection_c.h
[0.272s] -- Up-to-date: /home/user/ws_siasun/install/duco_msg/include/duco_msg/duco_msg/msg/detail/duco_robot_state__rosidl_typesupport_introspection_c.h
[0.272s] -- Up-to-date: /home/user/ws_siasun/install/duco_msg/include/duco_msg/duco_msg/msg/detail/virtual_servo_pose__rosidl_typesupport_introspection_c.h
[0.272s] -- Up-to-date: /home/user/ws_siasun/install/duco_msg/include/duco_msg/duco_msg/msg/detail/virtual_servo_point_cloud__type_support.c
[0.273s] -- Up-to-date: /home/user/ws_siasun/install/duco_msg/include/duco_msg/duco_msg/msg/rosidl_typesupport_introspection_c__visibility_control.h
[0.273s] -- Up-to-date: /home/user/ws_siasun/install/duco_msg/include/duco_msg/duco_msg/srv
[0.273s] -- Up-to-date: /home/user/ws_siasun/install/duco_msg/include/duco_msg/duco_msg/srv/detail
[0.273s] -- Up-to-date: /home/user/ws_siasun/install/duco_msg/include/duco_msg/duco_msg/srv/detail/duco_robot_states__type_support.c
[0.273s] -- Up-to-date: /home/user/ws_siasun/install/duco_msg/include/duco_msg/duco_msg/srv/detail/robot_task_state_rquest__type_support.c
[0.273s] -- Up-to-date: /home/user/ws_siasun/install/duco_msg/include/duco_msg/duco_msg/srv/detail/robot_task_state_rquest__rosidl_typesupport_introspection_c.h
[0.273s] -- Up-to-date: /home/user/ws_siasun/install/duco_msg/include/duco_msg/duco_msg/srv/detail/robot_control__type_support.c
[0.273s] -- Up-to-date: /home/user/ws_siasun/install/duco_msg/include/duco_msg/duco_msg/srv/detail/robot_io_control__rosidl_typesupport_introspection_c.h
[0.273s] -- Up-to-date: /home/user/ws_siasun/install/duco_msg/include/duco_msg/duco_msg/srv/detail/speech__type_support.c
[0.273s] -- Up-to-date: /home/user/ws_siasun/install/duco_msg/include/duco_msg/duco_msg/srv/detail/pose_estimation__rosidl_typesupport_introspection_c.h
[0.273s] -- Up-to-date: /home/user/ws_siasun/install/duco_msg/include/duco_msg/duco_msg/srv/detail/grippers__type_support.c
[0.273s] -- Up-to-date: /home/user/ws_siasun/install/duco_msg/include/duco_msg/duco_msg/srv/detail/speech__rosidl_typesupport_introspection_c.h
[0.273s] -- Up-to-date: /home/user/ws_siasun/install/duco_msg/include/duco_msg/duco_msg/srv/detail/robot_move__rosidl_typesupport_introspection_c.h
[0.273s] -- Up-to-date: /home/user/ws_siasun/install/duco_msg/include/duco_msg/duco_msg/srv/detail/robot_io_control__type_support.c
[0.273s] -- Up-to-date: /home/user/ws_siasun/install/duco_msg/include/duco_msg/duco_msg/srv/detail/grippers__rosidl_typesupport_introspection_c.h
[0.273s] -- Up-to-date: /home/user/ws_siasun/install/duco_msg/include/duco_msg/duco_msg/srv/detail/robot_control__rosidl_typesupport_introspection_c.h
[0.273s] -- Up-to-date: /home/user/ws_siasun/install/duco_msg/include/duco_msg/duco_msg/srv/detail/duco_robot_states__rosidl_typesupport_introspection_c.h
[0.273s] -- Up-to-date: /home/user/ws_siasun/install/duco_msg/include/duco_msg/duco_msg/srv/detail/robot_move__type_support.c
[0.273s] -- Up-to-date: /home/user/ws_siasun/install/duco_msg/include/duco_msg/duco_msg/srv/detail/pose_estimation__type_support.c
[0.273s] -- Up-to-date: /home/user/ws_siasun/install/duco_msg/lib/libduco_msg__rosidl_typesupport_introspection_c.so
[0.273s] -- Up-to-date: /home/user/ws_siasun/install/duco_msg/lib/libduco_msg__rosidl_typesupport_c.so
[0.273s] -- Up-to-date: /home/user/ws_siasun/install/duco_msg/include/duco_msg/duco_msg
[0.273s] -- Up-to-date: /home/user/ws_siasun/install/duco_msg/include/duco_msg/duco_msg/msg
[0.273s] -- Up-to-date: /home/user/ws_siasun/install/duco_msg/include/duco_msg/duco_msg/msg/detail
[0.273s] -- Up-to-date: /home/user/ws_siasun/install/duco_msg/include/duco_msg/duco_msg/msg/detail/virtual_servo_point_cloud__type_support.cpp
[0.273s] -- Up-to-date: /home/user/ws_siasun/install/duco_msg/include/duco_msg/duco_msg/msg/detail/virtual_servo_pose__type_support.cpp
[0.273s] -- Up-to-date: /home/user/ws_siasun/install/duco_msg/include/duco_msg/duco_msg/msg/detail/duco_robot_state__rosidl_typesupport_introspection_cpp.hpp
[0.273s] -- Up-to-date: /home/user/ws_siasun/install/duco_msg/include/duco_msg/duco_msg/msg/detail/virtual_servo_point_cloud__rosidl_typesupport_introspection_cpp.hpp
[0.273s] -- Up-to-date: /home/user/ws_siasun/install/duco_msg/include/duco_msg/duco_msg/msg/detail/virtual_servo_pose__rosidl_typesupport_introspection_cpp.hpp
[0.273s] -- Up-to-date: /home/user/ws_siasun/install/duco_msg/include/duco_msg/duco_msg/msg/detail/duco_robot_state__type_support.cpp
[0.273s] -- Up-to-date: /home/user/ws_siasun/install/duco_msg/include/duco_msg/duco_msg/srv
[0.273s] -- Up-to-date: /home/user/ws_siasun/install/duco_msg/include/duco_msg/duco_msg/srv/detail
[0.273s] -- Up-to-date: /home/user/ws_siasun/install/duco_msg/include/duco_msg/duco_msg/srv/detail/speech__rosidl_typesupport_introspection_cpp.hpp
[0.273s] -- Up-to-date: /home/user/ws_siasun/install/duco_msg/include/duco_msg/duco_msg/srv/detail/pose_estimation__rosidl_typesupport_introspection_cpp.hpp
[0.273s] -- Up-to-date: /home/user/ws_siasun/install/duco_msg/include/duco_msg/duco_msg/srv/detail/speech__type_support.cpp
[0.273s] -- Up-to-date: /home/user/ws_siasun/install/duco_msg/include/duco_msg/duco_msg/srv/detail/robot_move__rosidl_typesupport_introspection_cpp.hpp
[0.273s] -- Up-to-date: /home/user/ws_siasun/install/duco_msg/include/duco_msg/duco_msg/srv/detail/grippers__type_support.cpp
[0.273s] -- Up-to-date: /home/user/ws_siasun/install/duco_msg/include/duco_msg/duco_msg/srv/detail/robot_control__rosidl_typesupport_introspection_cpp.hpp
[0.273s] -- Up-to-date: /home/user/ws_siasun/install/duco_msg/include/duco_msg/duco_msg/srv/detail/robot_io_control__type_support.cpp
[0.274s] -- Up-to-date: /home/user/ws_siasun/install/duco_msg/include/duco_msg/duco_msg/srv/detail/grippers__rosidl_typesupport_introspection_cpp.hpp
[0.274s] -- Up-to-date: /home/user/ws_siasun/install/duco_msg/include/duco_msg/duco_msg/srv/detail/duco_robot_states__type_support.cpp
[0.274s] -- Up-to-date: /home/user/ws_siasun/install/duco_msg/include/duco_msg/duco_msg/srv/detail/duco_robot_states__rosidl_typesupport_introspection_cpp.hpp
[0.274s] -- Up-to-date: /home/user/ws_siasun/install/duco_msg/include/duco_msg/duco_msg/srv/detail/robot_task_state_rquest__rosidl_typesupport_introspection_cpp.hpp
[0.274s] -- Up-to-date: /home/user/ws_siasun/install/duco_msg/include/duco_msg/duco_msg/srv/detail/robot_control__type_support.cpp
[0.274s] -- Up-to-date: /home/user/ws_siasun/install/duco_msg/include/duco_msg/duco_msg/srv/detail/pose_estimation__type_support.cpp
[0.274s] -- Up-to-date: /home/user/ws_siasun/install/duco_msg/include/duco_msg/duco_msg/srv/detail/robot_move__type_support.cpp
[0.274s] -- Up-to-date: /home/user/ws_siasun/install/duco_msg/include/duco_msg/duco_msg/srv/detail/robot_io_control__rosidl_typesupport_introspection_cpp.hpp
[0.274s] -- Up-to-date: /home/user/ws_siasun/install/duco_msg/include/duco_msg/duco_msg/srv/detail/robot_task_state_rquest__type_support.cpp
[0.274s] -- Up-to-date: /home/user/ws_siasun/install/duco_msg/lib/libduco_msg__rosidl_typesupport_introspection_cpp.so
[0.274s] -- Up-to-date: /home/user/ws_siasun/install/duco_msg/lib/libduco_msg__rosidl_typesupport_cpp.so
[0.274s] -- Up-to-date: /home/user/ws_siasun/install/duco_msg/share/duco_msg/environment/pythonpath.sh
[0.274s] -- Up-to-date: /home/user/ws_siasun/install/duco_msg/share/duco_msg/environment/pythonpath.dsv
[0.274s] -- Up-to-date: /home/user/ws_siasun/install/duco_msg/local/lib/python3.10/dist-packages/duco_msg-0.0.0-py3.10.egg-info
[0.274s] -- Installing: /home/user/ws_siasun/install/duco_msg/local/lib/python3.10/dist-packages/duco_msg-0.0.0-py3.10.egg-info/top_level.txt
[0.274s] -- Installing: /home/user/ws_siasun/install/duco_msg/local/lib/python3.10/dist-packages/duco_msg-0.0.0-py3.10.egg-info/PKG-INFO
[0.274s] -- Installing: /home/user/ws_siasun/install/duco_msg/local/lib/python3.10/dist-packages/duco_msg-0.0.0-py3.10.egg-info/SOURCES.txt
[0.274s] -- Installing: /home/user/ws_siasun/install/duco_msg/local/lib/python3.10/dist-packages/duco_msg-0.0.0-py3.10.egg-info/dependency_links.txt
[0.274s] -- Up-to-date: /home/user/ws_siasun/install/duco_msg/local/lib/python3.10/dist-packages/duco_msg
[0.274s] -- Up-to-date: /home/user/ws_siasun/install/duco_msg/local/lib/python3.10/dist-packages/duco_msg/_duco_msg_s.ep.rosidl_typesupport_fastrtps_c.c
[0.274s] -- Up-to-date: /home/user/ws_siasun/install/duco_msg/local/lib/python3.10/dist-packages/duco_msg/libduco_msg__rosidl_generator_py.so
[0.274s] -- Up-to-date: /home/user/ws_siasun/install/duco_msg/local/lib/python3.10/dist-packages/duco_msg/duco_msg_s__rosidl_typesupport_introspection_c.cpython-310-x86_64-linux-gnu.so
[0.274s] -- Up-to-date: /home/user/ws_siasun/install/duco_msg/local/lib/python3.10/dist-packages/duco_msg/duco_msg_s__rosidl_typesupport_c.cpython-310-x86_64-linux-gnu.so
[0.274s] -- Up-to-date: /home/user/ws_siasun/install/duco_msg/local/lib/python3.10/dist-packages/duco_msg/__init__.py
[0.274s] -- Up-to-date: /home/user/ws_siasun/install/duco_msg/local/lib/python3.10/dist-packages/duco_msg/msg
[0.274s] -- Up-to-date: /home/user/ws_siasun/install/duco_msg/local/lib/python3.10/dist-packages/duco_msg/msg/_virtual_servo_point_cloud.py
[0.274s] -- Up-to-date: /home/user/ws_siasun/install/duco_msg/local/lib/python3.10/dist-packages/duco_msg/msg/_duco_robot_state.py
[0.274s] -- Up-to-date: /home/user/ws_siasun/install/duco_msg/local/lib/python3.10/dist-packages/duco_msg/msg/_virtual_servo_pose_s.c
[0.274s] -- Up-to-date: /home/user/ws_siasun/install/duco_msg/local/lib/python3.10/dist-packages/duco_msg/msg/_duco_robot_state_s.c
[0.274s] -- Up-to-date: /home/user/ws_siasun/install/duco_msg/local/lib/python3.10/dist-packages/duco_msg/msg/__init__.py
[0.274s] -- Up-to-date: /home/user/ws_siasun/install/duco_msg/local/lib/python3.10/dist-packages/duco_msg/msg/_virtual_servo_pose.py
[0.274s] -- Up-to-date: /home/user/ws_siasun/install/duco_msg/local/lib/python3.10/dist-packages/duco_msg/msg/_virtual_servo_point_cloud_s.c
[0.274s] -- Up-to-date: /home/user/ws_siasun/install/duco_msg/local/lib/python3.10/dist-packages/duco_msg/_duco_msg_s.ep.rosidl_typesupport_introspection_c.c
[0.274s] -- Up-to-date: /home/user/ws_siasun/install/duco_msg/local/lib/python3.10/dist-packages/duco_msg/srv
[0.274s] -- Up-to-date: /home/user/ws_siasun/install/duco_msg/local/lib/python3.10/dist-packages/duco_msg/srv/_duco_robot_states.py
[0.274s] -- Up-to-date: /home/user/ws_siasun/install/duco_msg/local/lib/python3.10/dist-packages/duco_msg/srv/_robot_move_s.c
[0.274s] -- Up-to-date: /home/user/ws_siasun/install/duco_msg/local/lib/python3.10/dist-packages/duco_msg/srv/_robot_control.py
[0.274s] -- Up-to-date: /home/user/ws_siasun/install/duco_msg/local/lib/python3.10/dist-packages/duco_msg/srv/_grippers.py
[0.274s] -- Up-to-date: /home/user/ws_siasun/install/duco_msg/local/lib/python3.10/dist-packages/duco_msg/srv/_robot_control_s.c
[0.274s] -- Up-to-date: /home/user/ws_siasun/install/duco_msg/local/lib/python3.10/dist-packages/duco_msg/srv/__init__.py
[0.274s] -- Up-to-date: /home/user/ws_siasun/install/duco_msg/local/lib/python3.10/dist-packages/duco_msg/srv/_pose_estimation.py
[0.274s] -- Up-to-date: /home/user/ws_siasun/install/duco_msg/local/lib/python3.10/dist-packages/duco_msg/srv/_robot_task_state_rquest_s.c
[0.274s] -- Up-to-date: /home/user/ws_siasun/install/duco_msg/local/lib/python3.10/dist-packages/duco_msg/srv/_duco_robot_states_s.c
[0.274s] -- Up-to-date: /home/user/ws_siasun/install/duco_msg/local/lib/python3.10/dist-packages/duco_msg/srv/_speech_s.c
[0.274s] -- Up-to-date: /home/user/ws_siasun/install/duco_msg/local/lib/python3.10/dist-packages/duco_msg/srv/_pose_estimation_s.c
[0.274s] -- Up-to-date: /home/user/ws_siasun/install/duco_msg/local/lib/python3.10/dist-packages/duco_msg/srv/_robot_io_control.py
[0.274s] -- Up-to-date: /home/user/ws_siasun/install/duco_msg/local/lib/python3.10/dist-packages/duco_msg/srv/_robot_move.py
[0.275s] -- Up-to-date: /home/user/ws_siasun/install/duco_msg/local/lib/python3.10/dist-packages/duco_msg/srv/_grippers_s.c
[0.275s] -- Up-to-date: /home/user/ws_siasun/install/duco_msg/local/lib/python3.10/dist-packages/duco_msg/srv/_robot_task_state_rquest.py
[0.275s] -- Up-to-date: /home/user/ws_siasun/install/duco_msg/local/lib/python3.10/dist-packages/duco_msg/srv/_speech.py
[0.275s] -- Up-to-date: /home/user/ws_siasun/install/duco_msg/local/lib/python3.10/dist-packages/duco_msg/srv/_robot_io_control_s.c
[0.275s] -- Up-to-date: /home/user/ws_siasun/install/duco_msg/local/lib/python3.10/dist-packages/duco_msg/_duco_msg_s.ep.rosidl_typesupport_c.c
[0.275s] -- Up-to-date: /home/user/ws_siasun/install/duco_msg/local/lib/python3.10/dist-packages/duco_msg/duco_msg_s__rosidl_typesupport_fastrtps_c.cpython-310-x86_64-linux-gnu.so
[0.295s] Listing '/home/user/ws_siasun/install/duco_msg/local/lib/python3.10/dist-packages/duco_msg'...
[0.295s] Listing '/home/user/ws_siasun/install/duco_msg/local/lib/python3.10/dist-packages/duco_msg/msg'...
[0.295s] Listing '/home/user/ws_siasun/install/duco_msg/local/lib/python3.10/dist-packages/duco_msg/srv'...
[0.296s] -- Up-to-date: /home/user/ws_siasun/install/duco_msg/local/lib/python3.10/dist-packages/duco_msg/duco_msg_s__rosidl_typesupport_fastrtps_c.cpython-310-x86_64-linux-gnu.so
[0.296s] -- Up-to-date: /home/user/ws_siasun/install/duco_msg/local/lib/python3.10/dist-packages/duco_msg/duco_msg_s__rosidl_typesupport_introspection_c.cpython-310-x86_64-linux-gnu.so
[0.297s] -- Up-to-date: /home/user/ws_siasun/install/duco_msg/local/lib/python3.10/dist-packages/duco_msg/duco_msg_s__rosidl_typesupport_c.cpython-310-x86_64-linux-gnu.so
[0.297s] -- Up-to-date: /home/user/ws_siasun/install/duco_msg/lib/libduco_msg__rosidl_generator_py.so
[0.297s] -- Up-to-date: /home/user/ws_siasun/install/duco_msg/share/duco_msg/msg/DucoRobotState.idl
[0.297s] -- Up-to-date: /home/user/ws_siasun/install/duco_msg/share/duco_msg/msg/VirtualServoPointCloud.idl
[0.297s] -- Up-to-date: /home/user/ws_siasun/install/duco_msg/share/duco_msg/msg/VirtualServoPose.idl
[0.297s] -- Up-to-date: /home/user/ws_siasun/install/duco_msg/share/duco_msg/srv/DucoRobotStates.idl
[0.297s] -- Up-to-date: /home/user/ws_siasun/install/duco_msg/share/duco_msg/srv/PoseEstimation.idl
[0.297s] -- Up-to-date: /home/user/ws_siasun/install/duco_msg/share/duco_msg/srv/RobotControl.idl
[0.298s] -- Up-to-date: /home/user/ws_siasun/install/duco_msg/share/duco_msg/srv/RobotMove.idl
[0.298s] -- Up-to-date: /home/user/ws_siasun/install/duco_msg/share/duco_msg/srv/RobotIoControl.idl
[0.298s] -- Up-to-date: /home/user/ws_siasun/install/duco_msg/share/duco_msg/srv/RobotTaskStateRquest.idl
[0.298s] -- Up-to-date: /home/user/ws_siasun/install/duco_msg/share/duco_msg/srv/Speech.idl
[0.298s] -- Up-to-date: /home/user/ws_siasun/install/duco_msg/share/duco_msg/srv/Grippers.idl
[0.298s] -- Up-to-date: /home/user/ws_siasun/install/duco_msg/share/duco_msg/msg/DucoRobotState.msg
[0.298s] -- Up-to-date: /home/user/ws_siasun/install/duco_msg/share/duco_msg/msg/VirtualServoPointCloud.msg
[0.298s] -- Up-to-date: /home/user/ws_siasun/install/duco_msg/share/duco_msg/msg/VirtualServoPose.msg
[0.298s] -- Up-to-date: /home/user/ws_siasun/install/duco_msg/share/duco_msg/srv/DucoRobotStates.srv
[0.298s] -- Up-to-date: /home/user/ws_siasun/install/duco_msg/share/duco_msg/srv/DucoRobotStates_Request.msg
[0.298s] -- Up-to-date: /home/user/ws_siasun/install/duco_msg/share/duco_msg/srv/DucoRobotStates_Response.msg
[0.298s] -- Up-to-date: /home/user/ws_siasun/install/duco_msg/share/duco_msg/srv/PoseEstimation.srv
[0.298s] -- Up-to-date: /home/user/ws_siasun/install/duco_msg/share/duco_msg/srv/PoseEstimation_Request.msg
[0.298s] -- Up-to-date: /home/user/ws_siasun/install/duco_msg/share/duco_msg/srv/PoseEstimation_Response.msg
[0.299s] -- Up-to-date: /home/user/ws_siasun/install/duco_msg/share/duco_msg/srv/RobotControl.srv
[0.299s] -- Up-to-date: /home/user/ws_siasun/install/duco_msg/share/duco_msg/srv/RobotControl_Request.msg
[0.299s] -- Up-to-date: /home/user/ws_siasun/install/duco_msg/share/duco_msg/srv/RobotControl_Response.msg
[0.299s] -- Up-to-date: /home/user/ws_siasun/install/duco_msg/share/duco_msg/srv/RobotMove.srv
[0.299s] -- Up-to-date: /home/user/ws_siasun/install/duco_msg/share/duco_msg/srv/RobotMove_Request.msg
[0.299s] -- Up-to-date: /home/user/ws_siasun/install/duco_msg/share/duco_msg/srv/RobotMove_Response.msg
[0.299s] -- Up-to-date: /home/user/ws_siasun/install/duco_msg/share/duco_msg/srv/RobotIoControl.srv
[0.299s] -- Up-to-date: /home/user/ws_siasun/install/duco_msg/share/duco_msg/srv/RobotIoControl_Request.msg
[0.299s] -- Up-to-date: /home/user/ws_siasun/install/duco_msg/share/duco_msg/srv/RobotIoControl_Response.msg
[0.299s] -- Up-to-date: /home/user/ws_siasun/install/duco_msg/share/duco_msg/srv/RobotTaskStateRquest.srv
[0.299s] -- Up-to-date: /home/user/ws_siasun/install/duco_msg/share/duco_msg/srv/RobotTaskStateRquest_Request.msg
[0.300s] -- Up-to-date: /home/user/ws_siasun/install/duco_msg/share/duco_msg/srv/RobotTaskStateRquest_Response.msg
[0.300s] -- Up-to-date: /home/user/ws_siasun/install/duco_msg/share/duco_msg/srv/Speech.srv
[0.300s] -- Up-to-date: /home/user/ws_siasun/install/duco_msg/share/duco_msg/srv/Speech_Request.msg
[0.300s] -- Up-to-date: /home/user/ws_siasun/install/duco_msg/share/duco_msg/srv/Speech_Response.msg
[0.300s] -- Up-to-date: /home/user/ws_siasun/install/duco_msg/share/duco_msg/srv/Grippers.srv
[0.300s] -- Up-to-date: /home/user/ws_siasun/install/duco_msg/share/duco_msg/srv/Grippers_Request.msg
[0.300s] -- Up-to-date: /home/user/ws_siasun/install/duco_msg/share/duco_msg/srv/Grippers_Response.msg
[0.300s] -- Up-to-date: /home/user/ws_siasun/install/duco_msg/share/ament_index/resource_index/package_run_dependencies/duco_msg
[0.300s] -- Up-to-date: /home/user/ws_siasun/install/duco_msg/share/ament_index/resource_index/parent_prefix_path/duco_msg
[0.300s] -- Up-to-date: /home/user/ws_siasun/install/duco_msg/share/duco_msg/environment/ament_prefix_path.sh
[0.300s] -- Up-to-date: /home/user/ws_siasun/install/duco_msg/share/duco_msg/environment/ament_prefix_path.dsv
[0.300s] -- Up-to-date: /home/user/ws_siasun/install/duco_msg/share/duco_msg/environment/path.sh
[0.300s] -- Up-to-date: /home/user/ws_siasun/install/duco_msg/share/duco_msg/environment/path.dsv
[0.301s] -- Up-to-date: /home/user/ws_siasun/install/duco_msg/share/duco_msg/local_setup.bash
[0.301s] -- Up-to-date: /home/user/ws_siasun/install/duco_msg/share/duco_msg/local_setup.sh
[0.301s] -- Up-to-date: /home/user/ws_siasun/install/duco_msg/share/duco_msg/local_setup.zsh
[0.301s] -- Up-to-date: /home/user/ws_siasun/install/duco_msg/share/duco_msg/local_setup.dsv
[0.301s] -- Installing: /home/user/ws_siasun/install/duco_msg/share/duco_msg/package.dsv
[0.301s] -- Up-to-date: /home/user/ws_siasun/install/duco_msg/share/ament_index/resource_index/packages/duco_msg
[0.301s] -- Up-to-date: /home/user/ws_siasun/install/duco_msg/share/duco_msg/cmake/export_duco_msg__rosidl_generator_cExport.cmake
[0.301s] -- Up-to-date: /home/user/ws_siasun/install/duco_msg/share/duco_msg/cmake/export_duco_msg__rosidl_generator_cExport-noconfig.cmake
[0.301s] -- Up-to-date: /home/user/ws_siasun/install/duco_msg/share/duco_msg/cmake/export_duco_msg__rosidl_typesupport_fastrtps_cExport.cmake
[0.301s] -- Up-to-date: /home/user/ws_siasun/install/duco_msg/share/duco_msg/cmake/export_duco_msg__rosidl_typesupport_fastrtps_cExport-noconfig.cmake
[0.301s] -- Up-to-date: /home/user/ws_siasun/install/duco_msg/share/duco_msg/cmake/export_duco_msg__rosidl_generator_cppExport.cmake
[0.301s] -- Up-to-date: /home/user/ws_siasun/install/duco_msg/share/duco_msg/cmake/export_duco_msg__rosidl_typesupport_fastrtps_cppExport.cmake
[0.301s] -- Up-to-date: /home/user/ws_siasun/install/duco_msg/share/duco_msg/cmake/export_duco_msg__rosidl_typesupport_fastrtps_cppExport-noconfig.cmake
[0.301s] -- Up-to-date: /home/user/ws_siasun/install/duco_msg/share/duco_msg/cmake/duco_msg__rosidl_typesupport_introspection_cExport.cmake
[0.301s] -- Up-to-date: /home/user/ws_siasun/install/duco_msg/share/duco_msg/cmake/duco_msg__rosidl_typesupport_introspection_cExport-noconfig.cmake
[0.302s] -- Up-to-date: /home/user/ws_siasun/install/duco_msg/share/duco_msg/cmake/duco_msg__rosidl_typesupport_cExport.cmake
[0.302s] -- Up-to-date: /home/user/ws_siasun/install/duco_msg/share/duco_msg/cmake/duco_msg__rosidl_typesupport_cExport-noconfig.cmake
[0.302s] -- Up-to-date: /home/user/ws_siasun/install/duco_msg/share/duco_msg/cmake/duco_msg__rosidl_typesupport_introspection_cppExport.cmake
[0.302s] -- Up-to-date: /home/user/ws_siasun/install/duco_msg/share/duco_msg/cmake/duco_msg__rosidl_typesupport_introspection_cppExport-noconfig.cmake
[0.302s] -- Up-to-date: /home/user/ws_siasun/install/duco_msg/share/duco_msg/cmake/duco_msg__rosidl_typesupport_cppExport.cmake
[0.302s] -- Up-to-date: /home/user/ws_siasun/install/duco_msg/share/duco_msg/cmake/duco_msg__rosidl_typesupport_cppExport-noconfig.cmake
[0.302s] -- Up-to-date: /home/user/ws_siasun/install/duco_msg/share/duco_msg/cmake/export_duco_msg__rosidl_generator_pyExport.cmake
[0.303s] -- Up-to-date: /home/user/ws_siasun/install/duco_msg/share/duco_msg/cmake/export_duco_msg__rosidl_generator_pyExport-noconfig.cmake
[0.303s] -- Up-to-date: /home/user/ws_siasun/install/duco_msg/share/duco_msg/cmake/rosidl_cmake-extras.cmake
[0.303s] -- Up-to-date: /home/user/ws_siasun/install/duco_msg/share/duco_msg/cmake/ament_cmake_export_dependencies-extras.cmake
[0.303s] -- Up-to-date: /home/user/ws_siasun/install/duco_msg/share/duco_msg/cmake/ament_cmake_export_include_directories-extras.cmake
[0.303s] -- Up-to-date: /home/user/ws_siasun/install/duco_msg/share/duco_msg/cmake/ament_cmake_export_libraries-extras.cmake
[0.303s] -- Up-to-date: /home/user/ws_siasun/install/duco_msg/share/duco_msg/cmake/ament_cmake_export_targets-extras.cmake
[0.304s] -- Up-to-date: /home/user/ws_siasun/install/duco_msg/share/duco_msg/cmake/rosidl_cmake_export_typesupport_targets-extras.cmake
[0.304s] -- Up-to-date: /home/user/ws_siasun/install/duco_msg/share/duco_msg/cmake/rosidl_cmake_export_typesupport_libraries-extras.cmake
[0.304s] -- Up-to-date: /home/user/ws_siasun/install/duco_msg/share/duco_msg/cmake/duco_msgConfig.cmake
[0.304s] -- Up-to-date: /home/user/ws_siasun/install/duco_msg/share/duco_msg/cmake/duco_msgConfig-version.cmake
[0.304s] -- Up-to-date: /home/user/ws_siasun/install/duco_msg/share/duco_msg/package.xml
[0.304s] Invoked command in '/home/user/ws_siasun/build/duco_msg' returned '0': CMAKE_PREFIX_PATH=${CMAKE_PREFIX_PATH}:/opt/ros/humble /usr/bin/cmake --install /home/user/ws_siasun/build/duco_msg
