[0.011s] Invoking command in '/home/user/ws_siasun/build/duco_gcr3_618_moveit_config': CMAKE_PREFIX_PATH=/home/user/ws_siasun/install/duco_support:/home/user/ws_siasun/install/robot_control:/home/user/ws_siasun/install/aivt:/home/user/ws_siasun/install/duco_ros_driver:/home/user/ws_siasun/install/duco_gcr3_618_moveit_config:/home/user/ws_siasun/install/duco_arms:/home/user/ws_siasun/install/duco_msg:/home/user/ws_siasun/install/aivt_interfaces:/opt/ros/humble /usr/bin/cmake --build /home/user/ws_siasun/build/duco_gcr3_618_moveit_config -- -j16 -l16
[0.044s] Invoked command in '/home/user/ws_siasun/build/duco_gcr3_618_moveit_config' returned '0': CMAKE_PREFIX_PATH=/home/user/ws_siasun/install/duco_support:/home/user/ws_siasun/install/robot_control:/home/user/ws_siasun/install/aivt:/home/user/ws_siasun/install/duco_ros_driver:/home/user/ws_siasun/install/duco_gcr3_618_moveit_config:/home/user/ws_siasun/install/duco_arms:/home/user/ws_siasun/install/duco_msg:/home/user/ws_siasun/install/aivt_interfaces:/opt/ros/humble /usr/bin/cmake --build /home/user/ws_siasun/build/duco_gcr3_618_moveit_config -- -j16 -l16
[0.045s] Invoking command in '/home/user/ws_siasun/build/duco_gcr3_618_moveit_config': CMAKE_PREFIX_PATH=/home/user/ws_siasun/install/duco_support:/home/user/ws_siasun/install/robot_control:/home/user/ws_siasun/install/aivt:/home/user/ws_siasun/install/duco_ros_driver:/home/user/ws_siasun/install/duco_gcr3_618_moveit_config:/home/user/ws_siasun/install/duco_arms:/home/user/ws_siasun/install/duco_msg:/home/user/ws_siasun/install/aivt_interfaces:/opt/ros/humble /usr/bin/cmake --install /home/user/ws_siasun/build/duco_gcr3_618_moveit_config
[0.051s] -- Install configuration: ""
[0.051s] -- Up-to-date: /home/user/ws_siasun/install/duco_gcr3_618_moveit_config/share/ament_index/resource_index/package_run_dependencies/duco_gcr3_618_moveit_config
[0.051s] -- Up-to-date: /home/user/ws_siasun/install/duco_gcr3_618_moveit_config/share/ament_index/resource_index/parent_prefix_path/duco_gcr3_618_moveit_config
[0.051s] -- Up-to-date: /home/user/ws_siasun/install/duco_gcr3_618_moveit_config/share/duco_gcr3_618_moveit_config/environment/ament_prefix_path.sh
[0.051s] -- Up-to-date: /home/user/ws_siasun/install/duco_gcr3_618_moveit_config/share/duco_gcr3_618_moveit_config/environment/ament_prefix_path.dsv
[0.051s] -- Up-to-date: /home/user/ws_siasun/install/duco_gcr3_618_moveit_config/share/duco_gcr3_618_moveit_config/environment/path.sh
[0.052s] -- Up-to-date: /home/user/ws_siasun/install/duco_gcr3_618_moveit_config/share/duco_gcr3_618_moveit_config/environment/path.dsv
[0.052s] -- Up-to-date: /home/user/ws_siasun/install/duco_gcr3_618_moveit_config/share/duco_gcr3_618_moveit_config/local_setup.bash
[0.052s] -- Up-to-date: /home/user/ws_siasun/install/duco_gcr3_618_moveit_config/share/duco_gcr3_618_moveit_config/local_setup.sh
[0.052s] -- Up-to-date: /home/user/ws_siasun/install/duco_gcr3_618_moveit_config/share/duco_gcr3_618_moveit_config/local_setup.zsh
[0.052s] -- Up-to-date: /home/user/ws_siasun/install/duco_gcr3_618_moveit_config/share/duco_gcr3_618_moveit_config/local_setup.dsv
[0.052s] -- Installing: /home/user/ws_siasun/install/duco_gcr3_618_moveit_config/share/duco_gcr3_618_moveit_config/package.dsv
[0.052s] -- Up-to-date: /home/user/ws_siasun/install/duco_gcr3_618_moveit_config/share/ament_index/resource_index/packages/duco_gcr3_618_moveit_config
[0.052s] -- Up-to-date: /home/user/ws_siasun/install/duco_gcr3_618_moveit_config/share/duco_gcr3_618_moveit_config/cmake/duco_gcr3_618_moveit_configConfig.cmake
[0.052s] -- Up-to-date: /home/user/ws_siasun/install/duco_gcr3_618_moveit_config/share/duco_gcr3_618_moveit_config/cmake/duco_gcr3_618_moveit_configConfig-version.cmake
[0.052s] -- Up-to-date: /home/user/ws_siasun/install/duco_gcr3_618_moveit_config/share/duco_gcr3_618_moveit_config/package.xml
[0.052s] -- Up-to-date: /home/user/ws_siasun/install/duco_gcr3_618_moveit_config/share/duco_gcr3_618_moveit_config/launch
[0.052s] -- Up-to-date: /home/user/ws_siasun/install/duco_gcr3_618_moveit_config/share/duco_gcr3_618_moveit_config/launch/rsp.launch.py
[0.053s] -- Up-to-date: /home/user/ws_siasun/install/duco_gcr3_618_moveit_config/share/duco_gcr3_618_moveit_config/launch/move_group.launch.py
[0.054s] -- Up-to-date: /home/user/ws_siasun/install/duco_gcr3_618_moveit_config/share/duco_gcr3_618_moveit_config/launch/static_virtual_joint_tfs.launch.py
[0.054s] -- Up-to-date: /home/user/ws_siasun/install/duco_gcr3_618_moveit_config/share/duco_gcr3_618_moveit_config/launch/moveit_rviz.launch.py
[0.054s] -- Up-to-date: /home/user/ws_siasun/install/duco_gcr3_618_moveit_config/share/duco_gcr3_618_moveit_config/launch/demo.launch.py
[0.054s] -- Up-to-date: /home/user/ws_siasun/install/duco_gcr3_618_moveit_config/share/duco_gcr3_618_moveit_config/launch/warehouse_db.launch.py
[0.054s] -- Up-to-date: /home/user/ws_siasun/install/duco_gcr3_618_moveit_config/share/duco_gcr3_618_moveit_config/launch/setup_assistant.launch.py
[0.054s] -- Up-to-date: /home/user/ws_siasun/install/duco_gcr3_618_moveit_config/share/duco_gcr3_618_moveit_config/launch/spawn_controllers.launch.py
[0.054s] -- Up-to-date: /home/user/ws_siasun/install/duco_gcr3_618_moveit_config/share/duco_gcr3_618_moveit_config/config
[0.054s] -- Up-to-date: /home/user/ws_siasun/install/duco_gcr3_618_moveit_config/share/duco_gcr3_618_moveit_config/config/gcr3_618.urdf.xacro
[0.054s] -- Up-to-date: /home/user/ws_siasun/install/duco_gcr3_618_moveit_config/share/duco_gcr3_618_moveit_config/config/pilz_cartesian_limits.yaml
[0.054s] -- Up-to-date: /home/user/ws_siasun/install/duco_gcr3_618_moveit_config/share/duco_gcr3_618_moveit_config/config/moveit.rviz
[0.054s] -- Up-to-date: /home/user/ws_siasun/install/duco_gcr3_618_moveit_config/share/duco_gcr3_618_moveit_config/config/ros2_controllers.yaml
[0.054s] -- Up-to-date: /home/user/ws_siasun/install/duco_gcr3_618_moveit_config/share/duco_gcr3_618_moveit_config/config/initial_positions.yaml
[0.054s] -- Up-to-date: /home/user/ws_siasun/install/duco_gcr3_618_moveit_config/share/duco_gcr3_618_moveit_config/config/sensors_3d.yaml
[0.054s] -- Up-to-date: /home/user/ws_siasun/install/duco_gcr3_618_moveit_config/share/duco_gcr3_618_moveit_config/config/joint_limits.yaml
[0.055s] -- Up-to-date: /home/user/ws_siasun/install/duco_gcr3_618_moveit_config/share/duco_gcr3_618_moveit_config/config/gcr3_618.ros2_control.xacro
[0.055s] -- Up-to-date: /home/user/ws_siasun/install/duco_gcr3_618_moveit_config/share/duco_gcr3_618_moveit_config/config/gcr3_618.srdf
[0.055s] -- Up-to-date: /home/user/ws_siasun/install/duco_gcr3_618_moveit_config/share/duco_gcr3_618_moveit_config/config/kinematics.yaml
[0.055s] -- Up-to-date: /home/user/ws_siasun/install/duco_gcr3_618_moveit_config/share/duco_gcr3_618_moveit_config/config/moveit_controllers.yaml
[0.055s] -- Up-to-date: /home/user/ws_siasun/install/duco_gcr3_618_moveit_config/share/duco_gcr3_618_moveit_config/.setup_assistant
[0.061s] Invoked command in '/home/user/ws_siasun/build/duco_gcr3_618_moveit_config' returned '0': CMAKE_PREFIX_PATH=/home/user/ws_siasun/install/duco_support:/home/user/ws_siasun/install/robot_control:/home/user/ws_siasun/install/aivt:/home/user/ws_siasun/install/duco_ros_driver:/home/user/ws_siasun/install/duco_gcr3_618_moveit_config:/home/user/ws_siasun/install/duco_arms:/home/user/ws_siasun/install/duco_msg:/home/user/ws_siasun/install/aivt_interfaces:/opt/ros/humble /usr/bin/cmake --install /home/user/ws_siasun/build/duco_gcr3_618_moveit_config
