[35m[1mConsolidate compiler generated dependencies of target robot_motion[0m
[35m[1mConsolidate compiler generated dependencies of target chessboard_detection[0m
[35m[1mConsolidate compiler generated dependencies of target grasp_touch_control[0m
[35m[1mConsolidate compiler generated dependencies of target robot_motion_test[0m
[35m[1mConsolidate compiler generated dependencies of target hand_eye_calibration[0m
[35m[1mConsolidate compiler generated dependencies of target tcp_calibration[0m
[35m[1mConsolidate compiler generated dependencies of target calibration_calculation[0m
[  6%] [32mBuilding CXX object CMakeFiles/obstacle_avoidance.dir/src/obstacle_avoidance.cpp.o[0m
[ 18%] Built target robot_motion
[ 31%] Built target robot_motion_test
[ 43%] Built target grasp_touch_control
[ 50%] [32mBuilding CXX object CMakeFiles/chessboard_detection.dir/src/chessboard_detection.cpp.o[0m
[ 62%] Built target hand_eye_calibration
[ 75%] Built target calibration_calculation
[ 87%] Built target tcp_calibration
[01m[K/home/user/ws_siasun/src/aivt/src/obstacle_avoidance.cpp:5:10:[m[K [01;31m[Kfatal error: [m[Kpcl_conversions/pcl_conversions.h: 没有那个文件或目录
    5 | #include [01;31m[K"pcl_conversions/pcl_conversions.h"[m[K
      |          [01;31m[K^~~~~~~~~~~~~~~~~~~~~~~~~~~~~~~~~~~[m[K
compilation terminated.
gmake[2]: *** [CMakeFiles/obstacle_avoidance.dir/build.make:76：CMakeFiles/obstacle_avoidance.dir/src/obstacle_avoidance.cpp.o] 错误 1
gmake[1]: *** [CMakeFiles/Makefile2:333：CMakeFiles/obstacle_avoidance.dir/all] 错误 2
gmake[1]: *** 正在等待未完成的任务....
[ 93%] [32m[1mLinking CXX executable chessboard_detection[0m
[ 93%] Built target chessboard_detection
gmake: *** [Makefile:146：all] 错误 2
