[0.013s] Invoking command in '/home/user/ws_siasun/build/aivt': CMAKE_PREFIX_PATH=/home/user/ws_siasun/install/duco_ros_driver:/home/user/ws_siasun/install/duco_arms:/home/user/ws_siasun/install/duco_support:/home/user/ws_siasun/install/duco_msg:/home/user/ws_siasun/install/aivt_interfaces:/home/user/ws_siasun/install/robot_control:/home/user/ws_siasun/install/aivt:/home/user/ws_siasun/install/duco_gcr3_618_moveit_config:/opt/ros/humble /usr/bin/cmake --build /home/user/ws_siasun/build/aivt -- -j16 -l16
[0.048s] [35m[1mConsolidate compiler generated dependencies of target robot_motion[0m
[0.048s] [35m[1mConsolidate compiler generated dependencies of target chessboard_detection[0m
[0.049s] [35m[1mConsolidate compiler generated dependencies of target grasp_touch_control[0m
[0.049s] [35m[1mConsolidate compiler generated dependencies of target robot_motion_test[0m
[0.049s] [35m[1mConsolidate compiler generated dependencies of target hand_eye_calibration[0m
[0.050s] [35m[1mConsolidate compiler generated dependencies of target tcp_calibration[0m
[0.051s] [35m[1mConsolidate compiler generated dependencies of target calibration_calculation[0m
[0.058s] [  6%] [32mBuilding CXX object CMakeFiles/obstacle_avoidance.dir/src/obstacle_avoidance.cpp.o[0m
[0.062s] [ 18%] Built target robot_motion
[0.062s] [ 31%] Built target robot_motion_test
[0.064s] [ 43%] Built target grasp_touch_control
[0.066s] [ 50%] [32mBuilding CXX object CMakeFiles/chessboard_detection.dir/src/chessboard_detection.cpp.o[0m
[0.067s] [ 62%] Built target hand_eye_calibration
[0.067s] [ 75%] Built target calibration_calculation
[0.069s] [ 87%] Built target tcp_calibration
[0.810s] [01m[K/home/user/ws_siasun/src/aivt/src/obstacle_avoidance.cpp:5:10:[m[K [01;31m[Kfatal error: [m[Kpcl_conversions/pcl_conversions.h: 没有那个文件或目录
[0.810s]     5 | #include [01;31m[K"pcl_conversions/pcl_conversions.h"[m[K
[0.810s]       |          [01;31m[K^~~~~~~~~~~~~~~~~~~~~~~~~~~~~~~~~~~[m[K
[0.810s] compilation terminated.
[0.817s] gmake[2]: *** [CMakeFiles/obstacle_avoidance.dir/build.make:76：CMakeFiles/obstacle_avoidance.dir/src/obstacle_avoidance.cpp.o] 错误 1
[0.817s] gmake[1]: *** [CMakeFiles/Makefile2:333：CMakeFiles/obstacle_avoidance.dir/all] 错误 2
[0.817s] gmake[1]: *** 正在等待未完成的任务....
[8.162s] [ 93%] [32m[1mLinking CXX executable chessboard_detection[0m
[8.740s] [ 93%] Built target chessboard_detection
[8.741s] gmake: *** [Makefile:146：all] 错误 2
[8.743s] Invoked command in '/home/user/ws_siasun/build/aivt' returned '2': CMAKE_PREFIX_PATH=/home/user/ws_siasun/install/duco_ros_driver:/home/user/ws_siasun/install/duco_arms:/home/user/ws_siasun/install/duco_support:/home/user/ws_siasun/install/duco_msg:/home/user/ws_siasun/install/aivt_interfaces:/home/user/ws_siasun/install/robot_control:/home/user/ws_siasun/install/aivt:/home/user/ws_siasun/install/duco_gcr3_618_moveit_config:/opt/ros/humble /usr/bin/cmake --build /home/user/ws_siasun/build/aivt -- -j16 -l16
