[0.014s] Invoking command in '/home/user/ws_siasun/build/aivt': CMAKE_PREFIX_PATH=/home/user/ws_siasun/install/duco_ros_driver:/home/user/ws_siasun/install/duco_arms:/home/user/ws_siasun/install/duco_support:/home/user/ws_siasun/install/duco_msg:/home/user/ws_siasun/install/aivt_interfaces:/home/user/ws_siasun/install/robot_control:/home/user/ws_siasun/install/aivt:/home/user/ws_siasun/install/duco_gcr3_618_moveit_config:/opt/ros/humble /usr/bin/cmake --build /home/user/ws_siasun/build/aivt -- -j16 -l16
[0.055s] [35m[1mConsolidate compiler generated dependencies of target hand_eye_calibration[0m
[0.063s] [ 12%] Built target tcp_calibration
[0.064s] [ 25%] Built target robot_motion_test
[0.065s] [ 37%] Built target grasp_touch_control
[0.067s] [ 50%] Built target calibration_calculation
[0.069s] [ 62%] Built target obstacle_avoidance
[0.069s] [ 87%] Built target chessboard_detection
[0.069s] [ 87%] Built target robot_motion
[0.073s] [ 93%] [32mBuilding CXX object CMakeFiles/hand_eye_calibration.dir/src/hand_eye_calibration.cpp.o[0m
[11.978s] [100%] [32m[1mLinking CXX executable hand_eye_calibration[0m
[12.847s] [100%] Built target hand_eye_calibration
[12.856s] Invoked command in '/home/user/ws_siasun/build/aivt' returned '0': CMAKE_PREFIX_PATH=/home/user/ws_siasun/install/duco_ros_driver:/home/user/ws_siasun/install/duco_arms:/home/user/ws_siasun/install/duco_support:/home/user/ws_siasun/install/duco_msg:/home/user/ws_siasun/install/aivt_interfaces:/home/user/ws_siasun/install/robot_control:/home/user/ws_siasun/install/aivt:/home/user/ws_siasun/install/duco_gcr3_618_moveit_config:/opt/ros/humble /usr/bin/cmake --build /home/user/ws_siasun/build/aivt -- -j16 -l16
[12.857s] Invoking command in '/home/user/ws_siasun/build/aivt': CMAKE_PREFIX_PATH=/home/user/ws_siasun/install/duco_ros_driver:/home/user/ws_siasun/install/duco_arms:/home/user/ws_siasun/install/duco_support:/home/user/ws_siasun/install/duco_msg:/home/user/ws_siasun/install/aivt_interfaces:/home/user/ws_siasun/install/robot_control:/home/user/ws_siasun/install/aivt:/home/user/ws_siasun/install/duco_gcr3_618_moveit_config:/opt/ros/humble /usr/bin/cmake --install /home/user/ws_siasun/build/aivt
[12.863s] -- Install configuration: ""
[12.864s] -- Up-to-date: /home/user/ws_siasun/install/aivt/lib/aivt/robot_motion_test
[12.864s] -- Installing: /home/user/ws_siasun/install/aivt/lib/aivt/hand_eye_calibration
[12.872s] -- Set runtime path of "/home/user/ws_siasun/install/aivt/lib/aivt/hand_eye_calibration" to ""
[12.872s] -- Up-to-date: /home/user/ws_siasun/install/aivt/lib/aivt/chessboard_detection
[12.872s] -- Up-to-date: /home/user/ws_siasun/install/aivt/lib/aivt/grasp_touch_control
[12.872s] -- Up-to-date: /home/user/ws_siasun/install/aivt/lib/aivt/tcp_calibration
[12.872s] -- Up-to-date: /home/user/ws_siasun/install/aivt/lib/aivt/robot_motion
[12.873s] -- Up-to-date: /home/user/ws_siasun/install/aivt/lib/aivt/calibration_calculation
[12.873s] -- Up-to-date: /home/user/ws_siasun/install/aivt/lib/aivt/obstacle_avoidance
[12.873s] -- Up-to-date: /home/user/ws_siasun/install/aivt/share/aivt/launch
[12.873s] -- Up-to-date: /home/user/ws_siasun/install/aivt/share/aivt/launch/gripper_server.launch.py
[12.873s] -- Up-to-date: /home/user/ws_siasun/install/aivt/share/aivt/launch/hand_eye_calibration.launch.py
[12.873s] -- Up-to-date: /home/user/ws_siasun/install/aivt/share/aivt/config
[12.873s] -- Up-to-date: /home/user/ws_siasun/install/aivt/share/aivt/config/hand_eye_transformer.yaml
[12.873s] -- Up-to-date: /home/user/ws_siasun/install/aivt/share/aivt/config/chessboard_0.jpg
[12.873s] -- Up-to-date: /home/user/ws_siasun/install/aivt/share/aivt/config/chessboard_2.jpg
[12.873s] -- Up-to-date: /home/user/ws_siasun/install/aivt/share/aivt/config/chessboard_1.jpg
[12.873s] -- Up-to-date: /home/user/ws_siasun/install/aivt/share/aivt/config/chessboard_3.jpg
[12.873s] -- Installing: /home/user/ws_siasun/install/aivt/share/aivt/config/robot_pose.yaml
[12.873s] -- Up-to-date: /home/user/ws_siasun/install/aivt/share/aivt/config/calibration_data.yaml
[12.873s] -- Up-to-date: /home/user/ws_siasun/install/aivt/share/ament_index/resource_index/package_run_dependencies/aivt
[12.873s] -- Up-to-date: /home/user/ws_siasun/install/aivt/share/ament_index/resource_index/parent_prefix_path/aivt
[12.874s] -- Up-to-date: /home/user/ws_siasun/install/aivt/share/aivt/environment/ament_prefix_path.sh
[12.874s] -- Up-to-date: /home/user/ws_siasun/install/aivt/share/aivt/environment/ament_prefix_path.dsv
[12.874s] -- Up-to-date: /home/user/ws_siasun/install/aivt/share/aivt/environment/path.sh
[12.874s] -- Up-to-date: /home/user/ws_siasun/install/aivt/share/aivt/environment/path.dsv
[12.874s] -- Up-to-date: /home/user/ws_siasun/install/aivt/share/aivt/local_setup.bash
[12.874s] -- Up-to-date: /home/user/ws_siasun/install/aivt/share/aivt/local_setup.sh
[12.874s] -- Up-to-date: /home/user/ws_siasun/install/aivt/share/aivt/local_setup.zsh
[12.874s] -- Up-to-date: /home/user/ws_siasun/install/aivt/share/aivt/local_setup.dsv
[12.874s] -- Installing: /home/user/ws_siasun/install/aivt/share/aivt/package.dsv
[12.874s] -- Up-to-date: /home/user/ws_siasun/install/aivt/share/ament_index/resource_index/packages/aivt
[12.874s] -- Up-to-date: /home/user/ws_siasun/install/aivt/share/aivt/cmake/aivtConfig.cmake
[12.874s] -- Up-to-date: /home/user/ws_siasun/install/aivt/share/aivt/cmake/aivtConfig-version.cmake
[12.874s] -- Up-to-date: /home/user/ws_siasun/install/aivt/share/aivt/package.xml
[12.876s] Invoked command in '/home/user/ws_siasun/build/aivt' returned '0': CMAKE_PREFIX_PATH=/home/user/ws_siasun/install/duco_ros_driver:/home/user/ws_siasun/install/duco_arms:/home/user/ws_siasun/install/duco_support:/home/user/ws_siasun/install/duco_msg:/home/user/ws_siasun/install/aivt_interfaces:/home/user/ws_siasun/install/robot_control:/home/user/ws_siasun/install/aivt:/home/user/ws_siasun/install/duco_gcr3_618_moveit_config:/opt/ros/humble /usr/bin/cmake --install /home/user/ws_siasun/build/aivt
