[35m[1mConsolidate compiler generated dependencies of target move_controller[0m
[35m[1mConsolidate compiler generated dependencies of target move_controller_test[0m
[ 33%] Built target simple_motion_node
[ 66%] [32mBuilding CXX object CMakeFiles/move_controller_test.dir/src/move_controller_test.cpp.o[0m
[ 83%] Built target move_controller
[100%] [32m[1mLinking CXX executable move_controller_test[0m
[100%] Built target move_controller_test
-- Install configuration: ""
-- Up-to-date: /home/ubuntu/ws_engineer/install/moveit_demo/lib/moveit_demo/simple_motion_node
-- Installing: /home/ubuntu/ws_engineer/install/moveit_demo/lib/moveit_demo/move_controller_test
-- Set runtime path of "/home/ubuntu/ws_engineer/install/moveit_demo/lib/moveit_demo/move_controller_test" to ""
-- Up-to-date: /home/ubuntu/ws_engineer/install/moveit_demo/lib/moveit_demo/move_controller
-- Up-to-date: /home/ubuntu/ws_engineer/install/moveit_demo/share/ament_index/resource_index/package_run_dependencies/moveit_demo
-- Up-to-date: /home/ubuntu/ws_engineer/install/moveit_demo/share/ament_index/resource_index/parent_prefix_path/moveit_demo
-- Up-to-date: /home/ubuntu/ws_engineer/install/moveit_demo/share/moveit_demo/environment/ament_prefix_path.sh
-- Up-to-date: /home/ubuntu/ws_engineer/install/moveit_demo/share/moveit_demo/environment/ament_prefix_path.dsv
-- Up-to-date: /home/ubuntu/ws_engineer/install/moveit_demo/share/moveit_demo/environment/path.sh
-- Up-to-date: /home/ubuntu/ws_engineer/install/moveit_demo/share/moveit_demo/environment/path.dsv
-- Up-to-date: /home/ubuntu/ws_engineer/install/moveit_demo/share/moveit_demo/local_setup.bash
-- Up-to-date: /home/ubuntu/ws_engineer/install/moveit_demo/share/moveit_demo/local_setup.sh
-- Up-to-date: /home/ubuntu/ws_engineer/install/moveit_demo/share/moveit_demo/local_setup.zsh
-- Up-to-date: /home/ubuntu/ws_engineer/install/moveit_demo/share/moveit_demo/local_setup.dsv
-- Installing: /home/ubuntu/ws_engineer/install/moveit_demo/share/moveit_demo/package.dsv
-- Up-to-date: /home/ubuntu/ws_engineer/install/moveit_demo/share/ament_index/resource_index/packages/moveit_demo
-- Up-to-date: /home/ubuntu/ws_engineer/install/moveit_demo/share/moveit_demo/cmake/moveit_demoConfig.cmake
-- Up-to-date: /home/ubuntu/ws_engineer/install/moveit_demo/share/moveit_demo/cmake/moveit_demoConfig-version.cmake
-- Up-to-date: /home/ubuntu/ws_engineer/install/moveit_demo/share/moveit_demo/package.xml
