[0.021s] Invoking command in '/home/ubuntu/ws_engineer/build/base_interfaces': CMAKE_PREFIX_PATH=${CMAKE_PREFIX_PATH}:/home/ubuntu/ws_moveit/install/moveit_configs_utils:/home/ubuntu/ws_moveit/install/launch_param_builder:/home/ubuntu/ws00_helloworld/install/pkg02_helloworld_py:/home/ubuntu/dev_ws/install/learning_urdf:/home/ubuntu/dev_ws/install/learning_topic:/home/ubuntu/dev_ws/install/learning_tf:/home/ubuntu/dev_ws/install/learning_service:/home/ubuntu/dev_ws/install/learning_qos:/home/ubuntu/dev_ws/install/learning_pkg_python:/home/ubuntu/dev_ws/install/learning_parameter:/home/ubuntu/dev_ws/install/learning_node:/home/ubuntu/dev_ws/install/learning_launch:/home/ubuntu/dev_ws/install/learning_action:/home/ubuntu/dev_ws/install/learning_gazebo_harmonic:/home/ubuntu/dev_ws/install/learning_gazebo:/home/ubuntu/dev_ws/install/learning_cv:/opt/ros/humble /usr/bin/cmake --build /home/ubuntu/ws_engineer/build/base_interfaces -- -j16 -l16
[0.096s] [  2%] Built target base_interfaces__cpp
[0.097s] [ 12%] Built target base_interfaces__rosidl_generator_c
[0.111s] [ 12%] Built target ament_cmake_python_copy_base_interfaces
[0.131s] [ 33%] Built target base_interfaces__rosidl_typesupport_c
[0.131s] [ 33%] Built target base_interfaces__rosidl_typesupport_introspection_cpp
[0.132s] [ 53%] Built target base_interfaces__rosidl_typesupport_cpp
[0.132s] [ 53%] Built target base_interfaces__rosidl_typesupport_introspection_c
[0.132s] [ 64%] Built target base_interfaces__rosidl_typesupport_fastrtps_c
[0.133s] [ 74%] Built target base_interfaces__rosidl_typesupport_fastrtps_cpp
[0.167s] [ 74%] Built target base_interfaces
[0.202s] [ 76%] Built target base_interfaces__py
[0.239s] [ 84%] Built target base_interfaces__rosidl_generator_py
[0.275s] [ 89%] Built target base_interfaces__rosidl_typesupport_introspection_c__pyext
[0.277s] [ 94%] Built target base_interfaces__rosidl_typesupport_fastrtps_c__pyext
[0.278s] [100%] Built target base_interfaces__rosidl_typesupport_c__pyext
[0.383s] running egg_info
[0.383s] writing base_interfaces.egg-info/PKG-INFO
[0.383s] writing dependency_links to base_interfaces.egg-info/dependency_links.txt
[0.384s] writing top-level names to base_interfaces.egg-info/top_level.txt
[0.386s] reading manifest file 'base_interfaces.egg-info/SOURCES.txt'
[0.386s] writing manifest file 'base_interfaces.egg-info/SOURCES.txt'
[0.419s] [100%] Built target ament_cmake_python_build_base_interfaces_egg
[0.435s] Invoked command in '/home/ubuntu/ws_engineer/build/base_interfaces' returned '0': CMAKE_PREFIX_PATH=${CMAKE_PREFIX_PATH}:/home/ubuntu/ws_moveit/install/moveit_configs_utils:/home/ubuntu/ws_moveit/install/launch_param_builder:/home/ubuntu/ws00_helloworld/install/pkg02_helloworld_py:/home/ubuntu/dev_ws/install/learning_urdf:/home/ubuntu/dev_ws/install/learning_topic:/home/ubuntu/dev_ws/install/learning_tf:/home/ubuntu/dev_ws/install/learning_service:/home/ubuntu/dev_ws/install/learning_qos:/home/ubuntu/dev_ws/install/learning_pkg_python:/home/ubuntu/dev_ws/install/learning_parameter:/home/ubuntu/dev_ws/install/learning_node:/home/ubuntu/dev_ws/install/learning_launch:/home/ubuntu/dev_ws/install/learning_action:/home/ubuntu/dev_ws/install/learning_gazebo_harmonic:/home/ubuntu/dev_ws/install/learning_gazebo:/home/ubuntu/dev_ws/install/learning_cv:/opt/ros/humble /usr/bin/cmake --build /home/ubuntu/ws_engineer/build/base_interfaces -- -j16 -l16
[0.437s] Invoking command in '/home/ubuntu/ws_engineer/build/base_interfaces': CMAKE_PREFIX_PATH=${CMAKE_PREFIX_PATH}:/home/ubuntu/ws_moveit/install/moveit_configs_utils:/home/ubuntu/ws_moveit/install/launch_param_builder:/home/ubuntu/ws00_helloworld/install/pkg02_helloworld_py:/home/ubuntu/dev_ws/install/learning_urdf:/home/ubuntu/dev_ws/install/learning_topic:/home/ubuntu/dev_ws/install/learning_tf:/home/ubuntu/dev_ws/install/learning_service:/home/ubuntu/dev_ws/install/learning_qos:/home/ubuntu/dev_ws/install/learning_pkg_python:/home/ubuntu/dev_ws/install/learning_parameter:/home/ubuntu/dev_ws/install/learning_node:/home/ubuntu/dev_ws/install/learning_launch:/home/ubuntu/dev_ws/install/learning_action:/home/ubuntu/dev_ws/install/learning_gazebo_harmonic:/home/ubuntu/dev_ws/install/learning_gazebo:/home/ubuntu/dev_ws/install/learning_cv:/opt/ros/humble /usr/bin/cmake --install /home/ubuntu/ws_engineer/build/base_interfaces
[0.448s] -- Install configuration: ""
[0.449s] -- Up-to-date: /home/ubuntu/ws_engineer/install/base_interfaces/share/ament_index/resource_index/rosidl_interfaces/base_interfaces
[0.449s] -- Up-to-date: /home/ubuntu/ws_engineer/install/base_interfaces/include/base_interfaces/base_interfaces
[0.449s] -- Up-to-date: /home/ubuntu/ws_engineer/install/base_interfaces/include/base_interfaces/base_interfaces/msg
[0.449s] -- Up-to-date: /home/ubuntu/ws_engineer/install/base_interfaces/include/base_interfaces/base_interfaces/msg/rosidl_generator_c__visibility_control.h
[0.449s] -- Up-to-date: /home/ubuntu/ws_engineer/install/base_interfaces/include/base_interfaces/base_interfaces/msg/user_pose.h
[0.449s] -- Up-to-date: /home/ubuntu/ws_engineer/install/base_interfaces/include/base_interfaces/base_interfaces/msg/user_joint.h
[0.449s] -- Up-to-date: /home/ubuntu/ws_engineer/install/base_interfaces/include/base_interfaces/base_interfaces/msg/detail
[0.449s] -- Up-to-date: /home/ubuntu/ws_engineer/install/base_interfaces/include/base_interfaces/base_interfaces/msg/detail/user_pose__functions.c
[0.449s] -- Up-to-date: /home/ubuntu/ws_engineer/install/base_interfaces/include/base_interfaces/base_interfaces/msg/detail/user_pose__type_support.h
[0.449s] -- Up-to-date: /home/ubuntu/ws_engineer/install/base_interfaces/include/base_interfaces/base_interfaces/msg/detail/user_joint__type_support.h
[0.449s] -- Up-to-date: /home/ubuntu/ws_engineer/install/base_interfaces/include/base_interfaces/base_interfaces/msg/detail/user_pose__functions.h
[0.449s] -- Up-to-date: /home/ubuntu/ws_engineer/install/base_interfaces/include/base_interfaces/base_interfaces/msg/detail/user_pose__struct.h
[0.450s] -- Up-to-date: /home/ubuntu/ws_engineer/install/base_interfaces/include/base_interfaces/base_interfaces/msg/detail/user_joint__struct.h
[0.450s] -- Up-to-date: /home/ubuntu/ws_engineer/install/base_interfaces/include/base_interfaces/base_interfaces/msg/detail/user_joint__functions.h
[0.450s] -- Up-to-date: /home/ubuntu/ws_engineer/install/base_interfaces/include/base_interfaces/base_interfaces/msg/detail/user_joint__functions.c
[0.450s] -- Up-to-date: /home/ubuntu/ws_engineer/install/base_interfaces/share/base_interfaces/environment/library_path.sh
[0.450s] -- Up-to-date: /home/ubuntu/ws_engineer/install/base_interfaces/share/base_interfaces/environment/library_path.dsv
[0.450s] -- Up-to-date: /home/ubuntu/ws_engineer/install/base_interfaces/lib/libbase_interfaces__rosidl_generator_c.so
[0.450s] -- Up-to-date: /home/ubuntu/ws_engineer/install/base_interfaces/include/base_interfaces/base_interfaces
[0.450s] -- Up-to-date: /home/ubuntu/ws_engineer/install/base_interfaces/include/base_interfaces/base_interfaces/msg
[0.450s] -- Up-to-date: /home/ubuntu/ws_engineer/install/base_interfaces/include/base_interfaces/base_interfaces/msg/detail
[0.450s] -- Up-to-date: /home/ubuntu/ws_engineer/install/base_interfaces/include/base_interfaces/base_interfaces/msg/detail/user_joint__rosidl_typesupport_fastrtps_c.h
[0.450s] -- Up-to-date: /home/ubuntu/ws_engineer/install/base_interfaces/include/base_interfaces/base_interfaces/msg/detail/user_pose__rosidl_typesupport_fastrtps_c.h
[0.450s] -- Up-to-date: /home/ubuntu/ws_engineer/install/base_interfaces/include/base_interfaces/base_interfaces/msg/rosidl_typesupport_fastrtps_c__visibility_control.h
[0.450s] -- Up-to-date: /home/ubuntu/ws_engineer/install/base_interfaces/lib/libbase_interfaces__rosidl_typesupport_fastrtps_c.so
[0.451s] -- Up-to-date: /home/ubuntu/ws_engineer/install/base_interfaces/include/base_interfaces/base_interfaces
[0.451s] -- Up-to-date: /home/ubuntu/ws_engineer/install/base_interfaces/include/base_interfaces/base_interfaces/msg
[0.451s] -- Up-to-date: /home/ubuntu/ws_engineer/install/base_interfaces/include/base_interfaces/base_interfaces/msg/rosidl_typesupport_introspection_c__visibility_control.h
[0.451s] -- Up-to-date: /home/ubuntu/ws_engineer/install/base_interfaces/include/base_interfaces/base_interfaces/msg/detail
[0.451s] -- Up-to-date: /home/ubuntu/ws_engineer/install/base_interfaces/include/base_interfaces/base_interfaces/msg/detail/user_pose__rosidl_typesupport_introspection_c.h
[0.451s] -- Up-to-date: /home/ubuntu/ws_engineer/install/base_interfaces/include/base_interfaces/base_interfaces/msg/detail/user_joint__rosidl_typesupport_introspection_c.h
[0.451s] -- Up-to-date: /home/ubuntu/ws_engineer/install/base_interfaces/include/base_interfaces/base_interfaces/msg/detail/user_joint__type_support.c
[0.451s] -- Up-to-date: /home/ubuntu/ws_engineer/install/base_interfaces/include/base_interfaces/base_interfaces/msg/detail/user_pose__type_support.c
[0.451s] -- Up-to-date: /home/ubuntu/ws_engineer/install/base_interfaces/lib/libbase_interfaces__rosidl_typesupport_introspection_c.so
[0.451s] -- Up-to-date: /home/ubuntu/ws_engineer/install/base_interfaces/lib/libbase_interfaces__rosidl_typesupport_c.so
[0.451s] -- Up-to-date: /home/ubuntu/ws_engineer/install/base_interfaces/include/base_interfaces/base_interfaces
[0.451s] -- Up-to-date: /home/ubuntu/ws_engineer/install/base_interfaces/include/base_interfaces/base_interfaces/msg
[0.451s] -- Up-to-date: /home/ubuntu/ws_engineer/install/base_interfaces/include/base_interfaces/base_interfaces/msg/rosidl_generator_cpp__visibility_control.hpp
[0.451s] -- Up-to-date: /home/ubuntu/ws_engineer/install/base_interfaces/include/base_interfaces/base_interfaces/msg/user_joint.hpp
[0.451s] -- Up-to-date: /home/ubuntu/ws_engineer/install/base_interfaces/include/base_interfaces/base_interfaces/msg/detail
[0.451s] -- Up-to-date: /home/ubuntu/ws_engineer/install/base_interfaces/include/base_interfaces/base_interfaces/msg/detail/user_joint__struct.hpp
[0.451s] -- Up-to-date: /home/ubuntu/ws_engineer/install/base_interfaces/include/base_interfaces/base_interfaces/msg/detail/user_joint__builder.hpp
[0.452s] -- Up-to-date: /home/ubuntu/ws_engineer/install/base_interfaces/include/base_interfaces/base_interfaces/msg/detail/user_pose__struct.hpp
[0.452s] -- Up-to-date: /home/ubuntu/ws_engineer/install/base_interfaces/include/base_interfaces/base_interfaces/msg/detail/user_pose__traits.hpp
[0.452s] -- Up-to-date: /home/ubuntu/ws_engineer/install/base_interfaces/include/base_interfaces/base_interfaces/msg/detail/user_pose__type_support.hpp
[0.452s] -- Up-to-date: /home/ubuntu/ws_engineer/install/base_interfaces/include/base_interfaces/base_interfaces/msg/detail/user_joint__type_support.hpp
[0.452s] -- Up-to-date: /home/ubuntu/ws_engineer/install/base_interfaces/include/base_interfaces/base_interfaces/msg/detail/user_pose__builder.hpp
[0.452s] -- Up-to-date: /home/ubuntu/ws_engineer/install/base_interfaces/include/base_interfaces/base_interfaces/msg/detail/user_joint__traits.hpp
[0.452s] -- Up-to-date: /home/ubuntu/ws_engineer/install/base_interfaces/include/base_interfaces/base_interfaces/msg/user_pose.hpp
[0.452s] -- Up-to-date: /home/ubuntu/ws_engineer/install/base_interfaces/include/base_interfaces/base_interfaces
[0.452s] -- Up-to-date: /home/ubuntu/ws_engineer/install/base_interfaces/include/base_interfaces/base_interfaces/msg
[0.452s] -- Up-to-date: /home/ubuntu/ws_engineer/install/base_interfaces/include/base_interfaces/base_interfaces/msg/rosidl_typesupport_fastrtps_cpp__visibility_control.h
[0.452s] -- Up-to-date: /home/ubuntu/ws_engineer/install/base_interfaces/include/base_interfaces/base_interfaces/msg/detail
[0.452s] -- Up-to-date: /home/ubuntu/ws_engineer/install/base_interfaces/include/base_interfaces/base_interfaces/msg/detail/user_pose__rosidl_typesupport_fastrtps_cpp.hpp
[0.452s] -- Up-to-date: /home/ubuntu/ws_engineer/install/base_interfaces/include/base_interfaces/base_interfaces/msg/detail/user_joint__rosidl_typesupport_fastrtps_cpp.hpp
[0.452s] -- Up-to-date: /home/ubuntu/ws_engineer/install/base_interfaces/include/base_interfaces/base_interfaces/msg/detail/dds_fastrtps
[0.452s] -- Up-to-date: /home/ubuntu/ws_engineer/install/base_interfaces/lib/libbase_interfaces__rosidl_typesupport_fastrtps_cpp.so
[0.452s] -- Up-to-date: /home/ubuntu/ws_engineer/install/base_interfaces/include/base_interfaces/base_interfaces
[0.452s] -- Up-to-date: /home/ubuntu/ws_engineer/install/base_interfaces/include/base_interfaces/base_interfaces/msg
[0.452s] -- Up-to-date: /home/ubuntu/ws_engineer/install/base_interfaces/include/base_interfaces/base_interfaces/msg/detail
[0.452s] -- Up-to-date: /home/ubuntu/ws_engineer/install/base_interfaces/include/base_interfaces/base_interfaces/msg/detail/user_joint__type_support.cpp
[0.453s] -- Up-to-date: /home/ubuntu/ws_engineer/install/base_interfaces/include/base_interfaces/base_interfaces/msg/detail/user_pose__type_support.cpp
[0.453s] -- Up-to-date: /home/ubuntu/ws_engineer/install/base_interfaces/include/base_interfaces/base_interfaces/msg/detail/user_pose__rosidl_typesupport_introspection_cpp.hpp
[0.453s] -- Up-to-date: /home/ubuntu/ws_engineer/install/base_interfaces/include/base_interfaces/base_interfaces/msg/detail/user_joint__rosidl_typesupport_introspection_cpp.hpp
[0.453s] -- Up-to-date: /home/ubuntu/ws_engineer/install/base_interfaces/lib/libbase_interfaces__rosidl_typesupport_introspection_cpp.so
[0.453s] -- Up-to-date: /home/ubuntu/ws_engineer/install/base_interfaces/lib/libbase_interfaces__rosidl_typesupport_cpp.so
[0.453s] -- Up-to-date: /home/ubuntu/ws_engineer/install/base_interfaces/share/base_interfaces/environment/pythonpath.sh
[0.453s] -- Up-to-date: /home/ubuntu/ws_engineer/install/base_interfaces/share/base_interfaces/environment/pythonpath.dsv
[0.453s] -- Up-to-date: /home/ubuntu/ws_engineer/install/base_interfaces/local/lib/python3.10/dist-packages/base_interfaces-0.0.0-py3.10.egg-info
[0.453s] -- Installing: /home/ubuntu/ws_engineer/install/base_interfaces/local/lib/python3.10/dist-packages/base_interfaces-0.0.0-py3.10.egg-info/dependency_links.txt
[0.453s] -- Installing: /home/ubuntu/ws_engineer/install/base_interfaces/local/lib/python3.10/dist-packages/base_interfaces-0.0.0-py3.10.egg-info/SOURCES.txt
[0.453s] -- Installing: /home/ubuntu/ws_engineer/install/base_interfaces/local/lib/python3.10/dist-packages/base_interfaces-0.0.0-py3.10.egg-info/top_level.txt
[0.453s] -- Installing: /home/ubuntu/ws_engineer/install/base_interfaces/local/lib/python3.10/dist-packages/base_interfaces-0.0.0-py3.10.egg-info/PKG-INFO
[0.453s] -- Up-to-date: /home/ubuntu/ws_engineer/install/base_interfaces/local/lib/python3.10/dist-packages/base_interfaces
[0.453s] -- Up-to-date: /home/ubuntu/ws_engineer/install/base_interfaces/local/lib/python3.10/dist-packages/base_interfaces/base_interfaces_s__rosidl_typesupport_fastrtps_c.cpython-310-x86_64-linux-gnu.so
[0.453s] -- Up-to-date: /home/ubuntu/ws_engineer/install/base_interfaces/local/lib/python3.10/dist-packages/base_interfaces/libbase_interfaces__rosidl_generator_py.so
[0.453s] -- Up-to-date: /home/ubuntu/ws_engineer/install/base_interfaces/local/lib/python3.10/dist-packages/base_interfaces/base_interfaces_s__rosidl_typesupport_c.cpython-310-x86_64-linux-gnu.so
[0.453s] -- Up-to-date: /home/ubuntu/ws_engineer/install/base_interfaces/local/lib/python3.10/dist-packages/base_interfaces/__init__.py
[0.453s] -- Up-to-date: /home/ubuntu/ws_engineer/install/base_interfaces/local/lib/python3.10/dist-packages/base_interfaces/msg
[0.453s] -- Up-to-date: /home/ubuntu/ws_engineer/install/base_interfaces/local/lib/python3.10/dist-packages/base_interfaces/msg/_user_pose_s.c
[0.453s] -- Up-to-date: /home/ubuntu/ws_engineer/install/base_interfaces/local/lib/python3.10/dist-packages/base_interfaces/msg/__init__.py
[0.454s] -- Up-to-date: /home/ubuntu/ws_engineer/install/base_interfaces/local/lib/python3.10/dist-packages/base_interfaces/msg/_user_pose.py
[0.454s] -- Up-to-date: /home/ubuntu/ws_engineer/install/base_interfaces/local/lib/python3.10/dist-packages/base_interfaces/msg/_user_joint.py
[0.454s] -- Up-to-date: /home/ubuntu/ws_engineer/install/base_interfaces/local/lib/python3.10/dist-packages/base_interfaces/msg/_user_joint_s.c
[0.454s] -- Up-to-date: /home/ubuntu/ws_engineer/install/base_interfaces/local/lib/python3.10/dist-packages/base_interfaces/_base_interfaces_s.ep.rosidl_typesupport_fastrtps_c.c
[0.454s] -- Up-to-date: /home/ubuntu/ws_engineer/install/base_interfaces/local/lib/python3.10/dist-packages/base_interfaces/_base_interfaces_s.ep.rosidl_typesupport_introspection_c.c
[0.454s] -- Up-to-date: /home/ubuntu/ws_engineer/install/base_interfaces/local/lib/python3.10/dist-packages/base_interfaces/_base_interfaces_s.ep.rosidl_typesupport_c.c
[0.454s] -- Up-to-date: /home/ubuntu/ws_engineer/install/base_interfaces/local/lib/python3.10/dist-packages/base_interfaces/base_interfaces_s__rosidl_typesupport_introspection_c.cpython-310-x86_64-linux-gnu.so
[0.491s] Listing '/home/ubuntu/ws_engineer/install/base_interfaces/local/lib/python3.10/dist-packages/base_interfaces'...
[0.491s] Listing '/home/ubuntu/ws_engineer/install/base_interfaces/local/lib/python3.10/dist-packages/base_interfaces/msg'...
[0.495s] -- Up-to-date: /home/ubuntu/ws_engineer/install/base_interfaces/local/lib/python3.10/dist-packages/base_interfaces/base_interfaces_s__rosidl_typesupport_fastrtps_c.cpython-310-x86_64-linux-gnu.so
[0.495s] -- Up-to-date: /home/ubuntu/ws_engineer/install/base_interfaces/local/lib/python3.10/dist-packages/base_interfaces/base_interfaces_s__rosidl_typesupport_introspection_c.cpython-310-x86_64-linux-gnu.so
[0.496s] -- Up-to-date: /home/ubuntu/ws_engineer/install/base_interfaces/local/lib/python3.10/dist-packages/base_interfaces/base_interfaces_s__rosidl_typesupport_c.cpython-310-x86_64-linux-gnu.so
[0.496s] -- Up-to-date: /home/ubuntu/ws_engineer/install/base_interfaces/lib/libbase_interfaces__rosidl_generator_py.so
[0.496s] -- Up-to-date: /home/ubuntu/ws_engineer/install/base_interfaces/share/base_interfaces/msg/UserJoint.idl
[0.496s] -- Up-to-date: /home/ubuntu/ws_engineer/install/base_interfaces/share/base_interfaces/msg/UserPose.idl
[0.496s] -- Up-to-date: /home/ubuntu/ws_engineer/install/base_interfaces/share/base_interfaces/msg/UserJoint.msg
[0.496s] -- Up-to-date: /home/ubuntu/ws_engineer/install/base_interfaces/share/base_interfaces/msg/UserPose.msg
[0.496s] -- Up-to-date: /home/ubuntu/ws_engineer/install/base_interfaces/share/ament_index/resource_index/package_run_dependencies/base_interfaces
[0.496s] -- Up-to-date: /home/ubuntu/ws_engineer/install/base_interfaces/share/ament_index/resource_index/parent_prefix_path/base_interfaces
[0.496s] -- Up-to-date: /home/ubuntu/ws_engineer/install/base_interfaces/share/base_interfaces/environment/ament_prefix_path.sh
[0.496s] -- Up-to-date: /home/ubuntu/ws_engineer/install/base_interfaces/share/base_interfaces/environment/ament_prefix_path.dsv
[0.496s] -- Up-to-date: /home/ubuntu/ws_engineer/install/base_interfaces/share/base_interfaces/environment/path.sh
[0.496s] -- Up-to-date: /home/ubuntu/ws_engineer/install/base_interfaces/share/base_interfaces/environment/path.dsv
[0.497s] -- Up-to-date: /home/ubuntu/ws_engineer/install/base_interfaces/share/base_interfaces/local_setup.bash
[0.497s] -- Up-to-date: /home/ubuntu/ws_engineer/install/base_interfaces/share/base_interfaces/local_setup.sh
[0.497s] -- Up-to-date: /home/ubuntu/ws_engineer/install/base_interfaces/share/base_interfaces/local_setup.zsh
[0.497s] -- Up-to-date: /home/ubuntu/ws_engineer/install/base_interfaces/share/base_interfaces/local_setup.dsv
[0.497s] -- Installing: /home/ubuntu/ws_engineer/install/base_interfaces/share/base_interfaces/package.dsv
[0.497s] -- Up-to-date: /home/ubuntu/ws_engineer/install/base_interfaces/share/ament_index/resource_index/packages/base_interfaces
[0.497s] -- Up-to-date: /home/ubuntu/ws_engineer/install/base_interfaces/share/base_interfaces/cmake/export_base_interfaces__rosidl_generator_cExport.cmake
[0.497s] -- Up-to-date: /home/ubuntu/ws_engineer/install/base_interfaces/share/base_interfaces/cmake/export_base_interfaces__rosidl_generator_cExport-noconfig.cmake
[0.497s] -- Up-to-date: /home/ubuntu/ws_engineer/install/base_interfaces/share/base_interfaces/cmake/export_base_interfaces__rosidl_typesupport_fastrtps_cExport.cmake
[0.497s] -- Up-to-date: /home/ubuntu/ws_engineer/install/base_interfaces/share/base_interfaces/cmake/export_base_interfaces__rosidl_typesupport_fastrtps_cExport-noconfig.cmake
[0.497s] -- Up-to-date: /home/ubuntu/ws_engineer/install/base_interfaces/share/base_interfaces/cmake/base_interfaces__rosidl_typesupport_introspection_cExport.cmake
[0.497s] -- Up-to-date: /home/ubuntu/ws_engineer/install/base_interfaces/share/base_interfaces/cmake/base_interfaces__rosidl_typesupport_introspection_cExport-noconfig.cmake
[0.497s] -- Up-to-date: /home/ubuntu/ws_engineer/install/base_interfaces/share/base_interfaces/cmake/base_interfaces__rosidl_typesupport_cExport.cmake
[0.497s] -- Up-to-date: /home/ubuntu/ws_engineer/install/base_interfaces/share/base_interfaces/cmake/base_interfaces__rosidl_typesupport_cExport-noconfig.cmake
[0.497s] -- Up-to-date: /home/ubuntu/ws_engineer/install/base_interfaces/share/base_interfaces/cmake/export_base_interfaces__rosidl_generator_cppExport.cmake
[0.497s] -- Up-to-date: /home/ubuntu/ws_engineer/install/base_interfaces/share/base_interfaces/cmake/export_base_interfaces__rosidl_typesupport_fastrtps_cppExport.cmake
[0.497s] -- Up-to-date: /home/ubuntu/ws_engineer/install/base_interfaces/share/base_interfaces/cmake/export_base_interfaces__rosidl_typesupport_fastrtps_cppExport-noconfig.cmake
[0.497s] -- Up-to-date: /home/ubuntu/ws_engineer/install/base_interfaces/share/base_interfaces/cmake/base_interfaces__rosidl_typesupport_introspection_cppExport.cmake
[0.497s] -- Up-to-date: /home/ubuntu/ws_engineer/install/base_interfaces/share/base_interfaces/cmake/base_interfaces__rosidl_typesupport_introspection_cppExport-noconfig.cmake
[0.498s] -- Up-to-date: /home/ubuntu/ws_engineer/install/base_interfaces/share/base_interfaces/cmake/base_interfaces__rosidl_typesupport_cppExport.cmake
[0.498s] -- Up-to-date: /home/ubuntu/ws_engineer/install/base_interfaces/share/base_interfaces/cmake/base_interfaces__rosidl_typesupport_cppExport-noconfig.cmake
[0.498s] -- Up-to-date: /home/ubuntu/ws_engineer/install/base_interfaces/share/base_interfaces/cmake/export_base_interfaces__rosidl_generator_pyExport.cmake
[0.498s] -- Up-to-date: /home/ubuntu/ws_engineer/install/base_interfaces/share/base_interfaces/cmake/export_base_interfaces__rosidl_generator_pyExport-noconfig.cmake
[0.498s] -- Up-to-date: /home/ubuntu/ws_engineer/install/base_interfaces/share/base_interfaces/cmake/rosidl_cmake-extras.cmake
[0.498s] -- Up-to-date: /home/ubuntu/ws_engineer/install/base_interfaces/share/base_interfaces/cmake/ament_cmake_export_include_directories-extras.cmake
[0.498s] -- Up-to-date: /home/ubuntu/ws_engineer/install/base_interfaces/share/base_interfaces/cmake/ament_cmake_export_libraries-extras.cmake
[0.498s] -- Up-to-date: /home/ubuntu/ws_engineer/install/base_interfaces/share/base_interfaces/cmake/ament_cmake_export_targets-extras.cmake
[0.498s] -- Up-to-date: /home/ubuntu/ws_engineer/install/base_interfaces/share/base_interfaces/cmake/rosidl_cmake_export_typesupport_targets-extras.cmake
[0.498s] -- Up-to-date: /home/ubuntu/ws_engineer/install/base_interfaces/share/base_interfaces/cmake/ament_cmake_export_dependencies-extras.cmake
[0.498s] -- Up-to-date: /home/ubuntu/ws_engineer/install/base_interfaces/share/base_interfaces/cmake/rosidl_cmake_export_typesupport_libraries-extras.cmake
[0.498s] -- Up-to-date: /home/ubuntu/ws_engineer/install/base_interfaces/share/base_interfaces/cmake/base_interfacesConfig.cmake
[0.498s] -- Up-to-date: /home/ubuntu/ws_engineer/install/base_interfaces/share/base_interfaces/cmake/base_interfacesConfig-version.cmake
[0.498s] -- Up-to-date: /home/ubuntu/ws_engineer/install/base_interfaces/share/base_interfaces/package.xml
[0.501s] Invoked command in '/home/ubuntu/ws_engineer/build/base_interfaces' returned '0': CMAKE_PREFIX_PATH=${CMAKE_PREFIX_PATH}:/home/ubuntu/ws_moveit/install/moveit_configs_utils:/home/ubuntu/ws_moveit/install/launch_param_builder:/home/ubuntu/ws00_helloworld/install/pkg02_helloworld_py:/home/ubuntu/dev_ws/install/learning_urdf:/home/ubuntu/dev_ws/install/learning_topic:/home/ubuntu/dev_ws/install/learning_tf:/home/ubuntu/dev_ws/install/learning_service:/home/ubuntu/dev_ws/install/learning_qos:/home/ubuntu/dev_ws/install/learning_pkg_python:/home/ubuntu/dev_ws/install/learning_parameter:/home/ubuntu/dev_ws/install/learning_node:/home/ubuntu/dev_ws/install/learning_launch:/home/ubuntu/dev_ws/install/learning_action:/home/ubuntu/dev_ws/install/learning_gazebo_harmonic:/home/ubuntu/dev_ws/install/learning_gazebo:/home/ubuntu/dev_ws/install/learning_cv:/opt/ros/humble /usr/bin/cmake --install /home/ubuntu/ws_engineer/build/base_interfaces
