[0.056s] DEBUG:colcon:Command line arguments: ['/usr/bin/colcon', 'build']
[0.056s] DEBUG:colcon:Parsed command line arguments: Namespace(log_base=None, log_level=None, verb_name='build', build_base='build', install_base='install', merge_install=False, symlink_install=False, test_result_base=None, continue_on_error=False, executor='parallel', parallel_workers=16, event_handlers=None, ignore_user_meta=False, metas=['./colcon.meta'], base_paths=['.'], packages_ignore=None, packages_ignore_regex=None, paths=None, packages_up_to=None, packages_up_to_regex=None, packages_above=None, packages_above_and_dependencies=None, packages_above_depth=None, packages_select_by_dep=None, packages_skip_by_dep=None, packages_skip_up_to=None, packages_select_build_failed=False, packages_skip_build_finished=False, packages_select_test_failures=False, packages_skip_test_passed=False, packages_select=None, packages_skip=None, packages_select_regex=None, packages_skip_regex=None, packages_start=None, packages_end=None, allow_overriding=[], cmake_args=None, cmake_target=None, cmake_target_skip_unavailable=False, cmake_clean_cache=False, cmake_clean_first=False, cmake_force_configure=False, ament_cmake_args=None, catkin_cmake_args=None, catkin_skip_building_tests=False, verb_parser=<colcon_defaults.argument_parser.defaults.DefaultArgumentsDecorator object at 0x718bbdd60040>, verb_extension=<colcon_core.verb.build.BuildVerb object at 0x718bbdec5990>, main=<bound method BuildVerb.main of <colcon_core.verb.build.BuildVerb object at 0x718bbdec5990>>)
[0.136s] Level 1:colcon.colcon_core.package_discovery:discover_packages(colcon_meta) check parameters
[0.136s] Level 1:colcon.colcon_core.package_discovery:discover_packages(recursive) check parameters
[0.136s] Level 1:colcon.colcon_core.package_discovery:discover_packages(ignore) check parameters
[0.136s] Level 1:colcon.colcon_core.package_discovery:discover_packages(path) check parameters
[0.136s] Level 1:colcon.colcon_core.package_discovery:discover_packages(colcon_meta) discover
[0.136s] Level 1:colcon.colcon_core.package_discovery:discover_packages(recursive) discover
[0.136s] INFO:colcon.colcon_core.package_discovery:Crawling recursively for packages in '/home/user/ws_siasun'
[0.136s] Level 1:colcon.colcon_core.package_identification:_identify(.) by extensions ['ignore', 'ignore_ament_install']
[0.136s] Level 1:colcon.colcon_core.package_identification:_identify(.) by extension 'ignore'
[0.137s] Level 1:colcon.colcon_core.package_identification:_identify(.) by extension 'ignore_ament_install'
[0.137s] Level 1:colcon.colcon_core.package_identification:_identify(.) by extensions ['colcon_pkg']
[0.137s] Level 1:colcon.colcon_core.package_identification:_identify(.) by extension 'colcon_pkg'
[0.137s] Level 1:colcon.colcon_core.package_identification:_identify(.) by extensions ['colcon_meta']
[0.137s] Level 1:colcon.colcon_core.package_identification:_identify(.) by extension 'colcon_meta'
[0.137s] Level 1:colcon.colcon_core.package_identification:_identify(.) by extensions ['ros']
[0.137s] Level 1:colcon.colcon_core.package_identification:_identify(.) by extension 'ros'
[0.143s] Level 1:colcon.colcon_core.package_identification:_identify(.) by extensions ['cmake', 'python']
[0.143s] Level 1:colcon.colcon_core.package_identification:_identify(.) by extension 'cmake'
[0.143s] Level 1:colcon.colcon_core.package_identification:_identify(.) by extension 'python'
[0.143s] Level 1:colcon.colcon_core.package_identification:_identify(.) by extensions ['python_setup_py']
[0.143s] Level 1:colcon.colcon_core.package_identification:_identify(.) by extension 'python_setup_py'
[0.144s] Level 1:colcon.colcon_core.package_identification:_identify(build) by extensions ['ignore', 'ignore_ament_install']
[0.144s] Level 1:colcon.colcon_core.package_identification:_identify(build) by extension 'ignore'
[0.144s] Level 1:colcon.colcon_core.package_identification:_identify(build) ignored
[0.144s] Level 1:colcon.colcon_core.package_identification:_identify(install) by extensions ['ignore', 'ignore_ament_install']
[0.144s] Level 1:colcon.colcon_core.package_identification:_identify(install) by extension 'ignore'
[0.144s] Level 1:colcon.colcon_core.package_identification:_identify(install) ignored
[0.144s] Level 1:colcon.colcon_core.package_identification:_identify(log) by extensions ['ignore', 'ignore_ament_install']
[0.144s] Level 1:colcon.colcon_core.package_identification:_identify(log) by extension 'ignore'
[0.144s] Level 1:colcon.colcon_core.package_identification:_identify(log) ignored
[0.144s] Level 1:colcon.colcon_core.package_identification:_identify(src) by extensions ['ignore', 'ignore_ament_install']
[0.144s] Level 1:colcon.colcon_core.package_identification:_identify(src) by extension 'ignore'
[0.144s] Level 1:colcon.colcon_core.package_identification:_identify(src) by extension 'ignore_ament_install'
[0.144s] Level 1:colcon.colcon_core.package_identification:_identify(src) by extensions ['colcon_pkg']
[0.144s] Level 1:colcon.colcon_core.package_identification:_identify(src) by extension 'colcon_pkg'
[0.144s] Level 1:colcon.colcon_core.package_identification:_identify(src) by extensions ['colcon_meta']
[0.144s] Level 1:colcon.colcon_core.package_identification:_identify(src) by extension 'colcon_meta'
[0.144s] Level 1:colcon.colcon_core.package_identification:_identify(src) by extensions ['ros']
[0.144s] Level 1:colcon.colcon_core.package_identification:_identify(src) by extension 'ros'
[0.144s] Level 1:colcon.colcon_core.package_identification:_identify(src) by extensions ['cmake', 'python']
[0.144s] Level 1:colcon.colcon_core.package_identification:_identify(src) by extension 'cmake'
[0.144s] Level 1:colcon.colcon_core.package_identification:_identify(src) by extension 'python'
[0.144s] Level 1:colcon.colcon_core.package_identification:_identify(src) by extensions ['python_setup_py']
[0.144s] Level 1:colcon.colcon_core.package_identification:_identify(src) by extension 'python_setup_py'
[0.144s] Level 1:colcon.colcon_core.package_identification:_identify(src/aivt) by extensions ['ignore', 'ignore_ament_install']
[0.145s] Level 1:colcon.colcon_core.package_identification:_identify(src/aivt) by extension 'ignore'
[0.145s] Level 1:colcon.colcon_core.package_identification:_identify(src/aivt) by extension 'ignore_ament_install'
[0.145s] Level 1:colcon.colcon_core.package_identification:_identify(src/aivt) by extensions ['colcon_pkg']
[0.145s] Level 1:colcon.colcon_core.package_identification:_identify(src/aivt) by extension 'colcon_pkg'
[0.145s] Level 1:colcon.colcon_core.package_identification:_identify(src/aivt) by extensions ['colcon_meta']
[0.145s] Level 1:colcon.colcon_core.package_identification:_identify(src/aivt) by extension 'colcon_meta'
[0.145s] Level 1:colcon.colcon_core.package_identification:_identify(src/aivt) by extensions ['ros']
[0.145s] Level 1:colcon.colcon_core.package_identification:_identify(src/aivt) by extension 'ros'
[0.146s] DEBUG:colcon.colcon_core.package_identification:Package 'src/aivt' with type 'ros.ament_cmake' and name 'aivt'
[0.147s] Level 1:colcon.colcon_core.package_identification:_identify(src/aivt_interfaces) by extensions ['ignore', 'ignore_ament_install']
[0.147s] Level 1:colcon.colcon_core.package_identification:_identify(src/aivt_interfaces) by extension 'ignore'
[0.147s] Level 1:colcon.colcon_core.package_identification:_identify(src/aivt_interfaces) by extension 'ignore_ament_install'
[0.147s] Level 1:colcon.colcon_core.package_identification:_identify(src/aivt_interfaces) by extensions ['colcon_pkg']
[0.147s] Level 1:colcon.colcon_core.package_identification:_identify(src/aivt_interfaces) by extension 'colcon_pkg'
[0.147s] Level 1:colcon.colcon_core.package_identification:_identify(src/aivt_interfaces) by extensions ['colcon_meta']
[0.147s] Level 1:colcon.colcon_core.package_identification:_identify(src/aivt_interfaces) by extension 'colcon_meta'
[0.147s] Level 1:colcon.colcon_core.package_identification:_identify(src/aivt_interfaces) by extensions ['ros']
[0.147s] Level 1:colcon.colcon_core.package_identification:_identify(src/aivt_interfaces) by extension 'ros'
[0.147s] DEBUG:colcon.colcon_core.package_identification:Package 'src/aivt_interfaces' with type 'ros.ament_cmake' and name 'aivt_interfaces'
[0.147s] Level 1:colcon.colcon_core.package_identification:_identify(src/duco_arms) by extensions ['ignore', 'ignore_ament_install']
[0.147s] Level 1:colcon.colcon_core.package_identification:_identify(src/duco_arms) by extension 'ignore'
[0.147s] Level 1:colcon.colcon_core.package_identification:_identify(src/duco_arms) by extension 'ignore_ament_install'
[0.147s] Level 1:colcon.colcon_core.package_identification:_identify(src/duco_arms) by extensions ['colcon_pkg']
[0.147s] Level 1:colcon.colcon_core.package_identification:_identify(src/duco_arms) by extension 'colcon_pkg'
[0.147s] Level 1:colcon.colcon_core.package_identification:_identify(src/duco_arms) by extensions ['colcon_meta']
[0.148s] Level 1:colcon.colcon_core.package_identification:_identify(src/duco_arms) by extension 'colcon_meta'
[0.148s] Level 1:colcon.colcon_core.package_identification:_identify(src/duco_arms) by extensions ['ros']
[0.148s] Level 1:colcon.colcon_core.package_identification:_identify(src/duco_arms) by extension 'ros'
[0.148s] DEBUG:colcon.colcon_core.package_identification:Package 'src/duco_arms' with type 'ros.ament_cmake' and name 'duco_arms'
[0.148s] Level 1:colcon.colcon_core.package_identification:_identify(src/duco_gcr3_618_moveit_config) by extensions ['ignore', 'ignore_ament_install']
[0.148s] Level 1:colcon.colcon_core.package_identification:_identify(src/duco_gcr3_618_moveit_config) by extension 'ignore'
[0.148s] Level 1:colcon.colcon_core.package_identification:_identify(src/duco_gcr3_618_moveit_config) by extension 'ignore_ament_install'
[0.148s] Level 1:colcon.colcon_core.package_identification:_identify(src/duco_gcr3_618_moveit_config) by extensions ['colcon_pkg']
[0.148s] Level 1:colcon.colcon_core.package_identification:_identify(src/duco_gcr3_618_moveit_config) by extension 'colcon_pkg'
[0.148s] Level 1:colcon.colcon_core.package_identification:_identify(src/duco_gcr3_618_moveit_config) by extensions ['colcon_meta']
[0.148s] Level 1:colcon.colcon_core.package_identification:_identify(src/duco_gcr3_618_moveit_config) by extension 'colcon_meta'
[0.148s] Level 1:colcon.colcon_core.package_identification:_identify(src/duco_gcr3_618_moveit_config) by extensions ['ros']
[0.148s] Level 1:colcon.colcon_core.package_identification:_identify(src/duco_gcr3_618_moveit_config) by extension 'ros'
[0.149s] DEBUG:colcon.colcon_core.package_identification:Package 'src/duco_gcr3_618_moveit_config' with type 'ros.ament_cmake' and name 'duco_gcr3_618_moveit_config'
[0.149s] Level 1:colcon.colcon_core.package_identification:_identify(src/duco_msg) by extensions ['ignore', 'ignore_ament_install']
[0.149s] Level 1:colcon.colcon_core.package_identification:_identify(src/duco_msg) by extension 'ignore'
[0.149s] Level 1:colcon.colcon_core.package_identification:_identify(src/duco_msg) by extension 'ignore_ament_install'
[0.149s] Level 1:colcon.colcon_core.package_identification:_identify(src/duco_msg) by extensions ['colcon_pkg']
[0.149s] Level 1:colcon.colcon_core.package_identification:_identify(src/duco_msg) by extension 'colcon_pkg'
[0.149s] Level 1:colcon.colcon_core.package_identification:_identify(src/duco_msg) by extensions ['colcon_meta']
[0.149s] Level 1:colcon.colcon_core.package_identification:_identify(src/duco_msg) by extension 'colcon_meta'
[0.149s] Level 1:colcon.colcon_core.package_identification:_identify(src/duco_msg) by extensions ['ros']
[0.149s] Level 1:colcon.colcon_core.package_identification:_identify(src/duco_msg) by extension 'ros'
[0.150s] DEBUG:colcon.colcon_core.package_identification:Package 'src/duco_msg' with type 'ros.ament_cmake' and name 'duco_msg'
[0.150s] Level 1:colcon.colcon_core.package_identification:_identify(src/duco_ros_driver) by extensions ['ignore', 'ignore_ament_install']
[0.150s] Level 1:colcon.colcon_core.package_identification:_identify(src/duco_ros_driver) by extension 'ignore'
[0.150s] Level 1:colcon.colcon_core.package_identification:_identify(src/duco_ros_driver) by extension 'ignore_ament_install'
[0.150s] Level 1:colcon.colcon_core.package_identification:_identify(src/duco_ros_driver) by extensions ['colcon_pkg']
[0.150s] Level 1:colcon.colcon_core.package_identification:_identify(src/duco_ros_driver) by extension 'colcon_pkg'
[0.150s] Level 1:colcon.colcon_core.package_identification:_identify(src/duco_ros_driver) by extensions ['colcon_meta']
[0.150s] Level 1:colcon.colcon_core.package_identification:_identify(src/duco_ros_driver) by extension 'colcon_meta'
[0.150s] Level 1:colcon.colcon_core.package_identification:_identify(src/duco_ros_driver) by extensions ['ros']
[0.150s] Level 1:colcon.colcon_core.package_identification:_identify(src/duco_ros_driver) by extension 'ros'
[0.150s] DEBUG:colcon.colcon_core.package_identification:Package 'src/duco_ros_driver' with type 'ros.ament_cmake' and name 'duco_ros_driver'
[0.150s] Level 1:colcon.colcon_core.package_identification:_identify(src/duco_support) by extensions ['ignore', 'ignore_ament_install']
[0.150s] Level 1:colcon.colcon_core.package_identification:_identify(src/duco_support) by extension 'ignore'
[0.150s] Level 1:colcon.colcon_core.package_identification:_identify(src/duco_support) by extension 'ignore_ament_install'
[0.151s] Level 1:colcon.colcon_core.package_identification:_identify(src/duco_support) by extensions ['colcon_pkg']
[0.151s] Level 1:colcon.colcon_core.package_identification:_identify(src/duco_support) by extension 'colcon_pkg'
[0.151s] Level 1:colcon.colcon_core.package_identification:_identify(src/duco_support) by extensions ['colcon_meta']
[0.151s] Level 1:colcon.colcon_core.package_identification:_identify(src/duco_support) by extension 'colcon_meta'
[0.151s] Level 1:colcon.colcon_core.package_identification:_identify(src/duco_support) by extensions ['ros']
[0.151s] Level 1:colcon.colcon_core.package_identification:_identify(src/duco_support) by extension 'ros'
[0.151s] DEBUG:colcon.colcon_core.package_identification:Package 'src/duco_support' with type 'ros.ament_cmake' and name 'duco_support'
[0.151s] Level 1:colcon.colcon_core.package_identification:_identify(src/robot_control) by extensions ['ignore', 'ignore_ament_install']
[0.151s] Level 1:colcon.colcon_core.package_identification:_identify(src/robot_control) by extension 'ignore'
[0.151s] Level 1:colcon.colcon_core.package_identification:_identify(src/robot_control) by extension 'ignore_ament_install'
[0.151s] Level 1:colcon.colcon_core.package_identification:_identify(src/robot_control) by extensions ['colcon_pkg']
[0.151s] Level 1:colcon.colcon_core.package_identification:_identify(src/robot_control) by extension 'colcon_pkg'
[0.151s] Level 1:colcon.colcon_core.package_identification:_identify(src/robot_control) by extensions ['colcon_meta']
[0.151s] Level 1:colcon.colcon_core.package_identification:_identify(src/robot_control) by extension 'colcon_meta'
[0.151s] Level 1:colcon.colcon_core.package_identification:_identify(src/robot_control) by extensions ['ros']
[0.151s] Level 1:colcon.colcon_core.package_identification:_identify(src/robot_control) by extension 'ros'
[0.152s] DEBUG:colcon.colcon_core.package_identification:Package 'src/robot_control' with type 'ros.ament_cmake' and name 'robot_control'
[0.152s] Level 1:colcon.colcon_core.package_discovery:discover_packages(recursive) using defaults
[0.152s] Level 1:colcon.colcon_core.package_discovery:discover_packages(ignore) discover
[0.152s] Level 1:colcon.colcon_core.package_discovery:discover_packages(ignore) using defaults
[0.152s] Level 1:colcon.colcon_core.package_discovery:discover_packages(path) discover
[0.152s] Level 1:colcon.colcon_core.package_discovery:discover_packages(path) using defaults
[0.170s] Level 1:colcon.colcon_core.package_discovery:discover_packages(prefix_path) check parameters
[0.170s] Level 1:colcon.colcon_core.package_discovery:discover_packages(prefix_path) discover
[0.171s] DEBUG:colcon.colcon_installed_package_information.package_discovery:Found 8 installed packages in /home/user/ws_siasun/install
[0.172s] DEBUG:colcon.colcon_installed_package_information.package_discovery:Found 324 installed packages in /opt/ros/humble
[0.173s] Level 1:colcon.colcon_core.package_discovery:discover_packages(prefix_path) using defaults
[0.194s] Level 5:colcon.colcon_core.verb:set package 'aivt_interfaces' build argument 'cmake_args' from command line to 'None'
[0.194s] Level 5:colcon.colcon_core.verb:set package 'aivt_interfaces' build argument 'cmake_target' from command line to 'None'
[0.194s] Level 5:colcon.colcon_core.verb:set package 'aivt_interfaces' build argument 'cmake_target_skip_unavailable' from command line to 'False'
[0.194s] Level 5:colcon.colcon_core.verb:set package 'aivt_interfaces' build argument 'cmake_clean_cache' from command line to 'False'
[0.194s] Level 5:colcon.colcon_core.verb:set package 'aivt_interfaces' build argument 'cmake_clean_first' from command line to 'False'
[0.194s] Level 5:colcon.colcon_core.verb:set package 'aivt_interfaces' build argument 'cmake_force_configure' from command line to 'False'
[0.194s] Level 5:colcon.colcon_core.verb:set package 'aivt_interfaces' build argument 'ament_cmake_args' from command line to 'None'
[0.194s] Level 5:colcon.colcon_core.verb:set package 'aivt_interfaces' build argument 'catkin_cmake_args' from command line to 'None'
[0.194s] Level 5:colcon.colcon_core.verb:set package 'aivt_interfaces' build argument 'catkin_skip_building_tests' from command line to 'False'
[0.194s] DEBUG:colcon.colcon_core.verb:Building package 'aivt_interfaces' with the following arguments: {'ament_cmake_args': None, 'build_base': '/home/user/ws_siasun/build/aivt_interfaces', 'catkin_cmake_args': None, 'catkin_skip_building_tests': False, 'cmake_args': None, 'cmake_clean_cache': False, 'cmake_clean_first': False, 'cmake_force_configure': False, 'cmake_target': None, 'cmake_target_skip_unavailable': False, 'install_base': '/home/user/ws_siasun/install/aivt_interfaces', 'merge_install': False, 'path': '/home/user/ws_siasun/src/aivt_interfaces', 'symlink_install': False, 'test_result_base': None}
[0.194s] Level 5:colcon.colcon_core.verb:set package 'duco_msg' build argument 'cmake_args' from command line to 'None'
[0.194s] Level 5:colcon.colcon_core.verb:set package 'duco_msg' build argument 'cmake_target' from command line to 'None'
[0.194s] Level 5:colcon.colcon_core.verb:set package 'duco_msg' build argument 'cmake_target_skip_unavailable' from command line to 'False'
[0.194s] Level 5:colcon.colcon_core.verb:set package 'duco_msg' build argument 'cmake_clean_cache' from command line to 'False'
[0.194s] Level 5:colcon.colcon_core.verb:set package 'duco_msg' build argument 'cmake_clean_first' from command line to 'False'
[0.194s] Level 5:colcon.colcon_core.verb:set package 'duco_msg' build argument 'cmake_force_configure' from command line to 'False'
[0.194s] Level 5:colcon.colcon_core.verb:set package 'duco_msg' build argument 'ament_cmake_args' from command line to 'None'
[0.194s] Level 5:colcon.colcon_core.verb:set package 'duco_msg' build argument 'catkin_cmake_args' from command line to 'None'
[0.194s] Level 5:colcon.colcon_core.verb:set package 'duco_msg' build argument 'catkin_skip_building_tests' from command line to 'False'
[0.194s] DEBUG:colcon.colcon_core.verb:Building package 'duco_msg' with the following arguments: {'ament_cmake_args': None, 'build_base': '/home/user/ws_siasun/build/duco_msg', 'catkin_cmake_args': None, 'catkin_skip_building_tests': False, 'cmake_args': None, 'cmake_clean_cache': False, 'cmake_clean_first': False, 'cmake_force_configure': False, 'cmake_target': None, 'cmake_target_skip_unavailable': False, 'install_base': '/home/user/ws_siasun/install/duco_msg', 'merge_install': False, 'path': '/home/user/ws_siasun/src/duco_msg', 'symlink_install': False, 'test_result_base': None}
[0.195s] Level 5:colcon.colcon_core.verb:set package 'duco_support' build argument 'cmake_args' from command line to 'None'
[0.195s] Level 5:colcon.colcon_core.verb:set package 'duco_support' build argument 'cmake_target' from command line to 'None'
[0.195s] Level 5:colcon.colcon_core.verb:set package 'duco_support' build argument 'cmake_target_skip_unavailable' from command line to 'False'
[0.195s] Level 5:colcon.colcon_core.verb:set package 'duco_support' build argument 'cmake_clean_cache' from command line to 'False'
[0.195s] Level 5:colcon.colcon_core.verb:set package 'duco_support' build argument 'cmake_clean_first' from command line to 'False'
[0.195s] Level 5:colcon.colcon_core.verb:set package 'duco_support' build argument 'cmake_force_configure' from command line to 'False'
[0.195s] Level 5:colcon.colcon_core.verb:set package 'duco_support' build argument 'ament_cmake_args' from command line to 'None'
[0.195s] Level 5:colcon.colcon_core.verb:set package 'duco_support' build argument 'catkin_cmake_args' from command line to 'None'
[0.195s] Level 5:colcon.colcon_core.verb:set package 'duco_support' build argument 'catkin_skip_building_tests' from command line to 'False'
[0.195s] DEBUG:colcon.colcon_core.verb:Building package 'duco_support' with the following arguments: {'ament_cmake_args': None, 'build_base': '/home/user/ws_siasun/build/duco_support', 'catkin_cmake_args': None, 'catkin_skip_building_tests': False, 'cmake_args': None, 'cmake_clean_cache': False, 'cmake_clean_first': False, 'cmake_force_configure': False, 'cmake_target': None, 'cmake_target_skip_unavailable': False, 'install_base': '/home/user/ws_siasun/install/duco_support', 'merge_install': False, 'path': '/home/user/ws_siasun/src/duco_support', 'symlink_install': False, 'test_result_base': None}
[0.195s] Level 5:colcon.colcon_core.verb:set package 'duco_arms' build argument 'cmake_args' from command line to 'None'
[0.195s] Level 5:colcon.colcon_core.verb:set package 'duco_arms' build argument 'cmake_target' from command line to 'None'
[0.195s] Level 5:colcon.colcon_core.verb:set package 'duco_arms' build argument 'cmake_target_skip_unavailable' from command line to 'False'
[0.195s] Level 5:colcon.colcon_core.verb:set package 'duco_arms' build argument 'cmake_clean_cache' from command line to 'False'
[0.195s] Level 5:colcon.colcon_core.verb:set package 'duco_arms' build argument 'cmake_clean_first' from command line to 'False'
[0.195s] Level 5:colcon.colcon_core.verb:set package 'duco_arms' build argument 'cmake_force_configure' from command line to 'False'
[0.195s] Level 5:colcon.colcon_core.verb:set package 'duco_arms' build argument 'ament_cmake_args' from command line to 'None'
[0.195s] Level 5:colcon.colcon_core.verb:set package 'duco_arms' build argument 'catkin_cmake_args' from command line to 'None'
[0.195s] Level 5:colcon.colcon_core.verb:set package 'duco_arms' build argument 'catkin_skip_building_tests' from command line to 'False'
[0.195s] DEBUG:colcon.colcon_core.verb:Building package 'duco_arms' with the following arguments: {'ament_cmake_args': None, 'build_base': '/home/user/ws_siasun/build/duco_arms', 'catkin_cmake_args': None, 'catkin_skip_building_tests': False, 'cmake_args': None, 'cmake_clean_cache': False, 'cmake_clean_first': False, 'cmake_force_configure': False, 'cmake_target': None, 'cmake_target_skip_unavailable': False, 'install_base': '/home/user/ws_siasun/install/duco_arms', 'merge_install': False, 'path': '/home/user/ws_siasun/src/duco_arms', 'symlink_install': False, 'test_result_base': None}
[0.195s] Level 5:colcon.colcon_core.verb:set package 'duco_gcr3_618_moveit_config' build argument 'cmake_args' from command line to 'None'
[0.195s] Level 5:colcon.colcon_core.verb:set package 'duco_gcr3_618_moveit_config' build argument 'cmake_target' from command line to 'None'
[0.195s] Level 5:colcon.colcon_core.verb:set package 'duco_gcr3_618_moveit_config' build argument 'cmake_target_skip_unavailable' from command line to 'False'
[0.195s] Level 5:colcon.colcon_core.verb:set package 'duco_gcr3_618_moveit_config' build argument 'cmake_clean_cache' from command line to 'False'
[0.195s] Level 5:colcon.colcon_core.verb:set package 'duco_gcr3_618_moveit_config' build argument 'cmake_clean_first' from command line to 'False'
[0.196s] Level 5:colcon.colcon_core.verb:set package 'duco_gcr3_618_moveit_config' build argument 'cmake_force_configure' from command line to 'False'
[0.196s] Level 5:colcon.colcon_core.verb:set package 'duco_gcr3_618_moveit_config' build argument 'ament_cmake_args' from command line to 'None'
[0.196s] Level 5:colcon.colcon_core.verb:set package 'duco_gcr3_618_moveit_config' build argument 'catkin_cmake_args' from command line to 'None'
[0.196s] Level 5:colcon.colcon_core.verb:set package 'duco_gcr3_618_moveit_config' build argument 'catkin_skip_building_tests' from command line to 'False'
[0.196s] DEBUG:colcon.colcon_core.verb:Building package 'duco_gcr3_618_moveit_config' with the following arguments: {'ament_cmake_args': None, 'build_base': '/home/user/ws_siasun/build/duco_gcr3_618_moveit_config', 'catkin_cmake_args': None, 'catkin_skip_building_tests': False, 'cmake_args': None, 'cmake_clean_cache': False, 'cmake_clean_first': False, 'cmake_force_configure': False, 'cmake_target': None, 'cmake_target_skip_unavailable': False, 'install_base': '/home/user/ws_siasun/install/duco_gcr3_618_moveit_config', 'merge_install': False, 'path': '/home/user/ws_siasun/src/duco_gcr3_618_moveit_config', 'symlink_install': False, 'test_result_base': None}
[0.196s] Level 5:colcon.colcon_core.verb:set package 'robot_control' build argument 'cmake_args' from command line to 'None'
[0.196s] Level 5:colcon.colcon_core.verb:set package 'robot_control' build argument 'cmake_target' from command line to 'None'
[0.196s] Level 5:colcon.colcon_core.verb:set package 'robot_control' build argument 'cmake_target_skip_unavailable' from command line to 'False'
[0.196s] Level 5:colcon.colcon_core.verb:set package 'robot_control' build argument 'cmake_clean_cache' from command line to 'False'
[0.196s] Level 5:colcon.colcon_core.verb:set package 'robot_control' build argument 'cmake_clean_first' from command line to 'False'
[0.196s] Level 5:colcon.colcon_core.verb:set package 'robot_control' build argument 'cmake_force_configure' from command line to 'False'
[0.196s] Level 5:colcon.colcon_core.verb:set package 'robot_control' build argument 'ament_cmake_args' from command line to 'None'
[0.196s] Level 5:colcon.colcon_core.verb:set package 'robot_control' build argument 'catkin_cmake_args' from command line to 'None'
[0.196s] Level 5:colcon.colcon_core.verb:set package 'robot_control' build argument 'catkin_skip_building_tests' from command line to 'False'
[0.196s] DEBUG:colcon.colcon_core.verb:Building package 'robot_control' with the following arguments: {'ament_cmake_args': None, 'build_base': '/home/user/ws_siasun/build/robot_control', 'catkin_cmake_args': None, 'catkin_skip_building_tests': False, 'cmake_args': None, 'cmake_clean_cache': False, 'cmake_clean_first': False, 'cmake_force_configure': False, 'cmake_target': None, 'cmake_target_skip_unavailable': False, 'install_base': '/home/user/ws_siasun/install/robot_control', 'merge_install': False, 'path': '/home/user/ws_siasun/src/robot_control', 'symlink_install': False, 'test_result_base': None}
[0.196s] Level 5:colcon.colcon_core.verb:set package 'duco_ros_driver' build argument 'cmake_args' from command line to 'None'
[0.196s] Level 5:colcon.colcon_core.verb:set package 'duco_ros_driver' build argument 'cmake_target' from command line to 'None'
[0.196s] Level 5:colcon.colcon_core.verb:set package 'duco_ros_driver' build argument 'cmake_target_skip_unavailable' from command line to 'False'
[0.196s] Level 5:colcon.colcon_core.verb:set package 'duco_ros_driver' build argument 'cmake_clean_cache' from command line to 'False'
[0.196s] Level 5:colcon.colcon_core.verb:set package 'duco_ros_driver' build argument 'cmake_clean_first' from command line to 'False'
[0.196s] Level 5:colcon.colcon_core.verb:set package 'duco_ros_driver' build argument 'cmake_force_configure' from command line to 'False'
[0.196s] Level 5:colcon.colcon_core.verb:set package 'duco_ros_driver' build argument 'ament_cmake_args' from command line to 'None'
[0.196s] Level 5:colcon.colcon_core.verb:set package 'duco_ros_driver' build argument 'catkin_cmake_args' from command line to 'None'
[0.196s] Level 5:colcon.colcon_core.verb:set package 'duco_ros_driver' build argument 'catkin_skip_building_tests' from command line to 'False'
[0.196s] DEBUG:colcon.colcon_core.verb:Building package 'duco_ros_driver' with the following arguments: {'ament_cmake_args': None, 'build_base': '/home/user/ws_siasun/build/duco_ros_driver', 'catkin_cmake_args': None, 'catkin_skip_building_tests': False, 'cmake_args': None, 'cmake_clean_cache': False, 'cmake_clean_first': False, 'cmake_force_configure': False, 'cmake_target': None, 'cmake_target_skip_unavailable': False, 'install_base': '/home/user/ws_siasun/install/duco_ros_driver', 'merge_install': False, 'path': '/home/user/ws_siasun/src/duco_ros_driver', 'symlink_install': False, 'test_result_base': None}
[0.197s] Level 5:colcon.colcon_core.verb:set package 'aivt' build argument 'cmake_args' from command line to 'None'
[0.197s] Level 5:colcon.colcon_core.verb:set package 'aivt' build argument 'cmake_target' from command line to 'None'
[0.197s] Level 5:colcon.colcon_core.verb:set package 'aivt' build argument 'cmake_target_skip_unavailable' from command line to 'False'
[0.197s] Level 5:colcon.colcon_core.verb:set package 'aivt' build argument 'cmake_clean_cache' from command line to 'False'
[0.197s] Level 5:colcon.colcon_core.verb:set package 'aivt' build argument 'cmake_clean_first' from command line to 'False'
[0.197s] Level 5:colcon.colcon_core.verb:set package 'aivt' build argument 'cmake_force_configure' from command line to 'False'
[0.197s] Level 5:colcon.colcon_core.verb:set package 'aivt' build argument 'ament_cmake_args' from command line to 'None'
[0.197s] Level 5:colcon.colcon_core.verb:set package 'aivt' build argument 'catkin_cmake_args' from command line to 'None'
[0.197s] Level 5:colcon.colcon_core.verb:set package 'aivt' build argument 'catkin_skip_building_tests' from command line to 'False'
[0.197s] DEBUG:colcon.colcon_core.verb:Building package 'aivt' with the following arguments: {'ament_cmake_args': None, 'build_base': '/home/user/ws_siasun/build/aivt', 'catkin_cmake_args': None, 'catkin_skip_building_tests': False, 'cmake_args': None, 'cmake_clean_cache': False, 'cmake_clean_first': False, 'cmake_force_configure': False, 'cmake_target': None, 'cmake_target_skip_unavailable': False, 'install_base': '/home/user/ws_siasun/install/aivt', 'merge_install': False, 'path': '/home/user/ws_siasun/src/aivt', 'symlink_install': False, 'test_result_base': None}
[0.197s] INFO:colcon.colcon_core.executor:Executing jobs using 'parallel' executor
[0.197s] DEBUG:colcon.colcon_parallel_executor.executor.parallel:run_until_complete
[0.198s] INFO:colcon.colcon_ros.task.ament_cmake.build:Building ROS package in '/home/user/ws_siasun/src/duco_support' with build type 'ament_cmake'
[0.198s] INFO:colcon.colcon_cmake.task.cmake.build:Building CMake package in '/home/user/ws_siasun/src/duco_support'
[0.199s] INFO:colcon.colcon_core.plugin_system:Skipping extension 'colcon_core.shell.bat': Not used on non-Windows systems
[0.199s] INFO:colcon.colcon_core.shell:Skip shell extension 'powershell' for command environment: Not usable outside of PowerShell
[0.199s] DEBUG:colcon.colcon_core.shell:Skip shell extension 'dsv' for command environment
[0.201s] INFO:colcon.colcon_ros.task.ament_cmake.build:Building ROS package in '/home/user/ws_siasun/src/duco_msg' with build type 'ament_cmake'
[0.201s] INFO:colcon.colcon_cmake.task.cmake.build:Building CMake package in '/home/user/ws_siasun/src/duco_msg'
[0.201s] INFO:colcon.colcon_core.shell:Skip shell extension 'powershell' for command environment: Not usable outside of PowerShell
[0.201s] DEBUG:colcon.colcon_core.shell:Skip shell extension 'dsv' for command environment
[0.203s] INFO:colcon.colcon_ros.task.ament_cmake.build:Building ROS package in '/home/user/ws_siasun/src/aivt_interfaces' with build type 'ament_cmake'
[0.203s] INFO:colcon.colcon_cmake.task.cmake.build:Building CMake package in '/home/user/ws_siasun/src/aivt_interfaces'
[0.203s] INFO:colcon.colcon_core.shell:Skip shell extension 'powershell' for command environment: Not usable outside of PowerShell
[0.203s] DEBUG:colcon.colcon_core.shell:Skip shell extension 'dsv' for command environment
[0.208s] DEBUG:colcon.colcon_core.event_handler.log_command:Invoking command in '/home/user/ws_siasun/build/duco_support': CMAKE_PREFIX_PATH=${CMAKE_PREFIX_PATH}:/opt/ros/humble /usr/bin/cmake --build /home/user/ws_siasun/build/duco_support -- -j16 -l16
[0.212s] DEBUG:colcon.colcon_core.event_handler.log_command:Invoking command in '/home/user/ws_siasun/build/duco_msg': CMAKE_PREFIX_PATH=${CMAKE_PREFIX_PATH}:/opt/ros/humble /usr/bin/cmake --build /home/user/ws_siasun/build/duco_msg -- -j16 -l16
[0.215s] DEBUG:colcon.colcon_core.event_handler.log_command:Invoking command in '/home/user/ws_siasun/build/aivt_interfaces': CMAKE_PREFIX_PATH=${CMAKE_PREFIX_PATH}:/opt/ros/humble /usr/bin/cmake --build /home/user/ws_siasun/build/aivt_interfaces -- -j16 -l16
[0.235s] DEBUG:colcon.colcon_core.event_handler.log_command:Invoked command in '/home/user/ws_siasun/build/duco_support' returned '0': CMAKE_PREFIX_PATH=${CMAKE_PREFIX_PATH}:/opt/ros/humble /usr/bin/cmake --build /home/user/ws_siasun/build/duco_support -- -j16 -l16
[0.246s] DEBUG:colcon.colcon_core.event_handler.log_command:Invoking command in '/home/user/ws_siasun/build/duco_support': CMAKE_PREFIX_PATH=${CMAKE_PREFIX_PATH}:/opt/ros/humble /usr/bin/cmake --install /home/user/ws_siasun/build/duco_support
[0.257s] Level 1:colcon.colcon_core.environment:create_environment_scripts_only(duco_support)
[0.275s] Level 1:colcon.colcon_core.environment:checking '/home/user/ws_siasun/install/duco_support' for CMake module files
[0.277s] Level 1:colcon.colcon_core.environment:checking '/home/user/ws_siasun/install/duco_support' for CMake config files
[0.279s] DEBUG:colcon.colcon_core.event_handler.log_command:Invoked command in '/home/user/ws_siasun/build/duco_support' returned '0': CMAKE_PREFIX_PATH=${CMAKE_PREFIX_PATH}:/opt/ros/humble /usr/bin/cmake --install /home/user/ws_siasun/build/duco_support
[0.280s] Level 1:colcon.colcon_core.shell:create_environment_hook('duco_support', 'cmake_prefix_path')
[0.280s] INFO:colcon.colcon_core.shell:Creating environment hook '/home/user/ws_siasun/install/duco_support/share/duco_support/hook/cmake_prefix_path.ps1'
[0.281s] INFO:colcon.colcon_core.shell:Creating environment descriptor '/home/user/ws_siasun/install/duco_support/share/duco_support/hook/cmake_prefix_path.dsv'
[0.282s] INFO:colcon.colcon_core.shell:Creating environment hook '/home/user/ws_siasun/install/duco_support/share/duco_support/hook/cmake_prefix_path.sh'
[0.283s] Level 1:colcon.colcon_core.environment:checking '/home/user/ws_siasun/install/duco_support/bin'
[0.284s] Level 1:colcon.colcon_core.environment:checking '/home/user/ws_siasun/install/duco_support/lib/pkgconfig/duco_support.pc'
[0.284s] Level 1:colcon.colcon_core.environment:checking '/home/user/ws_siasun/install/duco_support/lib/python3.10/site-packages'
[0.284s] Level 1:colcon.colcon_core.environment:checking '/home/user/ws_siasun/install/duco_support/bin'
[0.284s] INFO:colcon.colcon_core.shell:Creating package script '/home/user/ws_siasun/install/duco_support/share/duco_support/package.ps1'
[0.285s] INFO:colcon.colcon_core.shell:Creating package descriptor '/home/user/ws_siasun/install/duco_support/share/duco_support/package.dsv'
[0.286s] INFO:colcon.colcon_core.shell:Creating package script '/home/user/ws_siasun/install/duco_support/share/duco_support/package.sh'
[0.286s] INFO:colcon.colcon_core.shell:Creating package script '/home/user/ws_siasun/install/duco_support/share/duco_support/package.bash'
[0.287s] INFO:colcon.colcon_core.shell:Creating package script '/home/user/ws_siasun/install/duco_support/share/duco_support/package.zsh'
[0.288s] Level 1:colcon.colcon_core.environment:create_file_with_runtime_dependencies(/home/user/ws_siasun/install/duco_support/share/colcon-core/packages/duco_support)
[0.288s] Level 1:colcon.colcon_core.environment:create_environment_scripts_only(duco_support)
[0.289s] Level 1:colcon.colcon_core.environment:checking '/home/user/ws_siasun/install/duco_support' for CMake module files
[0.289s] Level 1:colcon.colcon_core.environment:checking '/home/user/ws_siasun/install/duco_support' for CMake config files
[0.290s] Level 1:colcon.colcon_core.shell:create_environment_hook('duco_support', 'cmake_prefix_path')
[0.290s] INFO:colcon.colcon_core.shell:Creating environment hook '/home/user/ws_siasun/install/duco_support/share/duco_support/hook/cmake_prefix_path.ps1'
[0.291s] INFO:colcon.colcon_core.shell:Creating environment descriptor '/home/user/ws_siasun/install/duco_support/share/duco_support/hook/cmake_prefix_path.dsv'
[0.291s] INFO:colcon.colcon_core.shell:Creating environment hook '/home/user/ws_siasun/install/duco_support/share/duco_support/hook/cmake_prefix_path.sh'
[0.292s] Level 1:colcon.colcon_core.environment:checking '/home/user/ws_siasun/install/duco_support/bin'
[0.292s] Level 1:colcon.colcon_core.environment:checking '/home/user/ws_siasun/install/duco_support/lib/pkgconfig/duco_support.pc'
[0.292s] Level 1:colcon.colcon_core.environment:checking '/home/user/ws_siasun/install/duco_support/lib/python3.10/site-packages'
[0.292s] Level 1:colcon.colcon_core.environment:checking '/home/user/ws_siasun/install/duco_support/bin'
[0.292s] INFO:colcon.colcon_core.shell:Creating package script '/home/user/ws_siasun/install/duco_support/share/duco_support/package.ps1'
[0.293s] INFO:colcon.colcon_core.shell:Creating package descriptor '/home/user/ws_siasun/install/duco_support/share/duco_support/package.dsv'
[0.294s] INFO:colcon.colcon_core.shell:Creating package script '/home/user/ws_siasun/install/duco_support/share/duco_support/package.sh'
[0.294s] INFO:colcon.colcon_core.shell:Creating package script '/home/user/ws_siasun/install/duco_support/share/duco_support/package.bash'
[0.295s] INFO:colcon.colcon_core.shell:Creating package script '/home/user/ws_siasun/install/duco_support/share/duco_support/package.zsh'
[0.295s] Level 1:colcon.colcon_core.environment:create_file_with_runtime_dependencies(/home/user/ws_siasun/install/duco_support/share/colcon-core/packages/duco_support)
[0.295s] INFO:colcon.colcon_ros.task.ament_cmake.build:Building ROS package in '/home/user/ws_siasun/src/duco_arms' with build type 'ament_cmake'
[0.295s] INFO:colcon.colcon_cmake.task.cmake.build:Building CMake package in '/home/user/ws_siasun/src/duco_arms'
[0.296s] INFO:colcon.colcon_core.shell:Skip shell extension 'powershell' for command environment: Not usable outside of PowerShell
[0.296s] DEBUG:colcon.colcon_core.shell:Skip shell extension 'dsv' for command environment
[0.301s] INFO:colcon.colcon_ros.task.ament_cmake.build:Building ROS package in '/home/user/ws_siasun/src/duco_gcr3_618_moveit_config' with build type 'ament_cmake'
[0.301s] INFO:colcon.colcon_cmake.task.cmake.build:Building CMake package in '/home/user/ws_siasun/src/duco_gcr3_618_moveit_config'
[0.301s] INFO:colcon.colcon_core.shell:Skip shell extension 'powershell' for command environment: Not usable outside of PowerShell
[0.301s] DEBUG:colcon.colcon_core.shell:Skip shell extension 'dsv' for command environment
[0.309s] DEBUG:colcon.colcon_core.event_handler.log_command:Invoking command in '/home/user/ws_siasun/build/duco_arms': CMAKE_PREFIX_PATH=/home/user/ws_siasun/install/duco_support:/home/user/ws_siasun/install/robot_control:/home/user/ws_siasun/install/aivt:/home/user/ws_siasun/install/duco_ros_driver:/home/user/ws_siasun/install/duco_gcr3_618_moveit_config:/home/user/ws_siasun/install/duco_arms:/home/user/ws_siasun/install/duco_msg:/home/user/ws_siasun/install/aivt_interfaces:/opt/ros/humble /usr/bin/cmake --build /home/user/ws_siasun/build/duco_arms -- -j16 -l16
[0.312s] DEBUG:colcon.colcon_core.event_handler.log_command:Invoking command in '/home/user/ws_siasun/build/duco_gcr3_618_moveit_config': CMAKE_PREFIX_PATH=/home/user/ws_siasun/install/duco_support:/home/user/ws_siasun/install/robot_control:/home/user/ws_siasun/install/aivt:/home/user/ws_siasun/install/duco_ros_driver:/home/user/ws_siasun/install/duco_gcr3_618_moveit_config:/home/user/ws_siasun/install/duco_arms:/home/user/ws_siasun/install/duco_msg:/home/user/ws_siasun/install/aivt_interfaces:/opt/ros/humble /usr/bin/cmake --build /home/user/ws_siasun/build/duco_gcr3_618_moveit_config -- -j16 -l16
[0.346s] DEBUG:colcon.colcon_core.event_handler.log_command:Invoked command in '/home/user/ws_siasun/build/duco_gcr3_618_moveit_config' returned '0': CMAKE_PREFIX_PATH=/home/user/ws_siasun/install/duco_support:/home/user/ws_siasun/install/robot_control:/home/user/ws_siasun/install/aivt:/home/user/ws_siasun/install/duco_ros_driver:/home/user/ws_siasun/install/duco_gcr3_618_moveit_config:/home/user/ws_siasun/install/duco_arms:/home/user/ws_siasun/install/duco_msg:/home/user/ws_siasun/install/aivt_interfaces:/opt/ros/humble /usr/bin/cmake --build /home/user/ws_siasun/build/duco_gcr3_618_moveit_config -- -j16 -l16
[0.346s] DEBUG:colcon.colcon_core.event_handler.log_command:Invoking command in '/home/user/ws_siasun/build/duco_gcr3_618_moveit_config': CMAKE_PREFIX_PATH=/home/user/ws_siasun/install/duco_support:/home/user/ws_siasun/install/robot_control:/home/user/ws_siasun/install/aivt:/home/user/ws_siasun/install/duco_ros_driver:/home/user/ws_siasun/install/duco_gcr3_618_moveit_config:/home/user/ws_siasun/install/duco_arms:/home/user/ws_siasun/install/duco_msg:/home/user/ws_siasun/install/aivt_interfaces:/opt/ros/humble /usr/bin/cmake --install /home/user/ws_siasun/build/duco_gcr3_618_moveit_config
[0.348s] DEBUG:colcon.colcon_core.event_handler.log_command:Invoked command in '/home/user/ws_siasun/build/duco_arms' returned '0': CMAKE_PREFIX_PATH=/home/user/ws_siasun/install/duco_support:/home/user/ws_siasun/install/robot_control:/home/user/ws_siasun/install/aivt:/home/user/ws_siasun/install/duco_ros_driver:/home/user/ws_siasun/install/duco_gcr3_618_moveit_config:/home/user/ws_siasun/install/duco_arms:/home/user/ws_siasun/install/duco_msg:/home/user/ws_siasun/install/aivt_interfaces:/opt/ros/humble /usr/bin/cmake --build /home/user/ws_siasun/build/duco_arms -- -j16 -l16
[0.349s] DEBUG:colcon.colcon_core.event_handler.log_command:Invoking command in '/home/user/ws_siasun/build/duco_arms': CMAKE_PREFIX_PATH=/home/user/ws_siasun/install/duco_support:/home/user/ws_siasun/install/robot_control:/home/user/ws_siasun/install/aivt:/home/user/ws_siasun/install/duco_ros_driver:/home/user/ws_siasun/install/duco_gcr3_618_moveit_config:/home/user/ws_siasun/install/duco_arms:/home/user/ws_siasun/install/duco_msg:/home/user/ws_siasun/install/aivt_interfaces:/opt/ros/humble /usr/bin/cmake --install /home/user/ws_siasun/build/duco_arms
[0.353s] Level 1:colcon.colcon_core.environment:create_environment_scripts_only(duco_gcr3_618_moveit_config)
[0.354s] Level 1:colcon.colcon_core.environment:checking '/home/user/ws_siasun/install/duco_gcr3_618_moveit_config' for CMake module files
[0.355s] Level 1:colcon.colcon_core.environment:checking '/home/user/ws_siasun/install/duco_gcr3_618_moveit_config' for CMake config files
[0.356s] DEBUG:colcon.colcon_core.event_handler.log_command:Invoked command in '/home/user/ws_siasun/build/duco_gcr3_618_moveit_config' returned '0': CMAKE_PREFIX_PATH=/home/user/ws_siasun/install/duco_support:/home/user/ws_siasun/install/robot_control:/home/user/ws_siasun/install/aivt:/home/user/ws_siasun/install/duco_ros_driver:/home/user/ws_siasun/install/duco_gcr3_618_moveit_config:/home/user/ws_siasun/install/duco_arms:/home/user/ws_siasun/install/duco_msg:/home/user/ws_siasun/install/aivt_interfaces:/opt/ros/humble /usr/bin/cmake --install /home/user/ws_siasun/build/duco_gcr3_618_moveit_config
[0.357s] Level 1:colcon.colcon_core.shell:create_environment_hook('duco_gcr3_618_moveit_config', 'cmake_prefix_path')
[0.357s] INFO:colcon.colcon_core.shell:Creating environment hook '/home/user/ws_siasun/install/duco_gcr3_618_moveit_config/share/duco_gcr3_618_moveit_config/hook/cmake_prefix_path.ps1'
[0.359s] INFO:colcon.colcon_core.shell:Creating environment descriptor '/home/user/ws_siasun/install/duco_gcr3_618_moveit_config/share/duco_gcr3_618_moveit_config/hook/cmake_prefix_path.dsv'
[0.359s] INFO:colcon.colcon_core.shell:Creating environment hook '/home/user/ws_siasun/install/duco_gcr3_618_moveit_config/share/duco_gcr3_618_moveit_config/hook/cmake_prefix_path.sh'
[0.359s] Level 1:colcon.colcon_core.environment:checking '/home/user/ws_siasun/install/duco_gcr3_618_moveit_config/bin'
[0.359s] Level 1:colcon.colcon_core.environment:checking '/home/user/ws_siasun/install/duco_gcr3_618_moveit_config/lib/pkgconfig/duco_gcr3_618_moveit_config.pc'
[0.360s] Level 1:colcon.colcon_core.environment:checking '/home/user/ws_siasun/install/duco_gcr3_618_moveit_config/lib/python3.10/site-packages'
[0.360s] Level 1:colcon.colcon_core.environment:checking '/home/user/ws_siasun/install/duco_gcr3_618_moveit_config/bin'
[0.360s] INFO:colcon.colcon_core.shell:Creating package script '/home/user/ws_siasun/install/duco_gcr3_618_moveit_config/share/duco_gcr3_618_moveit_config/package.ps1'
[0.360s] INFO:colcon.colcon_core.shell:Creating package descriptor '/home/user/ws_siasun/install/duco_gcr3_618_moveit_config/share/duco_gcr3_618_moveit_config/package.dsv'
[0.360s] INFO:colcon.colcon_core.shell:Creating package script '/home/user/ws_siasun/install/duco_gcr3_618_moveit_config/share/duco_gcr3_618_moveit_config/package.sh'
[0.361s] INFO:colcon.colcon_core.shell:Creating package script '/home/user/ws_siasun/install/duco_gcr3_618_moveit_config/share/duco_gcr3_618_moveit_config/package.bash'
[0.361s] INFO:colcon.colcon_core.shell:Creating package script '/home/user/ws_siasun/install/duco_gcr3_618_moveit_config/share/duco_gcr3_618_moveit_config/package.zsh'
[0.361s] Level 1:colcon.colcon_core.environment:create_file_with_runtime_dependencies(/home/user/ws_siasun/install/duco_gcr3_618_moveit_config/share/colcon-core/packages/duco_gcr3_618_moveit_config)
[0.362s] Level 1:colcon.colcon_core.environment:create_environment_scripts_only(duco_gcr3_618_moveit_config)
[0.362s] Level 1:colcon.colcon_core.environment:checking '/home/user/ws_siasun/install/duco_gcr3_618_moveit_config' for CMake module files
[0.362s] Level 1:colcon.colcon_core.environment:checking '/home/user/ws_siasun/install/duco_gcr3_618_moveit_config' for CMake config files
[0.362s] Level 1:colcon.colcon_core.shell:create_environment_hook('duco_gcr3_618_moveit_config', 'cmake_prefix_path')
[0.362s] INFO:colcon.colcon_core.shell:Creating environment hook '/home/user/ws_siasun/install/duco_gcr3_618_moveit_config/share/duco_gcr3_618_moveit_config/hook/cmake_prefix_path.ps1'
[0.363s] INFO:colcon.colcon_core.shell:Creating environment descriptor '/home/user/ws_siasun/install/duco_gcr3_618_moveit_config/share/duco_gcr3_618_moveit_config/hook/cmake_prefix_path.dsv'
[0.363s] INFO:colcon.colcon_core.shell:Creating environment hook '/home/user/ws_siasun/install/duco_gcr3_618_moveit_config/share/duco_gcr3_618_moveit_config/hook/cmake_prefix_path.sh'
[0.363s] Level 1:colcon.colcon_core.environment:checking '/home/user/ws_siasun/install/duco_gcr3_618_moveit_config/bin'
[0.363s] Level 1:colcon.colcon_core.environment:checking '/home/user/ws_siasun/install/duco_gcr3_618_moveit_config/lib/pkgconfig/duco_gcr3_618_moveit_config.pc'
[0.363s] Level 1:colcon.colcon_core.environment:checking '/home/user/ws_siasun/install/duco_gcr3_618_moveit_config/lib/python3.10/site-packages'
[0.363s] Level 1:colcon.colcon_core.environment:checking '/home/user/ws_siasun/install/duco_gcr3_618_moveit_config/bin'
[0.364s] INFO:colcon.colcon_core.shell:Creating package script '/home/user/ws_siasun/install/duco_gcr3_618_moveit_config/share/duco_gcr3_618_moveit_config/package.ps1'
[0.364s] INFO:colcon.colcon_core.shell:Creating package descriptor '/home/user/ws_siasun/install/duco_gcr3_618_moveit_config/share/duco_gcr3_618_moveit_config/package.dsv'
[0.364s] INFO:colcon.colcon_core.shell:Creating package script '/home/user/ws_siasun/install/duco_gcr3_618_moveit_config/share/duco_gcr3_618_moveit_config/package.sh'
[0.365s] INFO:colcon.colcon_core.shell:Creating package script '/home/user/ws_siasun/install/duco_gcr3_618_moveit_config/share/duco_gcr3_618_moveit_config/package.bash'
[0.365s] INFO:colcon.colcon_core.shell:Creating package script '/home/user/ws_siasun/install/duco_gcr3_618_moveit_config/share/duco_gcr3_618_moveit_config/package.zsh'
[0.365s] Level 1:colcon.colcon_core.environment:create_file_with_runtime_dependencies(/home/user/ws_siasun/install/duco_gcr3_618_moveit_config/share/colcon-core/packages/duco_gcr3_618_moveit_config)
[0.366s] Level 1:colcon.colcon_core.environment:create_environment_scripts_only(duco_arms)
[0.366s] Level 1:colcon.colcon_core.environment:checking '/home/user/ws_siasun/install/duco_arms' for CMake module files
[0.367s] DEBUG:colcon.colcon_core.event_handler.log_command:Invoked command in '/home/user/ws_siasun/build/duco_arms' returned '0': CMAKE_PREFIX_PATH=/home/user/ws_siasun/install/duco_support:/home/user/ws_siasun/install/robot_control:/home/user/ws_siasun/install/aivt:/home/user/ws_siasun/install/duco_ros_driver:/home/user/ws_siasun/install/duco_gcr3_618_moveit_config:/home/user/ws_siasun/install/duco_arms:/home/user/ws_siasun/install/duco_msg:/home/user/ws_siasun/install/aivt_interfaces:/opt/ros/humble /usr/bin/cmake --install /home/user/ws_siasun/build/duco_arms
[0.367s] Level 1:colcon.colcon_core.environment:checking '/home/user/ws_siasun/install/duco_arms' for CMake config files
[0.367s] Level 1:colcon.colcon_core.shell:create_environment_hook('duco_arms', 'cmake_prefix_path')
[0.367s] INFO:colcon.colcon_core.shell:Creating environment hook '/home/user/ws_siasun/install/duco_arms/share/duco_arms/hook/cmake_prefix_path.ps1'
[0.367s] INFO:colcon.colcon_core.shell:Creating environment descriptor '/home/user/ws_siasun/install/duco_arms/share/duco_arms/hook/cmake_prefix_path.dsv'
[0.368s] INFO:colcon.colcon_core.shell:Creating environment hook '/home/user/ws_siasun/install/duco_arms/share/duco_arms/hook/cmake_prefix_path.sh'
[0.368s] Level 1:colcon.colcon_core.environment:checking '/home/user/ws_siasun/install/duco_arms/bin'
[0.368s] Level 1:colcon.colcon_core.environment:checking '/home/user/ws_siasun/install/duco_arms/lib/pkgconfig/duco_arms.pc'
[0.368s] Level 1:colcon.colcon_core.environment:checking '/home/user/ws_siasun/install/duco_arms/lib/python3.10/site-packages'
[0.368s] Level 1:colcon.colcon_core.environment:checking '/home/user/ws_siasun/install/duco_arms/bin'
[0.369s] INFO:colcon.colcon_core.shell:Creating package script '/home/user/ws_siasun/install/duco_arms/share/duco_arms/package.ps1'
[0.369s] INFO:colcon.colcon_core.shell:Creating package descriptor '/home/user/ws_siasun/install/duco_arms/share/duco_arms/package.dsv'
[0.369s] INFO:colcon.colcon_core.shell:Creating package script '/home/user/ws_siasun/install/duco_arms/share/duco_arms/package.sh'
[0.369s] INFO:colcon.colcon_core.shell:Creating package script '/home/user/ws_siasun/install/duco_arms/share/duco_arms/package.bash'
[0.370s] INFO:colcon.colcon_core.shell:Creating package script '/home/user/ws_siasun/install/duco_arms/share/duco_arms/package.zsh'
[0.370s] Level 1:colcon.colcon_core.environment:create_file_with_runtime_dependencies(/home/user/ws_siasun/install/duco_arms/share/colcon-core/packages/duco_arms)
[0.370s] Level 1:colcon.colcon_core.environment:create_environment_scripts_only(duco_arms)
[0.370s] Level 1:colcon.colcon_core.environment:checking '/home/user/ws_siasun/install/duco_arms' for CMake module files
[0.371s] Level 1:colcon.colcon_core.environment:checking '/home/user/ws_siasun/install/duco_arms' for CMake config files
[0.371s] Level 1:colcon.colcon_core.shell:create_environment_hook('duco_arms', 'cmake_prefix_path')
[0.371s] INFO:colcon.colcon_core.shell:Creating environment hook '/home/user/ws_siasun/install/duco_arms/share/duco_arms/hook/cmake_prefix_path.ps1'
[0.371s] INFO:colcon.colcon_core.shell:Creating environment descriptor '/home/user/ws_siasun/install/duco_arms/share/duco_arms/hook/cmake_prefix_path.dsv'
[0.372s] INFO:colcon.colcon_core.shell:Creating environment hook '/home/user/ws_siasun/install/duco_arms/share/duco_arms/hook/cmake_prefix_path.sh'
[0.372s] Level 1:colcon.colcon_core.environment:checking '/home/user/ws_siasun/install/duco_arms/bin'
[0.372s] Level 1:colcon.colcon_core.environment:checking '/home/user/ws_siasun/install/duco_arms/lib/pkgconfig/duco_arms.pc'
[0.372s] Level 1:colcon.colcon_core.environment:checking '/home/user/ws_siasun/install/duco_arms/lib/python3.10/site-packages'
[0.372s] Level 1:colcon.colcon_core.environment:checking '/home/user/ws_siasun/install/duco_arms/bin'
[0.373s] INFO:colcon.colcon_core.shell:Creating package script '/home/user/ws_siasun/install/duco_arms/share/duco_arms/package.ps1'
[0.373s] INFO:colcon.colcon_core.shell:Creating package descriptor '/home/user/ws_siasun/install/duco_arms/share/duco_arms/package.dsv'
[0.374s] INFO:colcon.colcon_core.shell:Creating package script '/home/user/ws_siasun/install/duco_arms/share/duco_arms/package.sh'
[0.375s] INFO:colcon.colcon_core.shell:Creating package script '/home/user/ws_siasun/install/duco_arms/share/duco_arms/package.bash'
[0.375s] INFO:colcon.colcon_core.shell:Creating package script '/home/user/ws_siasun/install/duco_arms/share/duco_arms/package.zsh'
[0.376s] Level 1:colcon.colcon_core.environment:create_file_with_runtime_dependencies(/home/user/ws_siasun/install/duco_arms/share/colcon-core/packages/duco_arms)
[0.497s] DEBUG:colcon.colcon_core.event_handler.log_command:Invoked command in '/home/user/ws_siasun/build/aivt_interfaces' returned '0': CMAKE_PREFIX_PATH=${CMAKE_PREFIX_PATH}:/opt/ros/humble /usr/bin/cmake --build /home/user/ws_siasun/build/aivt_interfaces -- -j16 -l16
[0.498s] DEBUG:colcon.colcon_core.event_handler.log_command:Invoking command in '/home/user/ws_siasun/build/aivt_interfaces': CMAKE_PREFIX_PATH=${CMAKE_PREFIX_PATH}:/opt/ros/humble /usr/bin/cmake --install /home/user/ws_siasun/build/aivt_interfaces
[0.500s] DEBUG:colcon.colcon_core.event_handler.log_command:Invoked command in '/home/user/ws_siasun/build/duco_msg' returned '0': CMAKE_PREFIX_PATH=${CMAKE_PREFIX_PATH}:/opt/ros/humble /usr/bin/cmake --build /home/user/ws_siasun/build/duco_msg -- -j16 -l16
[0.502s] DEBUG:colcon.colcon_core.event_handler.log_command:Invoking command in '/home/user/ws_siasun/build/duco_msg': CMAKE_PREFIX_PATH=${CMAKE_PREFIX_PATH}:/opt/ros/humble /usr/bin/cmake --install /home/user/ws_siasun/build/duco_msg
[0.536s] Level 1:colcon.colcon_core.environment:create_environment_scripts_only(aivt_interfaces)
[0.537s] DEBUG:colcon.colcon_core.event_handler.log_command:Invoked command in '/home/user/ws_siasun/build/aivt_interfaces' returned '0': CMAKE_PREFIX_PATH=${CMAKE_PREFIX_PATH}:/opt/ros/humble /usr/bin/cmake --install /home/user/ws_siasun/build/aivt_interfaces
[0.537s] Level 1:colcon.colcon_core.environment:checking '/home/user/ws_siasun/install/aivt_interfaces' for CMake module files
[0.538s] Level 1:colcon.colcon_core.environment:checking '/home/user/ws_siasun/install/aivt_interfaces' for CMake config files
[0.538s] Level 1:colcon.colcon_core.shell:create_environment_hook('aivt_interfaces', 'cmake_prefix_path')
[0.538s] INFO:colcon.colcon_core.shell:Creating environment hook '/home/user/ws_siasun/install/aivt_interfaces/share/aivt_interfaces/hook/cmake_prefix_path.ps1'
[0.539s] INFO:colcon.colcon_core.shell:Creating environment descriptor '/home/user/ws_siasun/install/aivt_interfaces/share/aivt_interfaces/hook/cmake_prefix_path.dsv'
[0.539s] INFO:colcon.colcon_core.shell:Creating environment hook '/home/user/ws_siasun/install/aivt_interfaces/share/aivt_interfaces/hook/cmake_prefix_path.sh'
[0.540s] Level 1:colcon.colcon_core.environment:checking '/home/user/ws_siasun/install/aivt_interfaces/lib'
[0.541s] Level 1:colcon.colcon_core.shell:create_environment_hook('aivt_interfaces', 'ld_library_path_lib')
[0.541s] INFO:colcon.colcon_core.shell:Creating environment hook '/home/user/ws_siasun/install/aivt_interfaces/share/aivt_interfaces/hook/ld_library_path_lib.ps1'
[0.543s] INFO:colcon.colcon_core.shell:Creating environment descriptor '/home/user/ws_siasun/install/aivt_interfaces/share/aivt_interfaces/hook/ld_library_path_lib.dsv'
[0.543s] INFO:colcon.colcon_core.shell:Creating environment hook '/home/user/ws_siasun/install/aivt_interfaces/share/aivt_interfaces/hook/ld_library_path_lib.sh'
[0.544s] Level 1:colcon.colcon_core.environment:checking '/home/user/ws_siasun/install/aivt_interfaces/bin'
[0.544s] Level 1:colcon.colcon_core.environment:checking '/home/user/ws_siasun/install/aivt_interfaces/lib/pkgconfig/aivt_interfaces.pc'
[0.544s] Level 1:colcon.colcon_core.environment:checking '/home/user/ws_siasun/install/aivt_interfaces/lib/python3.10/site-packages'
[0.544s] Level 1:colcon.colcon_core.environment:checking '/home/user/ws_siasun/install/aivt_interfaces/bin'
[0.544s] INFO:colcon.colcon_core.shell:Creating package script '/home/user/ws_siasun/install/aivt_interfaces/share/aivt_interfaces/package.ps1'
[0.544s] INFO:colcon.colcon_core.shell:Creating package descriptor '/home/user/ws_siasun/install/aivt_interfaces/share/aivt_interfaces/package.dsv'
[0.545s] INFO:colcon.colcon_core.shell:Creating package script '/home/user/ws_siasun/install/aivt_interfaces/share/aivt_interfaces/package.sh'
[0.545s] INFO:colcon.colcon_core.shell:Creating package script '/home/user/ws_siasun/install/aivt_interfaces/share/aivt_interfaces/package.bash'
[0.545s] INFO:colcon.colcon_core.shell:Creating package script '/home/user/ws_siasun/install/aivt_interfaces/share/aivt_interfaces/package.zsh'
[0.545s] Level 1:colcon.colcon_core.environment:create_file_with_runtime_dependencies(/home/user/ws_siasun/install/aivt_interfaces/share/colcon-core/packages/aivt_interfaces)
[0.546s] Level 1:colcon.colcon_core.environment:create_environment_scripts_only(aivt_interfaces)
[0.546s] Level 1:colcon.colcon_core.environment:checking '/home/user/ws_siasun/install/aivt_interfaces' for CMake module files
[0.546s] Level 1:colcon.colcon_core.environment:checking '/home/user/ws_siasun/install/aivt_interfaces' for CMake config files
[0.546s] Level 1:colcon.colcon_core.shell:create_environment_hook('aivt_interfaces', 'cmake_prefix_path')
[0.546s] INFO:colcon.colcon_core.shell:Creating environment hook '/home/user/ws_siasun/install/aivt_interfaces/share/aivt_interfaces/hook/cmake_prefix_path.ps1'
[0.547s] INFO:colcon.colcon_core.shell:Creating environment descriptor '/home/user/ws_siasun/install/aivt_interfaces/share/aivt_interfaces/hook/cmake_prefix_path.dsv'
[0.547s] INFO:colcon.colcon_core.shell:Creating environment hook '/home/user/ws_siasun/install/aivt_interfaces/share/aivt_interfaces/hook/cmake_prefix_path.sh'
[0.547s] Level 1:colcon.colcon_core.environment:checking '/home/user/ws_siasun/install/aivt_interfaces/lib'
[0.547s] Level 1:colcon.colcon_core.shell:create_environment_hook('aivt_interfaces', 'ld_library_path_lib')
[0.547s] INFO:colcon.colcon_core.shell:Creating environment hook '/home/user/ws_siasun/install/aivt_interfaces/share/aivt_interfaces/hook/ld_library_path_lib.ps1'
[0.548s] INFO:colcon.colcon_core.shell:Creating environment descriptor '/home/user/ws_siasun/install/aivt_interfaces/share/aivt_interfaces/hook/ld_library_path_lib.dsv'
[0.548s] INFO:colcon.colcon_core.shell:Creating environment hook '/home/user/ws_siasun/install/aivt_interfaces/share/aivt_interfaces/hook/ld_library_path_lib.sh'
[0.548s] Level 1:colcon.colcon_core.environment:checking '/home/user/ws_siasun/install/aivt_interfaces/bin'
[0.548s] Level 1:colcon.colcon_core.environment:checking '/home/user/ws_siasun/install/aivt_interfaces/lib/pkgconfig/aivt_interfaces.pc'
[0.548s] Level 1:colcon.colcon_core.environment:checking '/home/user/ws_siasun/install/aivt_interfaces/lib/python3.10/site-packages'
[0.548s] Level 1:colcon.colcon_core.environment:checking '/home/user/ws_siasun/install/aivt_interfaces/bin'
[0.548s] INFO:colcon.colcon_core.shell:Creating package script '/home/user/ws_siasun/install/aivt_interfaces/share/aivt_interfaces/package.ps1'
[0.549s] INFO:colcon.colcon_core.shell:Creating package descriptor '/home/user/ws_siasun/install/aivt_interfaces/share/aivt_interfaces/package.dsv'
[0.549s] INFO:colcon.colcon_core.shell:Creating package script '/home/user/ws_siasun/install/aivt_interfaces/share/aivt_interfaces/package.sh'
[0.549s] INFO:colcon.colcon_core.shell:Creating package script '/home/user/ws_siasun/install/aivt_interfaces/share/aivt_interfaces/package.bash'
[0.549s] INFO:colcon.colcon_core.shell:Creating package script '/home/user/ws_siasun/install/aivt_interfaces/share/aivt_interfaces/package.zsh'
[0.550s] Level 1:colcon.colcon_core.environment:create_file_with_runtime_dependencies(/home/user/ws_siasun/install/aivt_interfaces/share/colcon-core/packages/aivt_interfaces)
[0.551s] Level 1:colcon.colcon_core.environment:create_environment_scripts_only(duco_msg)
[0.551s] Level 1:colcon.colcon_core.environment:checking '/home/user/ws_siasun/install/duco_msg' for CMake module files
[0.551s] DEBUG:colcon.colcon_core.event_handler.log_command:Invoked command in '/home/user/ws_siasun/build/duco_msg' returned '0': CMAKE_PREFIX_PATH=${CMAKE_PREFIX_PATH}:/opt/ros/humble /usr/bin/cmake --install /home/user/ws_siasun/build/duco_msg
[0.552s] Level 1:colcon.colcon_core.environment:checking '/home/user/ws_siasun/install/duco_msg' for CMake config files
[0.552s] Level 1:colcon.colcon_core.shell:create_environment_hook('duco_msg', 'cmake_prefix_path')
[0.552s] INFO:colcon.colcon_core.shell:Creating environment hook '/home/user/ws_siasun/install/duco_msg/share/duco_msg/hook/cmake_prefix_path.ps1'
[0.553s] INFO:colcon.colcon_core.shell:Creating environment descriptor '/home/user/ws_siasun/install/duco_msg/share/duco_msg/hook/cmake_prefix_path.dsv'
[0.553s] INFO:colcon.colcon_core.shell:Creating environment hook '/home/user/ws_siasun/install/duco_msg/share/duco_msg/hook/cmake_prefix_path.sh'
[0.554s] Level 1:colcon.colcon_core.environment:checking '/home/user/ws_siasun/install/duco_msg/lib'
[0.554s] Level 1:colcon.colcon_core.shell:create_environment_hook('duco_msg', 'ld_library_path_lib')
[0.554s] INFO:colcon.colcon_core.shell:Creating environment hook '/home/user/ws_siasun/install/duco_msg/share/duco_msg/hook/ld_library_path_lib.ps1'
[0.555s] INFO:colcon.colcon_core.shell:Creating environment descriptor '/home/user/ws_siasun/install/duco_msg/share/duco_msg/hook/ld_library_path_lib.dsv'
[0.555s] INFO:colcon.colcon_core.shell:Creating environment hook '/home/user/ws_siasun/install/duco_msg/share/duco_msg/hook/ld_library_path_lib.sh'
[0.555s] Level 1:colcon.colcon_core.environment:checking '/home/user/ws_siasun/install/duco_msg/bin'
[0.555s] Level 1:colcon.colcon_core.environment:checking '/home/user/ws_siasun/install/duco_msg/lib/pkgconfig/duco_msg.pc'
[0.556s] Level 1:colcon.colcon_core.environment:checking '/home/user/ws_siasun/install/duco_msg/lib/python3.10/site-packages'
[0.556s] Level 1:colcon.colcon_core.environment:checking '/home/user/ws_siasun/install/duco_msg/bin'
[0.556s] INFO:colcon.colcon_core.shell:Creating package script '/home/user/ws_siasun/install/duco_msg/share/duco_msg/package.ps1'
[0.556s] INFO:colcon.colcon_core.shell:Creating package descriptor '/home/user/ws_siasun/install/duco_msg/share/duco_msg/package.dsv'
[0.556s] INFO:colcon.colcon_core.shell:Creating package script '/home/user/ws_siasun/install/duco_msg/share/duco_msg/package.sh'
[0.557s] INFO:colcon.colcon_core.shell:Creating package script '/home/user/ws_siasun/install/duco_msg/share/duco_msg/package.bash'
[0.557s] INFO:colcon.colcon_core.shell:Creating package script '/home/user/ws_siasun/install/duco_msg/share/duco_msg/package.zsh'
[0.557s] Level 1:colcon.colcon_core.environment:create_file_with_runtime_dependencies(/home/user/ws_siasun/install/duco_msg/share/colcon-core/packages/duco_msg)
[0.557s] Level 1:colcon.colcon_core.environment:create_environment_scripts_only(duco_msg)
[0.557s] Level 1:colcon.colcon_core.environment:checking '/home/user/ws_siasun/install/duco_msg' for CMake module files
[0.558s] Level 1:colcon.colcon_core.environment:checking '/home/user/ws_siasun/install/duco_msg' for CMake config files
[0.558s] Level 1:colcon.colcon_core.shell:create_environment_hook('duco_msg', 'cmake_prefix_path')
[0.558s] INFO:colcon.colcon_core.shell:Creating environment hook '/home/user/ws_siasun/install/duco_msg/share/duco_msg/hook/cmake_prefix_path.ps1'
[0.558s] INFO:colcon.colcon_core.shell:Creating environment descriptor '/home/user/ws_siasun/install/duco_msg/share/duco_msg/hook/cmake_prefix_path.dsv'
[0.559s] INFO:colcon.colcon_core.shell:Creating environment hook '/home/user/ws_siasun/install/duco_msg/share/duco_msg/hook/cmake_prefix_path.sh'
[0.559s] Level 1:colcon.colcon_core.environment:checking '/home/user/ws_siasun/install/duco_msg/lib'
[0.559s] Level 1:colcon.colcon_core.shell:create_environment_hook('duco_msg', 'ld_library_path_lib')
[0.559s] INFO:colcon.colcon_core.shell:Creating environment hook '/home/user/ws_siasun/install/duco_msg/share/duco_msg/hook/ld_library_path_lib.ps1'
[0.559s] INFO:colcon.colcon_core.shell:Creating environment descriptor '/home/user/ws_siasun/install/duco_msg/share/duco_msg/hook/ld_library_path_lib.dsv'
[0.559s] INFO:colcon.colcon_core.shell:Creating environment hook '/home/user/ws_siasun/install/duco_msg/share/duco_msg/hook/ld_library_path_lib.sh'
[0.560s] Level 1:colcon.colcon_core.environment:checking '/home/user/ws_siasun/install/duco_msg/bin'
[0.560s] Level 1:colcon.colcon_core.environment:checking '/home/user/ws_siasun/install/duco_msg/lib/pkgconfig/duco_msg.pc'
[0.560s] Level 1:colcon.colcon_core.environment:checking '/home/user/ws_siasun/install/duco_msg/lib/python3.10/site-packages'
[0.560s] Level 1:colcon.colcon_core.environment:checking '/home/user/ws_siasun/install/duco_msg/bin'
[0.560s] INFO:colcon.colcon_core.shell:Creating package script '/home/user/ws_siasun/install/duco_msg/share/duco_msg/package.ps1'
[0.560s] INFO:colcon.colcon_core.shell:Creating package descriptor '/home/user/ws_siasun/install/duco_msg/share/duco_msg/package.dsv'
[0.561s] INFO:colcon.colcon_core.shell:Creating package script '/home/user/ws_siasun/install/duco_msg/share/duco_msg/package.sh'
[0.561s] INFO:colcon.colcon_core.shell:Creating package script '/home/user/ws_siasun/install/duco_msg/share/duco_msg/package.bash'
[0.561s] INFO:colcon.colcon_core.shell:Creating package script '/home/user/ws_siasun/install/duco_msg/share/duco_msg/package.zsh'
[0.562s] Level 1:colcon.colcon_core.environment:create_file_with_runtime_dependencies(/home/user/ws_siasun/install/duco_msg/share/colcon-core/packages/duco_msg)
[0.562s] INFO:colcon.colcon_ros.task.ament_cmake.build:Building ROS package in '/home/user/ws_siasun/src/duco_ros_driver' with build type 'ament_cmake'
[0.562s] INFO:colcon.colcon_cmake.task.cmake.build:Building CMake package in '/home/user/ws_siasun/src/duco_ros_driver'
[0.562s] INFO:colcon.colcon_core.shell:Skip shell extension 'powershell' for command environment: Not usable outside of PowerShell
[0.562s] DEBUG:colcon.colcon_core.shell:Skip shell extension 'dsv' for command environment
[0.565s] INFO:colcon.colcon_ros.task.ament_cmake.build:Building ROS package in '/home/user/ws_siasun/src/robot_control' with build type 'ament_cmake'
[0.565s] INFO:colcon.colcon_cmake.task.cmake.build:Building CMake package in '/home/user/ws_siasun/src/robot_control'
[0.565s] INFO:colcon.colcon_core.shell:Skip shell extension 'powershell' for command environment: Not usable outside of PowerShell
[0.565s] DEBUG:colcon.colcon_core.shell:Skip shell extension 'dsv' for command environment
[0.572s] DEBUG:colcon.colcon_core.event_handler.log_command:Invoking command in '/home/user/ws_siasun/build/duco_ros_driver': CMAKE_PREFIX_PATH=/home/user/ws_siasun/install/duco_arms:/home/user/ws_siasun/install/duco_support:/home/user/ws_siasun/install/duco_msg:/home/user/ws_siasun/install/robot_control:/home/user/ws_siasun/install/aivt:/home/user/ws_siasun/install/duco_ros_driver:/home/user/ws_siasun/install/duco_gcr3_618_moveit_config:/home/user/ws_siasun/install/aivt_interfaces:/opt/ros/humble /usr/bin/cmake --build /home/user/ws_siasun/build/duco_ros_driver -- -j16 -l16
[0.575s] DEBUG:colcon.colcon_core.event_handler.log_command:Invoking command in '/home/user/ws_siasun/build/robot_control': CMAKE_PREFIX_PATH=/home/user/ws_siasun/install/duco_msg:/home/user/ws_siasun/install/robot_control:/home/user/ws_siasun/install/aivt:/home/user/ws_siasun/install/duco_ros_driver:/home/user/ws_siasun/install/duco_gcr3_618_moveit_config:/home/user/ws_siasun/install/duco_arms:/home/user/ws_siasun/install/duco_support:/home/user/ws_siasun/install/aivt_interfaces:/opt/ros/humble /usr/bin/cmake --build /home/user/ws_siasun/build/robot_control -- -j16 -l16
[0.623s] DEBUG:colcon.colcon_core.event_handler.log_command:Invoked command in '/home/user/ws_siasun/build/duco_ros_driver' returned '0': CMAKE_PREFIX_PATH=/home/user/ws_siasun/install/duco_arms:/home/user/ws_siasun/install/duco_support:/home/user/ws_siasun/install/duco_msg:/home/user/ws_siasun/install/robot_control:/home/user/ws_siasun/install/aivt:/home/user/ws_siasun/install/duco_ros_driver:/home/user/ws_siasun/install/duco_gcr3_618_moveit_config:/home/user/ws_siasun/install/aivt_interfaces:/opt/ros/humble /usr/bin/cmake --build /home/user/ws_siasun/build/duco_ros_driver -- -j16 -l16
[0.624s] DEBUG:colcon.colcon_core.event_handler.log_command:Invoking command in '/home/user/ws_siasun/build/duco_ros_driver': CMAKE_PREFIX_PATH=/home/user/ws_siasun/install/duco_arms:/home/user/ws_siasun/install/duco_support:/home/user/ws_siasun/install/duco_msg:/home/user/ws_siasun/install/robot_control:/home/user/ws_siasun/install/aivt:/home/user/ws_siasun/install/duco_ros_driver:/home/user/ws_siasun/install/duco_gcr3_618_moveit_config:/home/user/ws_siasun/install/aivt_interfaces:/opt/ros/humble /usr/bin/cmake --install /home/user/ws_siasun/build/duco_ros_driver
[0.632s] Level 1:colcon.colcon_core.environment:create_environment_scripts_only(duco_ros_driver)
[0.632s] Level 1:colcon.colcon_core.environment:checking '/home/user/ws_siasun/install/duco_ros_driver' for CMake module files
[0.632s] DEBUG:colcon.colcon_core.event_handler.log_command:Invoked command in '/home/user/ws_siasun/build/duco_ros_driver' returned '0': CMAKE_PREFIX_PATH=/home/user/ws_siasun/install/duco_arms:/home/user/ws_siasun/install/duco_support:/home/user/ws_siasun/install/duco_msg:/home/user/ws_siasun/install/robot_control:/home/user/ws_siasun/install/aivt:/home/user/ws_siasun/install/duco_ros_driver:/home/user/ws_siasun/install/duco_gcr3_618_moveit_config:/home/user/ws_siasun/install/aivt_interfaces:/opt/ros/humble /usr/bin/cmake --install /home/user/ws_siasun/build/duco_ros_driver
[0.633s] Level 1:colcon.colcon_core.environment:checking '/home/user/ws_siasun/install/duco_ros_driver' for CMake config files
[0.633s] Level 1:colcon.colcon_core.shell:create_environment_hook('duco_ros_driver', 'cmake_prefix_path')
[0.633s] INFO:colcon.colcon_core.shell:Creating environment hook '/home/user/ws_siasun/install/duco_ros_driver/share/duco_ros_driver/hook/cmake_prefix_path.ps1'
[0.633s] INFO:colcon.colcon_core.shell:Creating environment descriptor '/home/user/ws_siasun/install/duco_ros_driver/share/duco_ros_driver/hook/cmake_prefix_path.dsv'
[0.634s] INFO:colcon.colcon_core.shell:Creating environment hook '/home/user/ws_siasun/install/duco_ros_driver/share/duco_ros_driver/hook/cmake_prefix_path.sh'
[0.634s] Level 1:colcon.colcon_core.environment:checking '/home/user/ws_siasun/install/duco_ros_driver/lib'
[0.634s] Level 1:colcon.colcon_core.environment:checking '/home/user/ws_siasun/install/duco_ros_driver/bin'
[0.634s] Level 1:colcon.colcon_core.environment:checking '/home/user/ws_siasun/install/duco_ros_driver/lib/pkgconfig/duco_ros_driver.pc'
[0.634s] Level 1:colcon.colcon_core.environment:checking '/home/user/ws_siasun/install/duco_ros_driver/lib/python3.10/site-packages'
[0.634s] Level 1:colcon.colcon_core.environment:checking '/home/user/ws_siasun/install/duco_ros_driver/bin'
[0.635s] INFO:colcon.colcon_core.shell:Creating package script '/home/user/ws_siasun/install/duco_ros_driver/share/duco_ros_driver/package.ps1'
[0.635s] INFO:colcon.colcon_core.shell:Creating package descriptor '/home/user/ws_siasun/install/duco_ros_driver/share/duco_ros_driver/package.dsv'
[0.635s] INFO:colcon.colcon_core.shell:Creating package script '/home/user/ws_siasun/install/duco_ros_driver/share/duco_ros_driver/package.sh'
[0.635s] INFO:colcon.colcon_core.shell:Creating package script '/home/user/ws_siasun/install/duco_ros_driver/share/duco_ros_driver/package.bash'
[0.636s] INFO:colcon.colcon_core.shell:Creating package script '/home/user/ws_siasun/install/duco_ros_driver/share/duco_ros_driver/package.zsh'
[0.636s] Level 1:colcon.colcon_core.environment:create_file_with_runtime_dependencies(/home/user/ws_siasun/install/duco_ros_driver/share/colcon-core/packages/duco_ros_driver)
[0.636s] Level 1:colcon.colcon_core.environment:create_environment_scripts_only(duco_ros_driver)
[0.636s] Level 1:colcon.colcon_core.environment:checking '/home/user/ws_siasun/install/duco_ros_driver' for CMake module files
[0.637s] Level 1:colcon.colcon_core.environment:checking '/home/user/ws_siasun/install/duco_ros_driver' for CMake config files
[0.637s] Level 1:colcon.colcon_core.shell:create_environment_hook('duco_ros_driver', 'cmake_prefix_path')
[0.637s] INFO:colcon.colcon_core.shell:Creating environment hook '/home/user/ws_siasun/install/duco_ros_driver/share/duco_ros_driver/hook/cmake_prefix_path.ps1'
[0.638s] INFO:colcon.colcon_core.shell:Creating environment descriptor '/home/user/ws_siasun/install/duco_ros_driver/share/duco_ros_driver/hook/cmake_prefix_path.dsv'
[0.638s] INFO:colcon.colcon_core.shell:Creating environment hook '/home/user/ws_siasun/install/duco_ros_driver/share/duco_ros_driver/hook/cmake_prefix_path.sh'
[0.639s] Level 1:colcon.colcon_core.environment:checking '/home/user/ws_siasun/install/duco_ros_driver/lib'
[0.639s] Level 1:colcon.colcon_core.environment:checking '/home/user/ws_siasun/install/duco_ros_driver/bin'
[0.639s] Level 1:colcon.colcon_core.environment:checking '/home/user/ws_siasun/install/duco_ros_driver/lib/pkgconfig/duco_ros_driver.pc'
[0.639s] Level 1:colcon.colcon_core.environment:checking '/home/user/ws_siasun/install/duco_ros_driver/lib/python3.10/site-packages'
[0.639s] Level 1:colcon.colcon_core.environment:checking '/home/user/ws_siasun/install/duco_ros_driver/bin'
[0.639s] INFO:colcon.colcon_core.shell:Creating package script '/home/user/ws_siasun/install/duco_ros_driver/share/duco_ros_driver/package.ps1'
[0.640s] INFO:colcon.colcon_core.shell:Creating package descriptor '/home/user/ws_siasun/install/duco_ros_driver/share/duco_ros_driver/package.dsv'
[0.640s] INFO:colcon.colcon_core.shell:Creating package script '/home/user/ws_siasun/install/duco_ros_driver/share/duco_ros_driver/package.sh'
[0.640s] INFO:colcon.colcon_core.shell:Creating package script '/home/user/ws_siasun/install/duco_ros_driver/share/duco_ros_driver/package.bash'
[0.640s] INFO:colcon.colcon_core.shell:Creating package script '/home/user/ws_siasun/install/duco_ros_driver/share/duco_ros_driver/package.zsh'
[0.640s] Level 1:colcon.colcon_core.environment:create_file_with_runtime_dependencies(/home/user/ws_siasun/install/duco_ros_driver/share/colcon-core/packages/duco_ros_driver)
[0.641s] INFO:colcon.colcon_ros.task.ament_cmake.build:Building ROS package in '/home/user/ws_siasun/src/aivt' with build type 'ament_cmake'
[0.641s] INFO:colcon.colcon_cmake.task.cmake.build:Building CMake package in '/home/user/ws_siasun/src/aivt'
[0.641s] INFO:colcon.colcon_core.shell:Skip shell extension 'powershell' for command environment: Not usable outside of PowerShell
[0.641s] DEBUG:colcon.colcon_core.shell:Skip shell extension 'dsv' for command environment
[0.644s] DEBUG:colcon.colcon_core.event_handler.log_command:Invoked command in '/home/user/ws_siasun/build/robot_control' returned '0': CMAKE_PREFIX_PATH=/home/user/ws_siasun/install/duco_msg:/home/user/ws_siasun/install/robot_control:/home/user/ws_siasun/install/aivt:/home/user/ws_siasun/install/duco_ros_driver:/home/user/ws_siasun/install/duco_gcr3_618_moveit_config:/home/user/ws_siasun/install/duco_arms:/home/user/ws_siasun/install/duco_support:/home/user/ws_siasun/install/aivt_interfaces:/opt/ros/humble /usr/bin/cmake --build /home/user/ws_siasun/build/robot_control -- -j16 -l16
[0.645s] DEBUG:colcon.colcon_core.event_handler.log_command:Invoking command in '/home/user/ws_siasun/build/robot_control': CMAKE_PREFIX_PATH=/home/user/ws_siasun/install/duco_msg:/home/user/ws_siasun/install/robot_control:/home/user/ws_siasun/install/aivt:/home/user/ws_siasun/install/duco_ros_driver:/home/user/ws_siasun/install/duco_gcr3_618_moveit_config:/home/user/ws_siasun/install/duco_arms:/home/user/ws_siasun/install/duco_support:/home/user/ws_siasun/install/aivt_interfaces:/opt/ros/humble /usr/bin/cmake --install /home/user/ws_siasun/build/robot_control
[0.654s] DEBUG:colcon.colcon_core.event_handler.log_command:Invoking command in '/home/user/ws_siasun/build/aivt': CMAKE_PREFIX_PATH=/home/user/ws_siasun/install/duco_ros_driver:/home/user/ws_siasun/install/duco_arms:/home/user/ws_siasun/install/duco_support:/home/user/ws_siasun/install/duco_msg:/home/user/ws_siasun/install/aivt_interfaces:/home/user/ws_siasun/install/robot_control:/home/user/ws_siasun/install/aivt:/home/user/ws_siasun/install/duco_gcr3_618_moveit_config:/opt/ros/humble /usr/bin/cmake --build /home/user/ws_siasun/build/aivt -- -j16 -l16
[0.654s] Level 1:colcon.colcon_core.environment:create_environment_scripts_only(robot_control)
[0.655s] Level 1:colcon.colcon_core.environment:checking '/home/user/ws_siasun/install/robot_control' for CMake module files
[0.655s] DEBUG:colcon.colcon_core.event_handler.log_command:Invoked command in '/home/user/ws_siasun/build/robot_control' returned '0': CMAKE_PREFIX_PATH=/home/user/ws_siasun/install/duco_msg:/home/user/ws_siasun/install/robot_control:/home/user/ws_siasun/install/aivt:/home/user/ws_siasun/install/duco_ros_driver:/home/user/ws_siasun/install/duco_gcr3_618_moveit_config:/home/user/ws_siasun/install/duco_arms:/home/user/ws_siasun/install/duco_support:/home/user/ws_siasun/install/aivt_interfaces:/opt/ros/humble /usr/bin/cmake --install /home/user/ws_siasun/build/robot_control
[0.655s] Level 1:colcon.colcon_core.environment:checking '/home/user/ws_siasun/install/robot_control' for CMake config files
[0.655s] Level 1:colcon.colcon_core.shell:create_environment_hook('robot_control', 'cmake_prefix_path')
[0.656s] INFO:colcon.colcon_core.shell:Creating environment hook '/home/user/ws_siasun/install/robot_control/share/robot_control/hook/cmake_prefix_path.ps1'
[0.656s] INFO:colcon.colcon_core.shell:Creating environment descriptor '/home/user/ws_siasun/install/robot_control/share/robot_control/hook/cmake_prefix_path.dsv'
[0.656s] INFO:colcon.colcon_core.shell:Creating environment hook '/home/user/ws_siasun/install/robot_control/share/robot_control/hook/cmake_prefix_path.sh'
[0.656s] Level 1:colcon.colcon_core.environment:checking '/home/user/ws_siasun/install/robot_control/lib'
[0.657s] Level 1:colcon.colcon_core.environment:checking '/home/user/ws_siasun/install/robot_control/bin'
[0.657s] Level 1:colcon.colcon_core.environment:checking '/home/user/ws_siasun/install/robot_control/lib/pkgconfig/robot_control.pc'
[0.657s] Level 1:colcon.colcon_core.environment:checking '/home/user/ws_siasun/install/robot_control/lib/python3.10/site-packages'
[0.657s] Level 1:colcon.colcon_core.environment:checking '/home/user/ws_siasun/install/robot_control/bin'
[0.657s] INFO:colcon.colcon_core.shell:Creating package script '/home/user/ws_siasun/install/robot_control/share/robot_control/package.ps1'
[0.657s] INFO:colcon.colcon_core.shell:Creating package descriptor '/home/user/ws_siasun/install/robot_control/share/robot_control/package.dsv'
[0.658s] INFO:colcon.colcon_core.shell:Creating package script '/home/user/ws_siasun/install/robot_control/share/robot_control/package.sh'
[0.658s] INFO:colcon.colcon_core.shell:Creating package script '/home/user/ws_siasun/install/robot_control/share/robot_control/package.bash'
[0.658s] INFO:colcon.colcon_core.shell:Creating package script '/home/user/ws_siasun/install/robot_control/share/robot_control/package.zsh'
[0.658s] Level 1:colcon.colcon_core.environment:create_file_with_runtime_dependencies(/home/user/ws_siasun/install/robot_control/share/colcon-core/packages/robot_control)
[0.658s] Level 1:colcon.colcon_core.environment:create_environment_scripts_only(robot_control)
[0.659s] Level 1:colcon.colcon_core.environment:checking '/home/user/ws_siasun/install/robot_control' for CMake module files
[0.659s] Level 1:colcon.colcon_core.environment:checking '/home/user/ws_siasun/install/robot_control' for CMake config files
[0.659s] Level 1:colcon.colcon_core.shell:create_environment_hook('robot_control', 'cmake_prefix_path')
[0.659s] INFO:colcon.colcon_core.shell:Creating environment hook '/home/user/ws_siasun/install/robot_control/share/robot_control/hook/cmake_prefix_path.ps1'
[0.659s] INFO:colcon.colcon_core.shell:Creating environment descriptor '/home/user/ws_siasun/install/robot_control/share/robot_control/hook/cmake_prefix_path.dsv'
[0.659s] INFO:colcon.colcon_core.shell:Creating environment hook '/home/user/ws_siasun/install/robot_control/share/robot_control/hook/cmake_prefix_path.sh'
[0.660s] Level 1:colcon.colcon_core.environment:checking '/home/user/ws_siasun/install/robot_control/lib'
[0.660s] Level 1:colcon.colcon_core.environment:checking '/home/user/ws_siasun/install/robot_control/bin'
[0.660s] Level 1:colcon.colcon_core.environment:checking '/home/user/ws_siasun/install/robot_control/lib/pkgconfig/robot_control.pc'
[0.660s] Level 1:colcon.colcon_core.environment:checking '/home/user/ws_siasun/install/robot_control/lib/python3.10/site-packages'
[0.660s] Level 1:colcon.colcon_core.environment:checking '/home/user/ws_siasun/install/robot_control/bin'
[0.660s] INFO:colcon.colcon_core.shell:Creating package script '/home/user/ws_siasun/install/robot_control/share/robot_control/package.ps1'
[0.661s] INFO:colcon.colcon_core.shell:Creating package descriptor '/home/user/ws_siasun/install/robot_control/share/robot_control/package.dsv'
[0.661s] INFO:colcon.colcon_core.shell:Creating package script '/home/user/ws_siasun/install/robot_control/share/robot_control/package.sh'
[0.661s] INFO:colcon.colcon_core.shell:Creating package script '/home/user/ws_siasun/install/robot_control/share/robot_control/package.bash'
[0.661s] INFO:colcon.colcon_core.shell:Creating package script '/home/user/ws_siasun/install/robot_control/share/robot_control/package.zsh'
[0.662s] Level 1:colcon.colcon_core.environment:create_file_with_runtime_dependencies(/home/user/ws_siasun/install/robot_control/share/colcon-core/packages/robot_control)
[13.248s] DEBUG:colcon.colcon_core.event_handler.log_command:Invoked command in '/home/user/ws_siasun/build/aivt' returned '0': CMAKE_PREFIX_PATH=/home/user/ws_siasun/install/duco_ros_driver:/home/user/ws_siasun/install/duco_arms:/home/user/ws_siasun/install/duco_support:/home/user/ws_siasun/install/duco_msg:/home/user/ws_siasun/install/aivt_interfaces:/home/user/ws_siasun/install/robot_control:/home/user/ws_siasun/install/aivt:/home/user/ws_siasun/install/duco_gcr3_618_moveit_config:/opt/ros/humble /usr/bin/cmake --build /home/user/ws_siasun/build/aivt -- -j16 -l16
[13.249s] DEBUG:colcon.colcon_core.event_handler.log_command:Invoking command in '/home/user/ws_siasun/build/aivt': CMAKE_PREFIX_PATH=/home/user/ws_siasun/install/duco_ros_driver:/home/user/ws_siasun/install/duco_arms:/home/user/ws_siasun/install/duco_support:/home/user/ws_siasun/install/duco_msg:/home/user/ws_siasun/install/aivt_interfaces:/home/user/ws_siasun/install/robot_control:/home/user/ws_siasun/install/aivt:/home/user/ws_siasun/install/duco_gcr3_618_moveit_config:/opt/ros/humble /usr/bin/cmake --install /home/user/ws_siasun/build/aivt
[13.264s] Level 1:colcon.colcon_core.environment:create_environment_scripts_only(aivt)
[13.265s] DEBUG:colcon.colcon_core.event_handler.log_command:Invoked command in '/home/user/ws_siasun/build/aivt' returned '0': CMAKE_PREFIX_PATH=/home/user/ws_siasun/install/duco_ros_driver:/home/user/ws_siasun/install/duco_arms:/home/user/ws_siasun/install/duco_support:/home/user/ws_siasun/install/duco_msg:/home/user/ws_siasun/install/aivt_interfaces:/home/user/ws_siasun/install/robot_control:/home/user/ws_siasun/install/aivt:/home/user/ws_siasun/install/duco_gcr3_618_moveit_config:/opt/ros/humble /usr/bin/cmake --install /home/user/ws_siasun/build/aivt
[13.265s] Level 1:colcon.colcon_core.environment:checking '/home/user/ws_siasun/install/aivt' for CMake module files
[13.265s] Level 1:colcon.colcon_core.environment:checking '/home/user/ws_siasun/install/aivt' for CMake config files
[13.266s] Level 1:colcon.colcon_core.shell:create_environment_hook('aivt', 'cmake_prefix_path')
[13.266s] INFO:colcon.colcon_core.shell:Creating environment hook '/home/user/ws_siasun/install/aivt/share/aivt/hook/cmake_prefix_path.ps1'
[13.266s] INFO:colcon.colcon_core.shell:Creating environment descriptor '/home/user/ws_siasun/install/aivt/share/aivt/hook/cmake_prefix_path.dsv'
[13.267s] INFO:colcon.colcon_core.shell:Creating environment hook '/home/user/ws_siasun/install/aivt/share/aivt/hook/cmake_prefix_path.sh'
[13.267s] Level 1:colcon.colcon_core.environment:checking '/home/user/ws_siasun/install/aivt/lib'
[13.267s] Level 1:colcon.colcon_core.environment:checking '/home/user/ws_siasun/install/aivt/bin'
[13.267s] Level 1:colcon.colcon_core.environment:checking '/home/user/ws_siasun/install/aivt/lib/pkgconfig/aivt.pc'
[13.268s] Level 1:colcon.colcon_core.environment:checking '/home/user/ws_siasun/install/aivt/lib/python3.10/site-packages'
[13.268s] Level 1:colcon.colcon_core.environment:checking '/home/user/ws_siasun/install/aivt/bin'
[13.268s] INFO:colcon.colcon_core.shell:Creating package script '/home/user/ws_siasun/install/aivt/share/aivt/package.ps1'
[13.269s] INFO:colcon.colcon_core.shell:Creating package descriptor '/home/user/ws_siasun/install/aivt/share/aivt/package.dsv'
[13.269s] INFO:colcon.colcon_core.shell:Creating package script '/home/user/ws_siasun/install/aivt/share/aivt/package.sh'
[13.269s] INFO:colcon.colcon_core.shell:Creating package script '/home/user/ws_siasun/install/aivt/share/aivt/package.bash'
[13.270s] INFO:colcon.colcon_core.shell:Creating package script '/home/user/ws_siasun/install/aivt/share/aivt/package.zsh'
[13.270s] Level 1:colcon.colcon_core.environment:create_file_with_runtime_dependencies(/home/user/ws_siasun/install/aivt/share/colcon-core/packages/aivt)
[13.271s] Level 1:colcon.colcon_core.environment:create_environment_scripts_only(aivt)
[13.271s] Level 1:colcon.colcon_core.environment:checking '/home/user/ws_siasun/install/aivt' for CMake module files
[13.271s] Level 1:colcon.colcon_core.environment:checking '/home/user/ws_siasun/install/aivt' for CMake config files
[13.272s] Level 1:colcon.colcon_core.shell:create_environment_hook('aivt', 'cmake_prefix_path')
[13.272s] INFO:colcon.colcon_core.shell:Creating environment hook '/home/user/ws_siasun/install/aivt/share/aivt/hook/cmake_prefix_path.ps1'
[13.272s] INFO:colcon.colcon_core.shell:Creating environment descriptor '/home/user/ws_siasun/install/aivt/share/aivt/hook/cmake_prefix_path.dsv'
[13.272s] INFO:colcon.colcon_core.shell:Creating environment hook '/home/user/ws_siasun/install/aivt/share/aivt/hook/cmake_prefix_path.sh'
[13.273s] Level 1:colcon.colcon_core.environment:checking '/home/user/ws_siasun/install/aivt/lib'
[13.273s] Level 1:colcon.colcon_core.environment:checking '/home/user/ws_siasun/install/aivt/bin'
[13.273s] Level 1:colcon.colcon_core.environment:checking '/home/user/ws_siasun/install/aivt/lib/pkgconfig/aivt.pc'
[13.273s] Level 1:colcon.colcon_core.environment:checking '/home/user/ws_siasun/install/aivt/lib/python3.10/site-packages'
[13.273s] Level 1:colcon.colcon_core.environment:checking '/home/user/ws_siasun/install/aivt/bin'
[13.273s] INFO:colcon.colcon_core.shell:Creating package script '/home/user/ws_siasun/install/aivt/share/aivt/package.ps1'
[13.274s] INFO:colcon.colcon_core.shell:Creating package descriptor '/home/user/ws_siasun/install/aivt/share/aivt/package.dsv'
[13.274s] INFO:colcon.colcon_core.shell:Creating package script '/home/user/ws_siasun/install/aivt/share/aivt/package.sh'
[13.274s] INFO:colcon.colcon_core.shell:Creating package script '/home/user/ws_siasun/install/aivt/share/aivt/package.bash'
[13.274s] INFO:colcon.colcon_core.shell:Creating package script '/home/user/ws_siasun/install/aivt/share/aivt/package.zsh'
[13.274s] Level 1:colcon.colcon_core.environment:create_file_with_runtime_dependencies(/home/user/ws_siasun/install/aivt/share/colcon-core/packages/aivt)
[13.275s] DEBUG:colcon.colcon_parallel_executor.executor.parallel:closing loop
[13.275s] DEBUG:colcon.colcon_parallel_executor.executor.parallel:loop closed
[13.275s] DEBUG:colcon.colcon_parallel_executor.executor.parallel:run_until_complete finished with '0'
[13.275s] DEBUG:colcon.colcon_core.event_reactor:joining thread
[13.278s] INFO:colcon.colcon_core.plugin_system:Skipping extension 'colcon_notification.desktop_notification.terminal_notifier': Not used on non-Darwin systems
[13.278s] INFO:colcon.colcon_core.plugin_system:Skipping extension 'colcon_notification.desktop_notification.win32': Not used on non-Windows systems
[13.278s] INFO:colcon.colcon_notification.desktop_notification:Sending desktop notification using 'notify2'
[13.286s] DEBUG:colcon.colcon_core.event_reactor:joined thread
[13.286s] INFO:colcon.colcon_core.shell:Creating prefix script '/home/user/ws_siasun/install/local_setup.ps1'
[13.287s] INFO:colcon.colcon_core.shell:Creating prefix util module '/home/user/ws_siasun/install/_local_setup_util_ps1.py'
[13.288s] INFO:colcon.colcon_core.shell:Creating prefix chain script '/home/user/ws_siasun/install/setup.ps1'
[13.288s] INFO:colcon.colcon_core.shell:Creating prefix script '/home/user/ws_siasun/install/local_setup.sh'
[13.289s] INFO:colcon.colcon_core.shell:Creating prefix util module '/home/user/ws_siasun/install/_local_setup_util_sh.py'
[13.289s] INFO:colcon.colcon_core.shell:Creating prefix chain script '/home/user/ws_siasun/install/setup.sh'
[13.290s] INFO:colcon.colcon_core.shell:Creating prefix script '/home/user/ws_siasun/install/local_setup.bash'
[13.290s] INFO:colcon.colcon_core.shell:Creating prefix chain script '/home/user/ws_siasun/install/setup.bash'
[13.291s] INFO:colcon.colcon_core.shell:Creating prefix script '/home/user/ws_siasun/install/local_setup.zsh'
[13.291s] INFO:colcon.colcon_core.shell:Creating prefix chain script '/home/user/ws_siasun/install/setup.zsh'
