[0.018s] Invoking command in '/home/user/ws_siasun/build/aivt': AMENT_PREFIX_PATH=/home/user/ws_siasun/install/duco_ros_driver:/home/user/ws_siasun/install/duco_arms:/home/user/ws_siasun/install/duco_support:/home/user/ws_siasun/install/duco_msg:/home/user/ws_siasun/install/aivt_interfaces:${AMENT_PREFIX_PATH} CMAKE_PREFIX_PATH=/home/user/ws_siasun/install/duco_ros_driver:/home/user/ws_siasun/install/duco_arms:/home/user/ws_siasun/install/duco_support:/home/user/ws_siasun/install/duco_msg:/home/user/ws_siasun/install/aivt_interfaces:/opt/ros/humble LD_LIBRARY_PATH=/home/user/ws_siasun/install/duco_msg/lib:/home/user/ws_siasun/install/aivt_interfaces/lib:${LD_LIBRARY_PATH} PYTHONPATH=/home/user/ws_siasun/install/duco_msg/local/lib/python3.10/dist-packages:/home/user/ws_siasun/install/aivt_interfaces/local/lib/python3.10/dist-packages:${PYTHONPATH} /usr/bin/cmake --build /home/user/ws_siasun/build/aivt -- -j16 -l16
[0.056s] [35m[1mConsolidate compiler generated dependencies of target robot_motion[0m
[0.064s] [ 12%] Built target tcp_calibration
[0.066s] [ 25%] Built target grasp_touch_control
[0.066s] [ 37%] Built target hand_eye_calibration
[0.068s] [ 62%] Built target calibration_calculation
[0.068s] [ 62%] Built target robot_motion_test
[0.070s] [ 75%] Built target chessboard_detection
[0.071s] [ 81%] [32mBuilding CXX object CMakeFiles/robot_motion.dir/src/robot_motion.cpp.o[0m
[0.075s] [ 93%] Built target obstacle_avoidance
[2.104s] [01m[K/home/user/ws_siasun/src/aivt/src/robot_motion.cpp:[m[K In member function ‘[01m[Kvoid RobotMotion::repeatMove()[m[K’:
[2.104s] [01m[K/home/user/ws_siasun/src/aivt/src/robot_motion.cpp:256:26:[m[K [01;35m[Kwarning: [m[Kcomparison of integer expressions of different signedness: ‘[01m[Kint[m[K’ and ‘[01m[Kstd::vector<std::array<float, 6> >::size_type[m[K’ {aka ‘[01m[Klong unsigned int[m[K’} [[01;35m[K]8;;https://gcc.gnu.org/onlinedocs/gcc/Warning-Options.html#index-Wsign-compare-Wsign-compare]8;;[m[K]
[2.104s]   256 |         for(int i = 0; [01;35m[Ki < recorded_joint_state_.size()[m[K; i++)
[2.104s]       |                        [01;35m[K~~^~~~~~~~~~~~~~~~~~~~~~~~~~~~~~[m[K
[2.105s] In file included from [01m[K/opt/ros/humble/include/rclcpp/rclcpp/logging.hpp:24[m[K,
[2.105s]                  from [01m[K/opt/ros/humble/include/rclcpp/rclcpp/client.hpp:40[m[K,
[2.105s]                  from [01m[K/opt/ros/humble/include/rclcpp/rclcpp/callback_group.hpp:24[m[K,
[2.105s]                  from [01m[K/opt/ros/humble/include/rclcpp/rclcpp/any_executable.hpp:20[m[K,
[2.105s]                  from [01m[K/opt/ros/humble/include/rclcpp/rclcpp/memory_strategy.hpp:25[m[K,
[2.105s]                  from [01m[K/opt/ros/humble/include/rclcpp/rclcpp/memory_strategies.hpp:18[m[K,
[2.105s]                  from [01m[K/opt/ros/humble/include/rclcpp/rclcpp/executor_options.hpp:20[m[K,
[2.105s]                  from [01m[K/opt/ros/humble/include/rclcpp/rclcpp/executor.hpp:37[m[K,
[2.105s]                  from [01m[K/opt/ros/humble/include/rclcpp/rclcpp/executors/multi_threaded_executor.hpp:25[m[K,
[2.105s]                  from [01m[K/opt/ros/humble/include/rclcpp/rclcpp/executors.hpp:21[m[K,
[2.105s]                  from [01m[K/opt/ros/humble/include/rclcpp/rclcpp/rclcpp.hpp:155[m[K,
[2.105s]                  from [01m[K/home/user/ws_siasun/src/aivt/src/robot_motion.cpp:1[m[K:
[2.105s] [01m[K/home/user/ws_siasun/src/aivt/src/robot_motion.cpp:258:45:[m[K [01;35m[Kwarning: [m[Kformat ‘[01m[K%zu[m[K’ expects argument of type ‘[01m[Ksize_t[m[K’, but argument 5 has type ‘[01m[Kint[m[K’ [[01;35m[K]8;;https://gcc.gnu.org/onlinedocs/gcc/Warning-Options.html#index-Wformat=-Wformat=]8;;[m[K]
[2.105s]   258 |             RCLCPP_INFO(this->get_logger(), [01;35m[K"repeat %zu move"[m[K, [32m[Ki[m[K);
[2.105s]       |                                             [01;35m[K^~~~~~~~~~~~~~~~~[m[K  [32m[K~[m[K
[2.106s]       |                                                                [32m[K|[m[K
[2.106s]       |                                                                [32m[Kint[m[K
[2.106s] [01m[K/home/user/ws_siasun/src/aivt/src/robot_motion.cpp:258:55:[m[K [01;36m[Knote: [m[Kformat string is defined here
[2.106s]   258 |             RCLCPP_INFO(this->get_logger(), "repeat [01;36m[K%zu[m[K move", i);
[2.106s]       |                                                     [01;36m[K~~^[m[K
[2.106s]       |                                                       [01;36m[K|[m[K
[2.106s]       |                                                       [01;36m[Klong unsigned int[m[K
[2.106s]       |                                                     [32m[K%u[m[K
[12.527s] [100%] [32m[1mLinking CXX executable robot_motion[0m
[13.148s] [100%] Built target robot_motion
[13.157s] Invoked command in '/home/user/ws_siasun/build/aivt' returned '0': AMENT_PREFIX_PATH=/home/user/ws_siasun/install/duco_ros_driver:/home/user/ws_siasun/install/duco_arms:/home/user/ws_siasun/install/duco_support:/home/user/ws_siasun/install/duco_msg:/home/user/ws_siasun/install/aivt_interfaces:${AMENT_PREFIX_PATH} CMAKE_PREFIX_PATH=/home/user/ws_siasun/install/duco_ros_driver:/home/user/ws_siasun/install/duco_arms:/home/user/ws_siasun/install/duco_support:/home/user/ws_siasun/install/duco_msg:/home/user/ws_siasun/install/aivt_interfaces:/opt/ros/humble LD_LIBRARY_PATH=/home/user/ws_siasun/install/duco_msg/lib:/home/user/ws_siasun/install/aivt_interfaces/lib:${LD_LIBRARY_PATH} PYTHONPATH=/home/user/ws_siasun/install/duco_msg/local/lib/python3.10/dist-packages:/home/user/ws_siasun/install/aivt_interfaces/local/lib/python3.10/dist-packages:${PYTHONPATH} /usr/bin/cmake --build /home/user/ws_siasun/build/aivt -- -j16 -l16
[13.158s] Invoking command in '/home/user/ws_siasun/build/aivt': AMENT_PREFIX_PATH=/home/user/ws_siasun/install/duco_ros_driver:/home/user/ws_siasun/install/duco_arms:/home/user/ws_siasun/install/duco_support:/home/user/ws_siasun/install/duco_msg:/home/user/ws_siasun/install/aivt_interfaces:${AMENT_PREFIX_PATH} CMAKE_PREFIX_PATH=/home/user/ws_siasun/install/duco_ros_driver:/home/user/ws_siasun/install/duco_arms:/home/user/ws_siasun/install/duco_support:/home/user/ws_siasun/install/duco_msg:/home/user/ws_siasun/install/aivt_interfaces:/opt/ros/humble LD_LIBRARY_PATH=/home/user/ws_siasun/install/duco_msg/lib:/home/user/ws_siasun/install/aivt_interfaces/lib:${LD_LIBRARY_PATH} PYTHONPATH=/home/user/ws_siasun/install/duco_msg/local/lib/python3.10/dist-packages:/home/user/ws_siasun/install/aivt_interfaces/local/lib/python3.10/dist-packages:${PYTHONPATH} /usr/bin/cmake --install /home/user/ws_siasun/build/aivt
[13.164s] -- Install configuration: ""
[13.164s] -- Up-to-date: /home/user/ws_siasun/install/aivt/lib/aivt/robot_motion_test
[13.164s] -- Up-to-date: /home/user/ws_siasun/install/aivt/lib/aivt/hand_eye_calibration
[13.165s] -- Up-to-date: /home/user/ws_siasun/install/aivt/lib/aivt/chessboard_detection
[13.165s] -- Up-to-date: /home/user/ws_siasun/install/aivt/lib/aivt/grasp_touch_control
[13.165s] -- Up-to-date: /home/user/ws_siasun/install/aivt/lib/aivt/tcp_calibration
[13.165s] -- Installing: /home/user/ws_siasun/install/aivt/lib/aivt/robot_motion
[13.171s] -- Set runtime path of "/home/user/ws_siasun/install/aivt/lib/aivt/robot_motion" to ""
[13.171s] -- Up-to-date: /home/user/ws_siasun/install/aivt/lib/aivt/calibration_calculation
[13.171s] -- Up-to-date: /home/user/ws_siasun/install/aivt/lib/aivt/obstacle_avoidance
[13.172s] -- Up-to-date: /home/user/ws_siasun/install/aivt/share/aivt/launch
[13.172s] -- Up-to-date: /home/user/ws_siasun/install/aivt/share/aivt/launch/gripper_server.launch.py
[13.172s] -- Up-to-date: /home/user/ws_siasun/install/aivt/share/aivt/launch/hand_eye_calibration.launch.py
[13.172s] -- Up-to-date: /home/user/ws_siasun/install/aivt/share/aivt/config
[13.172s] -- Up-to-date: /home/user/ws_siasun/install/aivt/share/aivt/config/chessboard_6.jpg
[13.172s] -- Up-to-date: /home/user/ws_siasun/install/aivt/share/aivt/config/chessboard_12.jpg
[13.172s] -- Up-to-date: /home/user/ws_siasun/install/aivt/share/aivt/config/chessboard_5.jpg
[13.172s] -- Up-to-date: /home/user/ws_siasun/install/aivt/share/aivt/config/hand_eye_transformer.yaml
[13.172s] -- Up-to-date: /home/user/ws_siasun/install/aivt/share/aivt/config/chessboard_13.jpg
[13.172s] -- Up-to-date: /home/user/ws_siasun/install/aivt/share/aivt/config/chessboard_0.jpg
[13.172s] -- Up-to-date: /home/user/ws_siasun/install/aivt/share/aivt/config/chessboard_14.jpg
[13.172s] -- Up-to-date: /home/user/ws_siasun/install/aivt/share/aivt/config/chessboard_2.jpg
[13.172s] -- Up-to-date: /home/user/ws_siasun/install/aivt/share/aivt/config/chessboard_4.jpg
[13.172s] -- Up-to-date: /home/user/ws_siasun/install/aivt/share/aivt/config/chessboard_1.jpg
[13.172s] -- Up-to-date: /home/user/ws_siasun/install/aivt/share/aivt/config/chessboard_7.jpg
[13.172s] -- Up-to-date: /home/user/ws_siasun/install/aivt/share/aivt/config/chessboard_3.jpg
[13.172s] -- Up-to-date: /home/user/ws_siasun/install/aivt/share/aivt/config/robot_pose.yaml
[13.172s] -- Up-to-date: /home/user/ws_siasun/install/aivt/share/aivt/config/chessboard_8.jpg
[13.172s] -- Up-to-date: /home/user/ws_siasun/install/aivt/share/aivt/config/calibration_data.yaml
[13.172s] -- Up-to-date: /home/user/ws_siasun/install/aivt/share/aivt/config/chessboard_11.jpg
[13.172s] -- Up-to-date: /home/user/ws_siasun/install/aivt/share/aivt/config/chessboard_10.jpg
[13.172s] -- Up-to-date: /home/user/ws_siasun/install/aivt/share/aivt/config/chessboard_15.jpg
[13.172s] -- Up-to-date: /home/user/ws_siasun/install/aivt/share/aivt/config/chessboard_9.jpg
[13.172s] -- Up-to-date: /home/user/ws_siasun/install/aivt/share/ament_index/resource_index/package_run_dependencies/aivt
[13.172s] -- Up-to-date: /home/user/ws_siasun/install/aivt/share/ament_index/resource_index/parent_prefix_path/aivt
[13.172s] -- Up-to-date: /home/user/ws_siasun/install/aivt/share/aivt/environment/ament_prefix_path.sh
[13.172s] -- Up-to-date: /home/user/ws_siasun/install/aivt/share/aivt/environment/ament_prefix_path.dsv
[13.172s] -- Up-to-date: /home/user/ws_siasun/install/aivt/share/aivt/environment/path.sh
[13.172s] -- Up-to-date: /home/user/ws_siasun/install/aivt/share/aivt/environment/path.dsv
[13.173s] -- Up-to-date: /home/user/ws_siasun/install/aivt/share/aivt/local_setup.bash
[13.173s] -- Up-to-date: /home/user/ws_siasun/install/aivt/share/aivt/local_setup.sh
[13.173s] -- Up-to-date: /home/user/ws_siasun/install/aivt/share/aivt/local_setup.zsh
[13.173s] -- Up-to-date: /home/user/ws_siasun/install/aivt/share/aivt/local_setup.dsv
[13.173s] -- Installing: /home/user/ws_siasun/install/aivt/share/aivt/package.dsv
[13.173s] -- Up-to-date: /home/user/ws_siasun/install/aivt/share/ament_index/resource_index/packages/aivt
[13.173s] -- Up-to-date: /home/user/ws_siasun/install/aivt/share/aivt/cmake/aivtConfig.cmake
[13.173s] -- Up-to-date: /home/user/ws_siasun/install/aivt/share/aivt/cmake/aivtConfig-version.cmake
[13.173s] -- Up-to-date: /home/user/ws_siasun/install/aivt/share/aivt/package.xml
[13.173s] Invoked command in '/home/user/ws_siasun/build/aivt' returned '0': AMENT_PREFIX_PATH=/home/user/ws_siasun/install/duco_ros_driver:/home/user/ws_siasun/install/duco_arms:/home/user/ws_siasun/install/duco_support:/home/user/ws_siasun/install/duco_msg:/home/user/ws_siasun/install/aivt_interfaces:${AMENT_PREFIX_PATH} CMAKE_PREFIX_PATH=/home/user/ws_siasun/install/duco_ros_driver:/home/user/ws_siasun/install/duco_arms:/home/user/ws_siasun/install/duco_support:/home/user/ws_siasun/install/duco_msg:/home/user/ws_siasun/install/aivt_interfaces:/opt/ros/humble LD_LIBRARY_PATH=/home/user/ws_siasun/install/duco_msg/lib:/home/user/ws_siasun/install/aivt_interfaces/lib:${LD_LIBRARY_PATH} PYTHONPATH=/home/user/ws_siasun/install/duco_msg/local/lib/python3.10/dist-packages:/home/user/ws_siasun/install/aivt_interfaces/local/lib/python3.10/dist-packages:${PYTHONPATH} /usr/bin/cmake --install /home/user/ws_siasun/build/aivt
