[0.015s] Invoking command in '/home/user/ws_siasun/build/aivt_interfaces': CMAKE_PREFIX_PATH=${CMAKE_PREFIX_PATH}:/opt/ros/humble /usr/bin/cmake --build /home/user/ws_siasun/build/aivt_interfaces -- -j16 -l16
[0.052s] [  3%] Built target aivt_interfaces__cpp
[0.060s] [ 12%] Built target aivt_interfaces__rosidl_generator_c
[0.078s] [ 12%] Built target ament_cmake_python_copy_aivt_interfaces
[0.086s] [ 22%] Built target aivt_interfaces__rosidl_typesupport_fastrtps_cpp
[0.086s] [ 41%] Built target aivt_interfaces__rosidl_typesupport_introspection_cpp
[0.087s] [ 41%] Built target aivt_interfaces__rosidl_typesupport_cpp
[0.087s] [ 51%] Built target aivt_interfaces__rosidl_typesupport_fastrtps_c
[0.087s] [ 61%] Built target aivt_interfaces__rosidl_typesupport_introspection_c
[0.087s] [ 70%] Built target aivt_interfaces__rosidl_typesupport_c
[0.090s] [ 70%] Built target aivt_interfaces
[0.107s] [ 74%] Built target aivt_interfaces__py
[0.125s] [ 80%] Built target aivt_interfaces__rosidl_generator_py
[0.141s] [ 87%] Built target aivt_interfaces__rosidl_typesupport_introspection_c__pyext
[0.145s] [ 93%] Built target aivt_interfaces__rosidl_typesupport_c__pyext
[0.145s] [100%] Built target aivt_interfaces__rosidl_typesupport_fastrtps_c__pyext
[0.267s] running egg_info
[0.268s] writing aivt_interfaces.egg-info/PKG-INFO
[0.271s] writing dependency_links to aivt_interfaces.egg-info/dependency_links.txt
[0.271s] writing top-level names to aivt_interfaces.egg-info/top_level.txt
[0.271s] reading manifest file 'aivt_interfaces.egg-info/SOURCES.txt'
[0.272s] writing manifest file 'aivt_interfaces.egg-info/SOURCES.txt'
[0.283s] [100%] Built target ament_cmake_python_build_aivt_interfaces_egg
[0.293s] Invoked command in '/home/user/ws_siasun/build/aivt_interfaces' returned '0': CMAKE_PREFIX_PATH=${CMAKE_PREFIX_PATH}:/opt/ros/humble /usr/bin/cmake --build /home/user/ws_siasun/build/aivt_interfaces -- -j16 -l16
[0.295s] Invoking command in '/home/user/ws_siasun/build/aivt_interfaces': CMAKE_PREFIX_PATH=${CMAKE_PREFIX_PATH}:/opt/ros/humble /usr/bin/cmake --install /home/user/ws_siasun/build/aivt_interfaces
[0.302s] -- Install configuration: ""
[0.302s] -- Up-to-date: /home/user/ws_siasun/install/aivt_interfaces/share/ament_index/resource_index/rosidl_interfaces/aivt_interfaces
[0.302s] -- Up-to-date: /home/user/ws_siasun/install/aivt_interfaces/include/aivt_interfaces/aivt_interfaces
[0.302s] -- Up-to-date: /home/user/ws_siasun/install/aivt_interfaces/include/aivt_interfaces/aivt_interfaces/msg
[0.302s] -- Up-to-date: /home/user/ws_siasun/install/aivt_interfaces/include/aivt_interfaces/aivt_interfaces/msg/target_pose.h
[0.302s] -- Up-to-date: /home/user/ws_siasun/install/aivt_interfaces/include/aivt_interfaces/aivt_interfaces/msg/rosidl_generator_c__visibility_control.h
[0.302s] -- Up-to-date: /home/user/ws_siasun/install/aivt_interfaces/include/aivt_interfaces/aivt_interfaces/msg/detail
[0.302s] -- Up-to-date: /home/user/ws_siasun/install/aivt_interfaces/include/aivt_interfaces/aivt_interfaces/msg/detail/target_pose__type_support.h
[0.302s] -- Up-to-date: /home/user/ws_siasun/install/aivt_interfaces/include/aivt_interfaces/aivt_interfaces/msg/detail/target_pose__struct.h
[0.302s] -- Up-to-date: /home/user/ws_siasun/install/aivt_interfaces/include/aivt_interfaces/aivt_interfaces/msg/detail/target_pose__functions.c
[0.302s] -- Up-to-date: /home/user/ws_siasun/install/aivt_interfaces/include/aivt_interfaces/aivt_interfaces/msg/detail/target_pose__functions.h
[0.302s] -- Up-to-date: /home/user/ws_siasun/install/aivt_interfaces/share/aivt_interfaces/environment/library_path.sh
[0.302s] -- Up-to-date: /home/user/ws_siasun/install/aivt_interfaces/share/aivt_interfaces/environment/library_path.dsv
[0.302s] -- Up-to-date: /home/user/ws_siasun/install/aivt_interfaces/lib/libaivt_interfaces__rosidl_generator_c.so
[0.302s] -- Up-to-date: /home/user/ws_siasun/install/aivt_interfaces/include/aivt_interfaces/aivt_interfaces
[0.302s] -- Up-to-date: /home/user/ws_siasun/install/aivt_interfaces/include/aivt_interfaces/aivt_interfaces/msg
[0.302s] -- Up-to-date: /home/user/ws_siasun/install/aivt_interfaces/include/aivt_interfaces/aivt_interfaces/msg/rosidl_typesupport_fastrtps_c__visibility_control.h
[0.303s] -- Up-to-date: /home/user/ws_siasun/install/aivt_interfaces/include/aivt_interfaces/aivt_interfaces/msg/detail
[0.303s] -- Up-to-date: /home/user/ws_siasun/install/aivt_interfaces/include/aivt_interfaces/aivt_interfaces/msg/detail/target_pose__rosidl_typesupport_fastrtps_c.h
[0.303s] -- Up-to-date: /home/user/ws_siasun/install/aivt_interfaces/lib/libaivt_interfaces__rosidl_typesupport_fastrtps_c.so
[0.303s] -- Up-to-date: /home/user/ws_siasun/install/aivt_interfaces/include/aivt_interfaces/aivt_interfaces
[0.303s] -- Up-to-date: /home/user/ws_siasun/install/aivt_interfaces/include/aivt_interfaces/aivt_interfaces/msg
[0.303s] -- Up-to-date: /home/user/ws_siasun/install/aivt_interfaces/include/aivt_interfaces/aivt_interfaces/msg/detail
[0.303s] -- Up-to-date: /home/user/ws_siasun/install/aivt_interfaces/include/aivt_interfaces/aivt_interfaces/msg/detail/target_pose__type_support.c
[0.303s] -- Up-to-date: /home/user/ws_siasun/install/aivt_interfaces/include/aivt_interfaces/aivt_interfaces/msg/detail/target_pose__rosidl_typesupport_introspection_c.h
[0.303s] -- Up-to-date: /home/user/ws_siasun/install/aivt_interfaces/include/aivt_interfaces/aivt_interfaces/msg/rosidl_typesupport_introspection_c__visibility_control.h
[0.303s] -- Up-to-date: /home/user/ws_siasun/install/aivt_interfaces/lib/libaivt_interfaces__rosidl_typesupport_introspection_c.so
[0.303s] -- Up-to-date: /home/user/ws_siasun/install/aivt_interfaces/lib/libaivt_interfaces__rosidl_typesupport_c.so
[0.304s] -- Up-to-date: /home/user/ws_siasun/install/aivt_interfaces/include/aivt_interfaces/aivt_interfaces
[0.304s] -- Up-to-date: /home/user/ws_siasun/install/aivt_interfaces/include/aivt_interfaces/aivt_interfaces/msg
[0.304s] -- Up-to-date: /home/user/ws_siasun/install/aivt_interfaces/include/aivt_interfaces/aivt_interfaces/msg/target_pose.hpp
[0.304s] -- Up-to-date: /home/user/ws_siasun/install/aivt_interfaces/include/aivt_interfaces/aivt_interfaces/msg/detail
[0.304s] -- Up-to-date: /home/user/ws_siasun/install/aivt_interfaces/include/aivt_interfaces/aivt_interfaces/msg/detail/target_pose__struct.hpp
[0.304s] -- Up-to-date: /home/user/ws_siasun/install/aivt_interfaces/include/aivt_interfaces/aivt_interfaces/msg/detail/target_pose__type_support.hpp
[0.304s] -- Up-to-date: /home/user/ws_siasun/install/aivt_interfaces/include/aivt_interfaces/aivt_interfaces/msg/detail/target_pose__builder.hpp
[0.304s] -- Up-to-date: /home/user/ws_siasun/install/aivt_interfaces/include/aivt_interfaces/aivt_interfaces/msg/detail/target_pose__traits.hpp
[0.304s] -- Up-to-date: /home/user/ws_siasun/install/aivt_interfaces/include/aivt_interfaces/aivt_interfaces/msg/rosidl_generator_cpp__visibility_control.hpp
[0.304s] -- Up-to-date: /home/user/ws_siasun/install/aivt_interfaces/include/aivt_interfaces/aivt_interfaces
[0.304s] -- Up-to-date: /home/user/ws_siasun/install/aivt_interfaces/include/aivt_interfaces/aivt_interfaces/msg
[0.304s] -- Up-to-date: /home/user/ws_siasun/install/aivt_interfaces/include/aivt_interfaces/aivt_interfaces/msg/rosidl_typesupport_fastrtps_cpp__visibility_control.h
[0.304s] -- Up-to-date: /home/user/ws_siasun/install/aivt_interfaces/include/aivt_interfaces/aivt_interfaces/msg/detail
[0.304s] -- Up-to-date: /home/user/ws_siasun/install/aivt_interfaces/include/aivt_interfaces/aivt_interfaces/msg/detail/dds_fastrtps
[0.304s] -- Up-to-date: /home/user/ws_siasun/install/aivt_interfaces/include/aivt_interfaces/aivt_interfaces/msg/detail/target_pose__rosidl_typesupport_fastrtps_cpp.hpp
[0.304s] -- Up-to-date: /home/user/ws_siasun/install/aivt_interfaces/lib/libaivt_interfaces__rosidl_typesupport_fastrtps_cpp.so
[0.304s] -- Up-to-date: /home/user/ws_siasun/install/aivt_interfaces/include/aivt_interfaces/aivt_interfaces
[0.304s] -- Up-to-date: /home/user/ws_siasun/install/aivt_interfaces/include/aivt_interfaces/aivt_interfaces/msg
[0.304s] -- Up-to-date: /home/user/ws_siasun/install/aivt_interfaces/include/aivt_interfaces/aivt_interfaces/msg/detail
[0.305s] -- Up-to-date: /home/user/ws_siasun/install/aivt_interfaces/include/aivt_interfaces/aivt_interfaces/msg/detail/target_pose__type_support.cpp
[0.305s] -- Up-to-date: /home/user/ws_siasun/install/aivt_interfaces/include/aivt_interfaces/aivt_interfaces/msg/detail/target_pose__rosidl_typesupport_introspection_cpp.hpp
[0.305s] -- Up-to-date: /home/user/ws_siasun/install/aivt_interfaces/lib/libaivt_interfaces__rosidl_typesupport_introspection_cpp.so
[0.305s] -- Up-to-date: /home/user/ws_siasun/install/aivt_interfaces/lib/libaivt_interfaces__rosidl_typesupport_cpp.so
[0.305s] -- Up-to-date: /home/user/ws_siasun/install/aivt_interfaces/share/aivt_interfaces/environment/pythonpath.sh
[0.305s] -- Up-to-date: /home/user/ws_siasun/install/aivt_interfaces/share/aivt_interfaces/environment/pythonpath.dsv
[0.305s] -- Up-to-date: /home/user/ws_siasun/install/aivt_interfaces/local/lib/python3.10/dist-packages/aivt_interfaces-0.0.0-py3.10.egg-info
[0.305s] -- Installing: /home/user/ws_siasun/install/aivt_interfaces/local/lib/python3.10/dist-packages/aivt_interfaces-0.0.0-py3.10.egg-info/top_level.txt
[0.305s] -- Installing: /home/user/ws_siasun/install/aivt_interfaces/local/lib/python3.10/dist-packages/aivt_interfaces-0.0.0-py3.10.egg-info/PKG-INFO
[0.305s] -- Installing: /home/user/ws_siasun/install/aivt_interfaces/local/lib/python3.10/dist-packages/aivt_interfaces-0.0.0-py3.10.egg-info/SOURCES.txt
[0.305s] -- Installing: /home/user/ws_siasun/install/aivt_interfaces/local/lib/python3.10/dist-packages/aivt_interfaces-0.0.0-py3.10.egg-info/dependency_links.txt
[0.305s] -- Up-to-date: /home/user/ws_siasun/install/aivt_interfaces/local/lib/python3.10/dist-packages/aivt_interfaces
[0.305s] -- Up-to-date: /home/user/ws_siasun/install/aivt_interfaces/local/lib/python3.10/dist-packages/aivt_interfaces/_aivt_interfaces_s.ep.rosidl_typesupport_introspection_c.c
[0.305s] -- Up-to-date: /home/user/ws_siasun/install/aivt_interfaces/local/lib/python3.10/dist-packages/aivt_interfaces/__init__.py
[0.305s] -- Up-to-date: /home/user/ws_siasun/install/aivt_interfaces/local/lib/python3.10/dist-packages/aivt_interfaces/aivt_interfaces_s__rosidl_typesupport_fastrtps_c.cpython-310-x86_64-linux-gnu.so
[0.305s] -- Up-to-date: /home/user/ws_siasun/install/aivt_interfaces/local/lib/python3.10/dist-packages/aivt_interfaces/aivt_interfaces_s__rosidl_typesupport_c.cpython-310-x86_64-linux-gnu.so
[0.305s] -- Up-to-date: /home/user/ws_siasun/install/aivt_interfaces/local/lib/python3.10/dist-packages/aivt_interfaces/msg
[0.305s] -- Up-to-date: /home/user/ws_siasun/install/aivt_interfaces/local/lib/python3.10/dist-packages/aivt_interfaces/msg/__init__.py
[0.305s] -- Up-to-date: /home/user/ws_siasun/install/aivt_interfaces/local/lib/python3.10/dist-packages/aivt_interfaces/msg/_target_pose.py
[0.305s] -- Up-to-date: /home/user/ws_siasun/install/aivt_interfaces/local/lib/python3.10/dist-packages/aivt_interfaces/msg/_target_pose_s.c
[0.305s] -- Up-to-date: /home/user/ws_siasun/install/aivt_interfaces/local/lib/python3.10/dist-packages/aivt_interfaces/aivt_interfaces_s__rosidl_typesupport_introspection_c.cpython-310-x86_64-linux-gnu.so
[0.305s] -- Up-to-date: /home/user/ws_siasun/install/aivt_interfaces/local/lib/python3.10/dist-packages/aivt_interfaces/_aivt_interfaces_s.ep.rosidl_typesupport_fastrtps_c.c
[0.305s] -- Up-to-date: /home/user/ws_siasun/install/aivt_interfaces/local/lib/python3.10/dist-packages/aivt_interfaces/_aivt_interfaces_s.ep.rosidl_typesupport_c.c
[0.305s] -- Up-to-date: /home/user/ws_siasun/install/aivt_interfaces/local/lib/python3.10/dist-packages/aivt_interfaces/libaivt_interfaces__rosidl_generator_py.so
[0.332s] Listing '/home/user/ws_siasun/install/aivt_interfaces/local/lib/python3.10/dist-packages/aivt_interfaces'...
[0.332s] Listing '/home/user/ws_siasun/install/aivt_interfaces/local/lib/python3.10/dist-packages/aivt_interfaces/msg'...
[0.335s] -- Up-to-date: /home/user/ws_siasun/install/aivt_interfaces/local/lib/python3.10/dist-packages/aivt_interfaces/aivt_interfaces_s__rosidl_typesupport_fastrtps_c.cpython-310-x86_64-linux-gnu.so
[0.336s] -- Up-to-date: /home/user/ws_siasun/install/aivt_interfaces/local/lib/python3.10/dist-packages/aivt_interfaces/aivt_interfaces_s__rosidl_typesupport_introspection_c.cpython-310-x86_64-linux-gnu.so
[0.336s] -- Up-to-date: /home/user/ws_siasun/install/aivt_interfaces/local/lib/python3.10/dist-packages/aivt_interfaces/aivt_interfaces_s__rosidl_typesupport_c.cpython-310-x86_64-linux-gnu.so
[0.336s] -- Up-to-date: /home/user/ws_siasun/install/aivt_interfaces/lib/libaivt_interfaces__rosidl_generator_py.so
[0.336s] -- Up-to-date: /home/user/ws_siasun/install/aivt_interfaces/share/aivt_interfaces/msg/TargetPose.idl
[0.336s] -- Up-to-date: /home/user/ws_siasun/install/aivt_interfaces/share/aivt_interfaces/msg/TargetPose.msg
[0.337s] -- Up-to-date: /home/user/ws_siasun/install/aivt_interfaces/share/ament_index/resource_index/package_run_dependencies/aivt_interfaces
[0.337s] -- Up-to-date: /home/user/ws_siasun/install/aivt_interfaces/share/ament_index/resource_index/parent_prefix_path/aivt_interfaces
[0.337s] -- Up-to-date: /home/user/ws_siasun/install/aivt_interfaces/share/aivt_interfaces/environment/ament_prefix_path.sh
[0.337s] -- Up-to-date: /home/user/ws_siasun/install/aivt_interfaces/share/aivt_interfaces/environment/ament_prefix_path.dsv
[0.337s] -- Up-to-date: /home/user/ws_siasun/install/aivt_interfaces/share/aivt_interfaces/environment/path.sh
[0.337s] -- Up-to-date: /home/user/ws_siasun/install/aivt_interfaces/share/aivt_interfaces/environment/path.dsv
[0.337s] -- Up-to-date: /home/user/ws_siasun/install/aivt_interfaces/share/aivt_interfaces/local_setup.bash
[0.337s] -- Up-to-date: /home/user/ws_siasun/install/aivt_interfaces/share/aivt_interfaces/local_setup.sh
[0.337s] -- Up-to-date: /home/user/ws_siasun/install/aivt_interfaces/share/aivt_interfaces/local_setup.zsh
[0.337s] -- Up-to-date: /home/user/ws_siasun/install/aivt_interfaces/share/aivt_interfaces/local_setup.dsv
[0.337s] -- Installing: /home/user/ws_siasun/install/aivt_interfaces/share/aivt_interfaces/package.dsv
[0.337s] -- Up-to-date: /home/user/ws_siasun/install/aivt_interfaces/share/ament_index/resource_index/packages/aivt_interfaces
[0.337s] -- Up-to-date: /home/user/ws_siasun/install/aivt_interfaces/share/aivt_interfaces/cmake/export_aivt_interfaces__rosidl_generator_cExport.cmake
[0.337s] -- Up-to-date: /home/user/ws_siasun/install/aivt_interfaces/share/aivt_interfaces/cmake/export_aivt_interfaces__rosidl_generator_cExport-noconfig.cmake
[0.337s] -- Up-to-date: /home/user/ws_siasun/install/aivt_interfaces/share/aivt_interfaces/cmake/export_aivt_interfaces__rosidl_typesupport_fastrtps_cExport.cmake
[0.337s] -- Up-to-date: /home/user/ws_siasun/install/aivt_interfaces/share/aivt_interfaces/cmake/export_aivt_interfaces__rosidl_typesupport_fastrtps_cExport-noconfig.cmake
[0.337s] -- Up-to-date: /home/user/ws_siasun/install/aivt_interfaces/share/aivt_interfaces/cmake/aivt_interfaces__rosidl_typesupport_introspection_cExport.cmake
[0.337s] -- Up-to-date: /home/user/ws_siasun/install/aivt_interfaces/share/aivt_interfaces/cmake/aivt_interfaces__rosidl_typesupport_introspection_cExport-noconfig.cmake
[0.337s] -- Up-to-date: /home/user/ws_siasun/install/aivt_interfaces/share/aivt_interfaces/cmake/aivt_interfaces__rosidl_typesupport_cExport.cmake
[0.337s] -- Up-to-date: /home/user/ws_siasun/install/aivt_interfaces/share/aivt_interfaces/cmake/aivt_interfaces__rosidl_typesupport_cExport-noconfig.cmake
[0.338s] -- Up-to-date: /home/user/ws_siasun/install/aivt_interfaces/share/aivt_interfaces/cmake/export_aivt_interfaces__rosidl_generator_cppExport.cmake
[0.338s] -- Up-to-date: /home/user/ws_siasun/install/aivt_interfaces/share/aivt_interfaces/cmake/export_aivt_interfaces__rosidl_typesupport_fastrtps_cppExport.cmake
[0.338s] -- Up-to-date: /home/user/ws_siasun/install/aivt_interfaces/share/aivt_interfaces/cmake/export_aivt_interfaces__rosidl_typesupport_fastrtps_cppExport-noconfig.cmake
[0.338s] -- Up-to-date: /home/user/ws_siasun/install/aivt_interfaces/share/aivt_interfaces/cmake/aivt_interfaces__rosidl_typesupport_introspection_cppExport.cmake
[0.338s] -- Up-to-date: /home/user/ws_siasun/install/aivt_interfaces/share/aivt_interfaces/cmake/aivt_interfaces__rosidl_typesupport_introspection_cppExport-noconfig.cmake
[0.338s] -- Up-to-date: /home/user/ws_siasun/install/aivt_interfaces/share/aivt_interfaces/cmake/aivt_interfaces__rosidl_typesupport_cppExport.cmake
[0.338s] -- Up-to-date: /home/user/ws_siasun/install/aivt_interfaces/share/aivt_interfaces/cmake/aivt_interfaces__rosidl_typesupport_cppExport-noconfig.cmake
[0.338s] -- Up-to-date: /home/user/ws_siasun/install/aivt_interfaces/share/aivt_interfaces/cmake/export_aivt_interfaces__rosidl_generator_pyExport.cmake
[0.338s] -- Up-to-date: /home/user/ws_siasun/install/aivt_interfaces/share/aivt_interfaces/cmake/export_aivt_interfaces__rosidl_generator_pyExport-noconfig.cmake
[0.338s] -- Up-to-date: /home/user/ws_siasun/install/aivt_interfaces/share/aivt_interfaces/cmake/rosidl_cmake-extras.cmake
[0.338s] -- Up-to-date: /home/user/ws_siasun/install/aivt_interfaces/share/aivt_interfaces/cmake/ament_cmake_export_include_directories-extras.cmake
[0.338s] -- Up-to-date: /home/user/ws_siasun/install/aivt_interfaces/share/aivt_interfaces/cmake/ament_cmake_export_libraries-extras.cmake
[0.338s] -- Up-to-date: /home/user/ws_siasun/install/aivt_interfaces/share/aivt_interfaces/cmake/ament_cmake_export_targets-extras.cmake
[0.338s] -- Up-to-date: /home/user/ws_siasun/install/aivt_interfaces/share/aivt_interfaces/cmake/rosidl_cmake_export_typesupport_targets-extras.cmake
[0.338s] -- Up-to-date: /home/user/ws_siasun/install/aivt_interfaces/share/aivt_interfaces/cmake/ament_cmake_export_dependencies-extras.cmake
[0.338s] -- Up-to-date: /home/user/ws_siasun/install/aivt_interfaces/share/aivt_interfaces/cmake/rosidl_cmake_export_typesupport_libraries-extras.cmake
[0.339s] -- Up-to-date: /home/user/ws_siasun/install/aivt_interfaces/share/aivt_interfaces/cmake/aivt_interfacesConfig.cmake
[0.339s] -- Up-to-date: /home/user/ws_siasun/install/aivt_interfaces/share/aivt_interfaces/cmake/aivt_interfacesConfig-version.cmake
[0.339s] -- Up-to-date: /home/user/ws_siasun/install/aivt_interfaces/share/aivt_interfaces/package.xml
[0.340s] Invoked command in '/home/user/ws_siasun/build/aivt_interfaces' returned '0': CMAKE_PREFIX_PATH=${CMAKE_PREFIX_PATH}:/opt/ros/humble /usr/bin/cmake --install /home/user/ws_siasun/build/aivt_interfaces
