-- Install configuration: ""
-- Up-to-date: /home/ubuntu/ws_engineer/install/engineer_config/share/ament_index/resource_index/package_run_dependencies/engineer_config
-- Up-to-date: /home/ubuntu/ws_engineer/install/engineer_config/share/ament_index/resource_index/parent_prefix_path/engineer_config
-- Up-to-date: /home/ubuntu/ws_engineer/install/engineer_config/share/engineer_config/environment/ament_prefix_path.sh
-- Up-to-date: /home/ubuntu/ws_engineer/install/engineer_config/share/engineer_config/environment/ament_prefix_path.dsv
-- Up-to-date: /home/ubuntu/ws_engineer/install/engineer_config/share/engineer_config/environment/path.sh
-- Up-to-date: /home/ubuntu/ws_engineer/install/engineer_config/share/engineer_config/environment/path.dsv
-- Up-to-date: /home/ubuntu/ws_engineer/install/engineer_config/share/engineer_config/local_setup.bash
-- Up-to-date: /home/ubuntu/ws_engineer/install/engineer_config/share/engineer_config/local_setup.sh
-- Up-to-date: /home/ubuntu/ws_engineer/install/engineer_config/share/engineer_config/local_setup.zsh
-- Up-to-date: /home/ubuntu/ws_engineer/install/engineer_config/share/engineer_config/local_setup.dsv
-- Up-to-date: /home/ubuntu/ws_engineer/install/engineer_config/share/engineer_config/package.dsv
-- Up-to-date: /home/ubuntu/ws_engineer/install/engineer_config/share/ament_index/resource_index/packages/engineer_config
-- Up-to-date: /home/ubuntu/ws_engineer/install/engineer_config/share/engineer_config/cmake/engineer_configConfig.cmake
-- Up-to-date: /home/ubuntu/ws_engineer/install/engineer_config/share/engineer_config/cmake/engineer_configConfig-version.cmake
-- Up-to-date: /home/ubuntu/ws_engineer/install/engineer_config/share/engineer_config/package.xml
-- Up-to-date: /home/ubuntu/ws_engineer/install/engineer_config/share/engineer_config/launch
-- Up-to-date: /home/ubuntu/ws_engineer/install/engineer_config/share/engineer_config/launch/setup_assistant.launch.py
-- Up-to-date: /home/ubuntu/ws_engineer/install/engineer_config/share/engineer_config/launch/spawn_controllers.launch.py
-- Up-to-date: /home/ubuntu/ws_engineer/install/engineer_config/share/engineer_config/launch/rsp.launch.py
-- Up-to-date: /home/ubuntu/ws_engineer/install/engineer_config/share/engineer_config/launch/demo.launch.py
-- Up-to-date: /home/ubuntu/ws_engineer/install/engineer_config/share/engineer_config/launch/moveit_rviz.launch.py
-- Up-to-date: /home/ubuntu/ws_engineer/install/engineer_config/share/engineer_config/launch/warehouse_db.launch.py
-- Up-to-date: /home/ubuntu/ws_engineer/install/engineer_config/share/engineer_config/launch/move_group.launch.py
-- Up-to-date: /home/ubuntu/ws_engineer/install/engineer_config/share/engineer_config/launch/static_virtual_joint_tfs.launch.py
-- Up-to-date: /home/ubuntu/ws_engineer/install/engineer_config/share/engineer_config/config
-- Up-to-date: /home/ubuntu/ws_engineer/install/engineer_config/share/engineer_config/config/moveit_controllers.yaml
-- Up-to-date: /home/ubuntu/ws_engineer/install/engineer_config/share/engineer_config/config/ros2_controllers.yaml
-- Up-to-date: /home/ubuntu/ws_engineer/install/engineer_config/share/engineer_config/config/kinematics.yaml
-- Up-to-date: /home/ubuntu/ws_engineer/install/engineer_config/share/engineer_config/config/initial_positions.yaml
-- Up-to-date: /home/ubuntu/ws_engineer/install/engineer_config/share/engineer_config/config/moveit.rviz
-- Up-to-date: /home/ubuntu/ws_engineer/install/engineer_config/share/engineer_config/config/manipulator.ros2_control.xacro
-- Up-to-date: /home/ubuntu/ws_engineer/install/engineer_config/share/engineer_config/config/joint_limits.yaml
-- Up-to-date: /home/ubuntu/ws_engineer/install/engineer_config/share/engineer_config/config/manipulator.srdf
-- Up-to-date: /home/ubuntu/ws_engineer/install/engineer_config/share/engineer_config/config/pilz_cartesian_limits.yaml
-- Up-to-date: /home/ubuntu/ws_engineer/install/engineer_config/share/engineer_config/config/manipulator.urdf.xacro
-- Up-to-date: /home/ubuntu/ws_engineer/install/engineer_config/share/engineer_config/.setup_assistant
