[0.017s] Invoking command in '/home/ubuntu/ws_engineer/build/moveit_demo': CMAKE_PREFIX_PATH=${CMAKE_PREFIX_PATH}:/home/ubuntu/ws_moveit/install/moveit_configs_utils:/home/ubuntu/ws_moveit/install/launch_param_builder:/home/ubuntu/ws00_helloworld/install/pkg02_helloworld_py:/home/ubuntu/dev_ws/install/learning_urdf:/home/ubuntu/dev_ws/install/learning_topic:/home/ubuntu/dev_ws/install/learning_tf:/home/ubuntu/dev_ws/install/learning_service:/home/ubuntu/dev_ws/install/learning_qos:/home/ubuntu/dev_ws/install/learning_pkg_python:/home/ubuntu/dev_ws/install/learning_parameter:/home/ubuntu/dev_ws/install/learning_node:/home/ubuntu/dev_ws/install/learning_launch:/home/ubuntu/dev_ws/install/learning_action:/home/ubuntu/dev_ws/install/learning_gazebo_harmonic:/home/ubuntu/dev_ws/install/learning_gazebo:/home/ubuntu/dev_ws/install/learning_cv:/opt/ros/humble /usr/bin/cmake /home/ubuntu/ws_engineer/src/moveit_demo -DCMAKE_INSTALL_PREFIX=/home/ubuntu/ws_engineer/install/moveit_demo
[0.081s] -- The C compiler identification is GNU 12.3.0
[0.138s] -- The CXX compiler identification is GNU 12.3.0
[0.146s] -- Detecting C compiler ABI info
[0.234s] -- Detecting C compiler ABI info - done
[0.239s] -- Check for working C compiler: /usr/bin/cc - skipped
[0.239s] -- Detecting C compile features
[0.240s] -- Detecting C compile features - done
[0.242s] -- Detecting CXX compiler ABI info
[0.354s] -- Detecting CXX compiler ABI info - done
[0.361s] -- Check for working CXX compiler: /usr/bin/c++ - skipped
[0.361s] -- Detecting CXX compile features
[0.361s] -- Detecting CXX compile features - done
[0.372s] -- Found ament_cmake: 1.3.11 (/opt/ros/humble/share/ament_cmake/cmake)
[0.759s] -- Found Python3: /home/ubuntu/anaconda3/bin/python3 (found version "3.12.7") found components: Interpreter 
[0.976s] -- Found rclcpp: 16.0.12 (/opt/ros/humble/share/rclcpp/cmake)
[1.105s] -- Found rosidl_generator_c: 3.1.6 (/opt/ros/humble/share/rosidl_generator_c/cmake)
[1.126s] -- Found rosidl_adapter: 3.1.6 (/opt/ros/humble/share/rosidl_adapter/cmake)
[1.149s] -- Found rosidl_generator_cpp: 3.1.6 (/opt/ros/humble/share/rosidl_generator_cpp/cmake)
[1.177s] -- Using all available rosidl_typesupport_c: rosidl_typesupport_fastrtps_c;rosidl_typesupport_introspection_c
[1.218s] -- Using all available rosidl_typesupport_cpp: rosidl_typesupport_fastrtps_cpp;rosidl_typesupport_introspection_cpp
[1.341s] -- Found rmw_implementation_cmake: 6.1.2 (/opt/ros/humble/share/rmw_implementation_cmake/cmake)
[1.354s] -- Found rmw_fastrtps_cpp: 6.2.7 (/opt/ros/humble/share/rmw_fastrtps_cpp/cmake)
[1.526s] -- Found OpenSSL: /usr/lib/x86_64-linux-gnu/libcrypto.so (found version "3.0.2")  
[1.570s] -- Found FastRTPS: /opt/ros/humble/include  
[1.637s] -- Using RMW implementation 'rmw_fastrtps_cpp' as default
[1.671s] -- Looking for pthread.h
[1.766s] -- Looking for pthread.h - found
[1.766s] -- Performing Test CMAKE_HAVE_LIBC_PTHREAD
[1.864s] -- Performing Test CMAKE_HAVE_LIBC_PTHREAD - Success
[1.865s] -- Found Threads: TRUE  
[1.951s] -- Found geometry_msgs: 4.8.0 (/opt/ros/humble/share/geometry_msgs/cmake)
[1.963s] -- Found moveit_ros_planning_interface: 2.5.9 (/home/ubuntu/ws_moveit/install/moveit_ros_planning_interface/share/moveit_ros_planning_interface/cmake)
[2.050s] -- Found Boost: /home/ubuntu/anaconda3/lib/cmake/Boost-1.82.0/BoostConfig.cmake (found version "1.82.0") found components: date_time filesystem program_options system thread 
[2.295s] -- Found Boost: /home/ubuntu/anaconda3/lib/cmake/Boost-1.82.0/BoostConfig.cmake (found version "1.82.0") found components: chrono date_time filesystem iostreams program_options regex serialization system thread 
[2.425s] -- Found parameter_traits: 0.4.0 (/opt/ros/humble/share/parameter_traits/cmake)
[2.460s] -- Found Eigen3: TRUE (found version "3.4.0") 
[2.470s] -- Found rclcpp_lifecycle: 16.0.12 (/opt/ros/humble/share/rclcpp_lifecycle/cmake)
[2.518s] -- Found Boost: /home/ubuntu/anaconda3/lib/cmake/Boost-1.82.0/BoostConfig.cmake (found version "1.82.0") found components: filesystem 
[2.727s] -- library: /usr/lib/x86_64-linux-gnu/libcurl.so
[2.799s] -- Ensuring Eigen3 include directory is part of orocos-kdl CMake target
[3.183s] -- Found Boost: /home/ubuntu/anaconda3/lib/cmake/Boost-1.82.0/BoostConfig.cmake (found version "1.82.0") found components: system filesystem date_time program_options thread chrono 
[3.229s] -- Found Boost: /home/ubuntu/anaconda3/lib/cmake/Boost-1.82.0/BoostConfig.cmake (found version "1.82.0") found components: thread system filesystem regex date_time program_options 
[3.269s] -- Found Boost: /home/ubuntu/anaconda3/lib/cmake/Boost-1.82.0/BoostConfig.cmake (found version "1.82.0") found components: system filesystem date_time program_options thread 
[3.330s] -- Found ament_lint_auto: 0.12.12 (/opt/ros/humble/share/ament_lint_auto/cmake)
[3.543s] -- Added test 'cppcheck' to perform static code analysis on C / C++ code
[3.543s] -- Configured cppcheck include dirs: $<BUILD_INTERFACE:/home/ubuntu/ws_engineer/src/moveit_demo/include>
[3.543s] -- Configured cppcheck exclude dirs and/or files: 
[3.545s] -- Added test 'lint_cmake' to check CMake code style
[3.547s] -- Added test 'uncrustify' to check C / C++ code style
[3.547s] -- Configured uncrustify additional arguments: 
[3.549s] -- Added test 'xmllint' to check XML markup files
[3.553s] -- Configuring done
[3.586s] [33mCMake Warning at CMakeLists.txt:15 (add_executable):
[3.586s]   Cannot generate a safe runtime search path for target simple_motion_node
[3.587s]   because files in some directories may conflict with libraries in implicit
[3.587s]   directories:
[3.587s] 
[3.587s]     runtime library [libcurl.so.4] in /usr/lib/x86_64-linux-gnu may be hidden by files in:
[3.587s]       /home/ubuntu/anaconda3/lib
[3.587s]     runtime library [libcrypto.so.3] in /usr/lib/x86_64-linux-gnu may be hidden by files in:
[3.587s]       /home/ubuntu/anaconda3/lib
[3.587s] 
[3.587s]   Some of these libraries may not be found correctly.
[3.587s] 
[3.587s] [0m
[3.603s] [33mCMake Warning at CMakeLists.txt:16 (add_executable):
[3.603s]   Cannot generate a safe runtime search path for target move_controller_test
[3.603s]   because files in some directories may conflict with libraries in implicit
[3.603s]   directories:
[3.603s] 
[3.603s]     runtime library [libcurl.so.4] in /usr/lib/x86_64-linux-gnu may be hidden by files in:
[3.603s]       /home/ubuntu/anaconda3/lib
[3.603s]     runtime library [libcrypto.so.3] in /usr/lib/x86_64-linux-gnu may be hidden by files in:
[3.603s]       /home/ubuntu/anaconda3/lib
[3.603s] 
[3.603s]   Some of these libraries may not be found correctly.
[3.603s] 
[3.603s] [0m
[3.604s] -- Generating done
[3.617s] -- Build files have been written to: /home/ubuntu/ws_engineer/build/moveit_demo
[3.634s] Invoked command in '/home/ubuntu/ws_engineer/build/moveit_demo' returned '0': CMAKE_PREFIX_PATH=${CMAKE_PREFIX_PATH}:/home/ubuntu/ws_moveit/install/moveit_configs_utils:/home/ubuntu/ws_moveit/install/launch_param_builder:/home/ubuntu/ws00_helloworld/install/pkg02_helloworld_py:/home/ubuntu/dev_ws/install/learning_urdf:/home/ubuntu/dev_ws/install/learning_topic:/home/ubuntu/dev_ws/install/learning_tf:/home/ubuntu/dev_ws/install/learning_service:/home/ubuntu/dev_ws/install/learning_qos:/home/ubuntu/dev_ws/install/learning_pkg_python:/home/ubuntu/dev_ws/install/learning_parameter:/home/ubuntu/dev_ws/install/learning_node:/home/ubuntu/dev_ws/install/learning_launch:/home/ubuntu/dev_ws/install/learning_action:/home/ubuntu/dev_ws/install/learning_gazebo_harmonic:/home/ubuntu/dev_ws/install/learning_gazebo:/home/ubuntu/dev_ws/install/learning_cv:/opt/ros/humble /usr/bin/cmake /home/ubuntu/ws_engineer/src/moveit_demo -DCMAKE_INSTALL_PREFIX=/home/ubuntu/ws_engineer/install/moveit_demo
[3.636s] Invoking command in '/home/ubuntu/ws_engineer/build/moveit_demo': CMAKE_PREFIX_PATH=${CMAKE_PREFIX_PATH}:/home/ubuntu/ws_moveit/install/moveit_configs_utils:/home/ubuntu/ws_moveit/install/launch_param_builder:/home/ubuntu/ws00_helloworld/install/pkg02_helloworld_py:/home/ubuntu/dev_ws/install/learning_urdf:/home/ubuntu/dev_ws/install/learning_topic:/home/ubuntu/dev_ws/install/learning_tf:/home/ubuntu/dev_ws/install/learning_service:/home/ubuntu/dev_ws/install/learning_qos:/home/ubuntu/dev_ws/install/learning_pkg_python:/home/ubuntu/dev_ws/install/learning_parameter:/home/ubuntu/dev_ws/install/learning_node:/home/ubuntu/dev_ws/install/learning_launch:/home/ubuntu/dev_ws/install/learning_action:/home/ubuntu/dev_ws/install/learning_gazebo_harmonic:/home/ubuntu/dev_ws/install/learning_gazebo:/home/ubuntu/dev_ws/install/learning_cv:/opt/ros/humble /usr/bin/cmake --build /home/ubuntu/ws_engineer/build/moveit_demo -- -j16 -l16
[3.718s] [ 50%] [32mBuilding CXX object CMakeFiles/move_controller_test.dir/src/move_controller_test.cpp.o[0m
[3.719s] [ 50%] [32mBuilding CXX object CMakeFiles/simple_motion_node.dir/src/simple_motion_node.cpp.o[0m
[11.201s] [ 75%] [32m[1mLinking CXX executable move_controller_test[0m
[11.315s] [100%] [32m[1mLinking CXX executable simple_motion_node[0m
[11.574s] [100%] Built target move_controller_test
[11.686s] [100%] Built target simple_motion_node
[11.701s] Invoked command in '/home/ubuntu/ws_engineer/build/moveit_demo' returned '0': CMAKE_PREFIX_PATH=${CMAKE_PREFIX_PATH}:/home/ubuntu/ws_moveit/install/moveit_configs_utils:/home/ubuntu/ws_moveit/install/launch_param_builder:/home/ubuntu/ws00_helloworld/install/pkg02_helloworld_py:/home/ubuntu/dev_ws/install/learning_urdf:/home/ubuntu/dev_ws/install/learning_topic:/home/ubuntu/dev_ws/install/learning_tf:/home/ubuntu/dev_ws/install/learning_service:/home/ubuntu/dev_ws/install/learning_qos:/home/ubuntu/dev_ws/install/learning_pkg_python:/home/ubuntu/dev_ws/install/learning_parameter:/home/ubuntu/dev_ws/install/learning_node:/home/ubuntu/dev_ws/install/learning_launch:/home/ubuntu/dev_ws/install/learning_action:/home/ubuntu/dev_ws/install/learning_gazebo_harmonic:/home/ubuntu/dev_ws/install/learning_gazebo:/home/ubuntu/dev_ws/install/learning_cv:/opt/ros/humble /usr/bin/cmake --build /home/ubuntu/ws_engineer/build/moveit_demo -- -j16 -l16
[11.703s] Invoking command in '/home/ubuntu/ws_engineer/build/moveit_demo': CMAKE_PREFIX_PATH=${CMAKE_PREFIX_PATH}:/home/ubuntu/ws_moveit/install/moveit_configs_utils:/home/ubuntu/ws_moveit/install/launch_param_builder:/home/ubuntu/ws00_helloworld/install/pkg02_helloworld_py:/home/ubuntu/dev_ws/install/learning_urdf:/home/ubuntu/dev_ws/install/learning_topic:/home/ubuntu/dev_ws/install/learning_tf:/home/ubuntu/dev_ws/install/learning_service:/home/ubuntu/dev_ws/install/learning_qos:/home/ubuntu/dev_ws/install/learning_pkg_python:/home/ubuntu/dev_ws/install/learning_parameter:/home/ubuntu/dev_ws/install/learning_node:/home/ubuntu/dev_ws/install/learning_launch:/home/ubuntu/dev_ws/install/learning_action:/home/ubuntu/dev_ws/install/learning_gazebo_harmonic:/home/ubuntu/dev_ws/install/learning_gazebo:/home/ubuntu/dev_ws/install/learning_cv:/opt/ros/humble /usr/bin/cmake --install /home/ubuntu/ws_engineer/build/moveit_demo
[11.715s] -- Install configuration: ""
[11.715s] -- Installing: /home/ubuntu/ws_engineer/install/moveit_demo/lib/moveit_demo/simple_motion_node
[11.716s] -- Set runtime path of "/home/ubuntu/ws_engineer/install/moveit_demo/lib/moveit_demo/simple_motion_node" to ""
[11.716s] -- Installing: /home/ubuntu/ws_engineer/install/moveit_demo/lib/moveit_demo/move_controller_test
[11.716s] -- Set runtime path of "/home/ubuntu/ws_engineer/install/moveit_demo/lib/moveit_demo/move_controller_test" to ""
[11.716s] -- Installing: /home/ubuntu/ws_engineer/install/moveit_demo/share/ament_index/resource_index/package_run_dependencies/moveit_demo
[11.717s] -- Installing: /home/ubuntu/ws_engineer/install/moveit_demo/share/ament_index/resource_index/parent_prefix_path/moveit_demo
[11.717s] -- Installing: /home/ubuntu/ws_engineer/install/moveit_demo/share/moveit_demo/environment/ament_prefix_path.sh
[11.717s] -- Installing: /home/ubuntu/ws_engineer/install/moveit_demo/share/moveit_demo/environment/ament_prefix_path.dsv
[11.717s] -- Installing: /home/ubuntu/ws_engineer/install/moveit_demo/share/moveit_demo/environment/path.sh
[11.717s] -- Installing: /home/ubuntu/ws_engineer/install/moveit_demo/share/moveit_demo/environment/path.dsv
[11.717s] -- Installing: /home/ubuntu/ws_engineer/install/moveit_demo/share/moveit_demo/local_setup.bash
[11.718s] -- Installing: /home/ubuntu/ws_engineer/install/moveit_demo/share/moveit_demo/local_setup.sh
[11.718s] -- Installing: /home/ubuntu/ws_engineer/install/moveit_demo/share/moveit_demo/local_setup.zsh
[11.718s] -- Installing: /home/ubuntu/ws_engineer/install/moveit_demo/share/moveit_demo/local_setup.dsv
[11.718s] -- Installing: /home/ubuntu/ws_engineer/install/moveit_demo/share/moveit_demo/package.dsv
[11.718s] -- Installing: /home/ubuntu/ws_engineer/install/moveit_demo/share/ament_index/resource_index/packages/moveit_demo
[11.718s] -- Installing: /home/ubuntu/ws_engineer/install/moveit_demo/share/moveit_demo/cmake/moveit_demoConfig.cmake
[11.719s] -- Installing: /home/ubuntu/ws_engineer/install/moveit_demo/share/moveit_demo/cmake/moveit_demoConfig-version.cmake
[11.719s] -- Installing: /home/ubuntu/ws_engineer/install/moveit_demo/share/moveit_demo/package.xml
[11.721s] Invoked command in '/home/ubuntu/ws_engineer/build/moveit_demo' returned '0': CMAKE_PREFIX_PATH=${CMAKE_PREFIX_PATH}:/home/ubuntu/ws_moveit/install/moveit_configs_utils:/home/ubuntu/ws_moveit/install/launch_param_builder:/home/ubuntu/ws00_helloworld/install/pkg02_helloworld_py:/home/ubuntu/dev_ws/install/learning_urdf:/home/ubuntu/dev_ws/install/learning_topic:/home/ubuntu/dev_ws/install/learning_tf:/home/ubuntu/dev_ws/install/learning_service:/home/ubuntu/dev_ws/install/learning_qos:/home/ubuntu/dev_ws/install/learning_pkg_python:/home/ubuntu/dev_ws/install/learning_parameter:/home/ubuntu/dev_ws/install/learning_node:/home/ubuntu/dev_ws/install/learning_launch:/home/ubuntu/dev_ws/install/learning_action:/home/ubuntu/dev_ws/install/learning_gazebo_harmonic:/home/ubuntu/dev_ws/install/learning_gazebo:/home/ubuntu/dev_ws/install/learning_cv:/opt/ros/humble /usr/bin/cmake --install /home/ubuntu/ws_engineer/build/moveit_demo
