[0.078s] Invoking command in '/home/ubuntu/ws_engineer/build/base_interfaces': CMAKE_PREFIX_PATH=${CMAKE_PREFIX_PATH}:/home/ubuntu/ws_moveit/install/moveit_configs_utils:/home/ubuntu/ws_moveit/install/launch_param_builder:/home/ubuntu/ws00_helloworld/install/pkg02_helloworld_py:/home/ubuntu/dev_ws/install/learning_urdf:/home/ubuntu/dev_ws/install/learning_topic:/home/ubuntu/dev_ws/install/learning_tf:/home/ubuntu/dev_ws/install/learning_service:/home/ubuntu/dev_ws/install/learning_qos:/home/ubuntu/dev_ws/install/learning_pkg_python:/home/ubuntu/dev_ws/install/learning_parameter:/home/ubuntu/dev_ws/install/learning_node:/home/ubuntu/dev_ws/install/learning_launch:/home/ubuntu/dev_ws/install/learning_action:/home/ubuntu/dev_ws/install/learning_gazebo_harmonic:/home/ubuntu/dev_ws/install/learning_gazebo:/home/ubuntu/dev_ws/install/learning_cv:/opt/ros/humble /usr/bin/cmake --build /home/ubuntu/ws_engineer/build/base_interfaces -- -j16 -l16
[0.202s] [  2%] Built target base_interfaces__cpp
[0.202s] [ 12%] Built target base_interfaces__rosidl_generator_c
[0.224s] [ 12%] Built target ament_cmake_python_copy_base_interfaces
[0.265s] [ 33%] Built target base_interfaces__rosidl_typesupport_introspection_cpp
[0.265s] [ 33%] Built target base_interfaces__rosidl_typesupport_fastrtps_cpp
[0.266s] [ 43%] Built target base_interfaces__rosidl_typesupport_cpp
[0.280s] [ 64%] Built target base_interfaces__rosidl_typesupport_introspection_c
[0.280s] [ 64%] Built target base_interfaces__rosidl_typesupport_c
[0.280s] [ 74%] Built target base_interfaces__rosidl_typesupport_fastrtps_c
[0.318s] [ 74%] Built target base_interfaces
[0.355s] [ 76%] Built target base_interfaces__py
[0.394s] [ 84%] Built target base_interfaces__rosidl_generator_py
[0.433s] [100%] Built target base_interfaces__rosidl_typesupport_c__pyext
[0.433s] [100%] Built target base_interfaces__rosidl_typesupport_introspection_c__pyext
[0.433s] [100%] Built target base_interfaces__rosidl_typesupport_fastrtps_c__pyext
[0.511s] running egg_info
[0.511s] writing base_interfaces.egg-info/PKG-INFO
[0.512s] writing dependency_links to base_interfaces.egg-info/dependency_links.txt
[0.512s] writing top-level names to base_interfaces.egg-info/top_level.txt
[0.515s] reading manifest file 'base_interfaces.egg-info/SOURCES.txt'
[0.516s] writing manifest file 'base_interfaces.egg-info/SOURCES.txt'
[0.546s] [100%] Built target ament_cmake_python_build_base_interfaces_egg
[0.562s] Invoked command in '/home/ubuntu/ws_engineer/build/base_interfaces' returned '0': CMAKE_PREFIX_PATH=${CMAKE_PREFIX_PATH}:/home/ubuntu/ws_moveit/install/moveit_configs_utils:/home/ubuntu/ws_moveit/install/launch_param_builder:/home/ubuntu/ws00_helloworld/install/pkg02_helloworld_py:/home/ubuntu/dev_ws/install/learning_urdf:/home/ubuntu/dev_ws/install/learning_topic:/home/ubuntu/dev_ws/install/learning_tf:/home/ubuntu/dev_ws/install/learning_service:/home/ubuntu/dev_ws/install/learning_qos:/home/ubuntu/dev_ws/install/learning_pkg_python:/home/ubuntu/dev_ws/install/learning_parameter:/home/ubuntu/dev_ws/install/learning_node:/home/ubuntu/dev_ws/install/learning_launch:/home/ubuntu/dev_ws/install/learning_action:/home/ubuntu/dev_ws/install/learning_gazebo_harmonic:/home/ubuntu/dev_ws/install/learning_gazebo:/home/ubuntu/dev_ws/install/learning_cv:/opt/ros/humble /usr/bin/cmake --build /home/ubuntu/ws_engineer/build/base_interfaces -- -j16 -l16
[0.578s] Invoking command in '/home/ubuntu/ws_engineer/build/base_interfaces': CMAKE_PREFIX_PATH=${CMAKE_PREFIX_PATH}:/home/ubuntu/ws_moveit/install/moveit_configs_utils:/home/ubuntu/ws_moveit/install/launch_param_builder:/home/ubuntu/ws00_helloworld/install/pkg02_helloworld_py:/home/ubuntu/dev_ws/install/learning_urdf:/home/ubuntu/dev_ws/install/learning_topic:/home/ubuntu/dev_ws/install/learning_tf:/home/ubuntu/dev_ws/install/learning_service:/home/ubuntu/dev_ws/install/learning_qos:/home/ubuntu/dev_ws/install/learning_pkg_python:/home/ubuntu/dev_ws/install/learning_parameter:/home/ubuntu/dev_ws/install/learning_node:/home/ubuntu/dev_ws/install/learning_launch:/home/ubuntu/dev_ws/install/learning_action:/home/ubuntu/dev_ws/install/learning_gazebo_harmonic:/home/ubuntu/dev_ws/install/learning_gazebo:/home/ubuntu/dev_ws/install/learning_cv:/opt/ros/humble /usr/bin/cmake --install /home/ubuntu/ws_engineer/build/base_interfaces
[0.592s] -- Install configuration: ""
[0.592s] -- Up-to-date: /home/ubuntu/ws_engineer/install/base_interfaces/share/ament_index/resource_index/rosidl_interfaces/base_interfaces
[0.593s] -- Up-to-date: /home/ubuntu/ws_engineer/install/base_interfaces/include/base_interfaces/base_interfaces
[0.593s] -- Up-to-date: /home/ubuntu/ws_engineer/install/base_interfaces/include/base_interfaces/base_interfaces/msg
[0.593s] -- Up-to-date: /home/ubuntu/ws_engineer/install/base_interfaces/include/base_interfaces/base_interfaces/msg/rosidl_generator_c__visibility_control.h
[0.593s] -- Up-to-date: /home/ubuntu/ws_engineer/install/base_interfaces/include/base_interfaces/base_interfaces/msg/user_pose.h
[0.593s] -- Up-to-date: /home/ubuntu/ws_engineer/install/base_interfaces/include/base_interfaces/base_interfaces/msg/user_joint.h
[0.593s] -- Up-to-date: /home/ubuntu/ws_engineer/install/base_interfaces/include/base_interfaces/base_interfaces/msg/detail
[0.593s] -- Up-to-date: /home/ubuntu/ws_engineer/install/base_interfaces/include/base_interfaces/base_interfaces/msg/detail/user_pose__functions.c
[0.593s] -- Up-to-date: /home/ubuntu/ws_engineer/install/base_interfaces/include/base_interfaces/base_interfaces/msg/detail/user_pose__type_support.h
[0.593s] -- Up-to-date: /home/ubuntu/ws_engineer/install/base_interfaces/include/base_interfaces/base_interfaces/msg/detail/user_joint__type_support.h
[0.593s] -- Up-to-date: /home/ubuntu/ws_engineer/install/base_interfaces/include/base_interfaces/base_interfaces/msg/detail/user_pose__functions.h
[0.593s] -- Up-to-date: /home/ubuntu/ws_engineer/install/base_interfaces/include/base_interfaces/base_interfaces/msg/detail/user_pose__struct.h
[0.594s] -- Up-to-date: /home/ubuntu/ws_engineer/install/base_interfaces/include/base_interfaces/base_interfaces/msg/detail/user_joint__struct.h
[0.594s] -- Up-to-date: /home/ubuntu/ws_engineer/install/base_interfaces/include/base_interfaces/base_interfaces/msg/detail/user_joint__functions.h
[0.594s] -- Up-to-date: /home/ubuntu/ws_engineer/install/base_interfaces/include/base_interfaces/base_interfaces/msg/detail/user_joint__functions.c
[0.594s] -- Up-to-date: /home/ubuntu/ws_engineer/install/base_interfaces/share/base_interfaces/environment/library_path.sh
[0.594s] -- Up-to-date: /home/ubuntu/ws_engineer/install/base_interfaces/share/base_interfaces/environment/library_path.dsv
[0.594s] -- Up-to-date: /home/ubuntu/ws_engineer/install/base_interfaces/lib/libbase_interfaces__rosidl_generator_c.so
[0.594s] -- Up-to-date: /home/ubuntu/ws_engineer/install/base_interfaces/include/base_interfaces/base_interfaces
[0.594s] -- Up-to-date: /home/ubuntu/ws_engineer/install/base_interfaces/include/base_interfaces/base_interfaces/msg
[0.594s] -- Up-to-date: /home/ubuntu/ws_engineer/install/base_interfaces/include/base_interfaces/base_interfaces/msg/detail
[0.594s] -- Up-to-date: /home/ubuntu/ws_engineer/install/base_interfaces/include/base_interfaces/base_interfaces/msg/detail/user_joint__rosidl_typesupport_fastrtps_c.h
[0.594s] -- Up-to-date: /home/ubuntu/ws_engineer/install/base_interfaces/include/base_interfaces/base_interfaces/msg/detail/user_pose__rosidl_typesupport_fastrtps_c.h
[0.594s] -- Up-to-date: /home/ubuntu/ws_engineer/install/base_interfaces/include/base_interfaces/base_interfaces/msg/rosidl_typesupport_fastrtps_c__visibility_control.h
[0.594s] -- Up-to-date: /home/ubuntu/ws_engineer/install/base_interfaces/lib/libbase_interfaces__rosidl_typesupport_fastrtps_c.so
[0.594s] -- Up-to-date: /home/ubuntu/ws_engineer/install/base_interfaces/include/base_interfaces/base_interfaces
[0.595s] -- Up-to-date: /home/ubuntu/ws_engineer/install/base_interfaces/include/base_interfaces/base_interfaces/msg
[0.595s] -- Up-to-date: /home/ubuntu/ws_engineer/install/base_interfaces/include/base_interfaces/base_interfaces/msg/rosidl_typesupport_introspection_c__visibility_control.h
[0.595s] -- Up-to-date: /home/ubuntu/ws_engineer/install/base_interfaces/include/base_interfaces/base_interfaces/msg/detail
[0.595s] -- Up-to-date: /home/ubuntu/ws_engineer/install/base_interfaces/include/base_interfaces/base_interfaces/msg/detail/user_pose__rosidl_typesupport_introspection_c.h
[0.595s] -- Up-to-date: /home/ubuntu/ws_engineer/install/base_interfaces/include/base_interfaces/base_interfaces/msg/detail/user_joint__rosidl_typesupport_introspection_c.h
[0.595s] -- Up-to-date: /home/ubuntu/ws_engineer/install/base_interfaces/include/base_interfaces/base_interfaces/msg/detail/user_joint__type_support.c
[0.595s] -- Up-to-date: /home/ubuntu/ws_engineer/install/base_interfaces/include/base_interfaces/base_interfaces/msg/detail/user_pose__type_support.c
[0.595s] -- Up-to-date: /home/ubuntu/ws_engineer/install/base_interfaces/lib/libbase_interfaces__rosidl_typesupport_introspection_c.so
[0.596s] -- Up-to-date: /home/ubuntu/ws_engineer/install/base_interfaces/lib/libbase_interfaces__rosidl_typesupport_c.so
[0.596s] -- Up-to-date: /home/ubuntu/ws_engineer/install/base_interfaces/include/base_interfaces/base_interfaces
[0.596s] -- Up-to-date: /home/ubuntu/ws_engineer/install/base_interfaces/include/base_interfaces/base_interfaces/msg
[0.596s] -- Up-to-date: /home/ubuntu/ws_engineer/install/base_interfaces/include/base_interfaces/base_interfaces/msg/rosidl_generator_cpp__visibility_control.hpp
[0.596s] -- Up-to-date: /home/ubuntu/ws_engineer/install/base_interfaces/include/base_interfaces/base_interfaces/msg/user_joint.hpp
[0.597s] -- Up-to-date: /home/ubuntu/ws_engineer/install/base_interfaces/include/base_interfaces/base_interfaces/msg/detail
[0.597s] -- Up-to-date: /home/ubuntu/ws_engineer/install/base_interfaces/include/base_interfaces/base_interfaces/msg/detail/user_joint__struct.hpp
[0.597s] -- Up-to-date: /home/ubuntu/ws_engineer/install/base_interfaces/include/base_interfaces/base_interfaces/msg/detail/user_joint__builder.hpp
[0.597s] -- Up-to-date: /home/ubuntu/ws_engineer/install/base_interfaces/include/base_interfaces/base_interfaces/msg/detail/user_pose__struct.hpp
[0.597s] -- Up-to-date: /home/ubuntu/ws_engineer/install/base_interfaces/include/base_interfaces/base_interfaces/msg/detail/user_pose__traits.hpp
[0.597s] -- Up-to-date: /home/ubuntu/ws_engineer/install/base_interfaces/include/base_interfaces/base_interfaces/msg/detail/user_pose__type_support.hpp
[0.597s] -- Up-to-date: /home/ubuntu/ws_engineer/install/base_interfaces/include/base_interfaces/base_interfaces/msg/detail/user_joint__type_support.hpp
[0.597s] -- Up-to-date: /home/ubuntu/ws_engineer/install/base_interfaces/include/base_interfaces/base_interfaces/msg/detail/user_pose__builder.hpp
[0.597s] -- Up-to-date: /home/ubuntu/ws_engineer/install/base_interfaces/include/base_interfaces/base_interfaces/msg/detail/user_joint__traits.hpp
[0.597s] -- Up-to-date: /home/ubuntu/ws_engineer/install/base_interfaces/include/base_interfaces/base_interfaces/msg/user_pose.hpp
[0.597s] -- Up-to-date: /home/ubuntu/ws_engineer/install/base_interfaces/include/base_interfaces/base_interfaces
[0.597s] -- Up-to-date: /home/ubuntu/ws_engineer/install/base_interfaces/include/base_interfaces/base_interfaces/msg
[0.597s] -- Up-to-date: /home/ubuntu/ws_engineer/install/base_interfaces/include/base_interfaces/base_interfaces/msg/rosidl_typesupport_fastrtps_cpp__visibility_control.h
[0.597s] -- Up-to-date: /home/ubuntu/ws_engineer/install/base_interfaces/include/base_interfaces/base_interfaces/msg/detail
[0.597s] -- Up-to-date: /home/ubuntu/ws_engineer/install/base_interfaces/include/base_interfaces/base_interfaces/msg/detail/user_pose__rosidl_typesupport_fastrtps_cpp.hpp
[0.597s] -- Up-to-date: /home/ubuntu/ws_engineer/install/base_interfaces/include/base_interfaces/base_interfaces/msg/detail/user_joint__rosidl_typesupport_fastrtps_cpp.hpp
[0.597s] -- Up-to-date: /home/ubuntu/ws_engineer/install/base_interfaces/include/base_interfaces/base_interfaces/msg/detail/dds_fastrtps
[0.598s] -- Up-to-date: /home/ubuntu/ws_engineer/install/base_interfaces/lib/libbase_interfaces__rosidl_typesupport_fastrtps_cpp.so
[0.598s] -- Up-to-date: /home/ubuntu/ws_engineer/install/base_interfaces/include/base_interfaces/base_interfaces
[0.598s] -- Up-to-date: /home/ubuntu/ws_engineer/install/base_interfaces/include/base_interfaces/base_interfaces/msg
[0.598s] -- Up-to-date: /home/ubuntu/ws_engineer/install/base_interfaces/include/base_interfaces/base_interfaces/msg/detail
[0.598s] -- Up-to-date: /home/ubuntu/ws_engineer/install/base_interfaces/include/base_interfaces/base_interfaces/msg/detail/user_joint__type_support.cpp
[0.598s] -- Up-to-date: /home/ubuntu/ws_engineer/install/base_interfaces/include/base_interfaces/base_interfaces/msg/detail/user_pose__type_support.cpp
[0.598s] -- Up-to-date: /home/ubuntu/ws_engineer/install/base_interfaces/include/base_interfaces/base_interfaces/msg/detail/user_pose__rosidl_typesupport_introspection_cpp.hpp
[0.598s] -- Up-to-date: /home/ubuntu/ws_engineer/install/base_interfaces/include/base_interfaces/base_interfaces/msg/detail/user_joint__rosidl_typesupport_introspection_cpp.hpp
[0.599s] -- Up-to-date: /home/ubuntu/ws_engineer/install/base_interfaces/lib/libbase_interfaces__rosidl_typesupport_introspection_cpp.so
[0.599s] -- Up-to-date: /home/ubuntu/ws_engineer/install/base_interfaces/lib/libbase_interfaces__rosidl_typesupport_cpp.so
[0.600s] -- Up-to-date: /home/ubuntu/ws_engineer/install/base_interfaces/share/base_interfaces/environment/pythonpath.sh
[0.600s] -- Up-to-date: /home/ubuntu/ws_engineer/install/base_interfaces/share/base_interfaces/environment/pythonpath.dsv
[0.600s] -- Up-to-date: /home/ubuntu/ws_engineer/install/base_interfaces/local/lib/python3.10/dist-packages/base_interfaces-0.0.0-py3.10.egg-info
[0.600s] -- Installing: /home/ubuntu/ws_engineer/install/base_interfaces/local/lib/python3.10/dist-packages/base_interfaces-0.0.0-py3.10.egg-info/dependency_links.txt
[0.600s] -- Installing: /home/ubuntu/ws_engineer/install/base_interfaces/local/lib/python3.10/dist-packages/base_interfaces-0.0.0-py3.10.egg-info/SOURCES.txt
[0.600s] -- Installing: /home/ubuntu/ws_engineer/install/base_interfaces/local/lib/python3.10/dist-packages/base_interfaces-0.0.0-py3.10.egg-info/top_level.txt
[0.600s] -- Installing: /home/ubuntu/ws_engineer/install/base_interfaces/local/lib/python3.10/dist-packages/base_interfaces-0.0.0-py3.10.egg-info/PKG-INFO
[0.600s] -- Up-to-date: /home/ubuntu/ws_engineer/install/base_interfaces/local/lib/python3.10/dist-packages/base_interfaces
[0.601s] -- Up-to-date: /home/ubuntu/ws_engineer/install/base_interfaces/local/lib/python3.10/dist-packages/base_interfaces/base_interfaces_s__rosidl_typesupport_fastrtps_c.cpython-310-x86_64-linux-gnu.so
[0.601s] -- Up-to-date: /home/ubuntu/ws_engineer/install/base_interfaces/local/lib/python3.10/dist-packages/base_interfaces/libbase_interfaces__rosidl_generator_py.so
[0.601s] -- Up-to-date: /home/ubuntu/ws_engineer/install/base_interfaces/local/lib/python3.10/dist-packages/base_interfaces/base_interfaces_s__rosidl_typesupport_c.cpython-310-x86_64-linux-gnu.so
[0.601s] -- Up-to-date: /home/ubuntu/ws_engineer/install/base_interfaces/local/lib/python3.10/dist-packages/base_interfaces/__init__.py
[0.601s] -- Up-to-date: /home/ubuntu/ws_engineer/install/base_interfaces/local/lib/python3.10/dist-packages/base_interfaces/msg
[0.601s] -- Up-to-date: /home/ubuntu/ws_engineer/install/base_interfaces/local/lib/python3.10/dist-packages/base_interfaces/msg/_user_pose_s.c
[0.601s] -- Up-to-date: /home/ubuntu/ws_engineer/install/base_interfaces/local/lib/python3.10/dist-packages/base_interfaces/msg/__init__.py
[0.601s] -- Up-to-date: /home/ubuntu/ws_engineer/install/base_interfaces/local/lib/python3.10/dist-packages/base_interfaces/msg/_user_pose.py
[0.601s] -- Up-to-date: /home/ubuntu/ws_engineer/install/base_interfaces/local/lib/python3.10/dist-packages/base_interfaces/msg/_user_joint.py
[0.601s] -- Up-to-date: /home/ubuntu/ws_engineer/install/base_interfaces/local/lib/python3.10/dist-packages/base_interfaces/msg/_user_joint_s.c
[0.601s] -- Up-to-date: /home/ubuntu/ws_engineer/install/base_interfaces/local/lib/python3.10/dist-packages/base_interfaces/_base_interfaces_s.ep.rosidl_typesupport_fastrtps_c.c
[0.601s] -- Up-to-date: /home/ubuntu/ws_engineer/install/base_interfaces/local/lib/python3.10/dist-packages/base_interfaces/_base_interfaces_s.ep.rosidl_typesupport_introspection_c.c
[0.601s] -- Up-to-date: /home/ubuntu/ws_engineer/install/base_interfaces/local/lib/python3.10/dist-packages/base_interfaces/_base_interfaces_s.ep.rosidl_typesupport_c.c
[0.601s] -- Up-to-date: /home/ubuntu/ws_engineer/install/base_interfaces/local/lib/python3.10/dist-packages/base_interfaces/base_interfaces_s__rosidl_typesupport_introspection_c.cpython-310-x86_64-linux-gnu.so
[0.691s] Listing '/home/ubuntu/ws_engineer/install/base_interfaces/local/lib/python3.10/dist-packages/base_interfaces'...
[0.691s] Listing '/home/ubuntu/ws_engineer/install/base_interfaces/local/lib/python3.10/dist-packages/base_interfaces/msg'...
[0.695s] -- Up-to-date: /home/ubuntu/ws_engineer/install/base_interfaces/local/lib/python3.10/dist-packages/base_interfaces/base_interfaces_s__rosidl_typesupport_fastrtps_c.cpython-310-x86_64-linux-gnu.so
[0.696s] -- Up-to-date: /home/ubuntu/ws_engineer/install/base_interfaces/local/lib/python3.10/dist-packages/base_interfaces/base_interfaces_s__rosidl_typesupport_introspection_c.cpython-310-x86_64-linux-gnu.so
[0.697s] -- Up-to-date: /home/ubuntu/ws_engineer/install/base_interfaces/local/lib/python3.10/dist-packages/base_interfaces/base_interfaces_s__rosidl_typesupport_c.cpython-310-x86_64-linux-gnu.so
[0.698s] -- Up-to-date: /home/ubuntu/ws_engineer/install/base_interfaces/lib/libbase_interfaces__rosidl_generator_py.so
[0.698s] -- Up-to-date: /home/ubuntu/ws_engineer/install/base_interfaces/share/base_interfaces/msg/UserJoint.idl
[0.698s] -- Up-to-date: /home/ubuntu/ws_engineer/install/base_interfaces/share/base_interfaces/msg/UserPose.idl
[0.698s] -- Up-to-date: /home/ubuntu/ws_engineer/install/base_interfaces/share/base_interfaces/msg/UserJoint.msg
[0.698s] -- Up-to-date: /home/ubuntu/ws_engineer/install/base_interfaces/share/base_interfaces/msg/UserPose.msg
[0.698s] -- Up-to-date: /home/ubuntu/ws_engineer/install/base_interfaces/share/ament_index/resource_index/package_run_dependencies/base_interfaces
[0.698s] -- Up-to-date: /home/ubuntu/ws_engineer/install/base_interfaces/share/ament_index/resource_index/parent_prefix_path/base_interfaces
[0.698s] -- Up-to-date: /home/ubuntu/ws_engineer/install/base_interfaces/share/base_interfaces/environment/ament_prefix_path.sh
[0.699s] -- Up-to-date: /home/ubuntu/ws_engineer/install/base_interfaces/share/base_interfaces/environment/ament_prefix_path.dsv
[0.699s] -- Up-to-date: /home/ubuntu/ws_engineer/install/base_interfaces/share/base_interfaces/environment/path.sh
[0.699s] -- Up-to-date: /home/ubuntu/ws_engineer/install/base_interfaces/share/base_interfaces/environment/path.dsv
[0.699s] -- Up-to-date: /home/ubuntu/ws_engineer/install/base_interfaces/share/base_interfaces/local_setup.bash
[0.699s] -- Up-to-date: /home/ubuntu/ws_engineer/install/base_interfaces/share/base_interfaces/local_setup.sh
[0.699s] -- Up-to-date: /home/ubuntu/ws_engineer/install/base_interfaces/share/base_interfaces/local_setup.zsh
[0.699s] -- Up-to-date: /home/ubuntu/ws_engineer/install/base_interfaces/share/base_interfaces/local_setup.dsv
[0.699s] -- Installing: /home/ubuntu/ws_engineer/install/base_interfaces/share/base_interfaces/package.dsv
[0.699s] -- Up-to-date: /home/ubuntu/ws_engineer/install/base_interfaces/share/ament_index/resource_index/packages/base_interfaces
[0.700s] -- Up-to-date: /home/ubuntu/ws_engineer/install/base_interfaces/share/base_interfaces/cmake/export_base_interfaces__rosidl_generator_cExport.cmake
[0.700s] -- Up-to-date: /home/ubuntu/ws_engineer/install/base_interfaces/share/base_interfaces/cmake/export_base_interfaces__rosidl_generator_cExport-noconfig.cmake
[0.701s] -- Up-to-date: /home/ubuntu/ws_engineer/install/base_interfaces/share/base_interfaces/cmake/export_base_interfaces__rosidl_typesupport_fastrtps_cExport.cmake
[0.701s] -- Up-to-date: /home/ubuntu/ws_engineer/install/base_interfaces/share/base_interfaces/cmake/export_base_interfaces__rosidl_typesupport_fastrtps_cExport-noconfig.cmake
[0.701s] -- Up-to-date: /home/ubuntu/ws_engineer/install/base_interfaces/share/base_interfaces/cmake/base_interfaces__rosidl_typesupport_introspection_cExport.cmake
[0.701s] -- Up-to-date: /home/ubuntu/ws_engineer/install/base_interfaces/share/base_interfaces/cmake/base_interfaces__rosidl_typesupport_introspection_cExport-noconfig.cmake
[0.702s] -- Up-to-date: /home/ubuntu/ws_engineer/install/base_interfaces/share/base_interfaces/cmake/base_interfaces__rosidl_typesupport_cExport.cmake
[0.702s] -- Up-to-date: /home/ubuntu/ws_engineer/install/base_interfaces/share/base_interfaces/cmake/base_interfaces__rosidl_typesupport_cExport-noconfig.cmake
[0.703s] -- Up-to-date: /home/ubuntu/ws_engineer/install/base_interfaces/share/base_interfaces/cmake/export_base_interfaces__rosidl_generator_cppExport.cmake
[0.703s] -- Up-to-date: /home/ubuntu/ws_engineer/install/base_interfaces/share/base_interfaces/cmake/export_base_interfaces__rosidl_typesupport_fastrtps_cppExport.cmake
[0.703s] -- Up-to-date: /home/ubuntu/ws_engineer/install/base_interfaces/share/base_interfaces/cmake/export_base_interfaces__rosidl_typesupport_fastrtps_cppExport-noconfig.cmake
[0.704s] -- Up-to-date: /home/ubuntu/ws_engineer/install/base_interfaces/share/base_interfaces/cmake/base_interfaces__rosidl_typesupport_introspection_cppExport.cmake
[0.704s] -- Up-to-date: /home/ubuntu/ws_engineer/install/base_interfaces/share/base_interfaces/cmake/base_interfaces__rosidl_typesupport_introspection_cppExport-noconfig.cmake
[0.705s] -- Up-to-date: /home/ubuntu/ws_engineer/install/base_interfaces/share/base_interfaces/cmake/base_interfaces__rosidl_typesupport_cppExport.cmake
[0.705s] -- Up-to-date: /home/ubuntu/ws_engineer/install/base_interfaces/share/base_interfaces/cmake/base_interfaces__rosidl_typesupport_cppExport-noconfig.cmake
[0.706s] -- Up-to-date: /home/ubuntu/ws_engineer/install/base_interfaces/share/base_interfaces/cmake/export_base_interfaces__rosidl_generator_pyExport.cmake
[0.706s] -- Up-to-date: /home/ubuntu/ws_engineer/install/base_interfaces/share/base_interfaces/cmake/export_base_interfaces__rosidl_generator_pyExport-noconfig.cmake
[0.706s] -- Up-to-date: /home/ubuntu/ws_engineer/install/base_interfaces/share/base_interfaces/cmake/rosidl_cmake-extras.cmake
[0.706s] -- Up-to-date: /home/ubuntu/ws_engineer/install/base_interfaces/share/base_interfaces/cmake/ament_cmake_export_include_directories-extras.cmake
[0.706s] -- Up-to-date: /home/ubuntu/ws_engineer/install/base_interfaces/share/base_interfaces/cmake/ament_cmake_export_libraries-extras.cmake
[0.706s] -- Up-to-date: /home/ubuntu/ws_engineer/install/base_interfaces/share/base_interfaces/cmake/ament_cmake_export_targets-extras.cmake
[0.706s] -- Up-to-date: /home/ubuntu/ws_engineer/install/base_interfaces/share/base_interfaces/cmake/rosidl_cmake_export_typesupport_targets-extras.cmake
[0.706s] -- Up-to-date: /home/ubuntu/ws_engineer/install/base_interfaces/share/base_interfaces/cmake/ament_cmake_export_dependencies-extras.cmake
[0.706s] -- Up-to-date: /home/ubuntu/ws_engineer/install/base_interfaces/share/base_interfaces/cmake/rosidl_cmake_export_typesupport_libraries-extras.cmake
[0.706s] -- Up-to-date: /home/ubuntu/ws_engineer/install/base_interfaces/share/base_interfaces/cmake/base_interfacesConfig.cmake
[0.706s] -- Up-to-date: /home/ubuntu/ws_engineer/install/base_interfaces/share/base_interfaces/cmake/base_interfacesConfig-version.cmake
[0.706s] -- Up-to-date: /home/ubuntu/ws_engineer/install/base_interfaces/share/base_interfaces/package.xml
[0.709s] Invoked command in '/home/ubuntu/ws_engineer/build/base_interfaces' returned '0': CMAKE_PREFIX_PATH=${CMAKE_PREFIX_PATH}:/home/ubuntu/ws_moveit/install/moveit_configs_utils:/home/ubuntu/ws_moveit/install/launch_param_builder:/home/ubuntu/ws00_helloworld/install/pkg02_helloworld_py:/home/ubuntu/dev_ws/install/learning_urdf:/home/ubuntu/dev_ws/install/learning_topic:/home/ubuntu/dev_ws/install/learning_tf:/home/ubuntu/dev_ws/install/learning_service:/home/ubuntu/dev_ws/install/learning_qos:/home/ubuntu/dev_ws/install/learning_pkg_python:/home/ubuntu/dev_ws/install/learning_parameter:/home/ubuntu/dev_ws/install/learning_node:/home/ubuntu/dev_ws/install/learning_launch:/home/ubuntu/dev_ws/install/learning_action:/home/ubuntu/dev_ws/install/learning_gazebo_harmonic:/home/ubuntu/dev_ws/install/learning_gazebo:/home/ubuntu/dev_ws/install/learning_cv:/opt/ros/humble /usr/bin/cmake --install /home/ubuntu/ws_engineer/build/base_interfaces
