[  3%] Built target aivt_interfaces__cpp
[ 12%] Built target aivt_interfaces__rosidl_generator_c
[ 12%] Built target ament_cmake_python_copy_aivt_interfaces
[ 22%] Built target aivt_interfaces__rosidl_typesupport_cpp
[ 38%] Built target aivt_interfaces__rosidl_typesupport_fastrtps_cpp
[ 41%] Built target aivt_interfaces__rosidl_typesupport_introspection_cpp
[ 51%] Built target aivt_interfaces__rosidl_typesupport_introspection_c
[ 61%] Built target aivt_interfaces__rosidl_typesupport_c
[ 70%] Built target aivt_interfaces__rosidl_typesupport_fastrtps_c
[ 70%] Built target aivt_interfaces
[ 74%] Built target aivt_interfaces__py
[ 80%] Built target aivt_interfaces__rosidl_generator_py
[ 87%] Built target aivt_interfaces__rosidl_typesupport_introspection_c__pyext
[ 93%] Built target aivt_interfaces__rosidl_typesupport_c__pyext
[100%] Built target aivt_interfaces__rosidl_typesupport_fastrtps_c__pyext
running egg_info
writing aivt_interfaces.egg-info/PKG-INFO
writing dependency_links to aivt_interfaces.egg-info/dependency_links.txt
writing top-level names to aivt_interfaces.egg-info/top_level.txt
reading manifest file 'aivt_interfaces.egg-info/SOURCES.txt'
writing manifest file 'aivt_interfaces.egg-info/SOURCES.txt'
[100%] Built target ament_cmake_python_build_aivt_interfaces_egg
-- Install configuration: ""
-- Up-to-date: /home/user/ws_siasun/install/aivt_interfaces/share/ament_index/resource_index/rosidl_interfaces/aivt_interfaces
-- Up-to-date: /home/user/ws_siasun/install/aivt_interfaces/include/aivt_interfaces/aivt_interfaces
-- Up-to-date: /home/user/ws_siasun/install/aivt_interfaces/include/aivt_interfaces/aivt_interfaces/msg
-- Up-to-date: /home/user/ws_siasun/install/aivt_interfaces/include/aivt_interfaces/aivt_interfaces/msg/target_pose.h
-- Up-to-date: /home/user/ws_siasun/install/aivt_interfaces/include/aivt_interfaces/aivt_interfaces/msg/rosidl_generator_c__visibility_control.h
-- Up-to-date: /home/user/ws_siasun/install/aivt_interfaces/include/aivt_interfaces/aivt_interfaces/msg/detail
-- Up-to-date: /home/user/ws_siasun/install/aivt_interfaces/include/aivt_interfaces/aivt_interfaces/msg/detail/target_pose__type_support.h
-- Up-to-date: /home/user/ws_siasun/install/aivt_interfaces/include/aivt_interfaces/aivt_interfaces/msg/detail/target_pose__struct.h
-- Up-to-date: /home/user/ws_siasun/install/aivt_interfaces/include/aivt_interfaces/aivt_interfaces/msg/detail/target_pose__functions.c
-- Up-to-date: /home/user/ws_siasun/install/aivt_interfaces/include/aivt_interfaces/aivt_interfaces/msg/detail/target_pose__functions.h
-- Up-to-date: /home/user/ws_siasun/install/aivt_interfaces/share/aivt_interfaces/environment/library_path.sh
-- Up-to-date: /home/user/ws_siasun/install/aivt_interfaces/share/aivt_interfaces/environment/library_path.dsv
-- Up-to-date: /home/user/ws_siasun/install/aivt_interfaces/lib/libaivt_interfaces__rosidl_generator_c.so
-- Up-to-date: /home/user/ws_siasun/install/aivt_interfaces/include/aivt_interfaces/aivt_interfaces
-- Up-to-date: /home/user/ws_siasun/install/aivt_interfaces/include/aivt_interfaces/aivt_interfaces/msg
-- Up-to-date: /home/user/ws_siasun/install/aivt_interfaces/include/aivt_interfaces/aivt_interfaces/msg/rosidl_typesupport_fastrtps_c__visibility_control.h
-- Up-to-date: /home/user/ws_siasun/install/aivt_interfaces/include/aivt_interfaces/aivt_interfaces/msg/detail
-- Up-to-date: /home/user/ws_siasun/install/aivt_interfaces/include/aivt_interfaces/aivt_interfaces/msg/detail/target_pose__rosidl_typesupport_fastrtps_c.h
-- Up-to-date: /home/user/ws_siasun/install/aivt_interfaces/lib/libaivt_interfaces__rosidl_typesupport_fastrtps_c.so
-- Up-to-date: /home/user/ws_siasun/install/aivt_interfaces/include/aivt_interfaces/aivt_interfaces
-- Up-to-date: /home/user/ws_siasun/install/aivt_interfaces/include/aivt_interfaces/aivt_interfaces/msg
-- Up-to-date: /home/user/ws_siasun/install/aivt_interfaces/include/aivt_interfaces/aivt_interfaces/msg/detail
-- Up-to-date: /home/user/ws_siasun/install/aivt_interfaces/include/aivt_interfaces/aivt_interfaces/msg/detail/target_pose__type_support.c
-- Up-to-date: /home/user/ws_siasun/install/aivt_interfaces/include/aivt_interfaces/aivt_interfaces/msg/detail/target_pose__rosidl_typesupport_introspection_c.h
-- Up-to-date: /home/user/ws_siasun/install/aivt_interfaces/include/aivt_interfaces/aivt_interfaces/msg/rosidl_typesupport_introspection_c__visibility_control.h
-- Up-to-date: /home/user/ws_siasun/install/aivt_interfaces/lib/libaivt_interfaces__rosidl_typesupport_introspection_c.so
-- Up-to-date: /home/user/ws_siasun/install/aivt_interfaces/lib/libaivt_interfaces__rosidl_typesupport_c.so
-- Up-to-date: /home/user/ws_siasun/install/aivt_interfaces/include/aivt_interfaces/aivt_interfaces
-- Up-to-date: /home/user/ws_siasun/install/aivt_interfaces/include/aivt_interfaces/aivt_interfaces/msg
-- Up-to-date: /home/user/ws_siasun/install/aivt_interfaces/include/aivt_interfaces/aivt_interfaces/msg/target_pose.hpp
-- Up-to-date: /home/user/ws_siasun/install/aivt_interfaces/include/aivt_interfaces/aivt_interfaces/msg/detail
-- Up-to-date: /home/user/ws_siasun/install/aivt_interfaces/include/aivt_interfaces/aivt_interfaces/msg/detail/target_pose__struct.hpp
-- Up-to-date: /home/user/ws_siasun/install/aivt_interfaces/include/aivt_interfaces/aivt_interfaces/msg/detail/target_pose__type_support.hpp
-- Up-to-date: /home/user/ws_siasun/install/aivt_interfaces/include/aivt_interfaces/aivt_interfaces/msg/detail/target_pose__builder.hpp
-- Up-to-date: /home/user/ws_siasun/install/aivt_interfaces/include/aivt_interfaces/aivt_interfaces/msg/detail/target_pose__traits.hpp
-- Up-to-date: /home/user/ws_siasun/install/aivt_interfaces/include/aivt_interfaces/aivt_interfaces/msg/rosidl_generator_cpp__visibility_control.hpp
-- Up-to-date: /home/user/ws_siasun/install/aivt_interfaces/include/aivt_interfaces/aivt_interfaces
-- Up-to-date: /home/user/ws_siasun/install/aivt_interfaces/include/aivt_interfaces/aivt_interfaces/msg
-- Up-to-date: /home/user/ws_siasun/install/aivt_interfaces/include/aivt_interfaces/aivt_interfaces/msg/rosidl_typesupport_fastrtps_cpp__visibility_control.h
-- Up-to-date: /home/user/ws_siasun/install/aivt_interfaces/include/aivt_interfaces/aivt_interfaces/msg/detail
-- Up-to-date: /home/user/ws_siasun/install/aivt_interfaces/include/aivt_interfaces/aivt_interfaces/msg/detail/dds_fastrtps
-- Up-to-date: /home/user/ws_siasun/install/aivt_interfaces/include/aivt_interfaces/aivt_interfaces/msg/detail/target_pose__rosidl_typesupport_fastrtps_cpp.hpp
-- Up-to-date: /home/user/ws_siasun/install/aivt_interfaces/lib/libaivt_interfaces__rosidl_typesupport_fastrtps_cpp.so
-- Up-to-date: /home/user/ws_siasun/install/aivt_interfaces/include/aivt_interfaces/aivt_interfaces
-- Up-to-date: /home/user/ws_siasun/install/aivt_interfaces/include/aivt_interfaces/aivt_interfaces/msg
-- Up-to-date: /home/user/ws_siasun/install/aivt_interfaces/include/aivt_interfaces/aivt_interfaces/msg/detail
-- Up-to-date: /home/user/ws_siasun/install/aivt_interfaces/include/aivt_interfaces/aivt_interfaces/msg/detail/target_pose__type_support.cpp
-- Up-to-date: /home/user/ws_siasun/install/aivt_interfaces/include/aivt_interfaces/aivt_interfaces/msg/detail/target_pose__rosidl_typesupport_introspection_cpp.hpp
-- Up-to-date: /home/user/ws_siasun/install/aivt_interfaces/lib/libaivt_interfaces__rosidl_typesupport_introspection_cpp.so
-- Up-to-date: /home/user/ws_siasun/install/aivt_interfaces/lib/libaivt_interfaces__rosidl_typesupport_cpp.so
-- Up-to-date: /home/user/ws_siasun/install/aivt_interfaces/share/aivt_interfaces/environment/pythonpath.sh
-- Up-to-date: /home/user/ws_siasun/install/aivt_interfaces/share/aivt_interfaces/environment/pythonpath.dsv
-- Up-to-date: /home/user/ws_siasun/install/aivt_interfaces/local/lib/python3.10/dist-packages/aivt_interfaces-0.0.0-py3.10.egg-info
-- Installing: /home/user/ws_siasun/install/aivt_interfaces/local/lib/python3.10/dist-packages/aivt_interfaces-0.0.0-py3.10.egg-info/top_level.txt
-- Installing: /home/user/ws_siasun/install/aivt_interfaces/local/lib/python3.10/dist-packages/aivt_interfaces-0.0.0-py3.10.egg-info/PKG-INFO
-- Installing: /home/user/ws_siasun/install/aivt_interfaces/local/lib/python3.10/dist-packages/aivt_interfaces-0.0.0-py3.10.egg-info/SOURCES.txt
-- Installing: /home/user/ws_siasun/install/aivt_interfaces/local/lib/python3.10/dist-packages/aivt_interfaces-0.0.0-py3.10.egg-info/dependency_links.txt
-- Up-to-date: /home/user/ws_siasun/install/aivt_interfaces/local/lib/python3.10/dist-packages/aivt_interfaces
-- Up-to-date: /home/user/ws_siasun/install/aivt_interfaces/local/lib/python3.10/dist-packages/aivt_interfaces/_aivt_interfaces_s.ep.rosidl_typesupport_introspection_c.c
-- Up-to-date: /home/user/ws_siasun/install/aivt_interfaces/local/lib/python3.10/dist-packages/aivt_interfaces/__init__.py
-- Up-to-date: /home/user/ws_siasun/install/aivt_interfaces/local/lib/python3.10/dist-packages/aivt_interfaces/aivt_interfaces_s__rosidl_typesupport_fastrtps_c.cpython-310-x86_64-linux-gnu.so
-- Up-to-date: /home/user/ws_siasun/install/aivt_interfaces/local/lib/python3.10/dist-packages/aivt_interfaces/aivt_interfaces_s__rosidl_typesupport_c.cpython-310-x86_64-linux-gnu.so
-- Up-to-date: /home/user/ws_siasun/install/aivt_interfaces/local/lib/python3.10/dist-packages/aivt_interfaces/msg
-- Up-to-date: /home/user/ws_siasun/install/aivt_interfaces/local/lib/python3.10/dist-packages/aivt_interfaces/msg/__init__.py
-- Up-to-date: /home/user/ws_siasun/install/aivt_interfaces/local/lib/python3.10/dist-packages/aivt_interfaces/msg/_target_pose.py
-- Up-to-date: /home/user/ws_siasun/install/aivt_interfaces/local/lib/python3.10/dist-packages/aivt_interfaces/msg/_target_pose_s.c
-- Up-to-date: /home/user/ws_siasun/install/aivt_interfaces/local/lib/python3.10/dist-packages/aivt_interfaces/aivt_interfaces_s__rosidl_typesupport_introspection_c.cpython-310-x86_64-linux-gnu.so
-- Up-to-date: /home/user/ws_siasun/install/aivt_interfaces/local/lib/python3.10/dist-packages/aivt_interfaces/_aivt_interfaces_s.ep.rosidl_typesupport_fastrtps_c.c
-- Up-to-date: /home/user/ws_siasun/install/aivt_interfaces/local/lib/python3.10/dist-packages/aivt_interfaces/_aivt_interfaces_s.ep.rosidl_typesupport_c.c
-- Up-to-date: /home/user/ws_siasun/install/aivt_interfaces/local/lib/python3.10/dist-packages/aivt_interfaces/libaivt_interfaces__rosidl_generator_py.so
Listing '/home/user/ws_siasun/install/aivt_interfaces/local/lib/python3.10/dist-packages/aivt_interfaces'...
Listing '/home/user/ws_siasun/install/aivt_interfaces/local/lib/python3.10/dist-packages/aivt_interfaces/msg'...
-- Up-to-date: /home/user/ws_siasun/install/aivt_interfaces/local/lib/python3.10/dist-packages/aivt_interfaces/aivt_interfaces_s__rosidl_typesupport_fastrtps_c.cpython-310-x86_64-linux-gnu.so
-- Up-to-date: /home/user/ws_siasun/install/aivt_interfaces/local/lib/python3.10/dist-packages/aivt_interfaces/aivt_interfaces_s__rosidl_typesupport_introspection_c.cpython-310-x86_64-linux-gnu.so
-- Up-to-date: /home/user/ws_siasun/install/aivt_interfaces/local/lib/python3.10/dist-packages/aivt_interfaces/aivt_interfaces_s__rosidl_typesupport_c.cpython-310-x86_64-linux-gnu.so
-- Up-to-date: /home/user/ws_siasun/install/aivt_interfaces/lib/libaivt_interfaces__rosidl_generator_py.so
-- Up-to-date: /home/user/ws_siasun/install/aivt_interfaces/share/aivt_interfaces/msg/TargetPose.idl
-- Up-to-date: /home/user/ws_siasun/install/aivt_interfaces/share/aivt_interfaces/msg/TargetPose.msg
-- Up-to-date: /home/user/ws_siasun/install/aivt_interfaces/share/ament_index/resource_index/package_run_dependencies/aivt_interfaces
-- Up-to-date: /home/user/ws_siasun/install/aivt_interfaces/share/ament_index/resource_index/parent_prefix_path/aivt_interfaces
-- Up-to-date: /home/user/ws_siasun/install/aivt_interfaces/share/aivt_interfaces/environment/ament_prefix_path.sh
-- Up-to-date: /home/user/ws_siasun/install/aivt_interfaces/share/aivt_interfaces/environment/ament_prefix_path.dsv
-- Up-to-date: /home/user/ws_siasun/install/aivt_interfaces/share/aivt_interfaces/environment/path.sh
-- Up-to-date: /home/user/ws_siasun/install/aivt_interfaces/share/aivt_interfaces/environment/path.dsv
-- Up-to-date: /home/user/ws_siasun/install/aivt_interfaces/share/aivt_interfaces/local_setup.bash
-- Up-to-date: /home/user/ws_siasun/install/aivt_interfaces/share/aivt_interfaces/local_setup.sh
-- Up-to-date: /home/user/ws_siasun/install/aivt_interfaces/share/aivt_interfaces/local_setup.zsh
-- Up-to-date: /home/user/ws_siasun/install/aivt_interfaces/share/aivt_interfaces/local_setup.dsv
-- Installing: /home/user/ws_siasun/install/aivt_interfaces/share/aivt_interfaces/package.dsv
-- Up-to-date: /home/user/ws_siasun/install/aivt_interfaces/share/ament_index/resource_index/packages/aivt_interfaces
-- Up-to-date: /home/user/ws_siasun/install/aivt_interfaces/share/aivt_interfaces/cmake/export_aivt_interfaces__rosidl_generator_cExport.cmake
-- Up-to-date: /home/user/ws_siasun/install/aivt_interfaces/share/aivt_interfaces/cmake/export_aivt_interfaces__rosidl_generator_cExport-noconfig.cmake
-- Up-to-date: /home/user/ws_siasun/install/aivt_interfaces/share/aivt_interfaces/cmake/export_aivt_interfaces__rosidl_typesupport_fastrtps_cExport.cmake
-- Up-to-date: /home/user/ws_siasun/install/aivt_interfaces/share/aivt_interfaces/cmake/export_aivt_interfaces__rosidl_typesupport_fastrtps_cExport-noconfig.cmake
-- Up-to-date: /home/user/ws_siasun/install/aivt_interfaces/share/aivt_interfaces/cmake/aivt_interfaces__rosidl_typesupport_introspection_cExport.cmake
-- Up-to-date: /home/user/ws_siasun/install/aivt_interfaces/share/aivt_interfaces/cmake/aivt_interfaces__rosidl_typesupport_introspection_cExport-noconfig.cmake
-- Up-to-date: /home/user/ws_siasun/install/aivt_interfaces/share/aivt_interfaces/cmake/aivt_interfaces__rosidl_typesupport_cExport.cmake
-- Up-to-date: /home/user/ws_siasun/install/aivt_interfaces/share/aivt_interfaces/cmake/aivt_interfaces__rosidl_typesupport_cExport-noconfig.cmake
-- Up-to-date: /home/user/ws_siasun/install/aivt_interfaces/share/aivt_interfaces/cmake/export_aivt_interfaces__rosidl_generator_cppExport.cmake
-- Up-to-date: /home/user/ws_siasun/install/aivt_interfaces/share/aivt_interfaces/cmake/export_aivt_interfaces__rosidl_typesupport_fastrtps_cppExport.cmake
-- Up-to-date: /home/user/ws_siasun/install/aivt_interfaces/share/aivt_interfaces/cmake/export_aivt_interfaces__rosidl_typesupport_fastrtps_cppExport-noconfig.cmake
-- Up-to-date: /home/user/ws_siasun/install/aivt_interfaces/share/aivt_interfaces/cmake/aivt_interfaces__rosidl_typesupport_introspection_cppExport.cmake
-- Up-to-date: /home/user/ws_siasun/install/aivt_interfaces/share/aivt_interfaces/cmake/aivt_interfaces__rosidl_typesupport_introspection_cppExport-noconfig.cmake
-- Up-to-date: /home/user/ws_siasun/install/aivt_interfaces/share/aivt_interfaces/cmake/aivt_interfaces__rosidl_typesupport_cppExport.cmake
-- Up-to-date: /home/user/ws_siasun/install/aivt_interfaces/share/aivt_interfaces/cmake/aivt_interfaces__rosidl_typesupport_cppExport-noconfig.cmake
-- Up-to-date: /home/user/ws_siasun/install/aivt_interfaces/share/aivt_interfaces/cmake/export_aivt_interfaces__rosidl_generator_pyExport.cmake
-- Up-to-date: /home/user/ws_siasun/install/aivt_interfaces/share/aivt_interfaces/cmake/export_aivt_interfaces__rosidl_generator_pyExport-noconfig.cmake
-- Up-to-date: /home/user/ws_siasun/install/aivt_interfaces/share/aivt_interfaces/cmake/rosidl_cmake-extras.cmake
-- Up-to-date: /home/user/ws_siasun/install/aivt_interfaces/share/aivt_interfaces/cmake/ament_cmake_export_include_directories-extras.cmake
-- Up-to-date: /home/user/ws_siasun/install/aivt_interfaces/share/aivt_interfaces/cmake/ament_cmake_export_libraries-extras.cmake
-- Up-to-date: /home/user/ws_siasun/install/aivt_interfaces/share/aivt_interfaces/cmake/ament_cmake_export_targets-extras.cmake
-- Up-to-date: /home/user/ws_siasun/install/aivt_interfaces/share/aivt_interfaces/cmake/rosidl_cmake_export_typesupport_targets-extras.cmake
-- Up-to-date: /home/user/ws_siasun/install/aivt_interfaces/share/aivt_interfaces/cmake/ament_cmake_export_dependencies-extras.cmake
-- Up-to-date: /home/user/ws_siasun/install/aivt_interfaces/share/aivt_interfaces/cmake/rosidl_cmake_export_typesupport_libraries-extras.cmake
-- Up-to-date: /home/user/ws_siasun/install/aivt_interfaces/share/aivt_interfaces/cmake/aivt_interfacesConfig.cmake
-- Up-to-date: /home/user/ws_siasun/install/aivt_interfaces/share/aivt_interfaces/cmake/aivt_interfacesConfig-version.cmake
-- Up-to-date: /home/user/ws_siasun/install/aivt_interfaces/share/aivt_interfaces/package.xml
