[0.165s] DEBUG:colcon:Command line arguments: ['/usr/bin/colcon', 'build']
[0.165s] DEBUG:colcon:Parsed command line arguments: Namespace(log_base=None, log_level=None, verb_name='build', build_base='build', install_base='install', merge_install=False, symlink_install=False, test_result_base=None, continue_on_error=False, executor='parallel', parallel_workers=16, event_handlers=None, ignore_user_meta=False, metas=['./colcon.meta'], base_paths=['.'], packages_ignore=None, packages_ignore_regex=None, paths=None, packages_up_to=None, packages_up_to_regex=None, packages_above=None, packages_above_and_dependencies=None, packages_above_depth=None, packages_select_by_dep=None, packages_skip_by_dep=None, packages_skip_up_to=None, packages_select_build_failed=False, packages_skip_build_finished=False, packages_select_test_failures=False, packages_skip_test_passed=False, packages_select=None, packages_skip=None, packages_select_regex=None, packages_skip_regex=None, packages_start=None, packages_end=None, allow_overriding=[], cmake_args=None, cmake_target=None, cmake_target_skip_unavailable=False, cmake_clean_cache=False, cmake_clean_first=False, cmake_force_configure=False, ament_cmake_args=None, catkin_cmake_args=None, catkin_skip_building_tests=False, mixin_files=None, mixin=None, verb_parser=<colcon_mixin.mixin.mixin_argument.MixinArgumentDecorator object at 0x72471f75b670>, verb_extension=<colcon_core.verb.build.BuildVerb object at 0x72471f75acb0>, main=<bound method BuildVerb.main of <colcon_core.verb.build.BuildVerb object at 0x72471f75acb0>>, mixin_verb=('build',))
[0.362s] Level 1:colcon.colcon_core.package_discovery:discover_packages(colcon_meta) check parameters
[0.362s] Level 1:colcon.colcon_core.package_discovery:discover_packages(recursive) check parameters
[0.362s] Level 1:colcon.colcon_core.package_discovery:discover_packages(ignore) check parameters
[0.362s] Level 1:colcon.colcon_core.package_discovery:discover_packages(path) check parameters
[0.362s] Level 1:colcon.colcon_core.package_discovery:discover_packages(colcon_meta) discover
[0.362s] Level 1:colcon.colcon_core.package_discovery:discover_packages(recursive) discover
[0.362s] INFO:colcon.colcon_core.package_discovery:Crawling recursively for packages in '/home/ubuntu/ws_engineer'
[0.362s] Level 1:colcon.colcon_core.package_identification:_identify(.) by extensions ['ignore', 'ignore_ament_install']
[0.362s] Level 1:colcon.colcon_core.package_identification:_identify(.) by extension 'ignore'
[0.362s] Level 1:colcon.colcon_core.package_identification:_identify(.) by extension 'ignore_ament_install'
[0.362s] Level 1:colcon.colcon_core.package_identification:_identify(.) by extensions ['colcon_pkg']
[0.362s] Level 1:colcon.colcon_core.package_identification:_identify(.) by extension 'colcon_pkg'
[0.362s] Level 1:colcon.colcon_core.package_identification:_identify(.) by extensions ['colcon_meta']
[0.362s] Level 1:colcon.colcon_core.package_identification:_identify(.) by extension 'colcon_meta'
[0.362s] Level 1:colcon.colcon_core.package_identification:_identify(.) by extensions ['ros']
[0.363s] Level 1:colcon.colcon_core.package_identification:_identify(.) by extension 'ros'
[0.373s] Level 1:colcon.colcon_core.package_identification:_identify(.) by extensions ['cmake', 'python']
[0.373s] Level 1:colcon.colcon_core.package_identification:_identify(.) by extension 'cmake'
[0.373s] Level 1:colcon.colcon_core.package_identification:_identify(.) by extension 'python'
[0.373s] Level 1:colcon.colcon_core.package_identification:_identify(.) by extensions ['python_setup_py']
[0.373s] Level 1:colcon.colcon_core.package_identification:_identify(.) by extension 'python_setup_py'
[0.373s] Level 1:colcon.colcon_core.package_identification:_identify(build) by extensions ['ignore', 'ignore_ament_install']
[0.373s] Level 1:colcon.colcon_core.package_identification:_identify(build) by extension 'ignore'
[0.373s] Level 1:colcon.colcon_core.package_identification:_identify(build) ignored
[0.373s] Level 1:colcon.colcon_core.package_identification:_identify(install) by extensions ['ignore', 'ignore_ament_install']
[0.373s] Level 1:colcon.colcon_core.package_identification:_identify(install) by extension 'ignore'
[0.373s] Level 1:colcon.colcon_core.package_identification:_identify(install) ignored
[0.374s] Level 1:colcon.colcon_core.package_identification:_identify(log) by extensions ['ignore', 'ignore_ament_install']
[0.374s] Level 1:colcon.colcon_core.package_identification:_identify(log) by extension 'ignore'
[0.374s] Level 1:colcon.colcon_core.package_identification:_identify(log) ignored
[0.374s] Level 1:colcon.colcon_core.package_identification:_identify(readme) by extensions ['ignore', 'ignore_ament_install']
[0.374s] Level 1:colcon.colcon_core.package_identification:_identify(readme) by extension 'ignore'
[0.374s] Level 1:colcon.colcon_core.package_identification:_identify(readme) by extension 'ignore_ament_install'
[0.374s] Level 1:colcon.colcon_core.package_identification:_identify(readme) by extensions ['colcon_pkg']
[0.374s] Level 1:colcon.colcon_core.package_identification:_identify(readme) by extension 'colcon_pkg'
[0.374s] Level 1:colcon.colcon_core.package_identification:_identify(readme) by extensions ['colcon_meta']
[0.374s] Level 1:colcon.colcon_core.package_identification:_identify(readme) by extension 'colcon_meta'
[0.374s] Level 1:colcon.colcon_core.package_identification:_identify(readme) by extensions ['ros']
[0.374s] Level 1:colcon.colcon_core.package_identification:_identify(readme) by extension 'ros'
[0.374s] Level 1:colcon.colcon_core.package_identification:_identify(readme) by extensions ['cmake', 'python']
[0.374s] Level 1:colcon.colcon_core.package_identification:_identify(readme) by extension 'cmake'
[0.374s] Level 1:colcon.colcon_core.package_identification:_identify(readme) by extension 'python'
[0.374s] Level 1:colcon.colcon_core.package_identification:_identify(readme) by extensions ['python_setup_py']
[0.374s] Level 1:colcon.colcon_core.package_identification:_identify(readme) by extension 'python_setup_py'
[0.374s] Level 1:colcon.colcon_core.package_identification:_identify(src) by extensions ['ignore', 'ignore_ament_install']
[0.374s] Level 1:colcon.colcon_core.package_identification:_identify(src) by extension 'ignore'
[0.374s] Level 1:colcon.colcon_core.package_identification:_identify(src) by extension 'ignore_ament_install'
[0.374s] Level 1:colcon.colcon_core.package_identification:_identify(src) by extensions ['colcon_pkg']
[0.374s] Level 1:colcon.colcon_core.package_identification:_identify(src) by extension 'colcon_pkg'
[0.375s] Level 1:colcon.colcon_core.package_identification:_identify(src) by extensions ['colcon_meta']
[0.375s] Level 1:colcon.colcon_core.package_identification:_identify(src) by extension 'colcon_meta'
[0.375s] Level 1:colcon.colcon_core.package_identification:_identify(src) by extensions ['ros']
[0.375s] Level 1:colcon.colcon_core.package_identification:_identify(src) by extension 'ros'
[0.375s] Level 1:colcon.colcon_core.package_identification:_identify(src) by extensions ['cmake', 'python']
[0.375s] Level 1:colcon.colcon_core.package_identification:_identify(src) by extension 'cmake'
[0.375s] Level 1:colcon.colcon_core.package_identification:_identify(src) by extension 'python'
[0.375s] Level 1:colcon.colcon_core.package_identification:_identify(src) by extensions ['python_setup_py']
[0.375s] Level 1:colcon.colcon_core.package_identification:_identify(src) by extension 'python_setup_py'
[0.375s] Level 1:colcon.colcon_core.package_identification:_identify(src/base_interfaces) by extensions ['ignore', 'ignore_ament_install']
[0.375s] Level 1:colcon.colcon_core.package_identification:_identify(src/base_interfaces) by extension 'ignore'
[0.375s] Level 1:colcon.colcon_core.package_identification:_identify(src/base_interfaces) by extension 'ignore_ament_install'
[0.375s] Level 1:colcon.colcon_core.package_identification:_identify(src/base_interfaces) by extensions ['colcon_pkg']
[0.375s] Level 1:colcon.colcon_core.package_identification:_identify(src/base_interfaces) by extension 'colcon_pkg'
[0.375s] Level 1:colcon.colcon_core.package_identification:_identify(src/base_interfaces) by extensions ['colcon_meta']
[0.375s] Level 1:colcon.colcon_core.package_identification:_identify(src/base_interfaces) by extension 'colcon_meta'
[0.375s] Level 1:colcon.colcon_core.package_identification:_identify(src/base_interfaces) by extensions ['ros']
[0.375s] Level 1:colcon.colcon_core.package_identification:_identify(src/base_interfaces) by extension 'ros'
[0.389s] DEBUG:colcon.colcon_core.package_identification:Package 'src/base_interfaces' with type 'ros.ament_cmake' and name 'base_interfaces'
[0.389s] Level 1:colcon.colcon_core.package_identification:_identify(src/engineer_config) by extensions ['ignore', 'ignore_ament_install']
[0.389s] Level 1:colcon.colcon_core.package_identification:_identify(src/engineer_config) by extension 'ignore'
[0.389s] Level 1:colcon.colcon_core.package_identification:_identify(src/engineer_config) by extension 'ignore_ament_install'
[0.389s] Level 1:colcon.colcon_core.package_identification:_identify(src/engineer_config) by extensions ['colcon_pkg']
[0.389s] Level 1:colcon.colcon_core.package_identification:_identify(src/engineer_config) by extension 'colcon_pkg'
[0.389s] Level 1:colcon.colcon_core.package_identification:_identify(src/engineer_config) by extensions ['colcon_meta']
[0.389s] Level 1:colcon.colcon_core.package_identification:_identify(src/engineer_config) by extension 'colcon_meta'
[0.389s] Level 1:colcon.colcon_core.package_identification:_identify(src/engineer_config) by extensions ['ros']
[0.389s] Level 1:colcon.colcon_core.package_identification:_identify(src/engineer_config) by extension 'ros'
[0.390s] DEBUG:colcon.colcon_core.package_identification:Package 'src/engineer_config' with type 'ros.ament_cmake' and name 'engineer_config'
[0.390s] Level 1:colcon.colcon_core.package_identification:_identify(src/engineer_protocol) by extensions ['ignore', 'ignore_ament_install']
[0.390s] Level 1:colcon.colcon_core.package_identification:_identify(src/engineer_protocol) by extension 'ignore'
[0.390s] Level 1:colcon.colcon_core.package_identification:_identify(src/engineer_protocol) by extension 'ignore_ament_install'
[0.390s] Level 1:colcon.colcon_core.package_identification:_identify(src/engineer_protocol) by extensions ['colcon_pkg']
[0.390s] Level 1:colcon.colcon_core.package_identification:_identify(src/engineer_protocol) by extension 'colcon_pkg'
[0.390s] Level 1:colcon.colcon_core.package_identification:_identify(src/engineer_protocol) by extensions ['colcon_meta']
[0.391s] Level 1:colcon.colcon_core.package_identification:_identify(src/engineer_protocol) by extension 'colcon_meta'
[0.391s] Level 1:colcon.colcon_core.package_identification:_identify(src/engineer_protocol) by extensions ['ros']
[0.391s] Level 1:colcon.colcon_core.package_identification:_identify(src/engineer_protocol) by extension 'ros'
[0.391s] DEBUG:colcon.colcon_core.package_identification:Package 'src/engineer_protocol' with type 'ros.ament_cmake' and name 'engineer_protocol'
[0.391s] Level 1:colcon.colcon_core.package_identification:_identify(src/engineer_urdf) by extensions ['ignore', 'ignore_ament_install']
[0.391s] Level 1:colcon.colcon_core.package_identification:_identify(src/engineer_urdf) by extension 'ignore'
[0.391s] Level 1:colcon.colcon_core.package_identification:_identify(src/engineer_urdf) by extension 'ignore_ament_install'
[0.391s] Level 1:colcon.colcon_core.package_identification:_identify(src/engineer_urdf) by extensions ['colcon_pkg']
[0.391s] Level 1:colcon.colcon_core.package_identification:_identify(src/engineer_urdf) by extension 'colcon_pkg'
[0.391s] Level 1:colcon.colcon_core.package_identification:_identify(src/engineer_urdf) by extensions ['colcon_meta']
[0.391s] Level 1:colcon.colcon_core.package_identification:_identify(src/engineer_urdf) by extension 'colcon_meta'
[0.391s] Level 1:colcon.colcon_core.package_identification:_identify(src/engineer_urdf) by extensions ['ros']
[0.391s] Level 1:colcon.colcon_core.package_identification:_identify(src/engineer_urdf) by extension 'ros'
[0.392s] DEBUG:colcon.colcon_core.package_identification:Package 'src/engineer_urdf' with type 'ros.ament_cmake' and name 'engineer_urdf'
[0.392s] Level 1:colcon.colcon_core.package_identification:_identify(src/moveit_demo) by extensions ['ignore', 'ignore_ament_install']
[0.392s] Level 1:colcon.colcon_core.package_identification:_identify(src/moveit_demo) by extension 'ignore'
[0.392s] Level 1:colcon.colcon_core.package_identification:_identify(src/moveit_demo) by extension 'ignore_ament_install'
[0.392s] Level 1:colcon.colcon_core.package_identification:_identify(src/moveit_demo) by extensions ['colcon_pkg']
[0.392s] Level 1:colcon.colcon_core.package_identification:_identify(src/moveit_demo) by extension 'colcon_pkg'
[0.392s] Level 1:colcon.colcon_core.package_identification:_identify(src/moveit_demo) by extensions ['colcon_meta']
[0.392s] Level 1:colcon.colcon_core.package_identification:_identify(src/moveit_demo) by extension 'colcon_meta'
[0.392s] Level 1:colcon.colcon_core.package_identification:_identify(src/moveit_demo) by extensions ['ros']
[0.392s] Level 1:colcon.colcon_core.package_identification:_identify(src/moveit_demo) by extension 'ros'
[0.393s] DEBUG:colcon.colcon_core.package_identification:Package 'src/moveit_demo' with type 'ros.ament_cmake' and name 'moveit_demo'
[0.393s] Level 1:colcon.colcon_core.package_discovery:discover_packages(recursive) using defaults
[0.393s] Level 1:colcon.colcon_core.package_discovery:discover_packages(ignore) discover
[0.393s] Level 1:colcon.colcon_core.package_discovery:discover_packages(ignore) using defaults
[0.393s] Level 1:colcon.colcon_core.package_discovery:discover_packages(path) discover
[0.393s] Level 1:colcon.colcon_core.package_discovery:discover_packages(path) using defaults
[0.415s] Level 1:colcon.colcon_core.package_discovery:discover_packages(prefix_path) check parameters
[0.415s] Level 1:colcon.colcon_core.package_discovery:discover_packages(prefix_path) discover
[0.420s] DEBUG:colcon.colcon_installed_package_information.package_discovery:Found 5 installed packages in /home/ubuntu/ws_engineer/install
[0.421s] DEBUG:colcon.colcon_installed_package_information.package_discovery:Found 55 installed packages in /home/ubuntu/ws_moveit/install
[0.422s] DEBUG:colcon.colcon_installed_package_information.package_discovery:Found 3 installed packages in /home/ubuntu/ws00_helloworld/install
[0.423s] DEBUG:colcon.colcon_installed_package_information.package_discovery:Found 21 installed packages in /home/ubuntu/dev_ws/install
[0.424s] DEBUG:colcon.colcon_installed_package_information.package_discovery:Found 342 installed packages in /opt/ros/humble
[0.427s] Level 1:colcon.colcon_core.package_discovery:discover_packages(prefix_path) using defaults
[0.469s] Level 5:colcon.colcon_core.verb:set package 'base_interfaces' build argument 'cmake_args' from command line to 'None'
[0.470s] Level 5:colcon.colcon_core.verb:set package 'base_interfaces' build argument 'cmake_target' from command line to 'None'
[0.470s] Level 5:colcon.colcon_core.verb:set package 'base_interfaces' build argument 'cmake_target_skip_unavailable' from command line to 'False'
[0.470s] Level 5:colcon.colcon_core.verb:set package 'base_interfaces' build argument 'cmake_clean_cache' from command line to 'False'
[0.470s] Level 5:colcon.colcon_core.verb:set package 'base_interfaces' build argument 'cmake_clean_first' from command line to 'False'
[0.470s] Level 5:colcon.colcon_core.verb:set package 'base_interfaces' build argument 'cmake_force_configure' from command line to 'False'
[0.470s] Level 5:colcon.colcon_core.verb:set package 'base_interfaces' build argument 'ament_cmake_args' from command line to 'None'
[0.470s] Level 5:colcon.colcon_core.verb:set package 'base_interfaces' build argument 'catkin_cmake_args' from command line to 'None'
[0.470s] Level 5:colcon.colcon_core.verb:set package 'base_interfaces' build argument 'catkin_skip_building_tests' from command line to 'False'
[0.470s] DEBUG:colcon.colcon_core.verb:Building package 'base_interfaces' with the following arguments: {'ament_cmake_args': None, 'build_base': '/home/ubuntu/ws_engineer/build/base_interfaces', 'catkin_cmake_args': None, 'catkin_skip_building_tests': False, 'cmake_args': None, 'cmake_clean_cache': False, 'cmake_clean_first': False, 'cmake_force_configure': False, 'cmake_target': None, 'cmake_target_skip_unavailable': False, 'install_base': '/home/ubuntu/ws_engineer/install/base_interfaces', 'merge_install': False, 'path': '/home/ubuntu/ws_engineer/src/base_interfaces', 'symlink_install': False, 'test_result_base': None}
[0.470s] Level 5:colcon.colcon_core.verb:set package 'engineer_urdf' build argument 'cmake_args' from command line to 'None'
[0.470s] Level 5:colcon.colcon_core.verb:set package 'engineer_urdf' build argument 'cmake_target' from command line to 'None'
[0.470s] Level 5:colcon.colcon_core.verb:set package 'engineer_urdf' build argument 'cmake_target_skip_unavailable' from command line to 'False'
[0.470s] Level 5:colcon.colcon_core.verb:set package 'engineer_urdf' build argument 'cmake_clean_cache' from command line to 'False'
[0.470s] Level 5:colcon.colcon_core.verb:set package 'engineer_urdf' build argument 'cmake_clean_first' from command line to 'False'
[0.470s] Level 5:colcon.colcon_core.verb:set package 'engineer_urdf' build argument 'cmake_force_configure' from command line to 'False'
[0.470s] Level 5:colcon.colcon_core.verb:set package 'engineer_urdf' build argument 'ament_cmake_args' from command line to 'None'
[0.470s] Level 5:colcon.colcon_core.verb:set package 'engineer_urdf' build argument 'catkin_cmake_args' from command line to 'None'
[0.470s] Level 5:colcon.colcon_core.verb:set package 'engineer_urdf' build argument 'catkin_skip_building_tests' from command line to 'False'
[0.470s] DEBUG:colcon.colcon_core.verb:Building package 'engineer_urdf' with the following arguments: {'ament_cmake_args': None, 'build_base': '/home/ubuntu/ws_engineer/build/engineer_urdf', 'catkin_cmake_args': None, 'catkin_skip_building_tests': False, 'cmake_args': None, 'cmake_clean_cache': False, 'cmake_clean_first': False, 'cmake_force_configure': False, 'cmake_target': None, 'cmake_target_skip_unavailable': False, 'install_base': '/home/ubuntu/ws_engineer/install/engineer_urdf', 'merge_install': False, 'path': '/home/ubuntu/ws_engineer/src/engineer_urdf', 'symlink_install': False, 'test_result_base': None}
[0.471s] Level 5:colcon.colcon_core.verb:set package 'moveit_demo' build argument 'cmake_args' from command line to 'None'
[0.471s] Level 5:colcon.colcon_core.verb:set package 'moveit_demo' build argument 'cmake_target' from command line to 'None'
[0.471s] Level 5:colcon.colcon_core.verb:set package 'moveit_demo' build argument 'cmake_target_skip_unavailable' from command line to 'False'
[0.471s] Level 5:colcon.colcon_core.verb:set package 'moveit_demo' build argument 'cmake_clean_cache' from command line to 'False'
[0.471s] Level 5:colcon.colcon_core.verb:set package 'moveit_demo' build argument 'cmake_clean_first' from command line to 'False'
[0.471s] Level 5:colcon.colcon_core.verb:set package 'moveit_demo' build argument 'cmake_force_configure' from command line to 'False'
[0.471s] Level 5:colcon.colcon_core.verb:set package 'moveit_demo' build argument 'ament_cmake_args' from command line to 'None'
[0.471s] Level 5:colcon.colcon_core.verb:set package 'moveit_demo' build argument 'catkin_cmake_args' from command line to 'None'
[0.471s] Level 5:colcon.colcon_core.verb:set package 'moveit_demo' build argument 'catkin_skip_building_tests' from command line to 'False'
[0.471s] DEBUG:colcon.colcon_core.verb:Building package 'moveit_demo' with the following arguments: {'ament_cmake_args': None, 'build_base': '/home/ubuntu/ws_engineer/build/moveit_demo', 'catkin_cmake_args': None, 'catkin_skip_building_tests': False, 'cmake_args': None, 'cmake_clean_cache': False, 'cmake_clean_first': False, 'cmake_force_configure': False, 'cmake_target': None, 'cmake_target_skip_unavailable': False, 'install_base': '/home/ubuntu/ws_engineer/install/moveit_demo', 'merge_install': False, 'path': '/home/ubuntu/ws_engineer/src/moveit_demo', 'symlink_install': False, 'test_result_base': None}
[0.471s] Level 5:colcon.colcon_core.verb:set package 'engineer_config' build argument 'cmake_args' from command line to 'None'
[0.471s] Level 5:colcon.colcon_core.verb:set package 'engineer_config' build argument 'cmake_target' from command line to 'None'
[0.471s] Level 5:colcon.colcon_core.verb:set package 'engineer_config' build argument 'cmake_target_skip_unavailable' from command line to 'False'
[0.471s] Level 5:colcon.colcon_core.verb:set package 'engineer_config' build argument 'cmake_clean_cache' from command line to 'False'
[0.471s] Level 5:colcon.colcon_core.verb:set package 'engineer_config' build argument 'cmake_clean_first' from command line to 'False'
[0.471s] Level 5:colcon.colcon_core.verb:set package 'engineer_config' build argument 'cmake_force_configure' from command line to 'False'
[0.471s] Level 5:colcon.colcon_core.verb:set package 'engineer_config' build argument 'ament_cmake_args' from command line to 'None'
[0.471s] Level 5:colcon.colcon_core.verb:set package 'engineer_config' build argument 'catkin_cmake_args' from command line to 'None'
[0.471s] Level 5:colcon.colcon_core.verb:set package 'engineer_config' build argument 'catkin_skip_building_tests' from command line to 'False'
[0.471s] DEBUG:colcon.colcon_core.verb:Building package 'engineer_config' with the following arguments: {'ament_cmake_args': None, 'build_base': '/home/ubuntu/ws_engineer/build/engineer_config', 'catkin_cmake_args': None, 'catkin_skip_building_tests': False, 'cmake_args': None, 'cmake_clean_cache': False, 'cmake_clean_first': False, 'cmake_force_configure': False, 'cmake_target': None, 'cmake_target_skip_unavailable': False, 'install_base': '/home/ubuntu/ws_engineer/install/engineer_config', 'merge_install': False, 'path': '/home/ubuntu/ws_engineer/src/engineer_config', 'symlink_install': False, 'test_result_base': None}
[0.472s] Level 5:colcon.colcon_core.verb:set package 'engineer_protocol' build argument 'cmake_args' from command line to 'None'
[0.472s] Level 5:colcon.colcon_core.verb:set package 'engineer_protocol' build argument 'cmake_target' from command line to 'None'
[0.472s] Level 5:colcon.colcon_core.verb:set package 'engineer_protocol' build argument 'cmake_target_skip_unavailable' from command line to 'False'
[0.472s] Level 5:colcon.colcon_core.verb:set package 'engineer_protocol' build argument 'cmake_clean_cache' from command line to 'False'
[0.472s] Level 5:colcon.colcon_core.verb:set package 'engineer_protocol' build argument 'cmake_clean_first' from command line to 'False'
[0.472s] Level 5:colcon.colcon_core.verb:set package 'engineer_protocol' build argument 'cmake_force_configure' from command line to 'False'
[0.472s] Level 5:colcon.colcon_core.verb:set package 'engineer_protocol' build argument 'ament_cmake_args' from command line to 'None'
[0.472s] Level 5:colcon.colcon_core.verb:set package 'engineer_protocol' build argument 'catkin_cmake_args' from command line to 'None'
[0.472s] Level 5:colcon.colcon_core.verb:set package 'engineer_protocol' build argument 'catkin_skip_building_tests' from command line to 'False'
[0.472s] DEBUG:colcon.colcon_core.verb:Building package 'engineer_protocol' with the following arguments: {'ament_cmake_args': None, 'build_base': '/home/ubuntu/ws_engineer/build/engineer_protocol', 'catkin_cmake_args': None, 'catkin_skip_building_tests': False, 'cmake_args': None, 'cmake_clean_cache': False, 'cmake_clean_first': False, 'cmake_force_configure': False, 'cmake_target': None, 'cmake_target_skip_unavailable': False, 'install_base': '/home/ubuntu/ws_engineer/install/engineer_protocol', 'merge_install': False, 'path': '/home/ubuntu/ws_engineer/src/engineer_protocol', 'symlink_install': False, 'test_result_base': None}
[0.472s] INFO:colcon.colcon_core.executor:Executing jobs using 'parallel' executor
[0.473s] DEBUG:colcon.colcon_parallel_executor.executor.parallel:run_until_complete
[0.473s] INFO:colcon.colcon_ros.task.ament_cmake.build:Building ROS package in '/home/ubuntu/ws_engineer/src/base_interfaces' with build type 'ament_cmake'
[0.473s] INFO:colcon.colcon_cmake.task.cmake.build:Building CMake package in '/home/ubuntu/ws_engineer/src/base_interfaces'
[0.475s] INFO:colcon.colcon_core.plugin_system:Skipping extension 'colcon_core.shell.bat': Not used on non-Windows systems
[0.475s] INFO:colcon.colcon_core.shell:Skip shell extension 'powershell' for command environment: Not usable outside of PowerShell
[0.475s] DEBUG:colcon.colcon_core.shell:Skip shell extension 'dsv' for command environment
[0.484s] INFO:colcon.colcon_ros.task.ament_cmake.build:Building ROS package in '/home/ubuntu/ws_engineer/src/engineer_urdf' with build type 'ament_cmake'
[0.484s] INFO:colcon.colcon_cmake.task.cmake.build:Building CMake package in '/home/ubuntu/ws_engineer/src/engineer_urdf'
[0.485s] INFO:colcon.colcon_core.shell:Skip shell extension 'powershell' for command environment: Not usable outside of PowerShell
[0.485s] DEBUG:colcon.colcon_core.shell:Skip shell extension 'dsv' for command environment
[0.492s] INFO:colcon.colcon_ros.task.ament_cmake.build:Building ROS package in '/home/ubuntu/ws_engineer/src/moveit_demo' with build type 'ament_cmake'
[0.493s] INFO:colcon.colcon_cmake.task.cmake.build:Building CMake package in '/home/ubuntu/ws_engineer/src/moveit_demo'
[0.493s] INFO:colcon.colcon_core.shell:Skip shell extension 'powershell' for command environment: Not usable outside of PowerShell
[0.493s] DEBUG:colcon.colcon_core.shell:Skip shell extension 'dsv' for command environment
[0.506s] DEBUG:colcon.colcon_core.event_handler.log_command:Invoking command in '/home/ubuntu/ws_engineer/build/base_interfaces': CMAKE_PREFIX_PATH=${CMAKE_PREFIX_PATH}:/home/ubuntu/ws_moveit/install/moveit_configs_utils:/home/ubuntu/ws_moveit/install/launch_param_builder:/home/ubuntu/ws00_helloworld/install/pkg02_helloworld_py:/home/ubuntu/dev_ws/install/learning_urdf:/home/ubuntu/dev_ws/install/learning_topic:/home/ubuntu/dev_ws/install/learning_tf:/home/ubuntu/dev_ws/install/learning_service:/home/ubuntu/dev_ws/install/learning_qos:/home/ubuntu/dev_ws/install/learning_pkg_python:/home/ubuntu/dev_ws/install/learning_parameter:/home/ubuntu/dev_ws/install/learning_node:/home/ubuntu/dev_ws/install/learning_launch:/home/ubuntu/dev_ws/install/learning_action:/home/ubuntu/dev_ws/install/learning_gazebo_harmonic:/home/ubuntu/dev_ws/install/learning_gazebo:/home/ubuntu/dev_ws/install/learning_cv:/opt/ros/humble /usr/bin/cmake --build /home/ubuntu/ws_engineer/build/base_interfaces -- -j16 -l16
[0.509s] DEBUG:colcon.colcon_core.event_handler.log_command:Invoking command in '/home/ubuntu/ws_engineer/build/engineer_urdf': CMAKE_PREFIX_PATH=${CMAKE_PREFIX_PATH}:/home/ubuntu/ws_moveit/install/moveit_configs_utils:/home/ubuntu/ws_moveit/install/launch_param_builder:/home/ubuntu/ws00_helloworld/install/pkg02_helloworld_py:/home/ubuntu/dev_ws/install/learning_urdf:/home/ubuntu/dev_ws/install/learning_topic:/home/ubuntu/dev_ws/install/learning_tf:/home/ubuntu/dev_ws/install/learning_service:/home/ubuntu/dev_ws/install/learning_qos:/home/ubuntu/dev_ws/install/learning_pkg_python:/home/ubuntu/dev_ws/install/learning_parameter:/home/ubuntu/dev_ws/install/learning_node:/home/ubuntu/dev_ws/install/learning_launch:/home/ubuntu/dev_ws/install/learning_action:/home/ubuntu/dev_ws/install/learning_gazebo_harmonic:/home/ubuntu/dev_ws/install/learning_gazebo:/home/ubuntu/dev_ws/install/learning_cv:/opt/ros/humble /usr/bin/cmake --build /home/ubuntu/ws_engineer/build/engineer_urdf -- -j16 -l16
[0.512s] DEBUG:colcon.colcon_core.event_handler.log_command:Invoking command in '/home/ubuntu/ws_engineer/build/moveit_demo': CMAKE_PREFIX_PATH=${CMAKE_PREFIX_PATH}:/home/ubuntu/ws_moveit/install/moveit_configs_utils:/home/ubuntu/ws_moveit/install/launch_param_builder:/home/ubuntu/ws00_helloworld/install/pkg02_helloworld_py:/home/ubuntu/dev_ws/install/learning_urdf:/home/ubuntu/dev_ws/install/learning_topic:/home/ubuntu/dev_ws/install/learning_tf:/home/ubuntu/dev_ws/install/learning_service:/home/ubuntu/dev_ws/install/learning_qos:/home/ubuntu/dev_ws/install/learning_pkg_python:/home/ubuntu/dev_ws/install/learning_parameter:/home/ubuntu/dev_ws/install/learning_node:/home/ubuntu/dev_ws/install/learning_launch:/home/ubuntu/dev_ws/install/learning_action:/home/ubuntu/dev_ws/install/learning_gazebo_harmonic:/home/ubuntu/dev_ws/install/learning_gazebo:/home/ubuntu/dev_ws/install/learning_cv:/opt/ros/humble /usr/bin/cmake --build /home/ubuntu/ws_engineer/build/moveit_demo -- -j16 -l16
[0.624s] DEBUG:colcon.colcon_core.event_handler.log_command:Invoked command in '/home/ubuntu/ws_engineer/build/engineer_urdf' returned '0': CMAKE_PREFIX_PATH=${CMAKE_PREFIX_PATH}:/home/ubuntu/ws_moveit/install/moveit_configs_utils:/home/ubuntu/ws_moveit/install/launch_param_builder:/home/ubuntu/ws00_helloworld/install/pkg02_helloworld_py:/home/ubuntu/dev_ws/install/learning_urdf:/home/ubuntu/dev_ws/install/learning_topic:/home/ubuntu/dev_ws/install/learning_tf:/home/ubuntu/dev_ws/install/learning_service:/home/ubuntu/dev_ws/install/learning_qos:/home/ubuntu/dev_ws/install/learning_pkg_python:/home/ubuntu/dev_ws/install/learning_parameter:/home/ubuntu/dev_ws/install/learning_node:/home/ubuntu/dev_ws/install/learning_launch:/home/ubuntu/dev_ws/install/learning_action:/home/ubuntu/dev_ws/install/learning_gazebo_harmonic:/home/ubuntu/dev_ws/install/learning_gazebo:/home/ubuntu/dev_ws/install/learning_cv:/opt/ros/humble /usr/bin/cmake --build /home/ubuntu/ws_engineer/build/engineer_urdf -- -j16 -l16
[0.641s] DEBUG:colcon.colcon_core.event_handler.log_command:Invoking command in '/home/ubuntu/ws_engineer/build/engineer_urdf': CMAKE_PREFIX_PATH=${CMAKE_PREFIX_PATH}:/home/ubuntu/ws_moveit/install/moveit_configs_utils:/home/ubuntu/ws_moveit/install/launch_param_builder:/home/ubuntu/ws00_helloworld/install/pkg02_helloworld_py:/home/ubuntu/dev_ws/install/learning_urdf:/home/ubuntu/dev_ws/install/learning_topic:/home/ubuntu/dev_ws/install/learning_tf:/home/ubuntu/dev_ws/install/learning_service:/home/ubuntu/dev_ws/install/learning_qos:/home/ubuntu/dev_ws/install/learning_pkg_python:/home/ubuntu/dev_ws/install/learning_parameter:/home/ubuntu/dev_ws/install/learning_node:/home/ubuntu/dev_ws/install/learning_launch:/home/ubuntu/dev_ws/install/learning_action:/home/ubuntu/dev_ws/install/learning_gazebo_harmonic:/home/ubuntu/dev_ws/install/learning_gazebo:/home/ubuntu/dev_ws/install/learning_cv:/opt/ros/humble /usr/bin/cmake --install /home/ubuntu/ws_engineer/build/engineer_urdf
[0.642s] DEBUG:colcon.colcon_core.event_handler.log_command:Invoked command in '/home/ubuntu/ws_engineer/build/moveit_demo' returned '0': CMAKE_PREFIX_PATH=${CMAKE_PREFIX_PATH}:/home/ubuntu/ws_moveit/install/moveit_configs_utils:/home/ubuntu/ws_moveit/install/launch_param_builder:/home/ubuntu/ws00_helloworld/install/pkg02_helloworld_py:/home/ubuntu/dev_ws/install/learning_urdf:/home/ubuntu/dev_ws/install/learning_topic:/home/ubuntu/dev_ws/install/learning_tf:/home/ubuntu/dev_ws/install/learning_service:/home/ubuntu/dev_ws/install/learning_qos:/home/ubuntu/dev_ws/install/learning_pkg_python:/home/ubuntu/dev_ws/install/learning_parameter:/home/ubuntu/dev_ws/install/learning_node:/home/ubuntu/dev_ws/install/learning_launch:/home/ubuntu/dev_ws/install/learning_action:/home/ubuntu/dev_ws/install/learning_gazebo_harmonic:/home/ubuntu/dev_ws/install/learning_gazebo:/home/ubuntu/dev_ws/install/learning_cv:/opt/ros/humble /usr/bin/cmake --build /home/ubuntu/ws_engineer/build/moveit_demo -- -j16 -l16
[0.643s] DEBUG:colcon.colcon_core.event_handler.log_command:Invoking command in '/home/ubuntu/ws_engineer/build/moveit_demo': CMAKE_PREFIX_PATH=${CMAKE_PREFIX_PATH}:/home/ubuntu/ws_moveit/install/moveit_configs_utils:/home/ubuntu/ws_moveit/install/launch_param_builder:/home/ubuntu/ws00_helloworld/install/pkg02_helloworld_py:/home/ubuntu/dev_ws/install/learning_urdf:/home/ubuntu/dev_ws/install/learning_topic:/home/ubuntu/dev_ws/install/learning_tf:/home/ubuntu/dev_ws/install/learning_service:/home/ubuntu/dev_ws/install/learning_qos:/home/ubuntu/dev_ws/install/learning_pkg_python:/home/ubuntu/dev_ws/install/learning_parameter:/home/ubuntu/dev_ws/install/learning_node:/home/ubuntu/dev_ws/install/learning_launch:/home/ubuntu/dev_ws/install/learning_action:/home/ubuntu/dev_ws/install/learning_gazebo_harmonic:/home/ubuntu/dev_ws/install/learning_gazebo:/home/ubuntu/dev_ws/install/learning_cv:/opt/ros/humble /usr/bin/cmake --install /home/ubuntu/ws_engineer/build/moveit_demo
[0.658s] Level 1:colcon.colcon_core.environment:create_environment_scripts_only(engineer_urdf)
[0.659s] DEBUG:colcon.colcon_core.event_handler.log_command:Invoked command in '/home/ubuntu/ws_engineer/build/engineer_urdf' returned '0': CMAKE_PREFIX_PATH=${CMAKE_PREFIX_PATH}:/home/ubuntu/ws_moveit/install/moveit_configs_utils:/home/ubuntu/ws_moveit/install/launch_param_builder:/home/ubuntu/ws00_helloworld/install/pkg02_helloworld_py:/home/ubuntu/dev_ws/install/learning_urdf:/home/ubuntu/dev_ws/install/learning_topic:/home/ubuntu/dev_ws/install/learning_tf:/home/ubuntu/dev_ws/install/learning_service:/home/ubuntu/dev_ws/install/learning_qos:/home/ubuntu/dev_ws/install/learning_pkg_python:/home/ubuntu/dev_ws/install/learning_parameter:/home/ubuntu/dev_ws/install/learning_node:/home/ubuntu/dev_ws/install/learning_launch:/home/ubuntu/dev_ws/install/learning_action:/home/ubuntu/dev_ws/install/learning_gazebo_harmonic:/home/ubuntu/dev_ws/install/learning_gazebo:/home/ubuntu/dev_ws/install/learning_cv:/opt/ros/humble /usr/bin/cmake --install /home/ubuntu/ws_engineer/build/engineer_urdf
[0.661s] Level 1:colcon.colcon_core.environment:checking '/home/ubuntu/ws_engineer/install/engineer_urdf' for CMake module files
[0.662s] Level 1:colcon.colcon_core.environment:checking '/home/ubuntu/ws_engineer/install/engineer_urdf' for CMake config files
[0.662s] Level 1:colcon.colcon_core.shell:create_environment_hook('engineer_urdf', 'cmake_prefix_path')
[0.662s] INFO:colcon.colcon_core.shell:Creating environment hook '/home/ubuntu/ws_engineer/install/engineer_urdf/share/engineer_urdf/hook/cmake_prefix_path.ps1'
[0.663s] INFO:colcon.colcon_core.shell:Creating environment descriptor '/home/ubuntu/ws_engineer/install/engineer_urdf/share/engineer_urdf/hook/cmake_prefix_path.dsv'
[0.663s] INFO:colcon.colcon_core.shell:Creating environment hook '/home/ubuntu/ws_engineer/install/engineer_urdf/share/engineer_urdf/hook/cmake_prefix_path.sh'
[0.664s] Level 1:colcon.colcon_core.environment:checking '/home/ubuntu/ws_engineer/install/engineer_urdf/lib'
[0.664s] Level 1:colcon.colcon_core.environment:checking '/home/ubuntu/ws_engineer/install/engineer_urdf/bin'
[0.664s] Level 1:colcon.colcon_core.environment:checking '/home/ubuntu/ws_engineer/install/engineer_urdf/lib/pkgconfig/engineer_urdf.pc'
[0.664s] Level 1:colcon.colcon_core.environment:checking '/home/ubuntu/ws_engineer/install/engineer_urdf/lib/python3.10/site-packages'
[0.665s] Level 1:colcon.colcon_core.environment:checking '/home/ubuntu/ws_engineer/install/engineer_urdf/bin'
[0.665s] INFO:colcon.colcon_core.shell:Creating package script '/home/ubuntu/ws_engineer/install/engineer_urdf/share/engineer_urdf/package.ps1'
[0.665s] INFO:colcon.colcon_core.shell:Creating package descriptor '/home/ubuntu/ws_engineer/install/engineer_urdf/share/engineer_urdf/package.dsv'
[0.666s] INFO:colcon.colcon_core.shell:Creating package script '/home/ubuntu/ws_engineer/install/engineer_urdf/share/engineer_urdf/package.sh'
[0.666s] INFO:colcon.colcon_core.shell:Creating package script '/home/ubuntu/ws_engineer/install/engineer_urdf/share/engineer_urdf/package.bash'
[0.667s] INFO:colcon.colcon_core.shell:Creating package script '/home/ubuntu/ws_engineer/install/engineer_urdf/share/engineer_urdf/package.zsh'
[0.668s] Level 1:colcon.colcon_core.environment:create_file_with_runtime_dependencies(/home/ubuntu/ws_engineer/install/engineer_urdf/share/colcon-core/packages/engineer_urdf)
[0.668s] Level 1:colcon.colcon_core.environment:create_environment_scripts_only(engineer_urdf)
[0.668s] Level 1:colcon.colcon_core.environment:checking '/home/ubuntu/ws_engineer/install/engineer_urdf' for CMake module files
[0.669s] Level 1:colcon.colcon_core.environment:checking '/home/ubuntu/ws_engineer/install/engineer_urdf' for CMake config files
[0.669s] Level 1:colcon.colcon_core.shell:create_environment_hook('engineer_urdf', 'cmake_prefix_path')
[0.669s] INFO:colcon.colcon_core.shell:Creating environment hook '/home/ubuntu/ws_engineer/install/engineer_urdf/share/engineer_urdf/hook/cmake_prefix_path.ps1'
[0.670s] INFO:colcon.colcon_core.shell:Creating environment descriptor '/home/ubuntu/ws_engineer/install/engineer_urdf/share/engineer_urdf/hook/cmake_prefix_path.dsv'
[0.670s] INFO:colcon.colcon_core.shell:Creating environment hook '/home/ubuntu/ws_engineer/install/engineer_urdf/share/engineer_urdf/hook/cmake_prefix_path.sh'
[0.670s] Level 1:colcon.colcon_core.environment:checking '/home/ubuntu/ws_engineer/install/engineer_urdf/lib'
[0.670s] Level 1:colcon.colcon_core.environment:checking '/home/ubuntu/ws_engineer/install/engineer_urdf/bin'
[0.671s] Level 1:colcon.colcon_core.environment:checking '/home/ubuntu/ws_engineer/install/engineer_urdf/lib/pkgconfig/engineer_urdf.pc'
[0.671s] Level 1:colcon.colcon_core.environment:checking '/home/ubuntu/ws_engineer/install/engineer_urdf/lib/python3.10/site-packages'
[0.671s] Level 1:colcon.colcon_core.environment:checking '/home/ubuntu/ws_engineer/install/engineer_urdf/bin'
[0.671s] INFO:colcon.colcon_core.shell:Creating package script '/home/ubuntu/ws_engineer/install/engineer_urdf/share/engineer_urdf/package.ps1'
[0.672s] INFO:colcon.colcon_core.shell:Creating package descriptor '/home/ubuntu/ws_engineer/install/engineer_urdf/share/engineer_urdf/package.dsv'
[0.672s] INFO:colcon.colcon_core.shell:Creating package script '/home/ubuntu/ws_engineer/install/engineer_urdf/share/engineer_urdf/package.sh'
[0.672s] INFO:colcon.colcon_core.shell:Creating package script '/home/ubuntu/ws_engineer/install/engineer_urdf/share/engineer_urdf/package.bash'
[0.673s] INFO:colcon.colcon_core.shell:Creating package script '/home/ubuntu/ws_engineer/install/engineer_urdf/share/engineer_urdf/package.zsh'
[0.673s] Level 1:colcon.colcon_core.environment:create_file_with_runtime_dependencies(/home/ubuntu/ws_engineer/install/engineer_urdf/share/colcon-core/packages/engineer_urdf)
[0.674s] INFO:colcon.colcon_ros.task.ament_cmake.build:Building ROS package in '/home/ubuntu/ws_engineer/src/engineer_config' with build type 'ament_cmake'
[0.674s] INFO:colcon.colcon_cmake.task.cmake.build:Building CMake package in '/home/ubuntu/ws_engineer/src/engineer_config'
[0.674s] INFO:colcon.colcon_core.shell:Skip shell extension 'powershell' for command environment: Not usable outside of PowerShell
[0.674s] DEBUG:colcon.colcon_core.shell:Skip shell extension 'dsv' for command environment
[0.685s] Level 1:colcon.colcon_core.environment:create_environment_scripts_only(moveit_demo)
[0.686s] Level 1:colcon.colcon_core.environment:checking '/home/ubuntu/ws_engineer/install/moveit_demo' for CMake module files
[0.686s] DEBUG:colcon.colcon_core.event_handler.log_command:Invoked command in '/home/ubuntu/ws_engineer/build/moveit_demo' returned '0': CMAKE_PREFIX_PATH=${CMAKE_PREFIX_PATH}:/home/ubuntu/ws_moveit/install/moveit_configs_utils:/home/ubuntu/ws_moveit/install/launch_param_builder:/home/ubuntu/ws00_helloworld/install/pkg02_helloworld_py:/home/ubuntu/dev_ws/install/learning_urdf:/home/ubuntu/dev_ws/install/learning_topic:/home/ubuntu/dev_ws/install/learning_tf:/home/ubuntu/dev_ws/install/learning_service:/home/ubuntu/dev_ws/install/learning_qos:/home/ubuntu/dev_ws/install/learning_pkg_python:/home/ubuntu/dev_ws/install/learning_parameter:/home/ubuntu/dev_ws/install/learning_node:/home/ubuntu/dev_ws/install/learning_launch:/home/ubuntu/dev_ws/install/learning_action:/home/ubuntu/dev_ws/install/learning_gazebo_harmonic:/home/ubuntu/dev_ws/install/learning_gazebo:/home/ubuntu/dev_ws/install/learning_cv:/opt/ros/humble /usr/bin/cmake --install /home/ubuntu/ws_engineer/build/moveit_demo
[0.687s] Level 1:colcon.colcon_core.environment:checking '/home/ubuntu/ws_engineer/install/moveit_demo' for CMake config files
[0.687s] Level 1:colcon.colcon_core.shell:create_environment_hook('moveit_demo', 'cmake_prefix_path')
[0.687s] INFO:colcon.colcon_core.shell:Creating environment hook '/home/ubuntu/ws_engineer/install/moveit_demo/share/moveit_demo/hook/cmake_prefix_path.ps1'
[0.687s] INFO:colcon.colcon_core.shell:Creating environment descriptor '/home/ubuntu/ws_engineer/install/moveit_demo/share/moveit_demo/hook/cmake_prefix_path.dsv'
[0.688s] INFO:colcon.colcon_core.shell:Creating environment hook '/home/ubuntu/ws_engineer/install/moveit_demo/share/moveit_demo/hook/cmake_prefix_path.sh'
[0.688s] Level 1:colcon.colcon_core.environment:checking '/home/ubuntu/ws_engineer/install/moveit_demo/lib'
[0.688s] Level 1:colcon.colcon_core.environment:checking '/home/ubuntu/ws_engineer/install/moveit_demo/bin'
[0.688s] Level 1:colcon.colcon_core.environment:checking '/home/ubuntu/ws_engineer/install/moveit_demo/lib/pkgconfig/moveit_demo.pc'
[0.689s] Level 1:colcon.colcon_core.environment:checking '/home/ubuntu/ws_engineer/install/moveit_demo/lib/python3.10/site-packages'
[0.689s] Level 1:colcon.colcon_core.environment:checking '/home/ubuntu/ws_engineer/install/moveit_demo/bin'
[0.689s] INFO:colcon.colcon_core.shell:Creating package script '/home/ubuntu/ws_engineer/install/moveit_demo/share/moveit_demo/package.ps1'
[0.689s] INFO:colcon.colcon_core.shell:Creating package descriptor '/home/ubuntu/ws_engineer/install/moveit_demo/share/moveit_demo/package.dsv'
[0.690s] INFO:colcon.colcon_core.shell:Creating package script '/home/ubuntu/ws_engineer/install/moveit_demo/share/moveit_demo/package.sh'
[0.690s] INFO:colcon.colcon_core.shell:Creating package script '/home/ubuntu/ws_engineer/install/moveit_demo/share/moveit_demo/package.bash'
[0.690s] INFO:colcon.colcon_core.shell:Creating package script '/home/ubuntu/ws_engineer/install/moveit_demo/share/moveit_demo/package.zsh'
[0.691s] Level 1:colcon.colcon_core.environment:create_file_with_runtime_dependencies(/home/ubuntu/ws_engineer/install/moveit_demo/share/colcon-core/packages/moveit_demo)
[0.691s] Level 1:colcon.colcon_core.environment:create_environment_scripts_only(moveit_demo)
[0.691s] Level 1:colcon.colcon_core.environment:checking '/home/ubuntu/ws_engineer/install/moveit_demo' for CMake module files
[0.692s] Level 1:colcon.colcon_core.environment:checking '/home/ubuntu/ws_engineer/install/moveit_demo' for CMake config files
[0.692s] Level 1:colcon.colcon_core.shell:create_environment_hook('moveit_demo', 'cmake_prefix_path')
[0.692s] INFO:colcon.colcon_core.shell:Creating environment hook '/home/ubuntu/ws_engineer/install/moveit_demo/share/moveit_demo/hook/cmake_prefix_path.ps1'
[0.692s] INFO:colcon.colcon_core.shell:Creating environment descriptor '/home/ubuntu/ws_engineer/install/moveit_demo/share/moveit_demo/hook/cmake_prefix_path.dsv'
[0.692s] INFO:colcon.colcon_core.shell:Creating environment hook '/home/ubuntu/ws_engineer/install/moveit_demo/share/moveit_demo/hook/cmake_prefix_path.sh'
[0.693s] Level 1:colcon.colcon_core.environment:checking '/home/ubuntu/ws_engineer/install/moveit_demo/lib'
[0.693s] Level 1:colcon.colcon_core.environment:checking '/home/ubuntu/ws_engineer/install/moveit_demo/bin'
[0.693s] Level 1:colcon.colcon_core.environment:checking '/home/ubuntu/ws_engineer/install/moveit_demo/lib/pkgconfig/moveit_demo.pc'
[0.693s] Level 1:colcon.colcon_core.environment:checking '/home/ubuntu/ws_engineer/install/moveit_demo/lib/python3.10/site-packages'
[0.693s] Level 1:colcon.colcon_core.environment:checking '/home/ubuntu/ws_engineer/install/moveit_demo/bin'
[0.694s] INFO:colcon.colcon_core.shell:Creating package script '/home/ubuntu/ws_engineer/install/moveit_demo/share/moveit_demo/package.ps1'
[0.694s] INFO:colcon.colcon_core.shell:Creating package descriptor '/home/ubuntu/ws_engineer/install/moveit_demo/share/moveit_demo/package.dsv'
[0.694s] INFO:colcon.colcon_core.shell:Creating package script '/home/ubuntu/ws_engineer/install/moveit_demo/share/moveit_demo/package.sh'
[0.695s] INFO:colcon.colcon_core.shell:Creating package script '/home/ubuntu/ws_engineer/install/moveit_demo/share/moveit_demo/package.bash'
[0.695s] INFO:colcon.colcon_core.shell:Creating package script '/home/ubuntu/ws_engineer/install/moveit_demo/share/moveit_demo/package.zsh'
[0.695s] Level 1:colcon.colcon_core.environment:create_file_with_runtime_dependencies(/home/ubuntu/ws_engineer/install/moveit_demo/share/colcon-core/packages/moveit_demo)
[0.700s] DEBUG:colcon.colcon_core.event_handler.log_command:Invoking command in '/home/ubuntu/ws_engineer/build/engineer_config': CMAKE_PREFIX_PATH=/home/ubuntu/ws_engineer/install/engineer_urdf:/home/ubuntu/ws_engineer/install/moveit_demo:/home/ubuntu/ws_engineer/install/engineer_config:/home/ubuntu/ws_engineer/install/engineer_protocol:/home/ubuntu/ws_engineer/install/base_interfaces:/home/ubuntu/ws_moveit/install/pilz_industrial_motion_planner_testutils:/home/ubuntu/ws_moveit/install/moveit_runtime:/home/ubuntu/ws_moveit/install/moveit2_tutorials:/home/ubuntu/ws_moveit/install/moveit:/home/ubuntu/ws_moveit/install/moveit_planners:/home/ubuntu/ws_moveit/install/pilz_industrial_motion_planner:/home/ubuntu/ws_moveit/install/moveit_visual_tools:/home/ubuntu/ws_moveit/install/moveit_task_constructor_visualization:/home/ubuntu/ws_moveit/install/moveit_task_constructor_demo:/home/ubuntu/ws_moveit/install/moveit_task_constructor_capabilities:/home/ubuntu/ws_moveit/install/moveit_task_constructor_core:/home/ubuntu/ws_moveit/install/moveit_ros_control_interface:/home/ubuntu/ws_moveit/install/moveit_plugins:/home/ubuntu/ws_moveit/install/moveit_simple_controller_manager:/home/ubuntu/ws_moveit/install/moveit_setup_assistant:/home/ubuntu/ws_moveit/install/moveit_setup_srdf_plugins:/home/ubuntu/ws_moveit/install/moveit_setup_core_plugins:/home/ubuntu/ws_moveit/install/moveit_setup_controllers:/home/ubuntu/ws_moveit/install/moveit_setup_app_plugins:/home/ubuntu/ws_moveit/install/moveit_setup_framework:/home/ubuntu/ws_moveit/install/moveit_servo:/home/ubuntu/ws_moveit/install/moveit_ros:/home/ubuntu/ws_moveit/install/moveit_ros_visualization:/home/ubuntu/ws_moveit/install/moveit_hybrid_planning:/home/ubuntu/ws_moveit/install/moveit_ros_planning_interface:/home/ubuntu/ws_moveit/install/moveit_ros_benchmarks:/home/ubuntu/ws_moveit/install/moveit_ros_warehouse:/home/ubuntu/ws_moveit/install/moveit_ros_robot_interaction:/home/ubuntu/ws_moveit/install/moveit_ros_perception:/home/ubuntu/ws_moveit/install/moveit_resources_prbt_pg70_support:/home/ubuntu/ws_moveit/install/moveit_resources_prbt_moveit_config:/home/ubuntu/ws_moveit/install/moveit_ros_move_group:/home/ubuntu/ws_moveit/install/moveit_planners_ompl:/home/ubuntu/ws_moveit/install/moveit_ros_planning:/home/ubuntu/ws_moveit/install/moveit_ros_occupancy_map_monitor:/home/ubuntu/ws_moveit/install/moveit_resources_prbt_ikfast_manipulator_plugin:/home/ubuntu/ws_moveit/install/moveit_planners_chomp:/home/ubuntu/ws_moveit/install/moveit_kinematics:/home/ubuntu/ws_moveit/install/moveit_chomp_optimizer_adapter:/home/ubuntu/ws_moveit/install/chomp_motion_planner:/home/ubuntu/ws_moveit/install/moveit_core:/home/ubuntu/ws_moveit/install/srdfdom:/home/ubuntu/ws_moveit/install/rviz_marker_tools:/home/ubuntu/ws_moveit/install/rosparam_shortcuts:/home/ubuntu/ws_moveit/install/moveit_task_constructor_msgs:/home/ubuntu/ws_moveit/install/moveit_resources_prbt_support:/home/ubuntu/ws_moveit/install/moveit_resources:/home/ubuntu/ws_moveit/install/moveit_resources_pr2_description:/home/ubuntu/ws_moveit/install/moveit_resources_panda_moveit_config:/home/ubuntu/ws_moveit/install/moveit_resources_panda_description:/home/ubuntu/ws_moveit/install/moveit_resources_fanuc_moveit_config:/home/ubuntu/ws_moveit/install/moveit_resources_fanuc_description:/home/ubuntu/ws_moveit/install/moveit_common:/home/ubuntu/ws00_helloworld/install/pkg03_hellovscode_cpp:/home/ubuntu/ws00_helloworld/install/pkg01_helloworld_cpp:/home/ubuntu/dev_ws/install/learning_topic_cpp:/home/ubuntu/dev_ws/install/learning_tf_cpp:/home/ubuntu/dev_ws/install/learning_service_cpp:/home/ubuntu/dev_ws/install/learning_pkg_c:/home/ubuntu/dev_ws/install/learning_parameter_cpp:/home/ubuntu/dev_ws/install/learning_node_cpp:/home/ubuntu/dev_ws/install/learning_action_cpp:/home/ubuntu/dev_ws/install/learning_interface:/home/ubuntu/ws_moveit/install/moveit_configs_utils:/home/ubuntu/ws_moveit/install/launch_param_builder:/home/ubuntu/ws00_helloworld/install/pkg02_helloworld_py:/home/ubuntu/dev_ws/install/learning_urdf:/home/ubuntu/dev_ws/install/learning_topic:/home/ubuntu/dev_ws/install/learning_tf:/home/ubuntu/dev_ws/install/learning_service:/home/ubuntu/dev_ws/install/learning_qos:/home/ubuntu/dev_ws/install/learning_pkg_python:/home/ubuntu/dev_ws/install/learning_parameter:/home/ubuntu/dev_ws/install/learning_node:/home/ubuntu/dev_ws/install/learning_launch:/home/ubuntu/dev_ws/install/learning_action:/home/ubuntu/dev_ws/install/learning_gazebo_harmonic:/home/ubuntu/dev_ws/install/learning_gazebo:/home/ubuntu/dev_ws/install/learning_cv:/opt/ros/humble /usr/bin/cmake --build /home/ubuntu/ws_engineer/build/engineer_config -- -j16 -l16
[0.760s] DEBUG:colcon.colcon_core.event_handler.log_command:Invoked command in '/home/ubuntu/ws_engineer/build/engineer_config' returned '0': CMAKE_PREFIX_PATH=/home/ubuntu/ws_engineer/install/engineer_urdf:/home/ubuntu/ws_engineer/install/moveit_demo:/home/ubuntu/ws_engineer/install/engineer_config:/home/ubuntu/ws_engineer/install/engineer_protocol:/home/ubuntu/ws_engineer/install/base_interfaces:/home/ubuntu/ws_moveit/install/pilz_industrial_motion_planner_testutils:/home/ubuntu/ws_moveit/install/moveit_runtime:/home/ubuntu/ws_moveit/install/moveit2_tutorials:/home/ubuntu/ws_moveit/install/moveit:/home/ubuntu/ws_moveit/install/moveit_planners:/home/ubuntu/ws_moveit/install/pilz_industrial_motion_planner:/home/ubuntu/ws_moveit/install/moveit_visual_tools:/home/ubuntu/ws_moveit/install/moveit_task_constructor_visualization:/home/ubuntu/ws_moveit/install/moveit_task_constructor_demo:/home/ubuntu/ws_moveit/install/moveit_task_constructor_capabilities:/home/ubuntu/ws_moveit/install/moveit_task_constructor_core:/home/ubuntu/ws_moveit/install/moveit_ros_control_interface:/home/ubuntu/ws_moveit/install/moveit_plugins:/home/ubuntu/ws_moveit/install/moveit_simple_controller_manager:/home/ubuntu/ws_moveit/install/moveit_setup_assistant:/home/ubuntu/ws_moveit/install/moveit_setup_srdf_plugins:/home/ubuntu/ws_moveit/install/moveit_setup_core_plugins:/home/ubuntu/ws_moveit/install/moveit_setup_controllers:/home/ubuntu/ws_moveit/install/moveit_setup_app_plugins:/home/ubuntu/ws_moveit/install/moveit_setup_framework:/home/ubuntu/ws_moveit/install/moveit_servo:/home/ubuntu/ws_moveit/install/moveit_ros:/home/ubuntu/ws_moveit/install/moveit_ros_visualization:/home/ubuntu/ws_moveit/install/moveit_hybrid_planning:/home/ubuntu/ws_moveit/install/moveit_ros_planning_interface:/home/ubuntu/ws_moveit/install/moveit_ros_benchmarks:/home/ubuntu/ws_moveit/install/moveit_ros_warehouse:/home/ubuntu/ws_moveit/install/moveit_ros_robot_interaction:/home/ubuntu/ws_moveit/install/moveit_ros_perception:/home/ubuntu/ws_moveit/install/moveit_resources_prbt_pg70_support:/home/ubuntu/ws_moveit/install/moveit_resources_prbt_moveit_config:/home/ubuntu/ws_moveit/install/moveit_ros_move_group:/home/ubuntu/ws_moveit/install/moveit_planners_ompl:/home/ubuntu/ws_moveit/install/moveit_ros_planning:/home/ubuntu/ws_moveit/install/moveit_ros_occupancy_map_monitor:/home/ubuntu/ws_moveit/install/moveit_resources_prbt_ikfast_manipulator_plugin:/home/ubuntu/ws_moveit/install/moveit_planners_chomp:/home/ubuntu/ws_moveit/install/moveit_kinematics:/home/ubuntu/ws_moveit/install/moveit_chomp_optimizer_adapter:/home/ubuntu/ws_moveit/install/chomp_motion_planner:/home/ubuntu/ws_moveit/install/moveit_core:/home/ubuntu/ws_moveit/install/srdfdom:/home/ubuntu/ws_moveit/install/rviz_marker_tools:/home/ubuntu/ws_moveit/install/rosparam_shortcuts:/home/ubuntu/ws_moveit/install/moveit_task_constructor_msgs:/home/ubuntu/ws_moveit/install/moveit_resources_prbt_support:/home/ubuntu/ws_moveit/install/moveit_resources:/home/ubuntu/ws_moveit/install/moveit_resources_pr2_description:/home/ubuntu/ws_moveit/install/moveit_resources_panda_moveit_config:/home/ubuntu/ws_moveit/install/moveit_resources_panda_description:/home/ubuntu/ws_moveit/install/moveit_resources_fanuc_moveit_config:/home/ubuntu/ws_moveit/install/moveit_resources_fanuc_description:/home/ubuntu/ws_moveit/install/moveit_common:/home/ubuntu/ws00_helloworld/install/pkg03_hellovscode_cpp:/home/ubuntu/ws00_helloworld/install/pkg01_helloworld_cpp:/home/ubuntu/dev_ws/install/learning_topic_cpp:/home/ubuntu/dev_ws/install/learning_tf_cpp:/home/ubuntu/dev_ws/install/learning_service_cpp:/home/ubuntu/dev_ws/install/learning_pkg_c:/home/ubuntu/dev_ws/install/learning_parameter_cpp:/home/ubuntu/dev_ws/install/learning_node_cpp:/home/ubuntu/dev_ws/install/learning_action_cpp:/home/ubuntu/dev_ws/install/learning_interface:/home/ubuntu/ws_moveit/install/moveit_configs_utils:/home/ubuntu/ws_moveit/install/launch_param_builder:/home/ubuntu/ws00_helloworld/install/pkg02_helloworld_py:/home/ubuntu/dev_ws/install/learning_urdf:/home/ubuntu/dev_ws/install/learning_topic:/home/ubuntu/dev_ws/install/learning_tf:/home/ubuntu/dev_ws/install/learning_service:/home/ubuntu/dev_ws/install/learning_qos:/home/ubuntu/dev_ws/install/learning_pkg_python:/home/ubuntu/dev_ws/install/learning_parameter:/home/ubuntu/dev_ws/install/learning_node:/home/ubuntu/dev_ws/install/learning_launch:/home/ubuntu/dev_ws/install/learning_action:/home/ubuntu/dev_ws/install/learning_gazebo_harmonic:/home/ubuntu/dev_ws/install/learning_gazebo:/home/ubuntu/dev_ws/install/learning_cv:/opt/ros/humble /usr/bin/cmake --build /home/ubuntu/ws_engineer/build/engineer_config -- -j16 -l16
[0.762s] DEBUG:colcon.colcon_core.event_handler.log_command:Invoking command in '/home/ubuntu/ws_engineer/build/engineer_config': CMAKE_PREFIX_PATH=/home/ubuntu/ws_engineer/install/engineer_urdf:/home/ubuntu/ws_engineer/install/moveit_demo:/home/ubuntu/ws_engineer/install/engineer_config:/home/ubuntu/ws_engineer/install/engineer_protocol:/home/ubuntu/ws_engineer/install/base_interfaces:/home/ubuntu/ws_moveit/install/pilz_industrial_motion_planner_testutils:/home/ubuntu/ws_moveit/install/moveit_runtime:/home/ubuntu/ws_moveit/install/moveit2_tutorials:/home/ubuntu/ws_moveit/install/moveit:/home/ubuntu/ws_moveit/install/moveit_planners:/home/ubuntu/ws_moveit/install/pilz_industrial_motion_planner:/home/ubuntu/ws_moveit/install/moveit_visual_tools:/home/ubuntu/ws_moveit/install/moveit_task_constructor_visualization:/home/ubuntu/ws_moveit/install/moveit_task_constructor_demo:/home/ubuntu/ws_moveit/install/moveit_task_constructor_capabilities:/home/ubuntu/ws_moveit/install/moveit_task_constructor_core:/home/ubuntu/ws_moveit/install/moveit_ros_control_interface:/home/ubuntu/ws_moveit/install/moveit_plugins:/home/ubuntu/ws_moveit/install/moveit_simple_controller_manager:/home/ubuntu/ws_moveit/install/moveit_setup_assistant:/home/ubuntu/ws_moveit/install/moveit_setup_srdf_plugins:/home/ubuntu/ws_moveit/install/moveit_setup_core_plugins:/home/ubuntu/ws_moveit/install/moveit_setup_controllers:/home/ubuntu/ws_moveit/install/moveit_setup_app_plugins:/home/ubuntu/ws_moveit/install/moveit_setup_framework:/home/ubuntu/ws_moveit/install/moveit_servo:/home/ubuntu/ws_moveit/install/moveit_ros:/home/ubuntu/ws_moveit/install/moveit_ros_visualization:/home/ubuntu/ws_moveit/install/moveit_hybrid_planning:/home/ubuntu/ws_moveit/install/moveit_ros_planning_interface:/home/ubuntu/ws_moveit/install/moveit_ros_benchmarks:/home/ubuntu/ws_moveit/install/moveit_ros_warehouse:/home/ubuntu/ws_moveit/install/moveit_ros_robot_interaction:/home/ubuntu/ws_moveit/install/moveit_ros_perception:/home/ubuntu/ws_moveit/install/moveit_resources_prbt_pg70_support:/home/ubuntu/ws_moveit/install/moveit_resources_prbt_moveit_config:/home/ubuntu/ws_moveit/install/moveit_ros_move_group:/home/ubuntu/ws_moveit/install/moveit_planners_ompl:/home/ubuntu/ws_moveit/install/moveit_ros_planning:/home/ubuntu/ws_moveit/install/moveit_ros_occupancy_map_monitor:/home/ubuntu/ws_moveit/install/moveit_resources_prbt_ikfast_manipulator_plugin:/home/ubuntu/ws_moveit/install/moveit_planners_chomp:/home/ubuntu/ws_moveit/install/moveit_kinematics:/home/ubuntu/ws_moveit/install/moveit_chomp_optimizer_adapter:/home/ubuntu/ws_moveit/install/chomp_motion_planner:/home/ubuntu/ws_moveit/install/moveit_core:/home/ubuntu/ws_moveit/install/srdfdom:/home/ubuntu/ws_moveit/install/rviz_marker_tools:/home/ubuntu/ws_moveit/install/rosparam_shortcuts:/home/ubuntu/ws_moveit/install/moveit_task_constructor_msgs:/home/ubuntu/ws_moveit/install/moveit_resources_prbt_support:/home/ubuntu/ws_moveit/install/moveit_resources:/home/ubuntu/ws_moveit/install/moveit_resources_pr2_description:/home/ubuntu/ws_moveit/install/moveit_resources_panda_moveit_config:/home/ubuntu/ws_moveit/install/moveit_resources_panda_description:/home/ubuntu/ws_moveit/install/moveit_resources_fanuc_moveit_config:/home/ubuntu/ws_moveit/install/moveit_resources_fanuc_description:/home/ubuntu/ws_moveit/install/moveit_common:/home/ubuntu/ws00_helloworld/install/pkg03_hellovscode_cpp:/home/ubuntu/ws00_helloworld/install/pkg01_helloworld_cpp:/home/ubuntu/dev_ws/install/learning_topic_cpp:/home/ubuntu/dev_ws/install/learning_tf_cpp:/home/ubuntu/dev_ws/install/learning_service_cpp:/home/ubuntu/dev_ws/install/learning_pkg_c:/home/ubuntu/dev_ws/install/learning_parameter_cpp:/home/ubuntu/dev_ws/install/learning_node_cpp:/home/ubuntu/dev_ws/install/learning_action_cpp:/home/ubuntu/dev_ws/install/learning_interface:/home/ubuntu/ws_moveit/install/moveit_configs_utils:/home/ubuntu/ws_moveit/install/launch_param_builder:/home/ubuntu/ws00_helloworld/install/pkg02_helloworld_py:/home/ubuntu/dev_ws/install/learning_urdf:/home/ubuntu/dev_ws/install/learning_topic:/home/ubuntu/dev_ws/install/learning_tf:/home/ubuntu/dev_ws/install/learning_service:/home/ubuntu/dev_ws/install/learning_qos:/home/ubuntu/dev_ws/install/learning_pkg_python:/home/ubuntu/dev_ws/install/learning_parameter:/home/ubuntu/dev_ws/install/learning_node:/home/ubuntu/dev_ws/install/learning_launch:/home/ubuntu/dev_ws/install/learning_action:/home/ubuntu/dev_ws/install/learning_gazebo_harmonic:/home/ubuntu/dev_ws/install/learning_gazebo:/home/ubuntu/dev_ws/install/learning_cv:/opt/ros/humble /usr/bin/cmake --install /home/ubuntu/ws_engineer/build/engineer_config
[0.777s] Level 1:colcon.colcon_core.environment:create_environment_scripts_only(engineer_config)
[0.777s] Level 1:colcon.colcon_core.environment:checking '/home/ubuntu/ws_engineer/install/engineer_config' for CMake module files
[0.778s] DEBUG:colcon.colcon_core.event_handler.log_command:Invoked command in '/home/ubuntu/ws_engineer/build/engineer_config' returned '0': CMAKE_PREFIX_PATH=/home/ubuntu/ws_engineer/install/engineer_urdf:/home/ubuntu/ws_engineer/install/moveit_demo:/home/ubuntu/ws_engineer/install/engineer_config:/home/ubuntu/ws_engineer/install/engineer_protocol:/home/ubuntu/ws_engineer/install/base_interfaces:/home/ubuntu/ws_moveit/install/pilz_industrial_motion_planner_testutils:/home/ubuntu/ws_moveit/install/moveit_runtime:/home/ubuntu/ws_moveit/install/moveit2_tutorials:/home/ubuntu/ws_moveit/install/moveit:/home/ubuntu/ws_moveit/install/moveit_planners:/home/ubuntu/ws_moveit/install/pilz_industrial_motion_planner:/home/ubuntu/ws_moveit/install/moveit_visual_tools:/home/ubuntu/ws_moveit/install/moveit_task_constructor_visualization:/home/ubuntu/ws_moveit/install/moveit_task_constructor_demo:/home/ubuntu/ws_moveit/install/moveit_task_constructor_capabilities:/home/ubuntu/ws_moveit/install/moveit_task_constructor_core:/home/ubuntu/ws_moveit/install/moveit_ros_control_interface:/home/ubuntu/ws_moveit/install/moveit_plugins:/home/ubuntu/ws_moveit/install/moveit_simple_controller_manager:/home/ubuntu/ws_moveit/install/moveit_setup_assistant:/home/ubuntu/ws_moveit/install/moveit_setup_srdf_plugins:/home/ubuntu/ws_moveit/install/moveit_setup_core_plugins:/home/ubuntu/ws_moveit/install/moveit_setup_controllers:/home/ubuntu/ws_moveit/install/moveit_setup_app_plugins:/home/ubuntu/ws_moveit/install/moveit_setup_framework:/home/ubuntu/ws_moveit/install/moveit_servo:/home/ubuntu/ws_moveit/install/moveit_ros:/home/ubuntu/ws_moveit/install/moveit_ros_visualization:/home/ubuntu/ws_moveit/install/moveit_hybrid_planning:/home/ubuntu/ws_moveit/install/moveit_ros_planning_interface:/home/ubuntu/ws_moveit/install/moveit_ros_benchmarks:/home/ubuntu/ws_moveit/install/moveit_ros_warehouse:/home/ubuntu/ws_moveit/install/moveit_ros_robot_interaction:/home/ubuntu/ws_moveit/install/moveit_ros_perception:/home/ubuntu/ws_moveit/install/moveit_resources_prbt_pg70_support:/home/ubuntu/ws_moveit/install/moveit_resources_prbt_moveit_config:/home/ubuntu/ws_moveit/install/moveit_ros_move_group:/home/ubuntu/ws_moveit/install/moveit_planners_ompl:/home/ubuntu/ws_moveit/install/moveit_ros_planning:/home/ubuntu/ws_moveit/install/moveit_ros_occupancy_map_monitor:/home/ubuntu/ws_moveit/install/moveit_resources_prbt_ikfast_manipulator_plugin:/home/ubuntu/ws_moveit/install/moveit_planners_chomp:/home/ubuntu/ws_moveit/install/moveit_kinematics:/home/ubuntu/ws_moveit/install/moveit_chomp_optimizer_adapter:/home/ubuntu/ws_moveit/install/chomp_motion_planner:/home/ubuntu/ws_moveit/install/moveit_core:/home/ubuntu/ws_moveit/install/srdfdom:/home/ubuntu/ws_moveit/install/rviz_marker_tools:/home/ubuntu/ws_moveit/install/rosparam_shortcuts:/home/ubuntu/ws_moveit/install/moveit_task_constructor_msgs:/home/ubuntu/ws_moveit/install/moveit_resources_prbt_support:/home/ubuntu/ws_moveit/install/moveit_resources:/home/ubuntu/ws_moveit/install/moveit_resources_pr2_description:/home/ubuntu/ws_moveit/install/moveit_resources_panda_moveit_config:/home/ubuntu/ws_moveit/install/moveit_resources_panda_description:/home/ubuntu/ws_moveit/install/moveit_resources_fanuc_moveit_config:/home/ubuntu/ws_moveit/install/moveit_resources_fanuc_description:/home/ubuntu/ws_moveit/install/moveit_common:/home/ubuntu/ws00_helloworld/install/pkg03_hellovscode_cpp:/home/ubuntu/ws00_helloworld/install/pkg01_helloworld_cpp:/home/ubuntu/dev_ws/install/learning_topic_cpp:/home/ubuntu/dev_ws/install/learning_tf_cpp:/home/ubuntu/dev_ws/install/learning_service_cpp:/home/ubuntu/dev_ws/install/learning_pkg_c:/home/ubuntu/dev_ws/install/learning_parameter_cpp:/home/ubuntu/dev_ws/install/learning_node_cpp:/home/ubuntu/dev_ws/install/learning_action_cpp:/home/ubuntu/dev_ws/install/learning_interface:/home/ubuntu/ws_moveit/install/moveit_configs_utils:/home/ubuntu/ws_moveit/install/launch_param_builder:/home/ubuntu/ws00_helloworld/install/pkg02_helloworld_py:/home/ubuntu/dev_ws/install/learning_urdf:/home/ubuntu/dev_ws/install/learning_topic:/home/ubuntu/dev_ws/install/learning_tf:/home/ubuntu/dev_ws/install/learning_service:/home/ubuntu/dev_ws/install/learning_qos:/home/ubuntu/dev_ws/install/learning_pkg_python:/home/ubuntu/dev_ws/install/learning_parameter:/home/ubuntu/dev_ws/install/learning_node:/home/ubuntu/dev_ws/install/learning_launch:/home/ubuntu/dev_ws/install/learning_action:/home/ubuntu/dev_ws/install/learning_gazebo_harmonic:/home/ubuntu/dev_ws/install/learning_gazebo:/home/ubuntu/dev_ws/install/learning_cv:/opt/ros/humble /usr/bin/cmake --install /home/ubuntu/ws_engineer/build/engineer_config
[0.778s] Level 1:colcon.colcon_core.environment:checking '/home/ubuntu/ws_engineer/install/engineer_config' for CMake config files
[0.778s] Level 1:colcon.colcon_core.shell:create_environment_hook('engineer_config', 'cmake_prefix_path')
[0.778s] INFO:colcon.colcon_core.shell:Creating environment hook '/home/ubuntu/ws_engineer/install/engineer_config/share/engineer_config/hook/cmake_prefix_path.ps1'
[0.779s] INFO:colcon.colcon_core.shell:Creating environment descriptor '/home/ubuntu/ws_engineer/install/engineer_config/share/engineer_config/hook/cmake_prefix_path.dsv'
[0.779s] INFO:colcon.colcon_core.shell:Creating environment hook '/home/ubuntu/ws_engineer/install/engineer_config/share/engineer_config/hook/cmake_prefix_path.sh'
[0.780s] Level 1:colcon.colcon_core.environment:checking '/home/ubuntu/ws_engineer/install/engineer_config/bin'
[0.780s] Level 1:colcon.colcon_core.environment:checking '/home/ubuntu/ws_engineer/install/engineer_config/lib/pkgconfig/engineer_config.pc'
[0.780s] Level 1:colcon.colcon_core.environment:checking '/home/ubuntu/ws_engineer/install/engineer_config/lib/python3.10/site-packages'
[0.780s] Level 1:colcon.colcon_core.environment:checking '/home/ubuntu/ws_engineer/install/engineer_config/bin'
[0.780s] INFO:colcon.colcon_core.shell:Creating package script '/home/ubuntu/ws_engineer/install/engineer_config/share/engineer_config/package.ps1'
[0.781s] INFO:colcon.colcon_core.shell:Creating package descriptor '/home/ubuntu/ws_engineer/install/engineer_config/share/engineer_config/package.dsv'
[0.781s] INFO:colcon.colcon_core.shell:Creating package script '/home/ubuntu/ws_engineer/install/engineer_config/share/engineer_config/package.sh'
[0.781s] INFO:colcon.colcon_core.shell:Creating package script '/home/ubuntu/ws_engineer/install/engineer_config/share/engineer_config/package.bash'
[0.782s] INFO:colcon.colcon_core.shell:Creating package script '/home/ubuntu/ws_engineer/install/engineer_config/share/engineer_config/package.zsh'
[0.782s] Level 1:colcon.colcon_core.environment:create_file_with_runtime_dependencies(/home/ubuntu/ws_engineer/install/engineer_config/share/colcon-core/packages/engineer_config)
[0.783s] Level 1:colcon.colcon_core.environment:create_environment_scripts_only(engineer_config)
[0.783s] Level 1:colcon.colcon_core.environment:checking '/home/ubuntu/ws_engineer/install/engineer_config' for CMake module files
[0.783s] Level 1:colcon.colcon_core.environment:checking '/home/ubuntu/ws_engineer/install/engineer_config' for CMake config files
[0.783s] Level 1:colcon.colcon_core.shell:create_environment_hook('engineer_config', 'cmake_prefix_path')
[0.783s] INFO:colcon.colcon_core.shell:Creating environment hook '/home/ubuntu/ws_engineer/install/engineer_config/share/engineer_config/hook/cmake_prefix_path.ps1'
[0.784s] INFO:colcon.colcon_core.shell:Creating environment descriptor '/home/ubuntu/ws_engineer/install/engineer_config/share/engineer_config/hook/cmake_prefix_path.dsv'
[0.784s] INFO:colcon.colcon_core.shell:Creating environment hook '/home/ubuntu/ws_engineer/install/engineer_config/share/engineer_config/hook/cmake_prefix_path.sh'
[0.784s] Level 1:colcon.colcon_core.environment:checking '/home/ubuntu/ws_engineer/install/engineer_config/bin'
[0.785s] Level 1:colcon.colcon_core.environment:checking '/home/ubuntu/ws_engineer/install/engineer_config/lib/pkgconfig/engineer_config.pc'
[0.785s] Level 1:colcon.colcon_core.environment:checking '/home/ubuntu/ws_engineer/install/engineer_config/lib/python3.10/site-packages'
[0.785s] Level 1:colcon.colcon_core.environment:checking '/home/ubuntu/ws_engineer/install/engineer_config/bin'
[0.785s] INFO:colcon.colcon_core.shell:Creating package script '/home/ubuntu/ws_engineer/install/engineer_config/share/engineer_config/package.ps1'
[0.786s] INFO:colcon.colcon_core.shell:Creating package descriptor '/home/ubuntu/ws_engineer/install/engineer_config/share/engineer_config/package.dsv'
[0.786s] INFO:colcon.colcon_core.shell:Creating package script '/home/ubuntu/ws_engineer/install/engineer_config/share/engineer_config/package.sh'
[0.786s] INFO:colcon.colcon_core.shell:Creating package script '/home/ubuntu/ws_engineer/install/engineer_config/share/engineer_config/package.bash'
[0.787s] INFO:colcon.colcon_core.shell:Creating package script '/home/ubuntu/ws_engineer/install/engineer_config/share/engineer_config/package.zsh'
[0.787s] Level 1:colcon.colcon_core.environment:create_file_with_runtime_dependencies(/home/ubuntu/ws_engineer/install/engineer_config/share/colcon-core/packages/engineer_config)
[0.926s] DEBUG:colcon.colcon_core.event_handler.log_command:Invoked command in '/home/ubuntu/ws_engineer/build/base_interfaces' returned '0': CMAKE_PREFIX_PATH=${CMAKE_PREFIX_PATH}:/home/ubuntu/ws_moveit/install/moveit_configs_utils:/home/ubuntu/ws_moveit/install/launch_param_builder:/home/ubuntu/ws00_helloworld/install/pkg02_helloworld_py:/home/ubuntu/dev_ws/install/learning_urdf:/home/ubuntu/dev_ws/install/learning_topic:/home/ubuntu/dev_ws/install/learning_tf:/home/ubuntu/dev_ws/install/learning_service:/home/ubuntu/dev_ws/install/learning_qos:/home/ubuntu/dev_ws/install/learning_pkg_python:/home/ubuntu/dev_ws/install/learning_parameter:/home/ubuntu/dev_ws/install/learning_node:/home/ubuntu/dev_ws/install/learning_launch:/home/ubuntu/dev_ws/install/learning_action:/home/ubuntu/dev_ws/install/learning_gazebo_harmonic:/home/ubuntu/dev_ws/install/learning_gazebo:/home/ubuntu/dev_ws/install/learning_cv:/opt/ros/humble /usr/bin/cmake --build /home/ubuntu/ws_engineer/build/base_interfaces -- -j16 -l16
[0.928s] DEBUG:colcon.colcon_core.event_handler.log_command:Invoking command in '/home/ubuntu/ws_engineer/build/base_interfaces': CMAKE_PREFIX_PATH=${CMAKE_PREFIX_PATH}:/home/ubuntu/ws_moveit/install/moveit_configs_utils:/home/ubuntu/ws_moveit/install/launch_param_builder:/home/ubuntu/ws00_helloworld/install/pkg02_helloworld_py:/home/ubuntu/dev_ws/install/learning_urdf:/home/ubuntu/dev_ws/install/learning_topic:/home/ubuntu/dev_ws/install/learning_tf:/home/ubuntu/dev_ws/install/learning_service:/home/ubuntu/dev_ws/install/learning_qos:/home/ubuntu/dev_ws/install/learning_pkg_python:/home/ubuntu/dev_ws/install/learning_parameter:/home/ubuntu/dev_ws/install/learning_node:/home/ubuntu/dev_ws/install/learning_launch:/home/ubuntu/dev_ws/install/learning_action:/home/ubuntu/dev_ws/install/learning_gazebo_harmonic:/home/ubuntu/dev_ws/install/learning_gazebo:/home/ubuntu/dev_ws/install/learning_cv:/opt/ros/humble /usr/bin/cmake --install /home/ubuntu/ws_engineer/build/base_interfaces
[0.993s] Level 1:colcon.colcon_core.environment:create_environment_scripts_only(base_interfaces)
[0.993s] Level 1:colcon.colcon_core.environment:checking '/home/ubuntu/ws_engineer/install/base_interfaces' for CMake module files
[0.994s] DEBUG:colcon.colcon_core.event_handler.log_command:Invoked command in '/home/ubuntu/ws_engineer/build/base_interfaces' returned '0': CMAKE_PREFIX_PATH=${CMAKE_PREFIX_PATH}:/home/ubuntu/ws_moveit/install/moveit_configs_utils:/home/ubuntu/ws_moveit/install/launch_param_builder:/home/ubuntu/ws00_helloworld/install/pkg02_helloworld_py:/home/ubuntu/dev_ws/install/learning_urdf:/home/ubuntu/dev_ws/install/learning_topic:/home/ubuntu/dev_ws/install/learning_tf:/home/ubuntu/dev_ws/install/learning_service:/home/ubuntu/dev_ws/install/learning_qos:/home/ubuntu/dev_ws/install/learning_pkg_python:/home/ubuntu/dev_ws/install/learning_parameter:/home/ubuntu/dev_ws/install/learning_node:/home/ubuntu/dev_ws/install/learning_launch:/home/ubuntu/dev_ws/install/learning_action:/home/ubuntu/dev_ws/install/learning_gazebo_harmonic:/home/ubuntu/dev_ws/install/learning_gazebo:/home/ubuntu/dev_ws/install/learning_cv:/opt/ros/humble /usr/bin/cmake --install /home/ubuntu/ws_engineer/build/base_interfaces
[0.994s] Level 1:colcon.colcon_core.environment:checking '/home/ubuntu/ws_engineer/install/base_interfaces' for CMake config files
[0.994s] Level 1:colcon.colcon_core.shell:create_environment_hook('base_interfaces', 'cmake_prefix_path')
[0.995s] INFO:colcon.colcon_core.shell:Creating environment hook '/home/ubuntu/ws_engineer/install/base_interfaces/share/base_interfaces/hook/cmake_prefix_path.ps1'
[0.995s] INFO:colcon.colcon_core.shell:Creating environment descriptor '/home/ubuntu/ws_engineer/install/base_interfaces/share/base_interfaces/hook/cmake_prefix_path.dsv'
[0.995s] INFO:colcon.colcon_core.shell:Creating environment hook '/home/ubuntu/ws_engineer/install/base_interfaces/share/base_interfaces/hook/cmake_prefix_path.sh'
[0.996s] Level 1:colcon.colcon_core.environment:checking '/home/ubuntu/ws_engineer/install/base_interfaces/lib'
[0.996s] Level 1:colcon.colcon_core.shell:create_environment_hook('base_interfaces', 'ld_library_path_lib')
[0.996s] INFO:colcon.colcon_core.shell:Creating environment hook '/home/ubuntu/ws_engineer/install/base_interfaces/share/base_interfaces/hook/ld_library_path_lib.ps1'
[0.996s] INFO:colcon.colcon_core.shell:Creating environment descriptor '/home/ubuntu/ws_engineer/install/base_interfaces/share/base_interfaces/hook/ld_library_path_lib.dsv'
[0.997s] INFO:colcon.colcon_core.shell:Creating environment hook '/home/ubuntu/ws_engineer/install/base_interfaces/share/base_interfaces/hook/ld_library_path_lib.sh'
[0.997s] Level 1:colcon.colcon_core.environment:checking '/home/ubuntu/ws_engineer/install/base_interfaces/bin'
[0.997s] Level 1:colcon.colcon_core.environment:checking '/home/ubuntu/ws_engineer/install/base_interfaces/lib/pkgconfig/base_interfaces.pc'
[0.997s] Level 1:colcon.colcon_core.environment:checking '/home/ubuntu/ws_engineer/install/base_interfaces/lib/python3.10/site-packages'
[0.997s] Level 1:colcon.colcon_core.environment:checking '/home/ubuntu/ws_engineer/install/base_interfaces/bin'
[0.998s] INFO:colcon.colcon_core.shell:Creating package script '/home/ubuntu/ws_engineer/install/base_interfaces/share/base_interfaces/package.ps1'
[0.998s] INFO:colcon.colcon_core.shell:Creating package descriptor '/home/ubuntu/ws_engineer/install/base_interfaces/share/base_interfaces/package.dsv'
[0.998s] INFO:colcon.colcon_core.shell:Creating package script '/home/ubuntu/ws_engineer/install/base_interfaces/share/base_interfaces/package.sh'
[0.999s] INFO:colcon.colcon_core.shell:Creating package script '/home/ubuntu/ws_engineer/install/base_interfaces/share/base_interfaces/package.bash'
[0.999s] INFO:colcon.colcon_core.shell:Creating package script '/home/ubuntu/ws_engineer/install/base_interfaces/share/base_interfaces/package.zsh'
[1.000s] Level 1:colcon.colcon_core.environment:create_file_with_runtime_dependencies(/home/ubuntu/ws_engineer/install/base_interfaces/share/colcon-core/packages/base_interfaces)
[1.000s] Level 1:colcon.colcon_core.environment:create_environment_scripts_only(base_interfaces)
[1.000s] Level 1:colcon.colcon_core.environment:checking '/home/ubuntu/ws_engineer/install/base_interfaces' for CMake module files
[1.001s] Level 1:colcon.colcon_core.environment:checking '/home/ubuntu/ws_engineer/install/base_interfaces' for CMake config files
[1.001s] Level 1:colcon.colcon_core.shell:create_environment_hook('base_interfaces', 'cmake_prefix_path')
[1.001s] INFO:colcon.colcon_core.shell:Creating environment hook '/home/ubuntu/ws_engineer/install/base_interfaces/share/base_interfaces/hook/cmake_prefix_path.ps1'
[1.002s] INFO:colcon.colcon_core.shell:Creating environment descriptor '/home/ubuntu/ws_engineer/install/base_interfaces/share/base_interfaces/hook/cmake_prefix_path.dsv'
[1.002s] INFO:colcon.colcon_core.shell:Creating environment hook '/home/ubuntu/ws_engineer/install/base_interfaces/share/base_interfaces/hook/cmake_prefix_path.sh'
[1.002s] Level 1:colcon.colcon_core.environment:checking '/home/ubuntu/ws_engineer/install/base_interfaces/lib'
[1.002s] Level 1:colcon.colcon_core.shell:create_environment_hook('base_interfaces', 'ld_library_path_lib')
[1.002s] INFO:colcon.colcon_core.shell:Creating environment hook '/home/ubuntu/ws_engineer/install/base_interfaces/share/base_interfaces/hook/ld_library_path_lib.ps1'
[1.003s] INFO:colcon.colcon_core.shell:Creating environment descriptor '/home/ubuntu/ws_engineer/install/base_interfaces/share/base_interfaces/hook/ld_library_path_lib.dsv'
[1.003s] INFO:colcon.colcon_core.shell:Creating environment hook '/home/ubuntu/ws_engineer/install/base_interfaces/share/base_interfaces/hook/ld_library_path_lib.sh'
[1.003s] Level 1:colcon.colcon_core.environment:checking '/home/ubuntu/ws_engineer/install/base_interfaces/bin'
[1.003s] Level 1:colcon.colcon_core.environment:checking '/home/ubuntu/ws_engineer/install/base_interfaces/lib/pkgconfig/base_interfaces.pc'
[1.003s] Level 1:colcon.colcon_core.environment:checking '/home/ubuntu/ws_engineer/install/base_interfaces/lib/python3.10/site-packages'
[1.004s] Level 1:colcon.colcon_core.environment:checking '/home/ubuntu/ws_engineer/install/base_interfaces/bin'
[1.004s] INFO:colcon.colcon_core.shell:Creating package script '/home/ubuntu/ws_engineer/install/base_interfaces/share/base_interfaces/package.ps1'
[1.004s] INFO:colcon.colcon_core.shell:Creating package descriptor '/home/ubuntu/ws_engineer/install/base_interfaces/share/base_interfaces/package.dsv'
[1.005s] INFO:colcon.colcon_core.shell:Creating package script '/home/ubuntu/ws_engineer/install/base_interfaces/share/base_interfaces/package.sh'
[1.005s] INFO:colcon.colcon_core.shell:Creating package script '/home/ubuntu/ws_engineer/install/base_interfaces/share/base_interfaces/package.bash'
[1.005s] INFO:colcon.colcon_core.shell:Creating package script '/home/ubuntu/ws_engineer/install/base_interfaces/share/base_interfaces/package.zsh'
[1.006s] Level 1:colcon.colcon_core.environment:create_file_with_runtime_dependencies(/home/ubuntu/ws_engineer/install/base_interfaces/share/colcon-core/packages/base_interfaces)
[1.006s] INFO:colcon.colcon_ros.task.ament_cmake.build:Building ROS package in '/home/ubuntu/ws_engineer/src/engineer_protocol' with build type 'ament_cmake'
[1.006s] INFO:colcon.colcon_cmake.task.cmake.build:Building CMake package in '/home/ubuntu/ws_engineer/src/engineer_protocol'
[1.006s] INFO:colcon.colcon_core.shell:Skip shell extension 'powershell' for command environment: Not usable outside of PowerShell
[1.006s] DEBUG:colcon.colcon_core.shell:Skip shell extension 'dsv' for command environment
[1.025s] DEBUG:colcon.colcon_core.event_handler.log_command:Invoking command in '/home/ubuntu/ws_engineer/build/engineer_protocol': CMAKE_PREFIX_PATH=/home/ubuntu/ws_engineer/install/base_interfaces:/home/ubuntu/ws_engineer/install/moveit_demo:/home/ubuntu/ws_engineer/install/engineer_config:/home/ubuntu/ws_engineer/install/engineer_urdf:/home/ubuntu/ws_engineer/install/engineer_protocol:/home/ubuntu/ws_moveit/install/pilz_industrial_motion_planner_testutils:/home/ubuntu/ws_moveit/install/moveit_runtime:/home/ubuntu/ws_moveit/install/moveit2_tutorials:/home/ubuntu/ws_moveit/install/moveit:/home/ubuntu/ws_moveit/install/moveit_planners:/home/ubuntu/ws_moveit/install/pilz_industrial_motion_planner:/home/ubuntu/ws_moveit/install/moveit_visual_tools:/home/ubuntu/ws_moveit/install/moveit_task_constructor_visualization:/home/ubuntu/ws_moveit/install/moveit_task_constructor_demo:/home/ubuntu/ws_moveit/install/moveit_task_constructor_capabilities:/home/ubuntu/ws_moveit/install/moveit_task_constructor_core:/home/ubuntu/ws_moveit/install/moveit_ros_control_interface:/home/ubuntu/ws_moveit/install/moveit_plugins:/home/ubuntu/ws_moveit/install/moveit_simple_controller_manager:/home/ubuntu/ws_moveit/install/moveit_setup_assistant:/home/ubuntu/ws_moveit/install/moveit_setup_srdf_plugins:/home/ubuntu/ws_moveit/install/moveit_setup_core_plugins:/home/ubuntu/ws_moveit/install/moveit_setup_controllers:/home/ubuntu/ws_moveit/install/moveit_setup_app_plugins:/home/ubuntu/ws_moveit/install/moveit_setup_framework:/home/ubuntu/ws_moveit/install/moveit_servo:/home/ubuntu/ws_moveit/install/moveit_ros:/home/ubuntu/ws_moveit/install/moveit_ros_visualization:/home/ubuntu/ws_moveit/install/moveit_hybrid_planning:/home/ubuntu/ws_moveit/install/moveit_ros_planning_interface:/home/ubuntu/ws_moveit/install/moveit_ros_benchmarks:/home/ubuntu/ws_moveit/install/moveit_ros_warehouse:/home/ubuntu/ws_moveit/install/moveit_ros_robot_interaction:/home/ubuntu/ws_moveit/install/moveit_ros_perception:/home/ubuntu/ws_moveit/install/moveit_resources_prbt_pg70_support:/home/ubuntu/ws_moveit/install/moveit_resources_prbt_moveit_config:/home/ubuntu/ws_moveit/install/moveit_ros_move_group:/home/ubuntu/ws_moveit/install/moveit_planners_ompl:/home/ubuntu/ws_moveit/install/moveit_ros_planning:/home/ubuntu/ws_moveit/install/moveit_ros_occupancy_map_monitor:/home/ubuntu/ws_moveit/install/moveit_resources_prbt_ikfast_manipulator_plugin:/home/ubuntu/ws_moveit/install/moveit_planners_chomp:/home/ubuntu/ws_moveit/install/moveit_kinematics:/home/ubuntu/ws_moveit/install/moveit_chomp_optimizer_adapter:/home/ubuntu/ws_moveit/install/chomp_motion_planner:/home/ubuntu/ws_moveit/install/moveit_core:/home/ubuntu/ws_moveit/install/srdfdom:/home/ubuntu/ws_moveit/install/rviz_marker_tools:/home/ubuntu/ws_moveit/install/rosparam_shortcuts:/home/ubuntu/ws_moveit/install/moveit_task_constructor_msgs:/home/ubuntu/ws_moveit/install/moveit_resources_prbt_support:/home/ubuntu/ws_moveit/install/moveit_resources:/home/ubuntu/ws_moveit/install/moveit_resources_pr2_description:/home/ubuntu/ws_moveit/install/moveit_resources_panda_moveit_config:/home/ubuntu/ws_moveit/install/moveit_resources_panda_description:/home/ubuntu/ws_moveit/install/moveit_resources_fanuc_moveit_config:/home/ubuntu/ws_moveit/install/moveit_resources_fanuc_description:/home/ubuntu/ws_moveit/install/moveit_common:/home/ubuntu/ws00_helloworld/install/pkg03_hellovscode_cpp:/home/ubuntu/ws00_helloworld/install/pkg01_helloworld_cpp:/home/ubuntu/dev_ws/install/learning_topic_cpp:/home/ubuntu/dev_ws/install/learning_tf_cpp:/home/ubuntu/dev_ws/install/learning_service_cpp:/home/ubuntu/dev_ws/install/learning_pkg_c:/home/ubuntu/dev_ws/install/learning_parameter_cpp:/home/ubuntu/dev_ws/install/learning_node_cpp:/home/ubuntu/dev_ws/install/learning_action_cpp:/home/ubuntu/dev_ws/install/learning_interface:/home/ubuntu/ws_moveit/install/moveit_configs_utils:/home/ubuntu/ws_moveit/install/launch_param_builder:/home/ubuntu/ws00_helloworld/install/pkg02_helloworld_py:/home/ubuntu/dev_ws/install/learning_urdf:/home/ubuntu/dev_ws/install/learning_topic:/home/ubuntu/dev_ws/install/learning_tf:/home/ubuntu/dev_ws/install/learning_service:/home/ubuntu/dev_ws/install/learning_qos:/home/ubuntu/dev_ws/install/learning_pkg_python:/home/ubuntu/dev_ws/install/learning_parameter:/home/ubuntu/dev_ws/install/learning_node:/home/ubuntu/dev_ws/install/learning_launch:/home/ubuntu/dev_ws/install/learning_action:/home/ubuntu/dev_ws/install/learning_gazebo_harmonic:/home/ubuntu/dev_ws/install/learning_gazebo:/home/ubuntu/dev_ws/install/learning_cv:/opt/ros/humble /usr/bin/cmake --build /home/ubuntu/ws_engineer/build/engineer_protocol -- -j16 -l16
[14.130s] DEBUG:colcon.colcon_core.event_handler.log_command:Invoked command in '/home/ubuntu/ws_engineer/build/engineer_protocol' returned '2': CMAKE_PREFIX_PATH=/home/ubuntu/ws_engineer/install/base_interfaces:/home/ubuntu/ws_engineer/install/moveit_demo:/home/ubuntu/ws_engineer/install/engineer_config:/home/ubuntu/ws_engineer/install/engineer_urdf:/home/ubuntu/ws_engineer/install/engineer_protocol:/home/ubuntu/ws_moveit/install/pilz_industrial_motion_planner_testutils:/home/ubuntu/ws_moveit/install/moveit_runtime:/home/ubuntu/ws_moveit/install/moveit2_tutorials:/home/ubuntu/ws_moveit/install/moveit:/home/ubuntu/ws_moveit/install/moveit_planners:/home/ubuntu/ws_moveit/install/pilz_industrial_motion_planner:/home/ubuntu/ws_moveit/install/moveit_visual_tools:/home/ubuntu/ws_moveit/install/moveit_task_constructor_visualization:/home/ubuntu/ws_moveit/install/moveit_task_constructor_demo:/home/ubuntu/ws_moveit/install/moveit_task_constructor_capabilities:/home/ubuntu/ws_moveit/install/moveit_task_constructor_core:/home/ubuntu/ws_moveit/install/moveit_ros_control_interface:/home/ubuntu/ws_moveit/install/moveit_plugins:/home/ubuntu/ws_moveit/install/moveit_simple_controller_manager:/home/ubuntu/ws_moveit/install/moveit_setup_assistant:/home/ubuntu/ws_moveit/install/moveit_setup_srdf_plugins:/home/ubuntu/ws_moveit/install/moveit_setup_core_plugins:/home/ubuntu/ws_moveit/install/moveit_setup_controllers:/home/ubuntu/ws_moveit/install/moveit_setup_app_plugins:/home/ubuntu/ws_moveit/install/moveit_setup_framework:/home/ubuntu/ws_moveit/install/moveit_servo:/home/ubuntu/ws_moveit/install/moveit_ros:/home/ubuntu/ws_moveit/install/moveit_ros_visualization:/home/ubuntu/ws_moveit/install/moveit_hybrid_planning:/home/ubuntu/ws_moveit/install/moveit_ros_planning_interface:/home/ubuntu/ws_moveit/install/moveit_ros_benchmarks:/home/ubuntu/ws_moveit/install/moveit_ros_warehouse:/home/ubuntu/ws_moveit/install/moveit_ros_robot_interaction:/home/ubuntu/ws_moveit/install/moveit_ros_perception:/home/ubuntu/ws_moveit/install/moveit_resources_prbt_pg70_support:/home/ubuntu/ws_moveit/install/moveit_resources_prbt_moveit_config:/home/ubuntu/ws_moveit/install/moveit_ros_move_group:/home/ubuntu/ws_moveit/install/moveit_planners_ompl:/home/ubuntu/ws_moveit/install/moveit_ros_planning:/home/ubuntu/ws_moveit/install/moveit_ros_occupancy_map_monitor:/home/ubuntu/ws_moveit/install/moveit_resources_prbt_ikfast_manipulator_plugin:/home/ubuntu/ws_moveit/install/moveit_planners_chomp:/home/ubuntu/ws_moveit/install/moveit_kinematics:/home/ubuntu/ws_moveit/install/moveit_chomp_optimizer_adapter:/home/ubuntu/ws_moveit/install/chomp_motion_planner:/home/ubuntu/ws_moveit/install/moveit_core:/home/ubuntu/ws_moveit/install/srdfdom:/home/ubuntu/ws_moveit/install/rviz_marker_tools:/home/ubuntu/ws_moveit/install/rosparam_shortcuts:/home/ubuntu/ws_moveit/install/moveit_task_constructor_msgs:/home/ubuntu/ws_moveit/install/moveit_resources_prbt_support:/home/ubuntu/ws_moveit/install/moveit_resources:/home/ubuntu/ws_moveit/install/moveit_resources_pr2_description:/home/ubuntu/ws_moveit/install/moveit_resources_panda_moveit_config:/home/ubuntu/ws_moveit/install/moveit_resources_panda_description:/home/ubuntu/ws_moveit/install/moveit_resources_fanuc_moveit_config:/home/ubuntu/ws_moveit/install/moveit_resources_fanuc_description:/home/ubuntu/ws_moveit/install/moveit_common:/home/ubuntu/ws00_helloworld/install/pkg03_hellovscode_cpp:/home/ubuntu/ws00_helloworld/install/pkg01_helloworld_cpp:/home/ubuntu/dev_ws/install/learning_topic_cpp:/home/ubuntu/dev_ws/install/learning_tf_cpp:/home/ubuntu/dev_ws/install/learning_service_cpp:/home/ubuntu/dev_ws/install/learning_pkg_c:/home/ubuntu/dev_ws/install/learning_parameter_cpp:/home/ubuntu/dev_ws/install/learning_node_cpp:/home/ubuntu/dev_ws/install/learning_action_cpp:/home/ubuntu/dev_ws/install/learning_interface:/home/ubuntu/ws_moveit/install/moveit_configs_utils:/home/ubuntu/ws_moveit/install/launch_param_builder:/home/ubuntu/ws00_helloworld/install/pkg02_helloworld_py:/home/ubuntu/dev_ws/install/learning_urdf:/home/ubuntu/dev_ws/install/learning_topic:/home/ubuntu/dev_ws/install/learning_tf:/home/ubuntu/dev_ws/install/learning_service:/home/ubuntu/dev_ws/install/learning_qos:/home/ubuntu/dev_ws/install/learning_pkg_python:/home/ubuntu/dev_ws/install/learning_parameter:/home/ubuntu/dev_ws/install/learning_node:/home/ubuntu/dev_ws/install/learning_launch:/home/ubuntu/dev_ws/install/learning_action:/home/ubuntu/dev_ws/install/learning_gazebo_harmonic:/home/ubuntu/dev_ws/install/learning_gazebo:/home/ubuntu/dev_ws/install/learning_cv:/opt/ros/humble /usr/bin/cmake --build /home/ubuntu/ws_engineer/build/engineer_protocol -- -j16 -l16
[14.131s] Level 1:colcon.colcon_core.environment:create_environment_scripts_only(engineer_protocol)
[14.131s] Level 1:colcon.colcon_core.environment:checking '/home/ubuntu/ws_engineer/install/engineer_protocol' for CMake module files
[14.131s] Level 1:colcon.colcon_core.environment:checking '/home/ubuntu/ws_engineer/install/engineer_protocol' for CMake config files
[14.131s] Level 1:colcon.colcon_core.shell:create_environment_hook('engineer_protocol', 'cmake_prefix_path')
[14.132s] INFO:colcon.colcon_core.shell:Creating environment hook '/home/ubuntu/ws_engineer/install/engineer_protocol/share/engineer_protocol/hook/cmake_prefix_path.ps1'
[14.132s] INFO:colcon.colcon_core.shell:Creating environment descriptor '/home/ubuntu/ws_engineer/install/engineer_protocol/share/engineer_protocol/hook/cmake_prefix_path.dsv'
[14.132s] INFO:colcon.colcon_core.shell:Creating environment hook '/home/ubuntu/ws_engineer/install/engineer_protocol/share/engineer_protocol/hook/cmake_prefix_path.sh'
[14.133s] Level 1:colcon.colcon_core.environment:checking '/home/ubuntu/ws_engineer/install/engineer_protocol/lib'
[14.133s] Level 1:colcon.colcon_core.environment:checking '/home/ubuntu/ws_engineer/install/engineer_protocol/bin'
[14.133s] Level 1:colcon.colcon_core.environment:checking '/home/ubuntu/ws_engineer/install/engineer_protocol/lib/pkgconfig/engineer_protocol.pc'
[14.133s] Level 1:colcon.colcon_core.environment:checking '/home/ubuntu/ws_engineer/install/engineer_protocol/lib/python3.10/site-packages'
[14.133s] Level 1:colcon.colcon_core.environment:checking '/home/ubuntu/ws_engineer/install/engineer_protocol/bin'
[14.134s] INFO:colcon.colcon_core.shell:Creating package script '/home/ubuntu/ws_engineer/install/engineer_protocol/share/engineer_protocol/package.ps1'
[14.134s] INFO:colcon.colcon_core.shell:Creating package descriptor '/home/ubuntu/ws_engineer/install/engineer_protocol/share/engineer_protocol/package.dsv'
[14.135s] INFO:colcon.colcon_core.shell:Creating package script '/home/ubuntu/ws_engineer/install/engineer_protocol/share/engineer_protocol/package.sh'
[14.135s] INFO:colcon.colcon_core.shell:Creating package script '/home/ubuntu/ws_engineer/install/engineer_protocol/share/engineer_protocol/package.bash'
[14.135s] INFO:colcon.colcon_core.shell:Creating package script '/home/ubuntu/ws_engineer/install/engineer_protocol/share/engineer_protocol/package.zsh'
[14.135s] Level 1:colcon.colcon_core.environment:create_file_with_runtime_dependencies(/home/ubuntu/ws_engineer/install/engineer_protocol/share/colcon-core/packages/engineer_protocol)
[14.146s] DEBUG:colcon.colcon_parallel_executor.executor.parallel:closing loop
[14.146s] DEBUG:colcon.colcon_parallel_executor.executor.parallel:loop closed
[14.146s] DEBUG:colcon.colcon_parallel_executor.executor.parallel:run_until_complete finished with '2'
[14.146s] DEBUG:colcon.colcon_core.event_reactor:joining thread
[14.152s] INFO:colcon.colcon_core.plugin_system:Skipping extension 'colcon_notification.desktop_notification.terminal_notifier': Not used on non-Darwin systems
[14.152s] INFO:colcon.colcon_core.plugin_system:Skipping extension 'colcon_notification.desktop_notification.win32': Not used on non-Windows systems
[14.152s] INFO:colcon.colcon_notification.desktop_notification:Sending desktop notification using 'notify2'
[14.170s] DEBUG:colcon.colcon_core.event_reactor:joined thread
[14.170s] INFO:colcon.colcon_core.shell:Creating prefix script '/home/ubuntu/ws_engineer/install/local_setup.ps1'
[14.171s] INFO:colcon.colcon_core.shell:Creating prefix util module '/home/ubuntu/ws_engineer/install/_local_setup_util_ps1.py'
[14.172s] INFO:colcon.colcon_core.shell:Creating prefix chain script '/home/ubuntu/ws_engineer/install/setup.ps1'
[14.175s] INFO:colcon.colcon_core.shell:Creating prefix script '/home/ubuntu/ws_engineer/install/local_setup.sh'
[14.176s] INFO:colcon.colcon_core.shell:Creating prefix util module '/home/ubuntu/ws_engineer/install/_local_setup_util_sh.py'
[14.177s] INFO:colcon.colcon_core.shell:Creating prefix chain script '/home/ubuntu/ws_engineer/install/setup.sh'
[14.180s] INFO:colcon.colcon_core.shell:Creating prefix script '/home/ubuntu/ws_engineer/install/local_setup.bash'
[14.181s] INFO:colcon.colcon_core.shell:Creating prefix chain script '/home/ubuntu/ws_engineer/install/setup.bash'
[14.184s] INFO:colcon.colcon_core.shell:Creating prefix script '/home/ubuntu/ws_engineer/install/local_setup.zsh'
[14.185s] INFO:colcon.colcon_core.shell:Creating prefix chain script '/home/ubuntu/ws_engineer/install/setup.zsh'
