[0.062s] DEBUG:colcon:Command line arguments: ['/usr/bin/colcon', 'build']
[0.062s] DEBUG:colcon:Parsed command line arguments: Namespace(log_base=None, log_level=None, verb_name='build', build_base='build', install_base='install', merge_install=False, symlink_install=False, test_result_base=None, continue_on_error=False, executor='parallel', parallel_workers=16, event_handlers=None, ignore_user_meta=False, metas=['./colcon.meta'], base_paths=['.'], packages_ignore=None, packages_ignore_regex=None, paths=None, packages_up_to=None, packages_up_to_regex=None, packages_above=None, packages_above_and_dependencies=None, packages_above_depth=None, packages_select_by_dep=None, packages_skip_by_dep=None, packages_skip_up_to=None, packages_select_build_failed=False, packages_skip_build_finished=False, packages_select_test_failures=False, packages_skip_test_passed=False, packages_select=None, packages_skip=None, packages_select_regex=None, packages_skip_regex=None, packages_start=None, packages_end=None, allow_overriding=[], cmake_args=None, cmake_target=None, cmake_target_skip_unavailable=False, cmake_clean_cache=False, cmake_clean_first=False, cmake_force_configure=False, ament_cmake_args=None, catkin_cmake_args=None, catkin_skip_building_tests=False, verb_parser=<colcon_defaults.argument_parser.defaults.DefaultArgumentsDecorator object at 0x73241931bdc0>, verb_extension=<colcon_core.verb.build.BuildVerb object at 0x7324194c5960>, main=<bound method BuildVerb.main of <colcon_core.verb.build.BuildVerb object at 0x7324194c5960>>)
[0.146s] Level 1:colcon.colcon_core.package_discovery:discover_packages(colcon_meta) check parameters
[0.146s] Level 1:colcon.colcon_core.package_discovery:discover_packages(recursive) check parameters
[0.146s] Level 1:colcon.colcon_core.package_discovery:discover_packages(ignore) check parameters
[0.146s] Level 1:colcon.colcon_core.package_discovery:discover_packages(path) check parameters
[0.146s] Level 1:colcon.colcon_core.package_discovery:discover_packages(colcon_meta) discover
[0.146s] Level 1:colcon.colcon_core.package_discovery:discover_packages(recursive) discover
[0.146s] INFO:colcon.colcon_core.package_discovery:Crawling recursively for packages in '/home/user/ws_siasun'
[0.146s] Level 1:colcon.colcon_core.package_identification:_identify(.) by extensions ['ignore', 'ignore_ament_install']
[0.146s] Level 1:colcon.colcon_core.package_identification:_identify(.) by extension 'ignore'
[0.146s] Level 1:colcon.colcon_core.package_identification:_identify(.) by extension 'ignore_ament_install'
[0.146s] Level 1:colcon.colcon_core.package_identification:_identify(.) by extensions ['colcon_pkg']
[0.146s] Level 1:colcon.colcon_core.package_identification:_identify(.) by extension 'colcon_pkg'
[0.146s] Level 1:colcon.colcon_core.package_identification:_identify(.) by extensions ['colcon_meta']
[0.146s] Level 1:colcon.colcon_core.package_identification:_identify(.) by extension 'colcon_meta'
[0.146s] Level 1:colcon.colcon_core.package_identification:_identify(.) by extensions ['ros']
[0.146s] Level 1:colcon.colcon_core.package_identification:_identify(.) by extension 'ros'
[0.154s] Level 1:colcon.colcon_core.package_identification:_identify(.) by extensions ['cmake', 'python']
[0.154s] Level 1:colcon.colcon_core.package_identification:_identify(.) by extension 'cmake'
[0.154s] Level 1:colcon.colcon_core.package_identification:_identify(.) by extension 'python'
[0.154s] Level 1:colcon.colcon_core.package_identification:_identify(.) by extensions ['python_setup_py']
[0.154s] Level 1:colcon.colcon_core.package_identification:_identify(.) by extension 'python_setup_py'
[0.154s] Level 1:colcon.colcon_core.package_identification:_identify(build) by extensions ['ignore', 'ignore_ament_install']
[0.154s] Level 1:colcon.colcon_core.package_identification:_identify(build) by extension 'ignore'
[0.154s] Level 1:colcon.colcon_core.package_identification:_identify(build) ignored
[0.154s] Level 1:colcon.colcon_core.package_identification:_identify(install) by extensions ['ignore', 'ignore_ament_install']
[0.154s] Level 1:colcon.colcon_core.package_identification:_identify(install) by extension 'ignore'
[0.154s] Level 1:colcon.colcon_core.package_identification:_identify(install) ignored
[0.154s] Level 1:colcon.colcon_core.package_identification:_identify(log) by extensions ['ignore', 'ignore_ament_install']
[0.154s] Level 1:colcon.colcon_core.package_identification:_identify(log) by extension 'ignore'
[0.154s] Level 1:colcon.colcon_core.package_identification:_identify(log) ignored
[0.154s] Level 1:colcon.colcon_core.package_identification:_identify(src) by extensions ['ignore', 'ignore_ament_install']
[0.154s] Level 1:colcon.colcon_core.package_identification:_identify(src) by extension 'ignore'
[0.154s] Level 1:colcon.colcon_core.package_identification:_identify(src) by extension 'ignore_ament_install'
[0.154s] Level 1:colcon.colcon_core.package_identification:_identify(src) by extensions ['colcon_pkg']
[0.154s] Level 1:colcon.colcon_core.package_identification:_identify(src) by extension 'colcon_pkg'
[0.154s] Level 1:colcon.colcon_core.package_identification:_identify(src) by extensions ['colcon_meta']
[0.154s] Level 1:colcon.colcon_core.package_identification:_identify(src) by extension 'colcon_meta'
[0.154s] Level 1:colcon.colcon_core.package_identification:_identify(src) by extensions ['ros']
[0.154s] Level 1:colcon.colcon_core.package_identification:_identify(src) by extension 'ros'
[0.155s] Level 1:colcon.colcon_core.package_identification:_identify(src) by extensions ['cmake', 'python']
[0.155s] Level 1:colcon.colcon_core.package_identification:_identify(src) by extension 'cmake'
[0.155s] Level 1:colcon.colcon_core.package_identification:_identify(src) by extension 'python'
[0.155s] Level 1:colcon.colcon_core.package_identification:_identify(src) by extensions ['python_setup_py']
[0.155s] Level 1:colcon.colcon_core.package_identification:_identify(src) by extension 'python_setup_py'
[0.155s] Level 1:colcon.colcon_core.package_identification:_identify(src/aivt) by extensions ['ignore', 'ignore_ament_install']
[0.155s] Level 1:colcon.colcon_core.package_identification:_identify(src/aivt) by extension 'ignore'
[0.155s] Level 1:colcon.colcon_core.package_identification:_identify(src/aivt) by extension 'ignore_ament_install'
[0.155s] Level 1:colcon.colcon_core.package_identification:_identify(src/aivt) by extensions ['colcon_pkg']
[0.155s] Level 1:colcon.colcon_core.package_identification:_identify(src/aivt) by extension 'colcon_pkg'
[0.155s] Level 1:colcon.colcon_core.package_identification:_identify(src/aivt) by extensions ['colcon_meta']
[0.155s] Level 1:colcon.colcon_core.package_identification:_identify(src/aivt) by extension 'colcon_meta'
[0.155s] Level 1:colcon.colcon_core.package_identification:_identify(src/aivt) by extensions ['ros']
[0.155s] Level 1:colcon.colcon_core.package_identification:_identify(src/aivt) by extension 'ros'
[0.157s] DEBUG:colcon.colcon_core.package_identification:Package 'src/aivt' with type 'ros.ament_cmake' and name 'aivt'
[0.157s] Level 1:colcon.colcon_core.package_identification:_identify(src/aivt_interfaces) by extensions ['ignore', 'ignore_ament_install']
[0.157s] Level 1:colcon.colcon_core.package_identification:_identify(src/aivt_interfaces) by extension 'ignore'
[0.157s] Level 1:colcon.colcon_core.package_identification:_identify(src/aivt_interfaces) by extension 'ignore_ament_install'
[0.157s] Level 1:colcon.colcon_core.package_identification:_identify(src/aivt_interfaces) by extensions ['colcon_pkg']
[0.157s] Level 1:colcon.colcon_core.package_identification:_identify(src/aivt_interfaces) by extension 'colcon_pkg'
[0.157s] Level 1:colcon.colcon_core.package_identification:_identify(src/aivt_interfaces) by extensions ['colcon_meta']
[0.157s] Level 1:colcon.colcon_core.package_identification:_identify(src/aivt_interfaces) by extension 'colcon_meta'
[0.157s] Level 1:colcon.colcon_core.package_identification:_identify(src/aivt_interfaces) by extensions ['ros']
[0.157s] Level 1:colcon.colcon_core.package_identification:_identify(src/aivt_interfaces) by extension 'ros'
[0.157s] DEBUG:colcon.colcon_core.package_identification:Package 'src/aivt_interfaces' with type 'ros.ament_cmake' and name 'aivt_interfaces'
[0.158s] Level 1:colcon.colcon_core.package_identification:_identify(src/duco_arms) by extensions ['ignore', 'ignore_ament_install']
[0.158s] Level 1:colcon.colcon_core.package_identification:_identify(src/duco_arms) by extension 'ignore'
[0.158s] Level 1:colcon.colcon_core.package_identification:_identify(src/duco_arms) by extension 'ignore_ament_install'
[0.158s] Level 1:colcon.colcon_core.package_identification:_identify(src/duco_arms) by extensions ['colcon_pkg']
[0.158s] Level 1:colcon.colcon_core.package_identification:_identify(src/duco_arms) by extension 'colcon_pkg'
[0.158s] Level 1:colcon.colcon_core.package_identification:_identify(src/duco_arms) by extensions ['colcon_meta']
[0.158s] Level 1:colcon.colcon_core.package_identification:_identify(src/duco_arms) by extension 'colcon_meta'
[0.158s] Level 1:colcon.colcon_core.package_identification:_identify(src/duco_arms) by extensions ['ros']
[0.158s] Level 1:colcon.colcon_core.package_identification:_identify(src/duco_arms) by extension 'ros'
[0.158s] DEBUG:colcon.colcon_core.package_identification:Package 'src/duco_arms' with type 'ros.ament_cmake' and name 'duco_arms'
[0.158s] Level 1:colcon.colcon_core.package_identification:_identify(src/duco_gcr3_618_moveit_config) by extensions ['ignore', 'ignore_ament_install']
[0.158s] Level 1:colcon.colcon_core.package_identification:_identify(src/duco_gcr3_618_moveit_config) by extension 'ignore'
[0.158s] Level 1:colcon.colcon_core.package_identification:_identify(src/duco_gcr3_618_moveit_config) by extension 'ignore_ament_install'
[0.158s] Level 1:colcon.colcon_core.package_identification:_identify(src/duco_gcr3_618_moveit_config) by extensions ['colcon_pkg']
[0.158s] Level 1:colcon.colcon_core.package_identification:_identify(src/duco_gcr3_618_moveit_config) by extension 'colcon_pkg'
[0.158s] Level 1:colcon.colcon_core.package_identification:_identify(src/duco_gcr3_618_moveit_config) by extensions ['colcon_meta']
[0.158s] Level 1:colcon.colcon_core.package_identification:_identify(src/duco_gcr3_618_moveit_config) by extension 'colcon_meta'
[0.158s] Level 1:colcon.colcon_core.package_identification:_identify(src/duco_gcr3_618_moveit_config) by extensions ['ros']
[0.158s] Level 1:colcon.colcon_core.package_identification:_identify(src/duco_gcr3_618_moveit_config) by extension 'ros'
[0.159s] DEBUG:colcon.colcon_core.package_identification:Package 'src/duco_gcr3_618_moveit_config' with type 'ros.ament_cmake' and name 'duco_gcr3_618_moveit_config'
[0.159s] Level 1:colcon.colcon_core.package_identification:_identify(src/duco_msg) by extensions ['ignore', 'ignore_ament_install']
[0.159s] Level 1:colcon.colcon_core.package_identification:_identify(src/duco_msg) by extension 'ignore'
[0.159s] Level 1:colcon.colcon_core.package_identification:_identify(src/duco_msg) by extension 'ignore_ament_install'
[0.159s] Level 1:colcon.colcon_core.package_identification:_identify(src/duco_msg) by extensions ['colcon_pkg']
[0.159s] Level 1:colcon.colcon_core.package_identification:_identify(src/duco_msg) by extension 'colcon_pkg'
[0.159s] Level 1:colcon.colcon_core.package_identification:_identify(src/duco_msg) by extensions ['colcon_meta']
[0.159s] Level 1:colcon.colcon_core.package_identification:_identify(src/duco_msg) by extension 'colcon_meta'
[0.159s] Level 1:colcon.colcon_core.package_identification:_identify(src/duco_msg) by extensions ['ros']
[0.159s] Level 1:colcon.colcon_core.package_identification:_identify(src/duco_msg) by extension 'ros'
[0.159s] DEBUG:colcon.colcon_core.package_identification:Package 'src/duco_msg' with type 'ros.ament_cmake' and name 'duco_msg'
[0.159s] Level 1:colcon.colcon_core.package_identification:_identify(src/duco_ros_driver) by extensions ['ignore', 'ignore_ament_install']
[0.159s] Level 1:colcon.colcon_core.package_identification:_identify(src/duco_ros_driver) by extension 'ignore'
[0.159s] Level 1:colcon.colcon_core.package_identification:_identify(src/duco_ros_driver) by extension 'ignore_ament_install'
[0.160s] Level 1:colcon.colcon_core.package_identification:_identify(src/duco_ros_driver) by extensions ['colcon_pkg']
[0.160s] Level 1:colcon.colcon_core.package_identification:_identify(src/duco_ros_driver) by extension 'colcon_pkg'
[0.160s] Level 1:colcon.colcon_core.package_identification:_identify(src/duco_ros_driver) by extensions ['colcon_meta']
[0.160s] Level 1:colcon.colcon_core.package_identification:_identify(src/duco_ros_driver) by extension 'colcon_meta'
[0.160s] Level 1:colcon.colcon_core.package_identification:_identify(src/duco_ros_driver) by extensions ['ros']
[0.160s] Level 1:colcon.colcon_core.package_identification:_identify(src/duco_ros_driver) by extension 'ros'
[0.160s] DEBUG:colcon.colcon_core.package_identification:Package 'src/duco_ros_driver' with type 'ros.ament_cmake' and name 'duco_ros_driver'
[0.160s] Level 1:colcon.colcon_core.package_identification:_identify(src/duco_support) by extensions ['ignore', 'ignore_ament_install']
[0.160s] Level 1:colcon.colcon_core.package_identification:_identify(src/duco_support) by extension 'ignore'
[0.160s] Level 1:colcon.colcon_core.package_identification:_identify(src/duco_support) by extension 'ignore_ament_install'
[0.160s] Level 1:colcon.colcon_core.package_identification:_identify(src/duco_support) by extensions ['colcon_pkg']
[0.160s] Level 1:colcon.colcon_core.package_identification:_identify(src/duco_support) by extension 'colcon_pkg'
[0.160s] Level 1:colcon.colcon_core.package_identification:_identify(src/duco_support) by extensions ['colcon_meta']
[0.160s] Level 1:colcon.colcon_core.package_identification:_identify(src/duco_support) by extension 'colcon_meta'
[0.160s] Level 1:colcon.colcon_core.package_identification:_identify(src/duco_support) by extensions ['ros']
[0.160s] Level 1:colcon.colcon_core.package_identification:_identify(src/duco_support) by extension 'ros'
[0.160s] DEBUG:colcon.colcon_core.package_identification:Package 'src/duco_support' with type 'ros.ament_cmake' and name 'duco_support'
[0.160s] Level 1:colcon.colcon_core.package_identification:_identify(src/robot_control) by extensions ['ignore', 'ignore_ament_install']
[0.160s] Level 1:colcon.colcon_core.package_identification:_identify(src/robot_control) by extension 'ignore'
[0.160s] Level 1:colcon.colcon_core.package_identification:_identify(src/robot_control) by extension 'ignore_ament_install'
[0.160s] Level 1:colcon.colcon_core.package_identification:_identify(src/robot_control) by extensions ['colcon_pkg']
[0.161s] Level 1:colcon.colcon_core.package_identification:_identify(src/robot_control) by extension 'colcon_pkg'
[0.161s] Level 1:colcon.colcon_core.package_identification:_identify(src/robot_control) by extensions ['colcon_meta']
[0.161s] Level 1:colcon.colcon_core.package_identification:_identify(src/robot_control) by extension 'colcon_meta'
[0.161s] Level 1:colcon.colcon_core.package_identification:_identify(src/robot_control) by extensions ['ros']
[0.161s] Level 1:colcon.colcon_core.package_identification:_identify(src/robot_control) by extension 'ros'
[0.161s] DEBUG:colcon.colcon_core.package_identification:Package 'src/robot_control' with type 'ros.ament_cmake' and name 'robot_control'
[0.161s] Level 1:colcon.colcon_core.package_discovery:discover_packages(recursive) using defaults
[0.161s] Level 1:colcon.colcon_core.package_discovery:discover_packages(ignore) discover
[0.161s] Level 1:colcon.colcon_core.package_discovery:discover_packages(ignore) using defaults
[0.161s] Level 1:colcon.colcon_core.package_discovery:discover_packages(path) discover
[0.161s] Level 1:colcon.colcon_core.package_discovery:discover_packages(path) using defaults
[0.182s] Level 1:colcon.colcon_core.package_discovery:discover_packages(prefix_path) check parameters
[0.182s] Level 1:colcon.colcon_core.package_discovery:discover_packages(prefix_path) discover
[0.183s] DEBUG:colcon.colcon_installed_package_information.package_discovery:Found 8 installed packages in /home/user/ws_siasun/install
[0.184s] DEBUG:colcon.colcon_installed_package_information.package_discovery:Found 325 installed packages in /opt/ros/humble
[0.185s] Level 1:colcon.colcon_core.package_discovery:discover_packages(prefix_path) using defaults
[0.206s] Level 5:colcon.colcon_core.verb:set package 'aivt_interfaces' build argument 'cmake_args' from command line to 'None'
[0.206s] Level 5:colcon.colcon_core.verb:set package 'aivt_interfaces' build argument 'cmake_target' from command line to 'None'
[0.206s] Level 5:colcon.colcon_core.verb:set package 'aivt_interfaces' build argument 'cmake_target_skip_unavailable' from command line to 'False'
[0.206s] Level 5:colcon.colcon_core.verb:set package 'aivt_interfaces' build argument 'cmake_clean_cache' from command line to 'False'
[0.206s] Level 5:colcon.colcon_core.verb:set package 'aivt_interfaces' build argument 'cmake_clean_first' from command line to 'False'
[0.206s] Level 5:colcon.colcon_core.verb:set package 'aivt_interfaces' build argument 'cmake_force_configure' from command line to 'False'
[0.206s] Level 5:colcon.colcon_core.verb:set package 'aivt_interfaces' build argument 'ament_cmake_args' from command line to 'None'
[0.206s] Level 5:colcon.colcon_core.verb:set package 'aivt_interfaces' build argument 'catkin_cmake_args' from command line to 'None'
[0.206s] Level 5:colcon.colcon_core.verb:set package 'aivt_interfaces' build argument 'catkin_skip_building_tests' from command line to 'False'
[0.207s] DEBUG:colcon.colcon_core.verb:Building package 'aivt_interfaces' with the following arguments: {'ament_cmake_args': None, 'build_base': '/home/user/ws_siasun/build/aivt_interfaces', 'catkin_cmake_args': None, 'catkin_skip_building_tests': False, 'cmake_args': None, 'cmake_clean_cache': False, 'cmake_clean_first': False, 'cmake_force_configure': False, 'cmake_target': None, 'cmake_target_skip_unavailable': False, 'install_base': '/home/user/ws_siasun/install/aivt_interfaces', 'merge_install': False, 'path': '/home/user/ws_siasun/src/aivt_interfaces', 'symlink_install': False, 'test_result_base': None}
[0.207s] Level 5:colcon.colcon_core.verb:set package 'duco_msg' build argument 'cmake_args' from command line to 'None'
[0.207s] Level 5:colcon.colcon_core.verb:set package 'duco_msg' build argument 'cmake_target' from command line to 'None'
[0.207s] Level 5:colcon.colcon_core.verb:set package 'duco_msg' build argument 'cmake_target_skip_unavailable' from command line to 'False'
[0.207s] Level 5:colcon.colcon_core.verb:set package 'duco_msg' build argument 'cmake_clean_cache' from command line to 'False'
[0.207s] Level 5:colcon.colcon_core.verb:set package 'duco_msg' build argument 'cmake_clean_first' from command line to 'False'
[0.207s] Level 5:colcon.colcon_core.verb:set package 'duco_msg' build argument 'cmake_force_configure' from command line to 'False'
[0.207s] Level 5:colcon.colcon_core.verb:set package 'duco_msg' build argument 'ament_cmake_args' from command line to 'None'
[0.207s] Level 5:colcon.colcon_core.verb:set package 'duco_msg' build argument 'catkin_cmake_args' from command line to 'None'
[0.207s] Level 5:colcon.colcon_core.verb:set package 'duco_msg' build argument 'catkin_skip_building_tests' from command line to 'False'
[0.207s] DEBUG:colcon.colcon_core.verb:Building package 'duco_msg' with the following arguments: {'ament_cmake_args': None, 'build_base': '/home/user/ws_siasun/build/duco_msg', 'catkin_cmake_args': None, 'catkin_skip_building_tests': False, 'cmake_args': None, 'cmake_clean_cache': False, 'cmake_clean_first': False, 'cmake_force_configure': False, 'cmake_target': None, 'cmake_target_skip_unavailable': False, 'install_base': '/home/user/ws_siasun/install/duco_msg', 'merge_install': False, 'path': '/home/user/ws_siasun/src/duco_msg', 'symlink_install': False, 'test_result_base': None}
[0.207s] Level 5:colcon.colcon_core.verb:set package 'duco_support' build argument 'cmake_args' from command line to 'None'
[0.207s] Level 5:colcon.colcon_core.verb:set package 'duco_support' build argument 'cmake_target' from command line to 'None'
[0.207s] Level 5:colcon.colcon_core.verb:set package 'duco_support' build argument 'cmake_target_skip_unavailable' from command line to 'False'
[0.207s] Level 5:colcon.colcon_core.verb:set package 'duco_support' build argument 'cmake_clean_cache' from command line to 'False'
[0.207s] Level 5:colcon.colcon_core.verb:set package 'duco_support' build argument 'cmake_clean_first' from command line to 'False'
[0.207s] Level 5:colcon.colcon_core.verb:set package 'duco_support' build argument 'cmake_force_configure' from command line to 'False'
[0.207s] Level 5:colcon.colcon_core.verb:set package 'duco_support' build argument 'ament_cmake_args' from command line to 'None'
[0.207s] Level 5:colcon.colcon_core.verb:set package 'duco_support' build argument 'catkin_cmake_args' from command line to 'None'
[0.207s] Level 5:colcon.colcon_core.verb:set package 'duco_support' build argument 'catkin_skip_building_tests' from command line to 'False'
[0.207s] DEBUG:colcon.colcon_core.verb:Building package 'duco_support' with the following arguments: {'ament_cmake_args': None, 'build_base': '/home/user/ws_siasun/build/duco_support', 'catkin_cmake_args': None, 'catkin_skip_building_tests': False, 'cmake_args': None, 'cmake_clean_cache': False, 'cmake_clean_first': False, 'cmake_force_configure': False, 'cmake_target': None, 'cmake_target_skip_unavailable': False, 'install_base': '/home/user/ws_siasun/install/duco_support', 'merge_install': False, 'path': '/home/user/ws_siasun/src/duco_support', 'symlink_install': False, 'test_result_base': None}
[0.207s] Level 5:colcon.colcon_core.verb:set package 'duco_arms' build argument 'cmake_args' from command line to 'None'
[0.207s] Level 5:colcon.colcon_core.verb:set package 'duco_arms' build argument 'cmake_target' from command line to 'None'
[0.207s] Level 5:colcon.colcon_core.verb:set package 'duco_arms' build argument 'cmake_target_skip_unavailable' from command line to 'False'
[0.207s] Level 5:colcon.colcon_core.verb:set package 'duco_arms' build argument 'cmake_clean_cache' from command line to 'False'
[0.207s] Level 5:colcon.colcon_core.verb:set package 'duco_arms' build argument 'cmake_clean_first' from command line to 'False'
[0.207s] Level 5:colcon.colcon_core.verb:set package 'duco_arms' build argument 'cmake_force_configure' from command line to 'False'
[0.207s] Level 5:colcon.colcon_core.verb:set package 'duco_arms' build argument 'ament_cmake_args' from command line to 'None'
[0.207s] Level 5:colcon.colcon_core.verb:set package 'duco_arms' build argument 'catkin_cmake_args' from command line to 'None'
[0.207s] Level 5:colcon.colcon_core.verb:set package 'duco_arms' build argument 'catkin_skip_building_tests' from command line to 'False'
[0.207s] DEBUG:colcon.colcon_core.verb:Building package 'duco_arms' with the following arguments: {'ament_cmake_args': None, 'build_base': '/home/user/ws_siasun/build/duco_arms', 'catkin_cmake_args': None, 'catkin_skip_building_tests': False, 'cmake_args': None, 'cmake_clean_cache': False, 'cmake_clean_first': False, 'cmake_force_configure': False, 'cmake_target': None, 'cmake_target_skip_unavailable': False, 'install_base': '/home/user/ws_siasun/install/duco_arms', 'merge_install': False, 'path': '/home/user/ws_siasun/src/duco_arms', 'symlink_install': False, 'test_result_base': None}
[0.208s] Level 5:colcon.colcon_core.verb:set package 'duco_gcr3_618_moveit_config' build argument 'cmake_args' from command line to 'None'
[0.208s] Level 5:colcon.colcon_core.verb:set package 'duco_gcr3_618_moveit_config' build argument 'cmake_target' from command line to 'None'
[0.208s] Level 5:colcon.colcon_core.verb:set package 'duco_gcr3_618_moveit_config' build argument 'cmake_target_skip_unavailable' from command line to 'False'
[0.208s] Level 5:colcon.colcon_core.verb:set package 'duco_gcr3_618_moveit_config' build argument 'cmake_clean_cache' from command line to 'False'
[0.208s] Level 5:colcon.colcon_core.verb:set package 'duco_gcr3_618_moveit_config' build argument 'cmake_clean_first' from command line to 'False'
[0.208s] Level 5:colcon.colcon_core.verb:set package 'duco_gcr3_618_moveit_config' build argument 'cmake_force_configure' from command line to 'False'
[0.208s] Level 5:colcon.colcon_core.verb:set package 'duco_gcr3_618_moveit_config' build argument 'ament_cmake_args' from command line to 'None'
[0.208s] Level 5:colcon.colcon_core.verb:set package 'duco_gcr3_618_moveit_config' build argument 'catkin_cmake_args' from command line to 'None'
[0.208s] Level 5:colcon.colcon_core.verb:set package 'duco_gcr3_618_moveit_config' build argument 'catkin_skip_building_tests' from command line to 'False'
[0.208s] DEBUG:colcon.colcon_core.verb:Building package 'duco_gcr3_618_moveit_config' with the following arguments: {'ament_cmake_args': None, 'build_base': '/home/user/ws_siasun/build/duco_gcr3_618_moveit_config', 'catkin_cmake_args': None, 'catkin_skip_building_tests': False, 'cmake_args': None, 'cmake_clean_cache': False, 'cmake_clean_first': False, 'cmake_force_configure': False, 'cmake_target': None, 'cmake_target_skip_unavailable': False, 'install_base': '/home/user/ws_siasun/install/duco_gcr3_618_moveit_config', 'merge_install': False, 'path': '/home/user/ws_siasun/src/duco_gcr3_618_moveit_config', 'symlink_install': False, 'test_result_base': None}
[0.208s] Level 5:colcon.colcon_core.verb:set package 'robot_control' build argument 'cmake_args' from command line to 'None'
[0.208s] Level 5:colcon.colcon_core.verb:set package 'robot_control' build argument 'cmake_target' from command line to 'None'
[0.208s] Level 5:colcon.colcon_core.verb:set package 'robot_control' build argument 'cmake_target_skip_unavailable' from command line to 'False'
[0.208s] Level 5:colcon.colcon_core.verb:set package 'robot_control' build argument 'cmake_clean_cache' from command line to 'False'
[0.208s] Level 5:colcon.colcon_core.verb:set package 'robot_control' build argument 'cmake_clean_first' from command line to 'False'
[0.208s] Level 5:colcon.colcon_core.verb:set package 'robot_control' build argument 'cmake_force_configure' from command line to 'False'
[0.208s] Level 5:colcon.colcon_core.verb:set package 'robot_control' build argument 'ament_cmake_args' from command line to 'None'
[0.208s] Level 5:colcon.colcon_core.verb:set package 'robot_control' build argument 'catkin_cmake_args' from command line to 'None'
[0.208s] Level 5:colcon.colcon_core.verb:set package 'robot_control' build argument 'catkin_skip_building_tests' from command line to 'False'
[0.208s] DEBUG:colcon.colcon_core.verb:Building package 'robot_control' with the following arguments: {'ament_cmake_args': None, 'build_base': '/home/user/ws_siasun/build/robot_control', 'catkin_cmake_args': None, 'catkin_skip_building_tests': False, 'cmake_args': None, 'cmake_clean_cache': False, 'cmake_clean_first': False, 'cmake_force_configure': False, 'cmake_target': None, 'cmake_target_skip_unavailable': False, 'install_base': '/home/user/ws_siasun/install/robot_control', 'merge_install': False, 'path': '/home/user/ws_siasun/src/robot_control', 'symlink_install': False, 'test_result_base': None}
[0.208s] Level 5:colcon.colcon_core.verb:set package 'duco_ros_driver' build argument 'cmake_args' from command line to 'None'
[0.208s] Level 5:colcon.colcon_core.verb:set package 'duco_ros_driver' build argument 'cmake_target' from command line to 'None'
[0.208s] Level 5:colcon.colcon_core.verb:set package 'duco_ros_driver' build argument 'cmake_target_skip_unavailable' from command line to 'False'
[0.208s] Level 5:colcon.colcon_core.verb:set package 'duco_ros_driver' build argument 'cmake_clean_cache' from command line to 'False'
[0.208s] Level 5:colcon.colcon_core.verb:set package 'duco_ros_driver' build argument 'cmake_clean_first' from command line to 'False'
[0.208s] Level 5:colcon.colcon_core.verb:set package 'duco_ros_driver' build argument 'cmake_force_configure' from command line to 'False'
[0.208s] Level 5:colcon.colcon_core.verb:set package 'duco_ros_driver' build argument 'ament_cmake_args' from command line to 'None'
[0.208s] Level 5:colcon.colcon_core.verb:set package 'duco_ros_driver' build argument 'catkin_cmake_args' from command line to 'None'
[0.208s] Level 5:colcon.colcon_core.verb:set package 'duco_ros_driver' build argument 'catkin_skip_building_tests' from command line to 'False'
[0.208s] DEBUG:colcon.colcon_core.verb:Building package 'duco_ros_driver' with the following arguments: {'ament_cmake_args': None, 'build_base': '/home/user/ws_siasun/build/duco_ros_driver', 'catkin_cmake_args': None, 'catkin_skip_building_tests': False, 'cmake_args': None, 'cmake_clean_cache': False, 'cmake_clean_first': False, 'cmake_force_configure': False, 'cmake_target': None, 'cmake_target_skip_unavailable': False, 'install_base': '/home/user/ws_siasun/install/duco_ros_driver', 'merge_install': False, 'path': '/home/user/ws_siasun/src/duco_ros_driver', 'symlink_install': False, 'test_result_base': None}
[0.208s] Level 5:colcon.colcon_core.verb:set package 'aivt' build argument 'cmake_args' from command line to 'None'
[0.208s] Level 5:colcon.colcon_core.verb:set package 'aivt' build argument 'cmake_target' from command line to 'None'
[0.208s] Level 5:colcon.colcon_core.verb:set package 'aivt' build argument 'cmake_target_skip_unavailable' from command line to 'False'
[0.208s] Level 5:colcon.colcon_core.verb:set package 'aivt' build argument 'cmake_clean_cache' from command line to 'False'
[0.208s] Level 5:colcon.colcon_core.verb:set package 'aivt' build argument 'cmake_clean_first' from command line to 'False'
[0.208s] Level 5:colcon.colcon_core.verb:set package 'aivt' build argument 'cmake_force_configure' from command line to 'False'
[0.208s] Level 5:colcon.colcon_core.verb:set package 'aivt' build argument 'ament_cmake_args' from command line to 'None'
[0.208s] Level 5:colcon.colcon_core.verb:set package 'aivt' build argument 'catkin_cmake_args' from command line to 'None'
[0.208s] Level 5:colcon.colcon_core.verb:set package 'aivt' build argument 'catkin_skip_building_tests' from command line to 'False'
[0.208s] DEBUG:colcon.colcon_core.verb:Building package 'aivt' with the following arguments: {'ament_cmake_args': None, 'build_base': '/home/user/ws_siasun/build/aivt', 'catkin_cmake_args': None, 'catkin_skip_building_tests': False, 'cmake_args': None, 'cmake_clean_cache': False, 'cmake_clean_first': False, 'cmake_force_configure': False, 'cmake_target': None, 'cmake_target_skip_unavailable': False, 'install_base': '/home/user/ws_siasun/install/aivt', 'merge_install': False, 'path': '/home/user/ws_siasun/src/aivt', 'symlink_install': False, 'test_result_base': None}
[0.208s] INFO:colcon.colcon_core.executor:Executing jobs using 'parallel' executor
[0.209s] DEBUG:colcon.colcon_parallel_executor.executor.parallel:run_until_complete
[0.209s] INFO:colcon.colcon_ros.task.ament_cmake.build:Building ROS package in '/home/user/ws_siasun/src/duco_support' with build type 'ament_cmake'
[0.210s] INFO:colcon.colcon_cmake.task.cmake.build:Building CMake package in '/home/user/ws_siasun/src/duco_support'
[0.211s] INFO:colcon.colcon_core.plugin_system:Skipping extension 'colcon_core.shell.bat': Not used on non-Windows systems
[0.211s] INFO:colcon.colcon_core.shell:Skip shell extension 'powershell' for command environment: Not usable outside of PowerShell
[0.211s] DEBUG:colcon.colcon_core.shell:Skip shell extension 'dsv' for command environment
[0.213s] INFO:colcon.colcon_ros.task.ament_cmake.build:Building ROS package in '/home/user/ws_siasun/src/duco_msg' with build type 'ament_cmake'
[0.213s] INFO:colcon.colcon_cmake.task.cmake.build:Building CMake package in '/home/user/ws_siasun/src/duco_msg'
[0.213s] INFO:colcon.colcon_core.shell:Skip shell extension 'powershell' for command environment: Not usable outside of PowerShell
[0.213s] DEBUG:colcon.colcon_core.shell:Skip shell extension 'dsv' for command environment
[0.216s] INFO:colcon.colcon_ros.task.ament_cmake.build:Building ROS package in '/home/user/ws_siasun/src/aivt_interfaces' with build type 'ament_cmake'
[0.216s] INFO:colcon.colcon_cmake.task.cmake.build:Building CMake package in '/home/user/ws_siasun/src/aivt_interfaces'
[0.216s] INFO:colcon.colcon_core.shell:Skip shell extension 'powershell' for command environment: Not usable outside of PowerShell
[0.216s] DEBUG:colcon.colcon_core.shell:Skip shell extension 'dsv' for command environment
[0.222s] DEBUG:colcon.colcon_core.event_handler.log_command:Invoking command in '/home/user/ws_siasun/build/duco_support': CMAKE_PREFIX_PATH=${CMAKE_PREFIX_PATH}:/opt/ros/humble /usr/bin/cmake --build /home/user/ws_siasun/build/duco_support -- -j16 -l16
[0.224s] DEBUG:colcon.colcon_core.event_handler.log_command:Invoking command in '/home/user/ws_siasun/build/duco_msg': CMAKE_PREFIX_PATH=${CMAKE_PREFIX_PATH}:/opt/ros/humble /usr/bin/cmake --build /home/user/ws_siasun/build/duco_msg -- -j16 -l16
[0.227s] DEBUG:colcon.colcon_core.event_handler.log_command:Invoking command in '/home/user/ws_siasun/build/aivt_interfaces': CMAKE_PREFIX_PATH=${CMAKE_PREFIX_PATH}:/opt/ros/humble /usr/bin/cmake --build /home/user/ws_siasun/build/aivt_interfaces -- -j16 -l16
[0.254s] DEBUG:colcon.colcon_core.event_handler.log_command:Invoked command in '/home/user/ws_siasun/build/duco_support' returned '0': CMAKE_PREFIX_PATH=${CMAKE_PREFIX_PATH}:/opt/ros/humble /usr/bin/cmake --build /home/user/ws_siasun/build/duco_support -- -j16 -l16
[0.261s] DEBUG:colcon.colcon_core.event_handler.log_command:Invoking command in '/home/user/ws_siasun/build/duco_support': CMAKE_PREFIX_PATH=${CMAKE_PREFIX_PATH}:/opt/ros/humble /usr/bin/cmake --install /home/user/ws_siasun/build/duco_support
[0.288s] Level 1:colcon.colcon_core.environment:create_environment_scripts_only(duco_support)
[0.294s] Level 1:colcon.colcon_core.environment:checking '/home/user/ws_siasun/install/duco_support' for CMake module files
[0.295s] Level 1:colcon.colcon_core.environment:checking '/home/user/ws_siasun/install/duco_support' for CMake config files
[0.304s] DEBUG:colcon.colcon_core.event_handler.log_command:Invoked command in '/home/user/ws_siasun/build/duco_support' returned '0': CMAKE_PREFIX_PATH=${CMAKE_PREFIX_PATH}:/opt/ros/humble /usr/bin/cmake --install /home/user/ws_siasun/build/duco_support
[0.305s] Level 1:colcon.colcon_core.shell:create_environment_hook('duco_support', 'cmake_prefix_path')
[0.306s] INFO:colcon.colcon_core.shell:Creating environment hook '/home/user/ws_siasun/install/duco_support/share/duco_support/hook/cmake_prefix_path.ps1'
[0.306s] INFO:colcon.colcon_core.shell:Creating environment descriptor '/home/user/ws_siasun/install/duco_support/share/duco_support/hook/cmake_prefix_path.dsv'
[0.307s] INFO:colcon.colcon_core.shell:Creating environment hook '/home/user/ws_siasun/install/duco_support/share/duco_support/hook/cmake_prefix_path.sh'
[0.308s] Level 1:colcon.colcon_core.environment:checking '/home/user/ws_siasun/install/duco_support/bin'
[0.308s] Level 1:colcon.colcon_core.environment:checking '/home/user/ws_siasun/install/duco_support/lib/pkgconfig/duco_support.pc'
[0.308s] Level 1:colcon.colcon_core.environment:checking '/home/user/ws_siasun/install/duco_support/lib/python3.10/site-packages'
[0.308s] Level 1:colcon.colcon_core.environment:checking '/home/user/ws_siasun/install/duco_support/bin'
[0.309s] INFO:colcon.colcon_core.shell:Creating package script '/home/user/ws_siasun/install/duco_support/share/duco_support/package.ps1'
[0.310s] INFO:colcon.colcon_core.shell:Creating package descriptor '/home/user/ws_siasun/install/duco_support/share/duco_support/package.dsv'
[0.311s] INFO:colcon.colcon_core.shell:Creating package script '/home/user/ws_siasun/install/duco_support/share/duco_support/package.sh'
[0.311s] INFO:colcon.colcon_core.shell:Creating package script '/home/user/ws_siasun/install/duco_support/share/duco_support/package.bash'
[0.312s] INFO:colcon.colcon_core.shell:Creating package script '/home/user/ws_siasun/install/duco_support/share/duco_support/package.zsh'
[0.313s] Level 1:colcon.colcon_core.environment:create_file_with_runtime_dependencies(/home/user/ws_siasun/install/duco_support/share/colcon-core/packages/duco_support)
[0.314s] Level 1:colcon.colcon_core.environment:create_environment_scripts_only(duco_support)
[0.314s] Level 1:colcon.colcon_core.environment:checking '/home/user/ws_siasun/install/duco_support' for CMake module files
[0.314s] Level 1:colcon.colcon_core.environment:checking '/home/user/ws_siasun/install/duco_support' for CMake config files
[0.315s] Level 1:colcon.colcon_core.shell:create_environment_hook('duco_support', 'cmake_prefix_path')
[0.316s] INFO:colcon.colcon_core.shell:Creating environment hook '/home/user/ws_siasun/install/duco_support/share/duco_support/hook/cmake_prefix_path.ps1'
[0.316s] INFO:colcon.colcon_core.shell:Creating environment descriptor '/home/user/ws_siasun/install/duco_support/share/duco_support/hook/cmake_prefix_path.dsv'
[0.317s] INFO:colcon.colcon_core.shell:Creating environment hook '/home/user/ws_siasun/install/duco_support/share/duco_support/hook/cmake_prefix_path.sh'
[0.317s] Level 1:colcon.colcon_core.environment:checking '/home/user/ws_siasun/install/duco_support/bin'
[0.317s] Level 1:colcon.colcon_core.environment:checking '/home/user/ws_siasun/install/duco_support/lib/pkgconfig/duco_support.pc'
[0.318s] Level 1:colcon.colcon_core.environment:checking '/home/user/ws_siasun/install/duco_support/lib/python3.10/site-packages'
[0.318s] Level 1:colcon.colcon_core.environment:checking '/home/user/ws_siasun/install/duco_support/bin'
[0.318s] INFO:colcon.colcon_core.shell:Creating package script '/home/user/ws_siasun/install/duco_support/share/duco_support/package.ps1'
[0.319s] INFO:colcon.colcon_core.shell:Creating package descriptor '/home/user/ws_siasun/install/duco_support/share/duco_support/package.dsv'
[0.320s] INFO:colcon.colcon_core.shell:Creating package script '/home/user/ws_siasun/install/duco_support/share/duco_support/package.sh'
[0.320s] INFO:colcon.colcon_core.shell:Creating package script '/home/user/ws_siasun/install/duco_support/share/duco_support/package.bash'
[0.321s] INFO:colcon.colcon_core.shell:Creating package script '/home/user/ws_siasun/install/duco_support/share/duco_support/package.zsh'
[0.321s] Level 1:colcon.colcon_core.environment:create_file_with_runtime_dependencies(/home/user/ws_siasun/install/duco_support/share/colcon-core/packages/duco_support)
[0.322s] INFO:colcon.colcon_ros.task.ament_cmake.build:Building ROS package in '/home/user/ws_siasun/src/duco_arms' with build type 'ament_cmake'
[0.322s] INFO:colcon.colcon_cmake.task.cmake.build:Building CMake package in '/home/user/ws_siasun/src/duco_arms'
[0.322s] INFO:colcon.colcon_core.shell:Skip shell extension 'powershell' for command environment: Not usable outside of PowerShell
[0.322s] DEBUG:colcon.colcon_core.shell:Skip shell extension 'dsv' for command environment
[0.327s] INFO:colcon.colcon_ros.task.ament_cmake.build:Building ROS package in '/home/user/ws_siasun/src/duco_gcr3_618_moveit_config' with build type 'ament_cmake'
[0.327s] INFO:colcon.colcon_cmake.task.cmake.build:Building CMake package in '/home/user/ws_siasun/src/duco_gcr3_618_moveit_config'
[0.327s] INFO:colcon.colcon_core.shell:Skip shell extension 'powershell' for command environment: Not usable outside of PowerShell
[0.328s] DEBUG:colcon.colcon_core.shell:Skip shell extension 'dsv' for command environment
[0.335s] DEBUG:colcon.colcon_core.event_handler.log_command:Invoking command in '/home/user/ws_siasun/build/duco_arms': CMAKE_PREFIX_PATH=/home/user/ws_siasun/install/duco_support:/home/user/ws_siasun/install/robot_control:/home/user/ws_siasun/install/aivt:/home/user/ws_siasun/install/duco_ros_driver:/home/user/ws_siasun/install/duco_gcr3_618_moveit_config:/home/user/ws_siasun/install/duco_arms:/home/user/ws_siasun/install/duco_msg:/home/user/ws_siasun/install/aivt_interfaces:/opt/ros/humble /usr/bin/cmake --build /home/user/ws_siasun/build/duco_arms -- -j16 -l16
[0.338s] DEBUG:colcon.colcon_core.event_handler.log_command:Invoking command in '/home/user/ws_siasun/build/duco_gcr3_618_moveit_config': CMAKE_PREFIX_PATH=/home/user/ws_siasun/install/duco_support:/home/user/ws_siasun/install/robot_control:/home/user/ws_siasun/install/aivt:/home/user/ws_siasun/install/duco_ros_driver:/home/user/ws_siasun/install/duco_gcr3_618_moveit_config:/home/user/ws_siasun/install/duco_arms:/home/user/ws_siasun/install/duco_msg:/home/user/ws_siasun/install/aivt_interfaces:/opt/ros/humble /usr/bin/cmake --build /home/user/ws_siasun/build/duco_gcr3_618_moveit_config -- -j16 -l16
[0.366s] DEBUG:colcon.colcon_core.event_handler.log_command:Invoked command in '/home/user/ws_siasun/build/duco_gcr3_618_moveit_config' returned '0': CMAKE_PREFIX_PATH=/home/user/ws_siasun/install/duco_support:/home/user/ws_siasun/install/robot_control:/home/user/ws_siasun/install/aivt:/home/user/ws_siasun/install/duco_ros_driver:/home/user/ws_siasun/install/duco_gcr3_618_moveit_config:/home/user/ws_siasun/install/duco_arms:/home/user/ws_siasun/install/duco_msg:/home/user/ws_siasun/install/aivt_interfaces:/opt/ros/humble /usr/bin/cmake --build /home/user/ws_siasun/build/duco_gcr3_618_moveit_config -- -j16 -l16
[0.368s] DEBUG:colcon.colcon_core.event_handler.log_command:Invoking command in '/home/user/ws_siasun/build/duco_gcr3_618_moveit_config': CMAKE_PREFIX_PATH=/home/user/ws_siasun/install/duco_support:/home/user/ws_siasun/install/robot_control:/home/user/ws_siasun/install/aivt:/home/user/ws_siasun/install/duco_ros_driver:/home/user/ws_siasun/install/duco_gcr3_618_moveit_config:/home/user/ws_siasun/install/duco_arms:/home/user/ws_siasun/install/duco_msg:/home/user/ws_siasun/install/aivt_interfaces:/opt/ros/humble /usr/bin/cmake --install /home/user/ws_siasun/build/duco_gcr3_618_moveit_config
[0.369s] DEBUG:colcon.colcon_core.event_handler.log_command:Invoked command in '/home/user/ws_siasun/build/duco_arms' returned '0': CMAKE_PREFIX_PATH=/home/user/ws_siasun/install/duco_support:/home/user/ws_siasun/install/robot_control:/home/user/ws_siasun/install/aivt:/home/user/ws_siasun/install/duco_ros_driver:/home/user/ws_siasun/install/duco_gcr3_618_moveit_config:/home/user/ws_siasun/install/duco_arms:/home/user/ws_siasun/install/duco_msg:/home/user/ws_siasun/install/aivt_interfaces:/opt/ros/humble /usr/bin/cmake --build /home/user/ws_siasun/build/duco_arms -- -j16 -l16
[0.370s] DEBUG:colcon.colcon_core.event_handler.log_command:Invoking command in '/home/user/ws_siasun/build/duco_arms': CMAKE_PREFIX_PATH=/home/user/ws_siasun/install/duco_support:/home/user/ws_siasun/install/robot_control:/home/user/ws_siasun/install/aivt:/home/user/ws_siasun/install/duco_ros_driver:/home/user/ws_siasun/install/duco_gcr3_618_moveit_config:/home/user/ws_siasun/install/duco_arms:/home/user/ws_siasun/install/duco_msg:/home/user/ws_siasun/install/aivt_interfaces:/opt/ros/humble /usr/bin/cmake --install /home/user/ws_siasun/build/duco_arms
[0.377s] Level 1:colcon.colcon_core.environment:create_environment_scripts_only(duco_gcr3_618_moveit_config)
[0.378s] Level 1:colcon.colcon_core.environment:checking '/home/user/ws_siasun/install/duco_gcr3_618_moveit_config' for CMake module files
[0.378s] Level 1:colcon.colcon_core.environment:checking '/home/user/ws_siasun/install/duco_gcr3_618_moveit_config' for CMake config files
[0.379s] Level 1:colcon.colcon_core.shell:create_environment_hook('duco_gcr3_618_moveit_config', 'cmake_prefix_path')
[0.379s] INFO:colcon.colcon_core.shell:Creating environment hook '/home/user/ws_siasun/install/duco_gcr3_618_moveit_config/share/duco_gcr3_618_moveit_config/hook/cmake_prefix_path.ps1'
[0.379s] INFO:colcon.colcon_core.shell:Creating environment descriptor '/home/user/ws_siasun/install/duco_gcr3_618_moveit_config/share/duco_gcr3_618_moveit_config/hook/cmake_prefix_path.dsv'
[0.380s] INFO:colcon.colcon_core.shell:Creating environment hook '/home/user/ws_siasun/install/duco_gcr3_618_moveit_config/share/duco_gcr3_618_moveit_config/hook/cmake_prefix_path.sh'
[0.380s] Level 1:colcon.colcon_core.environment:checking '/home/user/ws_siasun/install/duco_gcr3_618_moveit_config/bin'
[0.380s] Level 1:colcon.colcon_core.environment:checking '/home/user/ws_siasun/install/duco_gcr3_618_moveit_config/lib/pkgconfig/duco_gcr3_618_moveit_config.pc'
[0.380s] Level 1:colcon.colcon_core.environment:checking '/home/user/ws_siasun/install/duco_gcr3_618_moveit_config/lib/python3.10/site-packages'
[0.381s] Level 1:colcon.colcon_core.environment:checking '/home/user/ws_siasun/install/duco_gcr3_618_moveit_config/bin'
[0.381s] INFO:colcon.colcon_core.shell:Creating package script '/home/user/ws_siasun/install/duco_gcr3_618_moveit_config/share/duco_gcr3_618_moveit_config/package.ps1'
[0.381s] INFO:colcon.colcon_core.shell:Creating package descriptor '/home/user/ws_siasun/install/duco_gcr3_618_moveit_config/share/duco_gcr3_618_moveit_config/package.dsv'
[0.382s] INFO:colcon.colcon_core.shell:Creating package script '/home/user/ws_siasun/install/duco_gcr3_618_moveit_config/share/duco_gcr3_618_moveit_config/package.sh'
[0.382s] INFO:colcon.colcon_core.shell:Creating package script '/home/user/ws_siasun/install/duco_gcr3_618_moveit_config/share/duco_gcr3_618_moveit_config/package.bash'
[0.383s] INFO:colcon.colcon_core.shell:Creating package script '/home/user/ws_siasun/install/duco_gcr3_618_moveit_config/share/duco_gcr3_618_moveit_config/package.zsh'
[0.383s] Level 1:colcon.colcon_core.environment:create_file_with_runtime_dependencies(/home/user/ws_siasun/install/duco_gcr3_618_moveit_config/share/colcon-core/packages/duco_gcr3_618_moveit_config)
[0.384s] Level 1:colcon.colcon_core.environment:create_environment_scripts_only(duco_gcr3_618_moveit_config)
[0.384s] Level 1:colcon.colcon_core.environment:checking '/home/user/ws_siasun/install/duco_gcr3_618_moveit_config' for CMake module files
[0.384s] Level 1:colcon.colcon_core.environment:checking '/home/user/ws_siasun/install/duco_gcr3_618_moveit_config' for CMake config files
[0.385s] Level 1:colcon.colcon_core.shell:create_environment_hook('duco_gcr3_618_moveit_config', 'cmake_prefix_path')
[0.385s] INFO:colcon.colcon_core.shell:Creating environment hook '/home/user/ws_siasun/install/duco_gcr3_618_moveit_config/share/duco_gcr3_618_moveit_config/hook/cmake_prefix_path.ps1'
[0.386s] INFO:colcon.colcon_core.shell:Creating environment descriptor '/home/user/ws_siasun/install/duco_gcr3_618_moveit_config/share/duco_gcr3_618_moveit_config/hook/cmake_prefix_path.dsv'
[0.386s] INFO:colcon.colcon_core.shell:Creating environment hook '/home/user/ws_siasun/install/duco_gcr3_618_moveit_config/share/duco_gcr3_618_moveit_config/hook/cmake_prefix_path.sh'
[0.387s] Level 1:colcon.colcon_core.environment:checking '/home/user/ws_siasun/install/duco_gcr3_618_moveit_config/bin'
[0.388s] Level 1:colcon.colcon_core.environment:checking '/home/user/ws_siasun/install/duco_gcr3_618_moveit_config/lib/pkgconfig/duco_gcr3_618_moveit_config.pc'
[0.388s] Level 1:colcon.colcon_core.environment:checking '/home/user/ws_siasun/install/duco_gcr3_618_moveit_config/lib/python3.10/site-packages'
[0.389s] Level 1:colcon.colcon_core.environment:checking '/home/user/ws_siasun/install/duco_gcr3_618_moveit_config/bin'
[0.389s] DEBUG:colcon.colcon_core.event_handler.log_command:Invoked command in '/home/user/ws_siasun/build/duco_gcr3_618_moveit_config' returned '0': CMAKE_PREFIX_PATH=/home/user/ws_siasun/install/duco_support:/home/user/ws_siasun/install/robot_control:/home/user/ws_siasun/install/aivt:/home/user/ws_siasun/install/duco_ros_driver:/home/user/ws_siasun/install/duco_gcr3_618_moveit_config:/home/user/ws_siasun/install/duco_arms:/home/user/ws_siasun/install/duco_msg:/home/user/ws_siasun/install/aivt_interfaces:/opt/ros/humble /usr/bin/cmake --install /home/user/ws_siasun/build/duco_gcr3_618_moveit_config
[0.389s] INFO:colcon.colcon_core.shell:Creating package script '/home/user/ws_siasun/install/duco_gcr3_618_moveit_config/share/duco_gcr3_618_moveit_config/package.ps1'
[0.390s] INFO:colcon.colcon_core.shell:Creating package descriptor '/home/user/ws_siasun/install/duco_gcr3_618_moveit_config/share/duco_gcr3_618_moveit_config/package.dsv'
[0.390s] INFO:colcon.colcon_core.shell:Creating package script '/home/user/ws_siasun/install/duco_gcr3_618_moveit_config/share/duco_gcr3_618_moveit_config/package.sh'
[0.391s] INFO:colcon.colcon_core.shell:Creating package script '/home/user/ws_siasun/install/duco_gcr3_618_moveit_config/share/duco_gcr3_618_moveit_config/package.bash'
[0.391s] INFO:colcon.colcon_core.shell:Creating package script '/home/user/ws_siasun/install/duco_gcr3_618_moveit_config/share/duco_gcr3_618_moveit_config/package.zsh'
[0.392s] Level 1:colcon.colcon_core.environment:create_file_with_runtime_dependencies(/home/user/ws_siasun/install/duco_gcr3_618_moveit_config/share/colcon-core/packages/duco_gcr3_618_moveit_config)
[0.392s] Level 1:colcon.colcon_core.environment:create_environment_scripts_only(duco_arms)
[0.393s] Level 1:colcon.colcon_core.environment:checking '/home/user/ws_siasun/install/duco_arms' for CMake module files
[0.393s] Level 1:colcon.colcon_core.environment:checking '/home/user/ws_siasun/install/duco_arms' for CMake config files
[0.394s] DEBUG:colcon.colcon_core.event_handler.log_command:Invoked command in '/home/user/ws_siasun/build/duco_arms' returned '0': CMAKE_PREFIX_PATH=/home/user/ws_siasun/install/duco_support:/home/user/ws_siasun/install/robot_control:/home/user/ws_siasun/install/aivt:/home/user/ws_siasun/install/duco_ros_driver:/home/user/ws_siasun/install/duco_gcr3_618_moveit_config:/home/user/ws_siasun/install/duco_arms:/home/user/ws_siasun/install/duco_msg:/home/user/ws_siasun/install/aivt_interfaces:/opt/ros/humble /usr/bin/cmake --install /home/user/ws_siasun/build/duco_arms
[0.394s] Level 1:colcon.colcon_core.shell:create_environment_hook('duco_arms', 'cmake_prefix_path')
[0.394s] INFO:colcon.colcon_core.shell:Creating environment hook '/home/user/ws_siasun/install/duco_arms/share/duco_arms/hook/cmake_prefix_path.ps1'
[0.395s] INFO:colcon.colcon_core.shell:Creating environment descriptor '/home/user/ws_siasun/install/duco_arms/share/duco_arms/hook/cmake_prefix_path.dsv'
[0.395s] INFO:colcon.colcon_core.shell:Creating environment hook '/home/user/ws_siasun/install/duco_arms/share/duco_arms/hook/cmake_prefix_path.sh'
[0.396s] Level 1:colcon.colcon_core.environment:checking '/home/user/ws_siasun/install/duco_arms/bin'
[0.396s] Level 1:colcon.colcon_core.environment:checking '/home/user/ws_siasun/install/duco_arms/lib/pkgconfig/duco_arms.pc'
[0.396s] Level 1:colcon.colcon_core.environment:checking '/home/user/ws_siasun/install/duco_arms/lib/python3.10/site-packages'
[0.396s] Level 1:colcon.colcon_core.environment:checking '/home/user/ws_siasun/install/duco_arms/bin'
[0.397s] INFO:colcon.colcon_core.shell:Creating package script '/home/user/ws_siasun/install/duco_arms/share/duco_arms/package.ps1'
[0.397s] INFO:colcon.colcon_core.shell:Creating package descriptor '/home/user/ws_siasun/install/duco_arms/share/duco_arms/package.dsv'
[0.397s] INFO:colcon.colcon_core.shell:Creating package script '/home/user/ws_siasun/install/duco_arms/share/duco_arms/package.sh'
[0.398s] INFO:colcon.colcon_core.shell:Creating package script '/home/user/ws_siasun/install/duco_arms/share/duco_arms/package.bash'
[0.398s] INFO:colcon.colcon_core.shell:Creating package script '/home/user/ws_siasun/install/duco_arms/share/duco_arms/package.zsh'
[0.399s] Level 1:colcon.colcon_core.environment:create_file_with_runtime_dependencies(/home/user/ws_siasun/install/duco_arms/share/colcon-core/packages/duco_arms)
[0.399s] Level 1:colcon.colcon_core.environment:create_environment_scripts_only(duco_arms)
[0.400s] Level 1:colcon.colcon_core.environment:checking '/home/user/ws_siasun/install/duco_arms' for CMake module files
[0.400s] Level 1:colcon.colcon_core.environment:checking '/home/user/ws_siasun/install/duco_arms' for CMake config files
[0.400s] Level 1:colcon.colcon_core.shell:create_environment_hook('duco_arms', 'cmake_prefix_path')
[0.401s] INFO:colcon.colcon_core.shell:Creating environment hook '/home/user/ws_siasun/install/duco_arms/share/duco_arms/hook/cmake_prefix_path.ps1'
[0.401s] INFO:colcon.colcon_core.shell:Creating environment descriptor '/home/user/ws_siasun/install/duco_arms/share/duco_arms/hook/cmake_prefix_path.dsv'
[0.402s] INFO:colcon.colcon_core.shell:Creating environment hook '/home/user/ws_siasun/install/duco_arms/share/duco_arms/hook/cmake_prefix_path.sh'
[0.402s] Level 1:colcon.colcon_core.environment:checking '/home/user/ws_siasun/install/duco_arms/bin'
[0.402s] Level 1:colcon.colcon_core.environment:checking '/home/user/ws_siasun/install/duco_arms/lib/pkgconfig/duco_arms.pc'
[0.403s] Level 1:colcon.colcon_core.environment:checking '/home/user/ws_siasun/install/duco_arms/lib/python3.10/site-packages'
[0.403s] Level 1:colcon.colcon_core.environment:checking '/home/user/ws_siasun/install/duco_arms/bin'
[0.403s] INFO:colcon.colcon_core.shell:Creating package script '/home/user/ws_siasun/install/duco_arms/share/duco_arms/package.ps1'
[0.404s] INFO:colcon.colcon_core.shell:Creating package descriptor '/home/user/ws_siasun/install/duco_arms/share/duco_arms/package.dsv'
[0.404s] INFO:colcon.colcon_core.shell:Creating package script '/home/user/ws_siasun/install/duco_arms/share/duco_arms/package.sh'
[0.405s] INFO:colcon.colcon_core.shell:Creating package script '/home/user/ws_siasun/install/duco_arms/share/duco_arms/package.bash'
[0.405s] INFO:colcon.colcon_core.shell:Creating package script '/home/user/ws_siasun/install/duco_arms/share/duco_arms/package.zsh'
[0.406s] Level 1:colcon.colcon_core.environment:create_file_with_runtime_dependencies(/home/user/ws_siasun/install/duco_arms/share/colcon-core/packages/duco_arms)
[0.484s] DEBUG:colcon.colcon_core.event_handler.log_command:Invoked command in '/home/user/ws_siasun/build/duco_msg' returned '0': CMAKE_PREFIX_PATH=${CMAKE_PREFIX_PATH}:/opt/ros/humble /usr/bin/cmake --build /home/user/ws_siasun/build/duco_msg -- -j16 -l16
[0.485s] DEBUG:colcon.colcon_core.event_handler.log_command:Invoking command in '/home/user/ws_siasun/build/duco_msg': CMAKE_PREFIX_PATH=${CMAKE_PREFIX_PATH}:/opt/ros/humble /usr/bin/cmake --install /home/user/ws_siasun/build/duco_msg
[0.515s] DEBUG:colcon.colcon_core.event_handler.log_command:Invoked command in '/home/user/ws_siasun/build/aivt_interfaces' returned '0': CMAKE_PREFIX_PATH=${CMAKE_PREFIX_PATH}:/opt/ros/humble /usr/bin/cmake --build /home/user/ws_siasun/build/aivt_interfaces -- -j16 -l16
[0.517s] DEBUG:colcon.colcon_core.event_handler.log_command:Invoking command in '/home/user/ws_siasun/build/aivt_interfaces': CMAKE_PREFIX_PATH=${CMAKE_PREFIX_PATH}:/opt/ros/humble /usr/bin/cmake --install /home/user/ws_siasun/build/aivt_interfaces
[0.537s] Level 1:colcon.colcon_core.environment:create_environment_scripts_only(duco_msg)
[0.537s] Level 1:colcon.colcon_core.environment:checking '/home/user/ws_siasun/install/duco_msg' for CMake module files
[0.538s] DEBUG:colcon.colcon_core.event_handler.log_command:Invoked command in '/home/user/ws_siasun/build/duco_msg' returned '0': CMAKE_PREFIX_PATH=${CMAKE_PREFIX_PATH}:/opt/ros/humble /usr/bin/cmake --install /home/user/ws_siasun/build/duco_msg
[0.538s] Level 1:colcon.colcon_core.environment:checking '/home/user/ws_siasun/install/duco_msg' for CMake config files
[0.539s] Level 1:colcon.colcon_core.shell:create_environment_hook('duco_msg', 'cmake_prefix_path')
[0.539s] INFO:colcon.colcon_core.shell:Creating environment hook '/home/user/ws_siasun/install/duco_msg/share/duco_msg/hook/cmake_prefix_path.ps1'
[0.539s] INFO:colcon.colcon_core.shell:Creating environment descriptor '/home/user/ws_siasun/install/duco_msg/share/duco_msg/hook/cmake_prefix_path.dsv'
[0.539s] INFO:colcon.colcon_core.shell:Creating environment hook '/home/user/ws_siasun/install/duco_msg/share/duco_msg/hook/cmake_prefix_path.sh'
[0.540s] Level 1:colcon.colcon_core.environment:checking '/home/user/ws_siasun/install/duco_msg/lib'
[0.540s] Level 1:colcon.colcon_core.shell:create_environment_hook('duco_msg', 'ld_library_path_lib')
[0.540s] INFO:colcon.colcon_core.shell:Creating environment hook '/home/user/ws_siasun/install/duco_msg/share/duco_msg/hook/ld_library_path_lib.ps1'
[0.540s] INFO:colcon.colcon_core.shell:Creating environment descriptor '/home/user/ws_siasun/install/duco_msg/share/duco_msg/hook/ld_library_path_lib.dsv'
[0.540s] INFO:colcon.colcon_core.shell:Creating environment hook '/home/user/ws_siasun/install/duco_msg/share/duco_msg/hook/ld_library_path_lib.sh'
[0.541s] Level 1:colcon.colcon_core.environment:checking '/home/user/ws_siasun/install/duco_msg/bin'
[0.541s] Level 1:colcon.colcon_core.environment:checking '/home/user/ws_siasun/install/duco_msg/lib/pkgconfig/duco_msg.pc'
[0.541s] Level 1:colcon.colcon_core.environment:checking '/home/user/ws_siasun/install/duco_msg/lib/python3.10/site-packages'
[0.541s] Level 1:colcon.colcon_core.environment:checking '/home/user/ws_siasun/install/duco_msg/bin'
[0.541s] INFO:colcon.colcon_core.shell:Creating package script '/home/user/ws_siasun/install/duco_msg/share/duco_msg/package.ps1'
[0.541s] INFO:colcon.colcon_core.shell:Creating package descriptor '/home/user/ws_siasun/install/duco_msg/share/duco_msg/package.dsv'
[0.542s] INFO:colcon.colcon_core.shell:Creating package script '/home/user/ws_siasun/install/duco_msg/share/duco_msg/package.sh'
[0.542s] INFO:colcon.colcon_core.shell:Creating package script '/home/user/ws_siasun/install/duco_msg/share/duco_msg/package.bash'
[0.542s] INFO:colcon.colcon_core.shell:Creating package script '/home/user/ws_siasun/install/duco_msg/share/duco_msg/package.zsh'
[0.542s] Level 1:colcon.colcon_core.environment:create_file_with_runtime_dependencies(/home/user/ws_siasun/install/duco_msg/share/colcon-core/packages/duco_msg)
[0.543s] Level 1:colcon.colcon_core.environment:create_environment_scripts_only(duco_msg)
[0.543s] Level 1:colcon.colcon_core.environment:checking '/home/user/ws_siasun/install/duco_msg' for CMake module files
[0.543s] Level 1:colcon.colcon_core.environment:checking '/home/user/ws_siasun/install/duco_msg' for CMake config files
[0.543s] Level 1:colcon.colcon_core.shell:create_environment_hook('duco_msg', 'cmake_prefix_path')
[0.543s] INFO:colcon.colcon_core.shell:Creating environment hook '/home/user/ws_siasun/install/duco_msg/share/duco_msg/hook/cmake_prefix_path.ps1'
[0.544s] INFO:colcon.colcon_core.shell:Creating environment descriptor '/home/user/ws_siasun/install/duco_msg/share/duco_msg/hook/cmake_prefix_path.dsv'
[0.544s] INFO:colcon.colcon_core.shell:Creating environment hook '/home/user/ws_siasun/install/duco_msg/share/duco_msg/hook/cmake_prefix_path.sh'
[0.544s] Level 1:colcon.colcon_core.environment:checking '/home/user/ws_siasun/install/duco_msg/lib'
[0.544s] Level 1:colcon.colcon_core.shell:create_environment_hook('duco_msg', 'ld_library_path_lib')
[0.544s] INFO:colcon.colcon_core.shell:Creating environment hook '/home/user/ws_siasun/install/duco_msg/share/duco_msg/hook/ld_library_path_lib.ps1'
[0.544s] INFO:colcon.colcon_core.shell:Creating environment descriptor '/home/user/ws_siasun/install/duco_msg/share/duco_msg/hook/ld_library_path_lib.dsv'
[0.545s] INFO:colcon.colcon_core.shell:Creating environment hook '/home/user/ws_siasun/install/duco_msg/share/duco_msg/hook/ld_library_path_lib.sh'
[0.545s] Level 1:colcon.colcon_core.environment:checking '/home/user/ws_siasun/install/duco_msg/bin'
[0.545s] Level 1:colcon.colcon_core.environment:checking '/home/user/ws_siasun/install/duco_msg/lib/pkgconfig/duco_msg.pc'
[0.545s] Level 1:colcon.colcon_core.environment:checking '/home/user/ws_siasun/install/duco_msg/lib/python3.10/site-packages'
[0.545s] Level 1:colcon.colcon_core.environment:checking '/home/user/ws_siasun/install/duco_msg/bin'
[0.545s] INFO:colcon.colcon_core.shell:Creating package script '/home/user/ws_siasun/install/duco_msg/share/duco_msg/package.ps1'
[0.546s] INFO:colcon.colcon_core.shell:Creating package descriptor '/home/user/ws_siasun/install/duco_msg/share/duco_msg/package.dsv'
[0.546s] INFO:colcon.colcon_core.shell:Creating package script '/home/user/ws_siasun/install/duco_msg/share/duco_msg/package.sh'
[0.546s] INFO:colcon.colcon_core.shell:Creating package script '/home/user/ws_siasun/install/duco_msg/share/duco_msg/package.bash'
[0.546s] INFO:colcon.colcon_core.shell:Creating package script '/home/user/ws_siasun/install/duco_msg/share/duco_msg/package.zsh'
[0.546s] Level 1:colcon.colcon_core.environment:create_file_with_runtime_dependencies(/home/user/ws_siasun/install/duco_msg/share/colcon-core/packages/duco_msg)
[0.547s] INFO:colcon.colcon_ros.task.ament_cmake.build:Building ROS package in '/home/user/ws_siasun/src/duco_ros_driver' with build type 'ament_cmake'
[0.547s] INFO:colcon.colcon_cmake.task.cmake.build:Building CMake package in '/home/user/ws_siasun/src/duco_ros_driver'
[0.547s] INFO:colcon.colcon_core.shell:Skip shell extension 'powershell' for command environment: Not usable outside of PowerShell
[0.547s] DEBUG:colcon.colcon_core.shell:Skip shell extension 'dsv' for command environment
[0.552s] INFO:colcon.colcon_ros.task.ament_cmake.build:Building ROS package in '/home/user/ws_siasun/src/robot_control' with build type 'ament_cmake'
[0.552s] INFO:colcon.colcon_cmake.task.cmake.build:Building CMake package in '/home/user/ws_siasun/src/robot_control'
[0.552s] INFO:colcon.colcon_core.shell:Skip shell extension 'powershell' for command environment: Not usable outside of PowerShell
[0.552s] DEBUG:colcon.colcon_core.shell:Skip shell extension 'dsv' for command environment
[0.565s] DEBUG:colcon.colcon_core.event_handler.log_command:Invoking command in '/home/user/ws_siasun/build/duco_ros_driver': CMAKE_PREFIX_PATH=/home/user/ws_siasun/install/duco_arms:/home/user/ws_siasun/install/duco_support:/home/user/ws_siasun/install/duco_msg:/home/user/ws_siasun/install/robot_control:/home/user/ws_siasun/install/aivt:/home/user/ws_siasun/install/duco_ros_driver:/home/user/ws_siasun/install/duco_gcr3_618_moveit_config:/home/user/ws_siasun/install/aivt_interfaces:/opt/ros/humble /usr/bin/cmake --build /home/user/ws_siasun/build/duco_ros_driver -- -j16 -l16
[0.567s] Level 1:colcon.colcon_core.environment:create_environment_scripts_only(aivt_interfaces)
[0.568s] Level 1:colcon.colcon_core.environment:checking '/home/user/ws_siasun/install/aivt_interfaces' for CMake module files
[0.569s] DEBUG:colcon.colcon_core.event_handler.log_command:Invoking command in '/home/user/ws_siasun/build/robot_control': CMAKE_PREFIX_PATH=/home/user/ws_siasun/install/duco_msg:/home/user/ws_siasun/install/robot_control:/home/user/ws_siasun/install/aivt:/home/user/ws_siasun/install/duco_ros_driver:/home/user/ws_siasun/install/duco_gcr3_618_moveit_config:/home/user/ws_siasun/install/duco_arms:/home/user/ws_siasun/install/duco_support:/home/user/ws_siasun/install/aivt_interfaces:/opt/ros/humble /usr/bin/cmake --build /home/user/ws_siasun/build/robot_control -- -j16 -l16
[0.569s] DEBUG:colcon.colcon_core.event_handler.log_command:Invoked command in '/home/user/ws_siasun/build/aivt_interfaces' returned '0': CMAKE_PREFIX_PATH=${CMAKE_PREFIX_PATH}:/opt/ros/humble /usr/bin/cmake --install /home/user/ws_siasun/build/aivt_interfaces
[0.569s] Level 1:colcon.colcon_core.environment:checking '/home/user/ws_siasun/install/aivt_interfaces' for CMake config files
[0.570s] Level 1:colcon.colcon_core.shell:create_environment_hook('aivt_interfaces', 'cmake_prefix_path')
[0.570s] INFO:colcon.colcon_core.shell:Creating environment hook '/home/user/ws_siasun/install/aivt_interfaces/share/aivt_interfaces/hook/cmake_prefix_path.ps1'
[0.571s] INFO:colcon.colcon_core.shell:Creating environment descriptor '/home/user/ws_siasun/install/aivt_interfaces/share/aivt_interfaces/hook/cmake_prefix_path.dsv'
[0.571s] INFO:colcon.colcon_core.shell:Creating environment hook '/home/user/ws_siasun/install/aivt_interfaces/share/aivt_interfaces/hook/cmake_prefix_path.sh'
[0.572s] Level 1:colcon.colcon_core.environment:checking '/home/user/ws_siasun/install/aivt_interfaces/lib'
[0.572s] Level 1:colcon.colcon_core.shell:create_environment_hook('aivt_interfaces', 'ld_library_path_lib')
[0.572s] INFO:colcon.colcon_core.shell:Creating environment hook '/home/user/ws_siasun/install/aivt_interfaces/share/aivt_interfaces/hook/ld_library_path_lib.ps1'
[0.572s] INFO:colcon.colcon_core.shell:Creating environment descriptor '/home/user/ws_siasun/install/aivt_interfaces/share/aivt_interfaces/hook/ld_library_path_lib.dsv'
[0.573s] INFO:colcon.colcon_core.shell:Creating environment hook '/home/user/ws_siasun/install/aivt_interfaces/share/aivt_interfaces/hook/ld_library_path_lib.sh'
[0.573s] Level 1:colcon.colcon_core.environment:checking '/home/user/ws_siasun/install/aivt_interfaces/bin'
[0.573s] Level 1:colcon.colcon_core.environment:checking '/home/user/ws_siasun/install/aivt_interfaces/lib/pkgconfig/aivt_interfaces.pc'
[0.573s] Level 1:colcon.colcon_core.environment:checking '/home/user/ws_siasun/install/aivt_interfaces/lib/python3.10/site-packages'
[0.574s] Level 1:colcon.colcon_core.environment:checking '/home/user/ws_siasun/install/aivt_interfaces/bin'
[0.574s] INFO:colcon.colcon_core.shell:Creating package script '/home/user/ws_siasun/install/aivt_interfaces/share/aivt_interfaces/package.ps1'
[0.574s] INFO:colcon.colcon_core.shell:Creating package descriptor '/home/user/ws_siasun/install/aivt_interfaces/share/aivt_interfaces/package.dsv'
[0.575s] INFO:colcon.colcon_core.shell:Creating package script '/home/user/ws_siasun/install/aivt_interfaces/share/aivt_interfaces/package.sh'
[0.575s] INFO:colcon.colcon_core.shell:Creating package script '/home/user/ws_siasun/install/aivt_interfaces/share/aivt_interfaces/package.bash'
[0.576s] INFO:colcon.colcon_core.shell:Creating package script '/home/user/ws_siasun/install/aivt_interfaces/share/aivt_interfaces/package.zsh'
[0.576s] Level 1:colcon.colcon_core.environment:create_file_with_runtime_dependencies(/home/user/ws_siasun/install/aivt_interfaces/share/colcon-core/packages/aivt_interfaces)
[0.577s] Level 1:colcon.colcon_core.environment:create_environment_scripts_only(aivt_interfaces)
[0.577s] Level 1:colcon.colcon_core.environment:checking '/home/user/ws_siasun/install/aivt_interfaces' for CMake module files
[0.577s] Level 1:colcon.colcon_core.environment:checking '/home/user/ws_siasun/install/aivt_interfaces' for CMake config files
[0.578s] Level 1:colcon.colcon_core.shell:create_environment_hook('aivt_interfaces', 'cmake_prefix_path')
[0.578s] INFO:colcon.colcon_core.shell:Creating environment hook '/home/user/ws_siasun/install/aivt_interfaces/share/aivt_interfaces/hook/cmake_prefix_path.ps1'
[0.578s] INFO:colcon.colcon_core.shell:Creating environment descriptor '/home/user/ws_siasun/install/aivt_interfaces/share/aivt_interfaces/hook/cmake_prefix_path.dsv'
[0.579s] INFO:colcon.colcon_core.shell:Creating environment hook '/home/user/ws_siasun/install/aivt_interfaces/share/aivt_interfaces/hook/cmake_prefix_path.sh'
[0.579s] Level 1:colcon.colcon_core.environment:checking '/home/user/ws_siasun/install/aivt_interfaces/lib'
[0.579s] Level 1:colcon.colcon_core.shell:create_environment_hook('aivt_interfaces', 'ld_library_path_lib')
[0.579s] INFO:colcon.colcon_core.shell:Creating environment hook '/home/user/ws_siasun/install/aivt_interfaces/share/aivt_interfaces/hook/ld_library_path_lib.ps1'
[0.580s] INFO:colcon.colcon_core.shell:Creating environment descriptor '/home/user/ws_siasun/install/aivt_interfaces/share/aivt_interfaces/hook/ld_library_path_lib.dsv'
[0.580s] INFO:colcon.colcon_core.shell:Creating environment hook '/home/user/ws_siasun/install/aivt_interfaces/share/aivt_interfaces/hook/ld_library_path_lib.sh'
[0.580s] Level 1:colcon.colcon_core.environment:checking '/home/user/ws_siasun/install/aivt_interfaces/bin'
[0.581s] Level 1:colcon.colcon_core.environment:checking '/home/user/ws_siasun/install/aivt_interfaces/lib/pkgconfig/aivt_interfaces.pc'
[0.581s] Level 1:colcon.colcon_core.environment:checking '/home/user/ws_siasun/install/aivt_interfaces/lib/python3.10/site-packages'
[0.581s] Level 1:colcon.colcon_core.environment:checking '/home/user/ws_siasun/install/aivt_interfaces/bin'
[0.581s] INFO:colcon.colcon_core.shell:Creating package script '/home/user/ws_siasun/install/aivt_interfaces/share/aivt_interfaces/package.ps1'
[0.582s] INFO:colcon.colcon_core.shell:Creating package descriptor '/home/user/ws_siasun/install/aivt_interfaces/share/aivt_interfaces/package.dsv'
[0.583s] INFO:colcon.colcon_core.shell:Creating package script '/home/user/ws_siasun/install/aivt_interfaces/share/aivt_interfaces/package.sh'
[0.583s] INFO:colcon.colcon_core.shell:Creating package script '/home/user/ws_siasun/install/aivt_interfaces/share/aivt_interfaces/package.bash'
[0.583s] INFO:colcon.colcon_core.shell:Creating package script '/home/user/ws_siasun/install/aivt_interfaces/share/aivt_interfaces/package.zsh'
[0.584s] Level 1:colcon.colcon_core.environment:create_file_with_runtime_dependencies(/home/user/ws_siasun/install/aivt_interfaces/share/colcon-core/packages/aivt_interfaces)
[0.620s] DEBUG:colcon.colcon_core.event_handler.log_command:Invoked command in '/home/user/ws_siasun/build/duco_ros_driver' returned '0': CMAKE_PREFIX_PATH=/home/user/ws_siasun/install/duco_arms:/home/user/ws_siasun/install/duco_support:/home/user/ws_siasun/install/duco_msg:/home/user/ws_siasun/install/robot_control:/home/user/ws_siasun/install/aivt:/home/user/ws_siasun/install/duco_ros_driver:/home/user/ws_siasun/install/duco_gcr3_618_moveit_config:/home/user/ws_siasun/install/aivt_interfaces:/opt/ros/humble /usr/bin/cmake --build /home/user/ws_siasun/build/duco_ros_driver -- -j16 -l16
[0.621s] DEBUG:colcon.colcon_core.event_handler.log_command:Invoking command in '/home/user/ws_siasun/build/duco_ros_driver': CMAKE_PREFIX_PATH=/home/user/ws_siasun/install/duco_arms:/home/user/ws_siasun/install/duco_support:/home/user/ws_siasun/install/duco_msg:/home/user/ws_siasun/install/robot_control:/home/user/ws_siasun/install/aivt:/home/user/ws_siasun/install/duco_ros_driver:/home/user/ws_siasun/install/duco_gcr3_618_moveit_config:/home/user/ws_siasun/install/aivt_interfaces:/opt/ros/humble /usr/bin/cmake --install /home/user/ws_siasun/build/duco_ros_driver
[0.632s] Level 1:colcon.colcon_core.environment:create_environment_scripts_only(duco_ros_driver)
[0.633s] Level 1:colcon.colcon_core.environment:checking '/home/user/ws_siasun/install/duco_ros_driver' for CMake module files
[0.633s] DEBUG:colcon.colcon_core.event_handler.log_command:Invoked command in '/home/user/ws_siasun/build/duco_ros_driver' returned '0': CMAKE_PREFIX_PATH=/home/user/ws_siasun/install/duco_arms:/home/user/ws_siasun/install/duco_support:/home/user/ws_siasun/install/duco_msg:/home/user/ws_siasun/install/robot_control:/home/user/ws_siasun/install/aivt:/home/user/ws_siasun/install/duco_ros_driver:/home/user/ws_siasun/install/duco_gcr3_618_moveit_config:/home/user/ws_siasun/install/aivt_interfaces:/opt/ros/humble /usr/bin/cmake --install /home/user/ws_siasun/build/duco_ros_driver
[0.633s] Level 1:colcon.colcon_core.environment:checking '/home/user/ws_siasun/install/duco_ros_driver' for CMake config files
[0.634s] Level 1:colcon.colcon_core.shell:create_environment_hook('duco_ros_driver', 'cmake_prefix_path')
[0.634s] INFO:colcon.colcon_core.shell:Creating environment hook '/home/user/ws_siasun/install/duco_ros_driver/share/duco_ros_driver/hook/cmake_prefix_path.ps1'
[0.634s] INFO:colcon.colcon_core.shell:Creating environment descriptor '/home/user/ws_siasun/install/duco_ros_driver/share/duco_ros_driver/hook/cmake_prefix_path.dsv'
[0.635s] INFO:colcon.colcon_core.shell:Creating environment hook '/home/user/ws_siasun/install/duco_ros_driver/share/duco_ros_driver/hook/cmake_prefix_path.sh'
[0.636s] Level 1:colcon.colcon_core.environment:checking '/home/user/ws_siasun/install/duco_ros_driver/lib'
[0.636s] Level 1:colcon.colcon_core.environment:checking '/home/user/ws_siasun/install/duco_ros_driver/bin'
[0.636s] Level 1:colcon.colcon_core.environment:checking '/home/user/ws_siasun/install/duco_ros_driver/lib/pkgconfig/duco_ros_driver.pc'
[0.636s] Level 1:colcon.colcon_core.environment:checking '/home/user/ws_siasun/install/duco_ros_driver/lib/python3.10/site-packages'
[0.636s] Level 1:colcon.colcon_core.environment:checking '/home/user/ws_siasun/install/duco_ros_driver/bin'
[0.637s] INFO:colcon.colcon_core.shell:Creating package script '/home/user/ws_siasun/install/duco_ros_driver/share/duco_ros_driver/package.ps1'
[0.637s] INFO:colcon.colcon_core.shell:Creating package descriptor '/home/user/ws_siasun/install/duco_ros_driver/share/duco_ros_driver/package.dsv'
[0.638s] INFO:colcon.colcon_core.shell:Creating package script '/home/user/ws_siasun/install/duco_ros_driver/share/duco_ros_driver/package.sh'
[0.638s] INFO:colcon.colcon_core.shell:Creating package script '/home/user/ws_siasun/install/duco_ros_driver/share/duco_ros_driver/package.bash'
[0.638s] INFO:colcon.colcon_core.shell:Creating package script '/home/user/ws_siasun/install/duco_ros_driver/share/duco_ros_driver/package.zsh'
[0.639s] Level 1:colcon.colcon_core.environment:create_file_with_runtime_dependencies(/home/user/ws_siasun/install/duco_ros_driver/share/colcon-core/packages/duco_ros_driver)
[0.639s] Level 1:colcon.colcon_core.environment:create_environment_scripts_only(duco_ros_driver)
[0.639s] Level 1:colcon.colcon_core.environment:checking '/home/user/ws_siasun/install/duco_ros_driver' for CMake module files
[0.640s] Level 1:colcon.colcon_core.environment:checking '/home/user/ws_siasun/install/duco_ros_driver' for CMake config files
[0.640s] Level 1:colcon.colcon_core.shell:create_environment_hook('duco_ros_driver', 'cmake_prefix_path')
[0.640s] INFO:colcon.colcon_core.shell:Creating environment hook '/home/user/ws_siasun/install/duco_ros_driver/share/duco_ros_driver/hook/cmake_prefix_path.ps1'
[0.641s] INFO:colcon.colcon_core.shell:Creating environment descriptor '/home/user/ws_siasun/install/duco_ros_driver/share/duco_ros_driver/hook/cmake_prefix_path.dsv'
[0.641s] INFO:colcon.colcon_core.shell:Creating environment hook '/home/user/ws_siasun/install/duco_ros_driver/share/duco_ros_driver/hook/cmake_prefix_path.sh'
[0.642s] Level 1:colcon.colcon_core.environment:checking '/home/user/ws_siasun/install/duco_ros_driver/lib'
[0.642s] Level 1:colcon.colcon_core.environment:checking '/home/user/ws_siasun/install/duco_ros_driver/bin'
[0.642s] Level 1:colcon.colcon_core.environment:checking '/home/user/ws_siasun/install/duco_ros_driver/lib/pkgconfig/duco_ros_driver.pc'
[0.642s] Level 1:colcon.colcon_core.environment:checking '/home/user/ws_siasun/install/duco_ros_driver/lib/python3.10/site-packages'
[0.643s] Level 1:colcon.colcon_core.environment:checking '/home/user/ws_siasun/install/duco_ros_driver/bin'
[0.643s] INFO:colcon.colcon_core.shell:Creating package script '/home/user/ws_siasun/install/duco_ros_driver/share/duco_ros_driver/package.ps1'
[0.643s] INFO:colcon.colcon_core.shell:Creating package descriptor '/home/user/ws_siasun/install/duco_ros_driver/share/duco_ros_driver/package.dsv'
[0.644s] INFO:colcon.colcon_core.shell:Creating package script '/home/user/ws_siasun/install/duco_ros_driver/share/duco_ros_driver/package.sh'
[0.645s] INFO:colcon.colcon_core.shell:Creating package script '/home/user/ws_siasun/install/duco_ros_driver/share/duco_ros_driver/package.bash'
[0.645s] INFO:colcon.colcon_core.shell:Creating package script '/home/user/ws_siasun/install/duco_ros_driver/share/duco_ros_driver/package.zsh'
[0.645s] Level 1:colcon.colcon_core.environment:create_file_with_runtime_dependencies(/home/user/ws_siasun/install/duco_ros_driver/share/colcon-core/packages/duco_ros_driver)
[0.646s] INFO:colcon.colcon_ros.task.ament_cmake.build:Building ROS package in '/home/user/ws_siasun/src/aivt' with build type 'ament_cmake'
[0.646s] INFO:colcon.colcon_cmake.task.cmake.build:Building CMake package in '/home/user/ws_siasun/src/aivt'
[0.646s] INFO:colcon.colcon_core.shell:Skip shell extension 'powershell' for command environment: Not usable outside of PowerShell
[0.646s] DEBUG:colcon.colcon_core.shell:Skip shell extension 'dsv' for command environment
[0.651s] DEBUG:colcon.colcon_core.event_handler.log_command:Invoked command in '/home/user/ws_siasun/build/robot_control' returned '0': CMAKE_PREFIX_PATH=/home/user/ws_siasun/install/duco_msg:/home/user/ws_siasun/install/robot_control:/home/user/ws_siasun/install/aivt:/home/user/ws_siasun/install/duco_ros_driver:/home/user/ws_siasun/install/duco_gcr3_618_moveit_config:/home/user/ws_siasun/install/duco_arms:/home/user/ws_siasun/install/duco_support:/home/user/ws_siasun/install/aivt_interfaces:/opt/ros/humble /usr/bin/cmake --build /home/user/ws_siasun/build/robot_control -- -j16 -l16
[0.652s] DEBUG:colcon.colcon_core.event_handler.log_command:Invoking command in '/home/user/ws_siasun/build/robot_control': CMAKE_PREFIX_PATH=/home/user/ws_siasun/install/duco_msg:/home/user/ws_siasun/install/robot_control:/home/user/ws_siasun/install/aivt:/home/user/ws_siasun/install/duco_ros_driver:/home/user/ws_siasun/install/duco_gcr3_618_moveit_config:/home/user/ws_siasun/install/duco_arms:/home/user/ws_siasun/install/duco_support:/home/user/ws_siasun/install/aivt_interfaces:/opt/ros/humble /usr/bin/cmake --install /home/user/ws_siasun/build/robot_control
[0.661s] Level 1:colcon.colcon_core.environment:create_environment_scripts_only(robot_control)
[0.661s] Level 1:colcon.colcon_core.environment:checking '/home/user/ws_siasun/install/robot_control' for CMake module files
[0.662s] DEBUG:colcon.colcon_core.event_handler.log_command:Invoking command in '/home/user/ws_siasun/build/aivt': CMAKE_PREFIX_PATH=/home/user/ws_siasun/install/duco_ros_driver:/home/user/ws_siasun/install/duco_arms:/home/user/ws_siasun/install/duco_support:/home/user/ws_siasun/install/duco_msg:/home/user/ws_siasun/install/aivt_interfaces:/home/user/ws_siasun/install/robot_control:/home/user/ws_siasun/install/aivt:/home/user/ws_siasun/install/duco_gcr3_618_moveit_config:/opt/ros/humble /usr/bin/cmake --build /home/user/ws_siasun/build/aivt -- -j16 -l16
[0.662s] DEBUG:colcon.colcon_core.event_handler.log_command:Invoked command in '/home/user/ws_siasun/build/robot_control' returned '0': CMAKE_PREFIX_PATH=/home/user/ws_siasun/install/duco_msg:/home/user/ws_siasun/install/robot_control:/home/user/ws_siasun/install/aivt:/home/user/ws_siasun/install/duco_ros_driver:/home/user/ws_siasun/install/duco_gcr3_618_moveit_config:/home/user/ws_siasun/install/duco_arms:/home/user/ws_siasun/install/duco_support:/home/user/ws_siasun/install/aivt_interfaces:/opt/ros/humble /usr/bin/cmake --install /home/user/ws_siasun/build/robot_control
[0.662s] Level 1:colcon.colcon_core.environment:checking '/home/user/ws_siasun/install/robot_control' for CMake config files
[0.663s] Level 1:colcon.colcon_core.shell:create_environment_hook('robot_control', 'cmake_prefix_path')
[0.663s] INFO:colcon.colcon_core.shell:Creating environment hook '/home/user/ws_siasun/install/robot_control/share/robot_control/hook/cmake_prefix_path.ps1'
[0.663s] INFO:colcon.colcon_core.shell:Creating environment descriptor '/home/user/ws_siasun/install/robot_control/share/robot_control/hook/cmake_prefix_path.dsv'
[0.664s] INFO:colcon.colcon_core.shell:Creating environment hook '/home/user/ws_siasun/install/robot_control/share/robot_control/hook/cmake_prefix_path.sh'
[0.665s] Level 1:colcon.colcon_core.environment:checking '/home/user/ws_siasun/install/robot_control/lib'
[0.665s] Level 1:colcon.colcon_core.environment:checking '/home/user/ws_siasun/install/robot_control/bin'
[0.665s] Level 1:colcon.colcon_core.environment:checking '/home/user/ws_siasun/install/robot_control/lib/pkgconfig/robot_control.pc'
[0.665s] Level 1:colcon.colcon_core.environment:checking '/home/user/ws_siasun/install/robot_control/lib/python3.10/site-packages'
[0.665s] Level 1:colcon.colcon_core.environment:checking '/home/user/ws_siasun/install/robot_control/bin'
[0.665s] INFO:colcon.colcon_core.shell:Creating package script '/home/user/ws_siasun/install/robot_control/share/robot_control/package.ps1'
[0.666s] INFO:colcon.colcon_core.shell:Creating package descriptor '/home/user/ws_siasun/install/robot_control/share/robot_control/package.dsv'
[0.666s] INFO:colcon.colcon_core.shell:Creating package script '/home/user/ws_siasun/install/robot_control/share/robot_control/package.sh'
[0.667s] INFO:colcon.colcon_core.shell:Creating package script '/home/user/ws_siasun/install/robot_control/share/robot_control/package.bash'
[0.668s] INFO:colcon.colcon_core.shell:Creating package script '/home/user/ws_siasun/install/robot_control/share/robot_control/package.zsh'
[0.668s] Level 1:colcon.colcon_core.environment:create_file_with_runtime_dependencies(/home/user/ws_siasun/install/robot_control/share/colcon-core/packages/robot_control)
[0.669s] Level 1:colcon.colcon_core.environment:create_environment_scripts_only(robot_control)
[0.669s] Level 1:colcon.colcon_core.environment:checking '/home/user/ws_siasun/install/robot_control' for CMake module files
[0.669s] Level 1:colcon.colcon_core.environment:checking '/home/user/ws_siasun/install/robot_control' for CMake config files
[0.670s] Level 1:colcon.colcon_core.shell:create_environment_hook('robot_control', 'cmake_prefix_path')
[0.670s] INFO:colcon.colcon_core.shell:Creating environment hook '/home/user/ws_siasun/install/robot_control/share/robot_control/hook/cmake_prefix_path.ps1'
[0.670s] INFO:colcon.colcon_core.shell:Creating environment descriptor '/home/user/ws_siasun/install/robot_control/share/robot_control/hook/cmake_prefix_path.dsv'
[0.671s] INFO:colcon.colcon_core.shell:Creating environment hook '/home/user/ws_siasun/install/robot_control/share/robot_control/hook/cmake_prefix_path.sh'
[0.671s] Level 1:colcon.colcon_core.environment:checking '/home/user/ws_siasun/install/robot_control/lib'
[0.671s] Level 1:colcon.colcon_core.environment:checking '/home/user/ws_siasun/install/robot_control/bin'
[0.671s] Level 1:colcon.colcon_core.environment:checking '/home/user/ws_siasun/install/robot_control/lib/pkgconfig/robot_control.pc'
[0.672s] Level 1:colcon.colcon_core.environment:checking '/home/user/ws_siasun/install/robot_control/lib/python3.10/site-packages'
[0.672s] Level 1:colcon.colcon_core.environment:checking '/home/user/ws_siasun/install/robot_control/bin'
[0.672s] INFO:colcon.colcon_core.shell:Creating package script '/home/user/ws_siasun/install/robot_control/share/robot_control/package.ps1'
[0.672s] INFO:colcon.colcon_core.shell:Creating package descriptor '/home/user/ws_siasun/install/robot_control/share/robot_control/package.dsv'
[0.673s] INFO:colcon.colcon_core.shell:Creating package script '/home/user/ws_siasun/install/robot_control/share/robot_control/package.sh'
[0.673s] INFO:colcon.colcon_core.shell:Creating package script '/home/user/ws_siasun/install/robot_control/share/robot_control/package.bash'
[0.674s] INFO:colcon.colcon_core.shell:Creating package script '/home/user/ws_siasun/install/robot_control/share/robot_control/package.zsh'
[0.674s] Level 1:colcon.colcon_core.environment:create_file_with_runtime_dependencies(/home/user/ws_siasun/install/robot_control/share/colcon-core/packages/robot_control)
[15.468s] DEBUG:colcon.colcon_core.event_handler.log_command:Invoked command in '/home/user/ws_siasun/build/aivt' returned '0': CMAKE_PREFIX_PATH=/home/user/ws_siasun/install/duco_ros_driver:/home/user/ws_siasun/install/duco_arms:/home/user/ws_siasun/install/duco_support:/home/user/ws_siasun/install/duco_msg:/home/user/ws_siasun/install/aivt_interfaces:/home/user/ws_siasun/install/robot_control:/home/user/ws_siasun/install/aivt:/home/user/ws_siasun/install/duco_gcr3_618_moveit_config:/opt/ros/humble /usr/bin/cmake --build /home/user/ws_siasun/build/aivt -- -j16 -l16
[15.470s] DEBUG:colcon.colcon_core.event_handler.log_command:Invoking command in '/home/user/ws_siasun/build/aivt': CMAKE_PREFIX_PATH=/home/user/ws_siasun/install/duco_ros_driver:/home/user/ws_siasun/install/duco_arms:/home/user/ws_siasun/install/duco_support:/home/user/ws_siasun/install/duco_msg:/home/user/ws_siasun/install/aivt_interfaces:/home/user/ws_siasun/install/robot_control:/home/user/ws_siasun/install/aivt:/home/user/ws_siasun/install/duco_gcr3_618_moveit_config:/opt/ros/humble /usr/bin/cmake --install /home/user/ws_siasun/build/aivt
[15.489s] Level 1:colcon.colcon_core.environment:create_environment_scripts_only(aivt)
[15.489s] Level 1:colcon.colcon_core.environment:checking '/home/user/ws_siasun/install/aivt' for CMake module files
[15.490s] Level 1:colcon.colcon_core.environment:checking '/home/user/ws_siasun/install/aivt' for CMake config files
[15.491s] DEBUG:colcon.colcon_core.event_handler.log_command:Invoked command in '/home/user/ws_siasun/build/aivt' returned '0': CMAKE_PREFIX_PATH=/home/user/ws_siasun/install/duco_ros_driver:/home/user/ws_siasun/install/duco_arms:/home/user/ws_siasun/install/duco_support:/home/user/ws_siasun/install/duco_msg:/home/user/ws_siasun/install/aivt_interfaces:/home/user/ws_siasun/install/robot_control:/home/user/ws_siasun/install/aivt:/home/user/ws_siasun/install/duco_gcr3_618_moveit_config:/opt/ros/humble /usr/bin/cmake --install /home/user/ws_siasun/build/aivt
[15.491s] Level 1:colcon.colcon_core.shell:create_environment_hook('aivt', 'cmake_prefix_path')
[15.491s] INFO:colcon.colcon_core.shell:Creating environment hook '/home/user/ws_siasun/install/aivt/share/aivt/hook/cmake_prefix_path.ps1'
[15.492s] INFO:colcon.colcon_core.shell:Creating environment descriptor '/home/user/ws_siasun/install/aivt/share/aivt/hook/cmake_prefix_path.dsv'
[15.492s] INFO:colcon.colcon_core.shell:Creating environment hook '/home/user/ws_siasun/install/aivt/share/aivt/hook/cmake_prefix_path.sh'
[15.493s] Level 1:colcon.colcon_core.environment:checking '/home/user/ws_siasun/install/aivt/lib'
[15.493s] Level 1:colcon.colcon_core.environment:checking '/home/user/ws_siasun/install/aivt/bin'
[15.493s] Level 1:colcon.colcon_core.environment:checking '/home/user/ws_siasun/install/aivt/lib/pkgconfig/aivt.pc'
[15.493s] Level 1:colcon.colcon_core.environment:checking '/home/user/ws_siasun/install/aivt/lib/python3.10/site-packages'
[15.493s] Level 1:colcon.colcon_core.environment:checking '/home/user/ws_siasun/install/aivt/bin'
[15.494s] INFO:colcon.colcon_core.shell:Creating package script '/home/user/ws_siasun/install/aivt/share/aivt/package.ps1'
[15.494s] INFO:colcon.colcon_core.shell:Creating package descriptor '/home/user/ws_siasun/install/aivt/share/aivt/package.dsv'
[15.494s] INFO:colcon.colcon_core.shell:Creating package script '/home/user/ws_siasun/install/aivt/share/aivt/package.sh'
[15.494s] INFO:colcon.colcon_core.shell:Creating package script '/home/user/ws_siasun/install/aivt/share/aivt/package.bash'
[15.494s] INFO:colcon.colcon_core.shell:Creating package script '/home/user/ws_siasun/install/aivt/share/aivt/package.zsh'
[15.495s] Level 1:colcon.colcon_core.environment:create_file_with_runtime_dependencies(/home/user/ws_siasun/install/aivt/share/colcon-core/packages/aivt)
[15.495s] Level 1:colcon.colcon_core.environment:create_environment_scripts_only(aivt)
[15.495s] Level 1:colcon.colcon_core.environment:checking '/home/user/ws_siasun/install/aivt' for CMake module files
[15.495s] Level 1:colcon.colcon_core.environment:checking '/home/user/ws_siasun/install/aivt' for CMake config files
[15.495s] Level 1:colcon.colcon_core.shell:create_environment_hook('aivt', 'cmake_prefix_path')
[15.496s] INFO:colcon.colcon_core.shell:Creating environment hook '/home/user/ws_siasun/install/aivt/share/aivt/hook/cmake_prefix_path.ps1'
[15.496s] INFO:colcon.colcon_core.shell:Creating environment descriptor '/home/user/ws_siasun/install/aivt/share/aivt/hook/cmake_prefix_path.dsv'
[15.496s] INFO:colcon.colcon_core.shell:Creating environment hook '/home/user/ws_siasun/install/aivt/share/aivt/hook/cmake_prefix_path.sh'
[15.496s] Level 1:colcon.colcon_core.environment:checking '/home/user/ws_siasun/install/aivt/lib'
[15.496s] Level 1:colcon.colcon_core.environment:checking '/home/user/ws_siasun/install/aivt/bin'
[15.496s] Level 1:colcon.colcon_core.environment:checking '/home/user/ws_siasun/install/aivt/lib/pkgconfig/aivt.pc'
[15.496s] Level 1:colcon.colcon_core.environment:checking '/home/user/ws_siasun/install/aivt/lib/python3.10/site-packages'
[15.497s] Level 1:colcon.colcon_core.environment:checking '/home/user/ws_siasun/install/aivt/bin'
[15.497s] INFO:colcon.colcon_core.shell:Creating package script '/home/user/ws_siasun/install/aivt/share/aivt/package.ps1'
[15.497s] INFO:colcon.colcon_core.shell:Creating package descriptor '/home/user/ws_siasun/install/aivt/share/aivt/package.dsv'
[15.497s] INFO:colcon.colcon_core.shell:Creating package script '/home/user/ws_siasun/install/aivt/share/aivt/package.sh'
[15.497s] INFO:colcon.colcon_core.shell:Creating package script '/home/user/ws_siasun/install/aivt/share/aivt/package.bash'
[15.498s] INFO:colcon.colcon_core.shell:Creating package script '/home/user/ws_siasun/install/aivt/share/aivt/package.zsh'
[15.498s] Level 1:colcon.colcon_core.environment:create_file_with_runtime_dependencies(/home/user/ws_siasun/install/aivt/share/colcon-core/packages/aivt)
[15.498s] DEBUG:colcon.colcon_parallel_executor.executor.parallel:closing loop
[15.499s] DEBUG:colcon.colcon_parallel_executor.executor.parallel:loop closed
[15.499s] DEBUG:colcon.colcon_parallel_executor.executor.parallel:run_until_complete finished with '0'
[15.499s] DEBUG:colcon.colcon_core.event_reactor:joining thread
[15.503s] INFO:colcon.colcon_core.plugin_system:Skipping extension 'colcon_notification.desktop_notification.terminal_notifier': Not used on non-Darwin systems
[15.503s] INFO:colcon.colcon_core.plugin_system:Skipping extension 'colcon_notification.desktop_notification.win32': Not used on non-Windows systems
[15.503s] INFO:colcon.colcon_notification.desktop_notification:Sending desktop notification using 'notify2'
[15.512s] DEBUG:colcon.colcon_core.event_reactor:joined thread
[15.512s] INFO:colcon.colcon_core.shell:Creating prefix script '/home/user/ws_siasun/install/local_setup.ps1'
[15.513s] INFO:colcon.colcon_core.shell:Creating prefix util module '/home/user/ws_siasun/install/_local_setup_util_ps1.py'
[15.514s] INFO:colcon.colcon_core.shell:Creating prefix chain script '/home/user/ws_siasun/install/setup.ps1'
[15.515s] INFO:colcon.colcon_core.shell:Creating prefix script '/home/user/ws_siasun/install/local_setup.sh'
[15.515s] INFO:colcon.colcon_core.shell:Creating prefix util module '/home/user/ws_siasun/install/_local_setup_util_sh.py'
[15.515s] INFO:colcon.colcon_core.shell:Creating prefix chain script '/home/user/ws_siasun/install/setup.sh'
[15.516s] INFO:colcon.colcon_core.shell:Creating prefix script '/home/user/ws_siasun/install/local_setup.bash'
[15.516s] INFO:colcon.colcon_core.shell:Creating prefix chain script '/home/user/ws_siasun/install/setup.bash'
[15.517s] INFO:colcon.colcon_core.shell:Creating prefix script '/home/user/ws_siasun/install/local_setup.zsh'
[15.517s] INFO:colcon.colcon_core.shell:Creating prefix chain script '/home/user/ws_siasun/install/setup.zsh'
