-- The C compiler identification is GNU 12.3.0
-- The CXX compiler identification is GNU 12.3.0
-- Detecting C compiler ABI info
-- Detecting C compiler ABI info - done
-- Check for working C compiler: /usr/bin/cc - skipped
-- Detecting C compile features
-- Detecting C compile features - done
-- Detecting CXX compiler ABI info
-- Detecting CXX compiler ABI info - done
-- Check for working CXX compiler: /usr/bin/c++ - skipped
-- Detecting CXX compile features
-- Detecting CXX compile features - done
-- Found ament_cmake: 1.3.11 (/opt/ros/humble/share/ament_cmake/cmake)
-- Found Python3: /usr/bin/python3 (found version "3.10.12") found components: Interpreter 
-- Found rclcpp: 16.0.12 (/opt/ros/humble/share/rclcpp/cmake)
-- Found rosidl_generator_c: 3.1.6 (/opt/ros/humble/share/rosidl_generator_c/cmake)
-- Found rosidl_adapter: 3.1.6 (/opt/ros/humble/share/rosidl_adapter/cmake)
-- Found rosidl_generator_cpp: 3.1.6 (/opt/ros/humble/share/rosidl_generator_cpp/cmake)
-- Using all available rosidl_typesupport_c: rosidl_typesupport_fastrtps_c;rosidl_typesupport_introspection_c
-- Using all available rosidl_typesupport_cpp: rosidl_typesupport_fastrtps_cpp;rosidl_typesupport_introspection_cpp
-- Found rmw_implementation_cmake: 6.1.2 (/opt/ros/humble/share/rmw_implementation_cmake/cmake)
-- Found rmw_fastrtps_cpp: 6.2.7 (/opt/ros/humble/share/rmw_fastrtps_cpp/cmake)
-- Found OpenSSL: /usr/lib/x86_64-linux-gnu/libcrypto.so (found version "3.0.2")  
-- Found FastRTPS: /opt/ros/humble/include  
-- Using RMW implementation 'rmw_fastrtps_cpp' as default
-- Looking for pthread.h
-- Looking for pthread.h - found
-- Performing Test CMAKE_HAVE_LIBC_PTHREAD
-- Performing Test CMAKE_HAVE_LIBC_PTHREAD - Success
-- Found Threads: TRUE  
-- Found base_interfaces: 0.0.0 (/home/ubuntu/ws_engineer/install/base_interfaces/share/base_interfaces/cmake)
-- fmt version found: 9.1.0
-- Found OpenCV: /usr/local (found version "4.5.5") 
-- Found ament_lint_auto: 0.12.12 (/opt/ros/humble/share/ament_lint_auto/cmake)
-- Added test 'cppcheck' to perform static code analysis on C / C++ code
-- Configured cppcheck include dirs: /home/ubuntu/ws_engineer/src/engineer_protocol/include;/home/ubuntu/ws_engineer/src/engineer_protocol/serial;$<BUILD_INTERFACE:/home/ubuntu/ws_engineer/src/engineer_protocol/include>
-- Configured cppcheck exclude dirs and/or files: 
-- Added test 'lint_cmake' to check CMake code style
-- Added test 'uncrustify' to check C / C++ code style
-- Configured uncrustify additional arguments: 
-- Added test 'xmllint' to check XML markup files
-- Configuring done
-- Generating done
-- Build files have been written to: /home/ubuntu/ws_engineer/build/engineer_protocol
[ 25%] [32mBuilding CXX object CMakeFiles/uart-serial-driver.dir/src/uart_serial_driver.cpp.o[0m
[ 50%] [32m[1mLinking CXX static library libuart-serial-driver.a[0m
[ 50%] Built target uart-serial-driver
[ 75%] [32mBuilding CXX object CMakeFiles/uart_serial.dir/src/uart_serial.cpp.o[0m
[100%] [32m[1mLinking CXX executable uart_serial[0m
[100%] Built target uart_serial
-- Install configuration: ""
-- Installing: /home/ubuntu/ws_engineer/install/engineer_protocol/lib/engineer_protocol/uart_serial
-- Set runtime path of "/home/ubuntu/ws_engineer/install/engineer_protocol/lib/engineer_protocol/uart_serial" to ""
-- Installing: /home/ubuntu/ws_engineer/install/engineer_protocol/lib/engineer_protocol/libuart-serial-driver.a
-- Installing: /home/ubuntu/ws_engineer/install/engineer_protocol/share/ament_index/resource_index/package_run_dependencies/engineer_protocol
-- Installing: /home/ubuntu/ws_engineer/install/engineer_protocol/share/ament_index/resource_index/parent_prefix_path/engineer_protocol
-- Installing: /home/ubuntu/ws_engineer/install/engineer_protocol/share/engineer_protocol/environment/ament_prefix_path.sh
-- Installing: /home/ubuntu/ws_engineer/install/engineer_protocol/share/engineer_protocol/environment/ament_prefix_path.dsv
-- Installing: /home/ubuntu/ws_engineer/install/engineer_protocol/share/engineer_protocol/environment/path.sh
-- Installing: /home/ubuntu/ws_engineer/install/engineer_protocol/share/engineer_protocol/environment/path.dsv
-- Installing: /home/ubuntu/ws_engineer/install/engineer_protocol/share/engineer_protocol/local_setup.bash
-- Installing: /home/ubuntu/ws_engineer/install/engineer_protocol/share/engineer_protocol/local_setup.sh
-- Installing: /home/ubuntu/ws_engineer/install/engineer_protocol/share/engineer_protocol/local_setup.zsh
-- Installing: /home/ubuntu/ws_engineer/install/engineer_protocol/share/engineer_protocol/local_setup.dsv
-- Installing: /home/ubuntu/ws_engineer/install/engineer_protocol/share/engineer_protocol/package.dsv
-- Installing: /home/ubuntu/ws_engineer/install/engineer_protocol/share/ament_index/resource_index/packages/engineer_protocol
-- Installing: /home/ubuntu/ws_engineer/install/engineer_protocol/share/engineer_protocol/cmake/engineer_protocolConfig.cmake
-- Installing: /home/ubuntu/ws_engineer/install/engineer_protocol/share/engineer_protocol/cmake/engineer_protocolConfig-version.cmake
-- Installing: /home/ubuntu/ws_engineer/install/engineer_protocol/share/engineer_protocol/package.xml
