[0.059s] Invoking command in '/home/ubuntu/ws_engineer/build/base_interfaces': CMAKE_PREFIX_PATH=${CMAKE_PREFIX_PATH}:/home/ubuntu/ws_moveit/install/moveit_configs_utils:/home/ubuntu/ws_moveit/install/launch_param_builder:/home/ubuntu/ws00_helloworld/install/pkg02_helloworld_py:/home/ubuntu/dev_ws/install/learning_urdf:/home/ubuntu/dev_ws/install/learning_topic:/home/ubuntu/dev_ws/install/learning_tf:/home/ubuntu/dev_ws/install/learning_service:/home/ubuntu/dev_ws/install/learning_qos:/home/ubuntu/dev_ws/install/learning_pkg_python:/home/ubuntu/dev_ws/install/learning_parameter:/home/ubuntu/dev_ws/install/learning_node:/home/ubuntu/dev_ws/install/learning_launch:/home/ubuntu/dev_ws/install/learning_action:/home/ubuntu/dev_ws/install/learning_gazebo_harmonic:/home/ubuntu/dev_ws/install/learning_gazebo:/home/ubuntu/dev_ws/install/learning_cv:/opt/ros/humble /usr/bin/cmake --build /home/ubuntu/ws_engineer/build/base_interfaces -- -j16 -l16
[0.269s] [  2%] Built target base_interfaces__cpp
[0.269s] [ 12%] Built target base_interfaces__rosidl_generator_c
[0.293s] [ 12%] Built target ament_cmake_python_copy_base_interfaces
[0.318s] [ 23%] Built target base_interfaces__rosidl_typesupport_cpp
[0.321s] [ 38%] Built target base_interfaces__rosidl_typesupport_introspection_cpp
[0.321s] [ 43%] Built target base_interfaces__rosidl_typesupport_fastrtps_cpp
[0.343s] [ 64%] Built target base_interfaces__rosidl_typesupport_c
[0.343s] [ 64%] Built target base_interfaces__rosidl_typesupport_introspection_c
[0.343s] [ 74%] Built target base_interfaces__rosidl_typesupport_fastrtps_c
[0.394s] [ 74%] Built target base_interfaces
[0.479s] [ 76%] Built target base_interfaces__py
[0.559s] [ 84%] Built target base_interfaces__rosidl_generator_py
[0.609s] [ 94%] Built target base_interfaces__rosidl_typesupport_c__pyext
[0.609s] [ 94%] Built target base_interfaces__rosidl_typesupport_introspection_c__pyext
[0.609s] [100%] Built target base_interfaces__rosidl_typesupport_fastrtps_c__pyext
[0.725s] running egg_info
[0.726s] writing base_interfaces.egg-info/PKG-INFO
[0.726s] writing dependency_links to base_interfaces.egg-info/dependency_links.txt
[0.727s] writing top-level names to base_interfaces.egg-info/top_level.txt
[0.731s] reading manifest file 'base_interfaces.egg-info/SOURCES.txt'
[0.732s] writing manifest file 'base_interfaces.egg-info/SOURCES.txt'
[0.781s] [100%] Built target ament_cmake_python_build_base_interfaces_egg
[0.805s] Invoked command in '/home/ubuntu/ws_engineer/build/base_interfaces' returned '0': CMAKE_PREFIX_PATH=${CMAKE_PREFIX_PATH}:/home/ubuntu/ws_moveit/install/moveit_configs_utils:/home/ubuntu/ws_moveit/install/launch_param_builder:/home/ubuntu/ws00_helloworld/install/pkg02_helloworld_py:/home/ubuntu/dev_ws/install/learning_urdf:/home/ubuntu/dev_ws/install/learning_topic:/home/ubuntu/dev_ws/install/learning_tf:/home/ubuntu/dev_ws/install/learning_service:/home/ubuntu/dev_ws/install/learning_qos:/home/ubuntu/dev_ws/install/learning_pkg_python:/home/ubuntu/dev_ws/install/learning_parameter:/home/ubuntu/dev_ws/install/learning_node:/home/ubuntu/dev_ws/install/learning_launch:/home/ubuntu/dev_ws/install/learning_action:/home/ubuntu/dev_ws/install/learning_gazebo_harmonic:/home/ubuntu/dev_ws/install/learning_gazebo:/home/ubuntu/dev_ws/install/learning_cv:/opt/ros/humble /usr/bin/cmake --build /home/ubuntu/ws_engineer/build/base_interfaces -- -j16 -l16
[0.836s] Invoking command in '/home/ubuntu/ws_engineer/build/base_interfaces': CMAKE_PREFIX_PATH=${CMAKE_PREFIX_PATH}:/home/ubuntu/ws_moveit/install/moveit_configs_utils:/home/ubuntu/ws_moveit/install/launch_param_builder:/home/ubuntu/ws00_helloworld/install/pkg02_helloworld_py:/home/ubuntu/dev_ws/install/learning_urdf:/home/ubuntu/dev_ws/install/learning_topic:/home/ubuntu/dev_ws/install/learning_tf:/home/ubuntu/dev_ws/install/learning_service:/home/ubuntu/dev_ws/install/learning_qos:/home/ubuntu/dev_ws/install/learning_pkg_python:/home/ubuntu/dev_ws/install/learning_parameter:/home/ubuntu/dev_ws/install/learning_node:/home/ubuntu/dev_ws/install/learning_launch:/home/ubuntu/dev_ws/install/learning_action:/home/ubuntu/dev_ws/install/learning_gazebo_harmonic:/home/ubuntu/dev_ws/install/learning_gazebo:/home/ubuntu/dev_ws/install/learning_cv:/opt/ros/humble /usr/bin/cmake --install /home/ubuntu/ws_engineer/build/base_interfaces
[0.854s] -- Install configuration: ""
[0.854s] -- Up-to-date: /home/ubuntu/ws_engineer/install/base_interfaces/share/ament_index/resource_index/rosidl_interfaces/base_interfaces
[0.854s] -- Up-to-date: /home/ubuntu/ws_engineer/install/base_interfaces/include/base_interfaces/base_interfaces
[0.855s] -- Up-to-date: /home/ubuntu/ws_engineer/install/base_interfaces/include/base_interfaces/base_interfaces/msg
[0.855s] -- Up-to-date: /home/ubuntu/ws_engineer/install/base_interfaces/include/base_interfaces/base_interfaces/msg/rosidl_generator_c__visibility_control.h
[0.855s] -- Up-to-date: /home/ubuntu/ws_engineer/install/base_interfaces/include/base_interfaces/base_interfaces/msg/user_pose.h
[0.855s] -- Up-to-date: /home/ubuntu/ws_engineer/install/base_interfaces/include/base_interfaces/base_interfaces/msg/user_joint.h
[0.855s] -- Up-to-date: /home/ubuntu/ws_engineer/install/base_interfaces/include/base_interfaces/base_interfaces/msg/detail
[0.855s] -- Up-to-date: /home/ubuntu/ws_engineer/install/base_interfaces/include/base_interfaces/base_interfaces/msg/detail/user_pose__functions.c
[0.855s] -- Up-to-date: /home/ubuntu/ws_engineer/install/base_interfaces/include/base_interfaces/base_interfaces/msg/detail/user_pose__type_support.h
[0.855s] -- Up-to-date: /home/ubuntu/ws_engineer/install/base_interfaces/include/base_interfaces/base_interfaces/msg/detail/user_joint__type_support.h
[0.855s] -- Up-to-date: /home/ubuntu/ws_engineer/install/base_interfaces/include/base_interfaces/base_interfaces/msg/detail/user_pose__functions.h
[0.855s] -- Up-to-date: /home/ubuntu/ws_engineer/install/base_interfaces/include/base_interfaces/base_interfaces/msg/detail/user_pose__struct.h
[0.856s] -- Up-to-date: /home/ubuntu/ws_engineer/install/base_interfaces/include/base_interfaces/base_interfaces/msg/detail/user_joint__struct.h
[0.856s] -- Up-to-date: /home/ubuntu/ws_engineer/install/base_interfaces/include/base_interfaces/base_interfaces/msg/detail/user_joint__functions.h
[0.856s] -- Up-to-date: /home/ubuntu/ws_engineer/install/base_interfaces/include/base_interfaces/base_interfaces/msg/detail/user_joint__functions.c
[0.856s] -- Up-to-date: /home/ubuntu/ws_engineer/install/base_interfaces/share/base_interfaces/environment/library_path.sh
[0.856s] -- Up-to-date: /home/ubuntu/ws_engineer/install/base_interfaces/share/base_interfaces/environment/library_path.dsv
[0.856s] -- Up-to-date: /home/ubuntu/ws_engineer/install/base_interfaces/lib/libbase_interfaces__rosidl_generator_c.so
[0.856s] -- Up-to-date: /home/ubuntu/ws_engineer/install/base_interfaces/include/base_interfaces/base_interfaces
[0.856s] -- Up-to-date: /home/ubuntu/ws_engineer/install/base_interfaces/include/base_interfaces/base_interfaces/msg
[0.856s] -- Up-to-date: /home/ubuntu/ws_engineer/install/base_interfaces/include/base_interfaces/base_interfaces/msg/detail
[0.856s] -- Up-to-date: /home/ubuntu/ws_engineer/install/base_interfaces/include/base_interfaces/base_interfaces/msg/detail/user_joint__rosidl_typesupport_fastrtps_c.h
[0.857s] -- Up-to-date: /home/ubuntu/ws_engineer/install/base_interfaces/include/base_interfaces/base_interfaces/msg/detail/user_pose__rosidl_typesupport_fastrtps_c.h
[0.857s] -- Up-to-date: /home/ubuntu/ws_engineer/install/base_interfaces/include/base_interfaces/base_interfaces/msg/rosidl_typesupport_fastrtps_c__visibility_control.h
[0.857s] -- Up-to-date: /home/ubuntu/ws_engineer/install/base_interfaces/lib/libbase_interfaces__rosidl_typesupport_fastrtps_c.so
[0.858s] -- Up-to-date: /home/ubuntu/ws_engineer/install/base_interfaces/include/base_interfaces/base_interfaces
[0.858s] -- Up-to-date: /home/ubuntu/ws_engineer/install/base_interfaces/include/base_interfaces/base_interfaces/msg
[0.858s] -- Up-to-date: /home/ubuntu/ws_engineer/install/base_interfaces/include/base_interfaces/base_interfaces/msg/rosidl_typesupport_introspection_c__visibility_control.h
[0.858s] -- Up-to-date: /home/ubuntu/ws_engineer/install/base_interfaces/include/base_interfaces/base_interfaces/msg/detail
[0.858s] -- Up-to-date: /home/ubuntu/ws_engineer/install/base_interfaces/include/base_interfaces/base_interfaces/msg/detail/user_pose__rosidl_typesupport_introspection_c.h
[0.858s] -- Up-to-date: /home/ubuntu/ws_engineer/install/base_interfaces/include/base_interfaces/base_interfaces/msg/detail/user_joint__rosidl_typesupport_introspection_c.h
[0.858s] -- Up-to-date: /home/ubuntu/ws_engineer/install/base_interfaces/include/base_interfaces/base_interfaces/msg/detail/user_joint__type_support.c
[0.858s] -- Up-to-date: /home/ubuntu/ws_engineer/install/base_interfaces/include/base_interfaces/base_interfaces/msg/detail/user_pose__type_support.c
[0.859s] -- Up-to-date: /home/ubuntu/ws_engineer/install/base_interfaces/lib/libbase_interfaces__rosidl_typesupport_introspection_c.so
[0.860s] -- Up-to-date: /home/ubuntu/ws_engineer/install/base_interfaces/lib/libbase_interfaces__rosidl_typesupport_c.so
[0.860s] -- Up-to-date: /home/ubuntu/ws_engineer/install/base_interfaces/include/base_interfaces/base_interfaces
[0.860s] -- Up-to-date: /home/ubuntu/ws_engineer/install/base_interfaces/include/base_interfaces/base_interfaces/msg
[0.861s] -- Up-to-date: /home/ubuntu/ws_engineer/install/base_interfaces/include/base_interfaces/base_interfaces/msg/rosidl_generator_cpp__visibility_control.hpp
[0.861s] -- Up-to-date: /home/ubuntu/ws_engineer/install/base_interfaces/include/base_interfaces/base_interfaces/msg/user_joint.hpp
[0.861s] -- Up-to-date: /home/ubuntu/ws_engineer/install/base_interfaces/include/base_interfaces/base_interfaces/msg/detail
[0.861s] -- Up-to-date: /home/ubuntu/ws_engineer/install/base_interfaces/include/base_interfaces/base_interfaces/msg/detail/user_joint__struct.hpp
[0.861s] -- Up-to-date: /home/ubuntu/ws_engineer/install/base_interfaces/include/base_interfaces/base_interfaces/msg/detail/user_joint__builder.hpp
[0.861s] -- Up-to-date: /home/ubuntu/ws_engineer/install/base_interfaces/include/base_interfaces/base_interfaces/msg/detail/user_pose__struct.hpp
[0.861s] -- Up-to-date: /home/ubuntu/ws_engineer/install/base_interfaces/include/base_interfaces/base_interfaces/msg/detail/user_pose__traits.hpp
[0.861s] -- Up-to-date: /home/ubuntu/ws_engineer/install/base_interfaces/include/base_interfaces/base_interfaces/msg/detail/user_pose__type_support.hpp
[0.861s] -- Up-to-date: /home/ubuntu/ws_engineer/install/base_interfaces/include/base_interfaces/base_interfaces/msg/detail/user_joint__type_support.hpp
[0.861s] -- Up-to-date: /home/ubuntu/ws_engineer/install/base_interfaces/include/base_interfaces/base_interfaces/msg/detail/user_pose__builder.hpp
[0.861s] -- Up-to-date: /home/ubuntu/ws_engineer/install/base_interfaces/include/base_interfaces/base_interfaces/msg/detail/user_joint__traits.hpp
[0.862s] -- Up-to-date: /home/ubuntu/ws_engineer/install/base_interfaces/include/base_interfaces/base_interfaces/msg/user_pose.hpp
[0.862s] -- Up-to-date: /home/ubuntu/ws_engineer/install/base_interfaces/include/base_interfaces/base_interfaces
[0.862s] -- Up-to-date: /home/ubuntu/ws_engineer/install/base_interfaces/include/base_interfaces/base_interfaces/msg
[0.862s] -- Up-to-date: /home/ubuntu/ws_engineer/install/base_interfaces/include/base_interfaces/base_interfaces/msg/rosidl_typesupport_fastrtps_cpp__visibility_control.h
[0.862s] -- Up-to-date: /home/ubuntu/ws_engineer/install/base_interfaces/include/base_interfaces/base_interfaces/msg/detail
[0.862s] -- Up-to-date: /home/ubuntu/ws_engineer/install/base_interfaces/include/base_interfaces/base_interfaces/msg/detail/user_pose__rosidl_typesupport_fastrtps_cpp.hpp
[0.862s] -- Up-to-date: /home/ubuntu/ws_engineer/install/base_interfaces/include/base_interfaces/base_interfaces/msg/detail/user_joint__rosidl_typesupport_fastrtps_cpp.hpp
[0.862s] -- Up-to-date: /home/ubuntu/ws_engineer/install/base_interfaces/include/base_interfaces/base_interfaces/msg/detail/dds_fastrtps
[0.862s] -- Up-to-date: /home/ubuntu/ws_engineer/install/base_interfaces/lib/libbase_interfaces__rosidl_typesupport_fastrtps_cpp.so
[0.862s] -- Up-to-date: /home/ubuntu/ws_engineer/install/base_interfaces/include/base_interfaces/base_interfaces
[0.862s] -- Up-to-date: /home/ubuntu/ws_engineer/install/base_interfaces/include/base_interfaces/base_interfaces/msg
[0.862s] -- Up-to-date: /home/ubuntu/ws_engineer/install/base_interfaces/include/base_interfaces/base_interfaces/msg/detail
[0.862s] -- Up-to-date: /home/ubuntu/ws_engineer/install/base_interfaces/include/base_interfaces/base_interfaces/msg/detail/user_joint__type_support.cpp
[0.863s] -- Up-to-date: /home/ubuntu/ws_engineer/install/base_interfaces/include/base_interfaces/base_interfaces/msg/detail/user_pose__type_support.cpp
[0.863s] -- Up-to-date: /home/ubuntu/ws_engineer/install/base_interfaces/include/base_interfaces/base_interfaces/msg/detail/user_pose__rosidl_typesupport_introspection_cpp.hpp
[0.863s] -- Up-to-date: /home/ubuntu/ws_engineer/install/base_interfaces/include/base_interfaces/base_interfaces/msg/detail/user_joint__rosidl_typesupport_introspection_cpp.hpp
[0.863s] -- Up-to-date: /home/ubuntu/ws_engineer/install/base_interfaces/lib/libbase_interfaces__rosidl_typesupport_introspection_cpp.so
[0.863s] -- Up-to-date: /home/ubuntu/ws_engineer/install/base_interfaces/lib/libbase_interfaces__rosidl_typesupport_cpp.so
[0.863s] -- Up-to-date: /home/ubuntu/ws_engineer/install/base_interfaces/share/base_interfaces/environment/pythonpath.sh
[0.863s] -- Up-to-date: /home/ubuntu/ws_engineer/install/base_interfaces/share/base_interfaces/environment/pythonpath.dsv
[0.863s] -- Up-to-date: /home/ubuntu/ws_engineer/install/base_interfaces/local/lib/python3.10/dist-packages/base_interfaces-0.0.0-py3.10.egg-info
[0.863s] -- Installing: /home/ubuntu/ws_engineer/install/base_interfaces/local/lib/python3.10/dist-packages/base_interfaces-0.0.0-py3.10.egg-info/dependency_links.txt
[0.864s] -- Installing: /home/ubuntu/ws_engineer/install/base_interfaces/local/lib/python3.10/dist-packages/base_interfaces-0.0.0-py3.10.egg-info/SOURCES.txt
[0.864s] -- Installing: /home/ubuntu/ws_engineer/install/base_interfaces/local/lib/python3.10/dist-packages/base_interfaces-0.0.0-py3.10.egg-info/top_level.txt
[0.864s] -- Installing: /home/ubuntu/ws_engineer/install/base_interfaces/local/lib/python3.10/dist-packages/base_interfaces-0.0.0-py3.10.egg-info/PKG-INFO
[0.864s] -- Up-to-date: /home/ubuntu/ws_engineer/install/base_interfaces/local/lib/python3.10/dist-packages/base_interfaces
[0.864s] -- Up-to-date: /home/ubuntu/ws_engineer/install/base_interfaces/local/lib/python3.10/dist-packages/base_interfaces/base_interfaces_s__rosidl_typesupport_fastrtps_c.cpython-310-x86_64-linux-gnu.so
[0.864s] -- Up-to-date: /home/ubuntu/ws_engineer/install/base_interfaces/local/lib/python3.10/dist-packages/base_interfaces/libbase_interfaces__rosidl_generator_py.so
[0.864s] -- Up-to-date: /home/ubuntu/ws_engineer/install/base_interfaces/local/lib/python3.10/dist-packages/base_interfaces/base_interfaces_s__rosidl_typesupport_c.cpython-310-x86_64-linux-gnu.so
[0.864s] -- Up-to-date: /home/ubuntu/ws_engineer/install/base_interfaces/local/lib/python3.10/dist-packages/base_interfaces/__init__.py
[0.865s] -- Up-to-date: /home/ubuntu/ws_engineer/install/base_interfaces/local/lib/python3.10/dist-packages/base_interfaces/msg
[0.865s] -- Up-to-date: /home/ubuntu/ws_engineer/install/base_interfaces/local/lib/python3.10/dist-packages/base_interfaces/msg/_user_pose_s.c
[0.865s] -- Up-to-date: /home/ubuntu/ws_engineer/install/base_interfaces/local/lib/python3.10/dist-packages/base_interfaces/msg/__init__.py
[0.865s] -- Up-to-date: /home/ubuntu/ws_engineer/install/base_interfaces/local/lib/python3.10/dist-packages/base_interfaces/msg/_user_pose.py
[0.865s] -- Up-to-date: /home/ubuntu/ws_engineer/install/base_interfaces/local/lib/python3.10/dist-packages/base_interfaces/msg/_user_joint.py
[0.865s] -- Up-to-date: /home/ubuntu/ws_engineer/install/base_interfaces/local/lib/python3.10/dist-packages/base_interfaces/msg/_user_joint_s.c
[0.865s] -- Up-to-date: /home/ubuntu/ws_engineer/install/base_interfaces/local/lib/python3.10/dist-packages/base_interfaces/_base_interfaces_s.ep.rosidl_typesupport_fastrtps_c.c
[0.865s] -- Up-to-date: /home/ubuntu/ws_engineer/install/base_interfaces/local/lib/python3.10/dist-packages/base_interfaces/_base_interfaces_s.ep.rosidl_typesupport_introspection_c.c
[0.865s] -- Up-to-date: /home/ubuntu/ws_engineer/install/base_interfaces/local/lib/python3.10/dist-packages/base_interfaces/_base_interfaces_s.ep.rosidl_typesupport_c.c
[0.865s] -- Up-to-date: /home/ubuntu/ws_engineer/install/base_interfaces/local/lib/python3.10/dist-packages/base_interfaces/base_interfaces_s__rosidl_typesupport_introspection_c.cpython-310-x86_64-linux-gnu.so
[0.945s] Listing '/home/ubuntu/ws_engineer/install/base_interfaces/local/lib/python3.10/dist-packages/base_interfaces'...
[0.945s] Listing '/home/ubuntu/ws_engineer/install/base_interfaces/local/lib/python3.10/dist-packages/base_interfaces/msg'...
[0.952s] -- Up-to-date: /home/ubuntu/ws_engineer/install/base_interfaces/local/lib/python3.10/dist-packages/base_interfaces/base_interfaces_s__rosidl_typesupport_fastrtps_c.cpython-310-x86_64-linux-gnu.so
[0.953s] -- Up-to-date: /home/ubuntu/ws_engineer/install/base_interfaces/local/lib/python3.10/dist-packages/base_interfaces/base_interfaces_s__rosidl_typesupport_introspection_c.cpython-310-x86_64-linux-gnu.so
[0.955s] -- Up-to-date: /home/ubuntu/ws_engineer/install/base_interfaces/local/lib/python3.10/dist-packages/base_interfaces/base_interfaces_s__rosidl_typesupport_c.cpython-310-x86_64-linux-gnu.so
[0.956s] -- Up-to-date: /home/ubuntu/ws_engineer/install/base_interfaces/lib/libbase_interfaces__rosidl_generator_py.so
[0.956s] -- Up-to-date: /home/ubuntu/ws_engineer/install/base_interfaces/share/base_interfaces/msg/UserJoint.idl
[0.956s] -- Up-to-date: /home/ubuntu/ws_engineer/install/base_interfaces/share/base_interfaces/msg/UserPose.idl
[0.956s] -- Up-to-date: /home/ubuntu/ws_engineer/install/base_interfaces/share/base_interfaces/msg/UserJoint.msg
[0.956s] -- Up-to-date: /home/ubuntu/ws_engineer/install/base_interfaces/share/base_interfaces/msg/UserPose.msg
[0.957s] -- Up-to-date: /home/ubuntu/ws_engineer/install/base_interfaces/share/ament_index/resource_index/package_run_dependencies/base_interfaces
[0.957s] -- Up-to-date: /home/ubuntu/ws_engineer/install/base_interfaces/share/ament_index/resource_index/parent_prefix_path/base_interfaces
[0.957s] -- Up-to-date: /home/ubuntu/ws_engineer/install/base_interfaces/share/base_interfaces/environment/ament_prefix_path.sh
[0.957s] -- Up-to-date: /home/ubuntu/ws_engineer/install/base_interfaces/share/base_interfaces/environment/ament_prefix_path.dsv
[0.957s] -- Up-to-date: /home/ubuntu/ws_engineer/install/base_interfaces/share/base_interfaces/environment/path.sh
[0.957s] -- Up-to-date: /home/ubuntu/ws_engineer/install/base_interfaces/share/base_interfaces/environment/path.dsv
[0.957s] -- Up-to-date: /home/ubuntu/ws_engineer/install/base_interfaces/share/base_interfaces/local_setup.bash
[0.957s] -- Up-to-date: /home/ubuntu/ws_engineer/install/base_interfaces/share/base_interfaces/local_setup.sh
[0.957s] -- Up-to-date: /home/ubuntu/ws_engineer/install/base_interfaces/share/base_interfaces/local_setup.zsh
[0.958s] -- Up-to-date: /home/ubuntu/ws_engineer/install/base_interfaces/share/base_interfaces/local_setup.dsv
[0.958s] -- Installing: /home/ubuntu/ws_engineer/install/base_interfaces/share/base_interfaces/package.dsv
[0.958s] -- Up-to-date: /home/ubuntu/ws_engineer/install/base_interfaces/share/ament_index/resource_index/packages/base_interfaces
[0.959s] -- Up-to-date: /home/ubuntu/ws_engineer/install/base_interfaces/share/base_interfaces/cmake/export_base_interfaces__rosidl_generator_cExport.cmake
[0.959s] -- Up-to-date: /home/ubuntu/ws_engineer/install/base_interfaces/share/base_interfaces/cmake/export_base_interfaces__rosidl_generator_cExport-noconfig.cmake
[0.959s] -- Up-to-date: /home/ubuntu/ws_engineer/install/base_interfaces/share/base_interfaces/cmake/export_base_interfaces__rosidl_typesupport_fastrtps_cExport.cmake
[0.960s] -- Up-to-date: /home/ubuntu/ws_engineer/install/base_interfaces/share/base_interfaces/cmake/export_base_interfaces__rosidl_typesupport_fastrtps_cExport-noconfig.cmake
[0.960s] -- Up-to-date: /home/ubuntu/ws_engineer/install/base_interfaces/share/base_interfaces/cmake/base_interfaces__rosidl_typesupport_introspection_cExport.cmake
[0.960s] -- Up-to-date: /home/ubuntu/ws_engineer/install/base_interfaces/share/base_interfaces/cmake/base_interfaces__rosidl_typesupport_introspection_cExport-noconfig.cmake
[0.961s] -- Up-to-date: /home/ubuntu/ws_engineer/install/base_interfaces/share/base_interfaces/cmake/base_interfaces__rosidl_typesupport_cExport.cmake
[0.961s] -- Up-to-date: /home/ubuntu/ws_engineer/install/base_interfaces/share/base_interfaces/cmake/base_interfaces__rosidl_typesupport_cExport-noconfig.cmake
[0.962s] -- Up-to-date: /home/ubuntu/ws_engineer/install/base_interfaces/share/base_interfaces/cmake/export_base_interfaces__rosidl_generator_cppExport.cmake
[0.963s] -- Up-to-date: /home/ubuntu/ws_engineer/install/base_interfaces/share/base_interfaces/cmake/export_base_interfaces__rosidl_typesupport_fastrtps_cppExport.cmake
[0.963s] -- Up-to-date: /home/ubuntu/ws_engineer/install/base_interfaces/share/base_interfaces/cmake/export_base_interfaces__rosidl_typesupport_fastrtps_cppExport-noconfig.cmake
[0.963s] -- Up-to-date: /home/ubuntu/ws_engineer/install/base_interfaces/share/base_interfaces/cmake/base_interfaces__rosidl_typesupport_introspection_cppExport.cmake
[0.963s] -- Up-to-date: /home/ubuntu/ws_engineer/install/base_interfaces/share/base_interfaces/cmake/base_interfaces__rosidl_typesupport_introspection_cppExport-noconfig.cmake
[0.964s] -- Up-to-date: /home/ubuntu/ws_engineer/install/base_interfaces/share/base_interfaces/cmake/base_interfaces__rosidl_typesupport_cppExport.cmake
[0.964s] -- Up-to-date: /home/ubuntu/ws_engineer/install/base_interfaces/share/base_interfaces/cmake/base_interfaces__rosidl_typesupport_cppExport-noconfig.cmake
[0.965s] -- Up-to-date: /home/ubuntu/ws_engineer/install/base_interfaces/share/base_interfaces/cmake/export_base_interfaces__rosidl_generator_pyExport.cmake
[0.965s] -- Up-to-date: /home/ubuntu/ws_engineer/install/base_interfaces/share/base_interfaces/cmake/export_base_interfaces__rosidl_generator_pyExport-noconfig.cmake
[0.965s] -- Up-to-date: /home/ubuntu/ws_engineer/install/base_interfaces/share/base_interfaces/cmake/rosidl_cmake-extras.cmake
[0.966s] -- Up-to-date: /home/ubuntu/ws_engineer/install/base_interfaces/share/base_interfaces/cmake/ament_cmake_export_include_directories-extras.cmake
[0.966s] -- Up-to-date: /home/ubuntu/ws_engineer/install/base_interfaces/share/base_interfaces/cmake/ament_cmake_export_libraries-extras.cmake
[0.966s] -- Up-to-date: /home/ubuntu/ws_engineer/install/base_interfaces/share/base_interfaces/cmake/ament_cmake_export_targets-extras.cmake
[0.966s] -- Up-to-date: /home/ubuntu/ws_engineer/install/base_interfaces/share/base_interfaces/cmake/rosidl_cmake_export_typesupport_targets-extras.cmake
[0.966s] -- Up-to-date: /home/ubuntu/ws_engineer/install/base_interfaces/share/base_interfaces/cmake/ament_cmake_export_dependencies-extras.cmake
[0.966s] -- Up-to-date: /home/ubuntu/ws_engineer/install/base_interfaces/share/base_interfaces/cmake/rosidl_cmake_export_typesupport_libraries-extras.cmake
[0.966s] -- Up-to-date: /home/ubuntu/ws_engineer/install/base_interfaces/share/base_interfaces/cmake/base_interfacesConfig.cmake
[0.966s] -- Up-to-date: /home/ubuntu/ws_engineer/install/base_interfaces/share/base_interfaces/cmake/base_interfacesConfig-version.cmake
[0.967s] -- Up-to-date: /home/ubuntu/ws_engineer/install/base_interfaces/share/base_interfaces/package.xml
[0.971s] Invoked command in '/home/ubuntu/ws_engineer/build/base_interfaces' returned '0': CMAKE_PREFIX_PATH=${CMAKE_PREFIX_PATH}:/home/ubuntu/ws_moveit/install/moveit_configs_utils:/home/ubuntu/ws_moveit/install/launch_param_builder:/home/ubuntu/ws00_helloworld/install/pkg02_helloworld_py:/home/ubuntu/dev_ws/install/learning_urdf:/home/ubuntu/dev_ws/install/learning_topic:/home/ubuntu/dev_ws/install/learning_tf:/home/ubuntu/dev_ws/install/learning_service:/home/ubuntu/dev_ws/install/learning_qos:/home/ubuntu/dev_ws/install/learning_pkg_python:/home/ubuntu/dev_ws/install/learning_parameter:/home/ubuntu/dev_ws/install/learning_node:/home/ubuntu/dev_ws/install/learning_launch:/home/ubuntu/dev_ws/install/learning_action:/home/ubuntu/dev_ws/install/learning_gazebo_harmonic:/home/ubuntu/dev_ws/install/learning_gazebo:/home/ubuntu/dev_ws/install/learning_cv:/opt/ros/humble /usr/bin/cmake --install /home/ubuntu/ws_engineer/build/base_interfaces
