[0.011s] Invoking command in '/home/user/ws_siasun/build/aivt': CMAKE_PREFIX_PATH=/home/user/ws_siasun/install/duco_ros_driver:/home/user/ws_siasun/install/duco_arms:/home/user/ws_siasun/install/duco_support:/home/user/ws_siasun/install/duco_msg:/home/user/ws_siasun/install/aivt_interfaces:/home/user/ws_siasun/install/robot_control:/home/user/ws_siasun/install/aivt:/home/user/ws_siasun/install/duco_gcr3_618_moveit_config:/opt/ros/humble /usr/bin/cmake --build /home/user/ws_siasun/build/aivt -- -j16 -l16
[0.032s] -- Found ament_cmake: 1.3.11 (/opt/ros/humble/share/ament_cmake/cmake)
[0.118s] -- Found rclcpp: 16.0.11 (/opt/ros/humble/share/rclcpp/cmake)
[0.134s] -- Found rosidl_generator_c: 3.1.6 (/opt/ros/humble/share/rosidl_generator_c/cmake)
[0.136s] -- Found rosidl_adapter: 3.1.6 (/opt/ros/humble/share/rosidl_adapter/cmake)
[0.139s] -- Found rosidl_generator_cpp: 3.1.6 (/opt/ros/humble/share/rosidl_generator_cpp/cmake)
[0.145s] -- Using all available rosidl_typesupport_c: rosidl_typesupport_fastrtps_c;rosidl_typesupport_introspection_c
[0.152s] -- Using all available rosidl_typesupport_cpp: rosidl_typesupport_fastrtps_cpp;rosidl_typesupport_introspection_cpp
[0.169s] -- Found rmw_implementation_cmake: 6.1.2 (/opt/ros/humble/share/rmw_implementation_cmake/cmake)
[0.170s] -- Found rmw_fastrtps_cpp: 6.2.7 (/opt/ros/humble/share/rmw_fastrtps_cpp/cmake)
[0.230s] -- Using RMW implementation 'rmw_fastrtps_cpp' as default
[0.257s] -- Found sensor_msgs: 4.2.4 (/opt/ros/humble/share/sensor_msgs/cmake)
[0.272s] -- Found duco_msg: 0.0.0 (/home/user/ws_siasun/install/duco_msg/share/duco_msg/cmake)
[0.280s] -- Found aivt_interfaces: 0.0.0 (/home/user/ws_siasun/install/aivt_interfaces/share/aivt_interfaces/cmake)
[0.288s] -- Found cv_bridge: 3.2.1 (/opt/ros/humble/share/cv_bridge/cmake)
[0.289s] -- Found tf2_ros: 0.25.12 (/opt/ros/humble/share/tf2_ros/cmake)
[0.334s] -- Found tf2_geometry_msgs: 0.25.12 (/opt/ros/humble/share/tf2_geometry_msgs/cmake)
[0.336s] -- Found eigen3_cmake_module: 0.1.1 (/opt/ros/humble/share/eigen3_cmake_module/cmake)
[0.337s] -- Found Eigen3: TRUE (found version "3.4.0") 
[0.337s] -- Ensuring Eigen3 include directory is part of orocos-kdl CMake target
[0.347s] -- Eigen found (include: /usr/include/eigen3, version: 3.4.0)
[0.370s] -- FLANN found (include: /usr/include, lib: /usr/lib/x86_64-linux-gnu/libflann_cpp.so)
[0.487s] -- Found Eigen3: /usr/include/eigen3 (found version "3.4.0") 
[0.555s] -- OpenNI found (version: 1.5.4.0, include: /usr/include/ni, lib: /usr/lib/libOpenNI.so;libusb::libusb)
[0.560s] -- OpenNI2 found (version: 2.2.0.33, include: /usr/include/openni2, lib: /usr/lib/x86_64-linux-gnu/libOpenNI2.so;libusb::libusb)
[0.560s] [0m** WARNING ** io features related to pcap will be disabled[0m
[0.683s] -- Eigen found (include: /usr/include/eigen3, version: 3.4.0)
[0.689s] -- OpenNI found (version: 1.5.4.0, include: /usr/include/ni, lib: /usr/lib/libOpenNI.so;libusb::libusb)
[0.695s] -- OpenNI2 found (version: 2.2.0.33, include: /usr/include/openni2, lib: /usr/lib/x86_64-linux-gnu/libOpenNI2.so;libusb::libusb)
[0.785s] -- Found Qhull version 8.0.2
[0.877s] -- OpenNI found (version: 1.5.4.0, include: /usr/include/ni, lib: /usr/lib/libOpenNI.so;libusb::libusb)
[0.975s] -- looking for PCL_COMMON
[0.975s] -- looking for PCL_KDTREE
[0.975s] -- looking for PCL_OCTREE
[0.976s] -- looking for PCL_SEARCH
[0.976s] -- looking for PCL_SAMPLE_CONSENSUS
[0.976s] -- looking for PCL_FILTERS
[0.976s] -- looking for PCL_2D
[0.976s] -- looking for PCL_GEOMETRY
[0.976s] -- looking for PCL_IO
[0.976s] -- looking for PCL_FEATURES
[0.977s] -- looking for PCL_ML
[0.977s] -- looking for PCL_SEGMENTATION
[0.977s] -- looking for PCL_VISUALIZATION
[0.977s] -- looking for PCL_SURFACE
[0.977s] -- looking for PCL_REGISTRATION
[0.978s] -- looking for PCL_KEYPOINTS
[0.978s] -- looking for PCL_TRACKING
[0.978s] -- looking for PCL_RECOGNITION
[0.978s] -- looking for PCL_STEREO
[0.979s] -- looking for PCL_APPS
[0.979s] -- looking for PCL_IN_HAND_SCANNER
[0.979s] -- looking for PCL_MODELER
[0.980s] -- looking for PCL_POINT_CLOUD_EDITOR
[0.980s] -- looking for PCL_OUTOFCORE
[0.980s] -- looking for PCL_PEOPLE
[0.981s] -- Found pcl_conversions: 2.4.5 (/opt/ros/humble/share/pcl_conversions/cmake)
[0.993s] -- Found duco_ros_driver: 0.0.0 (/home/user/ws_siasun/install/duco_ros_driver/share/duco_ros_driver/cmake)
[1.002s] -- Found ament_lint_auto: 0.12.11 (/opt/ros/humble/share/ament_lint_auto/cmake)
[1.045s] -- Added test 'cppcheck' to perform static code analysis on C / C++ code
[1.045s] -- Configured cppcheck include dirs: 
[1.045s] -- Configured cppcheck exclude dirs and/or files: 
[1.045s] -- Added test 'flake8' to check Python code syntax and style conventions
[1.046s] -- Added test 'lint_cmake' to check CMake code style
[1.046s] -- Added test 'pep257' to check Python code against some of the docstring style conventions in PEP 257
[1.047s] -- Added test 'uncrustify' to check C / C++ code style
[1.047s] -- Configured uncrustify additional arguments: 
[1.047s] -- Added test 'xmllint' to check XML markup files
[1.047s] -- Configuring done
[1.072s] [0mWARNING: Target "obstacle_avoidance" requests linking to directory "/usr/include/pcl-1.12".  Targets may link only to libraries.  CMake is dropping the item.[0m
[1.072s] [0mWARNING: Target "obstacle_avoidance" requests linking to directory "/usr/include/eigen3".  Targets may link only to libraries.  CMake is dropping the item.[0m
[1.072s] [0mWARNING: Target "obstacle_avoidance" requests linking to directory "/usr/include".  Targets may link only to libraries.  CMake is dropping the item.[0m
[1.072s] [0mWARNING: Target "obstacle_avoidance" requests linking to directory "/usr/include/ni".  Targets may link only to libraries.  CMake is dropping the item.[0m
[1.072s] [0mWARNING: Target "obstacle_avoidance" requests linking to directory "/usr/include/openni2".  Targets may link only to libraries.  CMake is dropping the item.[0m
[1.074s] -- Generating done
[1.084s] -- Build files have been written to: /home/user/ws_siasun/build/aivt
[1.108s] [35m[1mConsolidate compiler generated dependencies of target tcp_calibration[0m
[1.109s] [35m[1mConsolidate compiler generated dependencies of target hand_eye_calibration[0m
[1.109s] [35m[1mConsolidate compiler generated dependencies of target chessboard_detection[0m
[1.110s] [35m[1mConsolidate compiler generated dependencies of target robot_motion_test[0m
[1.110s] [35m[1mConsolidate compiler generated dependencies of target grasp_touch_control[0m
[1.111s] [35m[1mConsolidate compiler generated dependencies of target robot_motion[0m
[1.111s] [35m[1mConsolidate compiler generated dependencies of target obstacle_avoidance[0m
[1.111s] [35m[1mConsolidate compiler generated dependencies of target calibration_calculation[0m
[1.123s] [  6%] [32mBuilding CXX object CMakeFiles/obstacle_avoidance.dir/src/obstacle_avoidance.cpp.o[0m
[1.123s] [ 12%] [32mBuilding CXX object CMakeFiles/tcp_calibration.dir/src/tcp_calibration.cpp.o[0m
[1.124s] [ 18%] [32mBuilding CXX object CMakeFiles/grasp_touch_control.dir/src/grasp_touch_control.cpp.o[0m
[1.126s] [ 25%] [32mBuilding CXX object CMakeFiles/chessboard_detection.dir/src/chessboard_detection.cpp.o[0m
[1.126s] [ 31%] [32mBuilding CXX object CMakeFiles/robot_motion_test.dir/src/robot_motion_test.cpp.o[0m
[1.126s] [ 37%] [32mBuilding CXX object CMakeFiles/hand_eye_calibration.dir/src/hand_eye_calibration.cpp.o[0m
[1.127s] [ 43%] [32mBuilding CXX object CMakeFiles/robot_motion.dir/src/robot_motion.cpp.o[0m
[1.129s] [ 50%] [32mBuilding CXX object CMakeFiles/calibration_calculation.dir/src/calibration_calculation.cpp.o[0m
[1.875s] [01m[K/home/user/ws_siasun/src/aivt/src/obstacle_avoidance.cpp:5:10:[m[K [01;31m[Kfatal error: [m[Kpcl_conversions/pcl_conversions.h: 没有那个文件或目录
[1.875s]     5 | #include [01;31m[K"pcl_conversions/pcl_conversions.h"[m[K
[1.875s]       |          [01;31m[K^~~~~~~~~~~~~~~~~~~~~~~~~~~~~~~~~~~[m[K
[1.875s] compilation terminated.
[1.883s] gmake[2]: *** [CMakeFiles/obstacle_avoidance.dir/build.make:76：CMakeFiles/obstacle_avoidance.dir/src/obstacle_avoidance.cpp.o] 错误 1
[1.883s] gmake[1]: *** [CMakeFiles/Makefile2:333：CMakeFiles/obstacle_avoidance.dir/all] 错误 2
[1.883s] gmake[1]: *** 正在等待未完成的任务....
[4.425s] [01m[K/home/user/ws_siasun/src/aivt/src/chessboard_detection.cpp:[m[K In member function ‘[01m[Kvoid ChessboardDetection::imageCallback(sensor_msgs::msg::Image_<std::allocator<void> >::SharedPtr)[m[K’:
[4.426s] [01m[K/home/user/ws_siasun/src/aivt/src/chessboard_detection.cpp:139:20:[m[K [01;35m[Kwarning: [m[Kunused variable ‘[01m[Krms[m[K’ [[01;35m[K]8;;https://gcc.gnu.org/onlinedocs/gcc/Warning-Options.html#index-Wunused-variable-Wunused-variable]8;;[m[K]
[4.426s]   139 |             double [01;35m[Krms[m[K = computeReprojectionRMS(
[4.426s]       |                    [01;35m[K^~~[m[K
[6.751s] [ 56%] [32m[1mLinking CXX executable calibration_calculation[0m
[6.972s] [ 56%] Built target calibration_calculation
[8.033s] [ 62%] [32m[1mLinking CXX executable grasp_touch_control[0m
[8.370s] [ 62%] Built target grasp_touch_control
[10.147s] [ 68%] [32m[1mLinking CXX executable robot_motion_test[0m
[10.689s] [ 68%] Built target robot_motion_test
[12.525s] [ 75%] [32m[1mLinking CXX executable tcp_calibration[0m
[12.900s] [ 75%] Built target tcp_calibration
[13.291s] [ 81%] [32m[1mLinking CXX executable chessboard_detection[0m
[13.886s] [ 81%] Built target chessboard_detection
[14.896s] [ 87%] [32m[1mLinking CXX executable hand_eye_calibration[0m
[15.709s] [ 87%] Built target hand_eye_calibration
[15.721s] [ 93%] [32m[1mLinking CXX executable robot_motion[0m
[16.272s] [ 93%] Built target robot_motion
[16.273s] gmake: *** [Makefile:146：all] 错误 2
[16.275s] Invoked command in '/home/user/ws_siasun/build/aivt' returned '2': CMAKE_PREFIX_PATH=/home/user/ws_siasun/install/duco_ros_driver:/home/user/ws_siasun/install/duco_arms:/home/user/ws_siasun/install/duco_support:/home/user/ws_siasun/install/duco_msg:/home/user/ws_siasun/install/aivt_interfaces:/home/user/ws_siasun/install/robot_control:/home/user/ws_siasun/install/aivt:/home/user/ws_siasun/install/duco_gcr3_618_moveit_config:/opt/ros/humble /usr/bin/cmake --build /home/user/ws_siasun/build/aivt -- -j16 -l16
