[0.011s] Invoking command in '/home/user/ws_siasun/build/aivt': CMAKE_PREFIX_PATH=/home/user/ws_siasun/install/duco_ros_driver:/home/user/ws_siasun/install/duco_arms:/home/user/ws_siasun/install/duco_support:/home/user/ws_siasun/install/duco_msg:/home/user/ws_siasun/install/aivt_interfaces:/home/user/ws_siasun/install/robot_control:/home/user/ws_siasun/install/aivt:/home/user/ws_siasun/install/duco_gcr3_618_moveit_config:/opt/ros/humble /usr/bin/cmake --build /home/user/ws_siasun/build/aivt -- -j16 -l16
[0.034s] -- Found ament_cmake: 1.3.11 (/opt/ros/humble/share/ament_cmake/cmake)
[0.118s] -- Found rclcpp: 16.0.11 (/opt/ros/humble/share/rclcpp/cmake)
[0.133s] -- Found rosidl_generator_c: 3.1.6 (/opt/ros/humble/share/rosidl_generator_c/cmake)
[0.135s] -- Found rosidl_adapter: 3.1.6 (/opt/ros/humble/share/rosidl_adapter/cmake)
[0.138s] -- Found rosidl_generator_cpp: 3.1.6 (/opt/ros/humble/share/rosidl_generator_cpp/cmake)
[0.143s] -- Using all available rosidl_typesupport_c: rosidl_typesupport_fastrtps_c;rosidl_typesupport_introspection_c
[0.150s] -- Using all available rosidl_typesupport_cpp: rosidl_typesupport_fastrtps_cpp;rosidl_typesupport_introspection_cpp
[0.168s] -- Found rmw_implementation_cmake: 6.1.2 (/opt/ros/humble/share/rmw_implementation_cmake/cmake)
[0.169s] -- Found rmw_fastrtps_cpp: 6.2.7 (/opt/ros/humble/share/rmw_fastrtps_cpp/cmake)
[0.231s] -- Using RMW implementation 'rmw_fastrtps_cpp' as default
[0.258s] -- Found sensor_msgs: 4.2.4 (/opt/ros/humble/share/sensor_msgs/cmake)
[0.273s] -- Found duco_msg: 0.0.0 (/home/user/ws_siasun/install/duco_msg/share/duco_msg/cmake)
[0.281s] -- Found aivt_interfaces: 0.0.0 (/home/user/ws_siasun/install/aivt_interfaces/share/aivt_interfaces/cmake)
[0.290s] -- Found cv_bridge: 3.2.1 (/opt/ros/humble/share/cv_bridge/cmake)
[0.291s] -- Found tf2_ros: 0.25.12 (/opt/ros/humble/share/tf2_ros/cmake)
[0.336s] -- Found tf2_geometry_msgs: 0.25.12 (/opt/ros/humble/share/tf2_geometry_msgs/cmake)
[0.338s] -- Found eigen3_cmake_module: 0.1.1 (/opt/ros/humble/share/eigen3_cmake_module/cmake)
[0.339s] -- Ensuring Eigen3 include directory is part of orocos-kdl CMake target
[0.342s] -- Found pcl_conversions: 2.4.5 (/opt/ros/humble/share/pcl_conversions/cmake)
[0.371s] -- Checking for module 'eigen3'
[0.385s] --   Found eigen3, version 3.4.0
[0.410s] -- Found Eigen: /usr/include/eigen3 (Required is at least version "3.1") 
[0.410s] -- Eigen found (include: /usr/include/eigen3, version: 3.4.0)
[0.437s] -- Checking for module 'flann'
[0.448s] --   Found flann, version 1.9.1
[0.479s] -- Found FLANN: /usr/lib/x86_64-linux-gnu/libflann_cpp.so  
[0.479s] -- FLANN found (include: /usr/include, lib: /usr/lib/x86_64-linux-gnu/libflann_cpp.so)
[1.210s] -- Checking for module 'libusb-1.0'
[1.221s] --   Found libusb-1.0, version 1.0.25
[1.248s] -- Found libusb: /usr/lib/x86_64-linux-gnu/libusb-1.0.so  
[1.249s] -- OpenNI found (version: 1.5.4.0, include: /usr/include/ni, lib: /usr/lib/libOpenNI.so;libusb::libusb)
[1.292s] -- OpenNI2 found (version: 2.2.0.33, include: /usr/include/openni2, lib: /usr/lib/x86_64-linux-gnu/libOpenNI2.so;libusb::libusb)
[1.389s] -- Eigen found (include: /usr/include/eigen3, version: 3.4.0)
[1.394s] -- OpenNI found (version: 1.5.4.0, include: /usr/include/ni, lib: /usr/lib/libOpenNI.so;libusb::libusb)
[1.399s] -- OpenNI2 found (version: 2.2.0.33, include: /usr/include/openni2, lib: /usr/lib/x86_64-linux-gnu/libOpenNI2.so;libusb::libusb)
[1.491s] -- Found Qhull version 8.0.2
[1.583s] -- OpenNI found (version: 1.5.4.0, include: /usr/include/ni, lib: /usr/lib/libOpenNI.so;libusb::libusb)
[1.676s] -- Found PCL_COMMON: /usr/lib/x86_64-linux-gnu/libpcl_common.so  
[1.676s] -- Found PCL_KDTREE: /usr/lib/x86_64-linux-gnu/libpcl_kdtree.so  
[1.677s] -- Found PCL_OCTREE: /usr/lib/x86_64-linux-gnu/libpcl_octree.so  
[1.678s] -- Found PCL_SEARCH: /usr/lib/x86_64-linux-gnu/libpcl_search.so  
[1.678s] -- Found PCL_SAMPLE_CONSENSUS: /usr/lib/x86_64-linux-gnu/libpcl_sample_consensus.so  
[1.679s] -- Found PCL_FILTERS: /usr/lib/x86_64-linux-gnu/libpcl_filters.so  
[1.679s] -- Found PCL_2D: /usr/include/pcl-1.12  
[1.679s] -- Found PCL_GEOMETRY: /usr/include/pcl-1.12  
[1.680s] -- Found PCL_IO: /usr/lib/x86_64-linux-gnu/libpcl_io.so  
[1.680s] -- Found PCL_FEATURES: /usr/lib/x86_64-linux-gnu/libpcl_features.so  
[1.681s] -- Found PCL_ML: /usr/lib/x86_64-linux-gnu/libpcl_ml.so  
[1.681s] -- Found PCL_SEGMENTATION: /usr/lib/x86_64-linux-gnu/libpcl_segmentation.so  
[1.682s] -- Found PCL_VISUALIZATION: /usr/lib/x86_64-linux-gnu/libpcl_visualization.so  
[1.682s] -- Found PCL_SURFACE: /usr/lib/x86_64-linux-gnu/libpcl_surface.so  
[1.683s] -- Found PCL_REGISTRATION: /usr/lib/x86_64-linux-gnu/libpcl_registration.so  
[1.684s] -- Found PCL_KEYPOINTS: /usr/lib/x86_64-linux-gnu/libpcl_keypoints.so  
[1.684s] -- Found PCL_TRACKING: /usr/lib/x86_64-linux-gnu/libpcl_tracking.so  
[1.685s] -- Found PCL_RECOGNITION: /usr/lib/x86_64-linux-gnu/libpcl_recognition.so  
[1.685s] -- Found PCL_STEREO: /usr/lib/x86_64-linux-gnu/libpcl_stereo.so  
[1.686s] -- Found PCL_APPS: /usr/lib/x86_64-linux-gnu/libpcl_apps.so  
[1.686s] -- Found PCL_IN_HAND_SCANNER: /usr/include/pcl-1.12  
[1.687s] -- Found PCL_MODELER: /usr/include/pcl-1.12  
[1.687s] -- Found PCL_POINT_CLOUD_EDITOR: /usr/include/pcl-1.12  
[1.688s] -- Found PCL_OUTOFCORE: /usr/lib/x86_64-linux-gnu/libpcl_outofcore.so  
[1.688s] -- Found PCL_PEOPLE: /usr/lib/x86_64-linux-gnu/libpcl_people.so  
[1.689s] -- Found duco_ros_driver: 0.0.0 (/home/user/ws_siasun/install/duco_ros_driver/share/duco_ros_driver/cmake)
[1.700s] -- Found ament_lint_auto: 0.12.11 (/opt/ros/humble/share/ament_lint_auto/cmake)
[1.743s] -- Added test 'cppcheck' to perform static code analysis on C / C++ code
[1.743s] -- Configured cppcheck include dirs: 
[1.743s] -- Configured cppcheck exclude dirs and/or files: 
[1.744s] -- Added test 'flake8' to check Python code syntax and style conventions
[1.744s] -- Added test 'lint_cmake' to check CMake code style
[1.744s] -- Added test 'pep257' to check Python code against some of the docstring style conventions in PEP 257
[1.745s] -- Added test 'uncrustify' to check C / C++ code style
[1.745s] -- Configured uncrustify additional arguments: 
[1.745s] -- Added test 'xmllint' to check XML markup files
[1.745s] -- Configuring done
[1.775s] -- Generating done
[1.786s] -- Build files have been written to: /home/user/ws_siasun/build/aivt
[1.811s] [35m[1mConsolidate compiler generated dependencies of target tcp_calibration[0m
[1.811s] [35m[1mConsolidate compiler generated dependencies of target grasp_touch_control[0m
[1.811s] [35m[1mConsolidate compiler generated dependencies of target obstacle_avoidance[0m
[1.812s] [35m[1mConsolidate compiler generated dependencies of target robot_motion_test[0m
[1.813s] [35m[1mConsolidate compiler generated dependencies of target chessboard_detection[0m
[1.813s] [35m[1mConsolidate compiler generated dependencies of target hand_eye_calibration[0m
[1.813s] [35m[1mConsolidate compiler generated dependencies of target robot_motion[0m
[1.814s] [35m[1mConsolidate compiler generated dependencies of target calibration_calculation[0m
[1.823s] [ 18%] [32mBuilding CXX object CMakeFiles/obstacle_avoidance.dir/src/obstacle_avoidance.cpp.o[0m
[1.823s] [ 18%] Built target tcp_calibration
[1.827s] [ 31%] Built target robot_motion_test
[1.827s] [ 43%] Built target grasp_touch_control
[1.830s] [ 50%] [32m[1mLinking CXX executable hand_eye_calibration[0m
[1.831s] [ 62%] Built target robot_motion
[1.831s] [ 68%] [32m[1mLinking CXX executable chessboard_detection[0m
[1.832s] [ 75%] [32m[1mLinking CXX executable calibration_calculation[0m
[1.947s] [01m[K/home/user/ws_siasun/src/aivt/src/obstacle_avoidance.cpp:3:10:[m[K [01;31m[Kfatal error: [m[Kpcl/point_types.h: 没有那个文件或目录
[1.947s]     3 | #include [01;31m[K"pcl/point_types.h"[m[K
[1.947s]       |          [01;31m[K^~~~~~~~~~~~~~~~~~~[m[K
[1.947s] compilation terminated.
[1.948s] gmake[2]: *** [CMakeFiles/obstacle_avoidance.dir/build.make:76：CMakeFiles/obstacle_avoidance.dir/src/obstacle_avoidance.cpp.o] 错误 1
[1.948s] gmake[1]: *** [CMakeFiles/Makefile2:333：CMakeFiles/obstacle_avoidance.dir/all] 错误 2
[1.949s] gmake[1]: *** 正在等待未完成的任务....
[2.110s] [ 81%] Built target calibration_calculation
[2.551s] [ 87%] Built target chessboard_detection
[2.815s] [ 93%] Built target hand_eye_calibration
[2.816s] gmake: *** [Makefile:146：all] 错误 2
[2.817s] Invoked command in '/home/user/ws_siasun/build/aivt' returned '2': CMAKE_PREFIX_PATH=/home/user/ws_siasun/install/duco_ros_driver:/home/user/ws_siasun/install/duco_arms:/home/user/ws_siasun/install/duco_support:/home/user/ws_siasun/install/duco_msg:/home/user/ws_siasun/install/aivt_interfaces:/home/user/ws_siasun/install/robot_control:/home/user/ws_siasun/install/aivt:/home/user/ws_siasun/install/duco_gcr3_618_moveit_config:/opt/ros/humble /usr/bin/cmake --build /home/user/ws_siasun/build/aivt -- -j16 -l16
