[0.016s] Invoking command in '/home/ubuntu/ws_engineer/build/engineer_urdf': CMAKE_PREFIX_PATH=${CMAKE_PREFIX_PATH}:/home/ubuntu/ws_moveit/install/moveit_configs_utils:/home/ubuntu/ws_moveit/install/launch_param_builder:/home/ubuntu/ws00_helloworld/install/pkg02_helloworld_py:/home/ubuntu/dev_ws/install/learning_urdf:/home/ubuntu/dev_ws/install/learning_topic:/home/ubuntu/dev_ws/install/learning_tf:/home/ubuntu/dev_ws/install/learning_service:/home/ubuntu/dev_ws/install/learning_qos:/home/ubuntu/dev_ws/install/learning_pkg_python:/home/ubuntu/dev_ws/install/learning_parameter:/home/ubuntu/dev_ws/install/learning_node:/home/ubuntu/dev_ws/install/learning_launch:/home/ubuntu/dev_ws/install/learning_action:/home/ubuntu/dev_ws/install/learning_gazebo_harmonic:/home/ubuntu/dev_ws/install/learning_gazebo:/home/ubuntu/dev_ws/install/learning_cv:/opt/ros/humble /usr/bin/cmake --build /home/ubuntu/ws_engineer/build/engineer_urdf -- -j16 -l16
[0.059s] -- Found ament_cmake: 1.3.11 (/opt/ros/humble/share/ament_cmake/cmake)
[0.267s] -- Found rclcpp: 16.0.12 (/opt/ros/humble/share/rclcpp/cmake)
[0.352s] -- Found rosidl_generator_c: 3.1.6 (/opt/ros/humble/share/rosidl_generator_c/cmake)
[0.356s] -- Found rosidl_adapter: 3.1.6 (/opt/ros/humble/share/rosidl_adapter/cmake)
[0.368s] -- Found rosidl_generator_cpp: 3.1.6 (/opt/ros/humble/share/rosidl_generator_cpp/cmake)
[0.387s] -- Using all available rosidl_typesupport_c: rosidl_typesupport_fastrtps_c;rosidl_typesupport_introspection_c
[0.409s] -- Using all available rosidl_typesupport_cpp: rosidl_typesupport_fastrtps_cpp;rosidl_typesupport_introspection_cpp
[0.465s] -- Found rmw_implementation_cmake: 6.1.2 (/opt/ros/humble/share/rmw_implementation_cmake/cmake)
[0.472s] -- Found rmw_fastrtps_cpp: 6.2.7 (/opt/ros/humble/share/rmw_fastrtps_cpp/cmake)
[0.661s] -- Using RMW implementation 'rmw_fastrtps_cpp' as default
[0.739s] -- Found sensor_msgs: 4.8.0 (/opt/ros/humble/share/sensor_msgs/cmake)
[0.789s] -- Found moveit_ros_planning_interface: 2.5.9 (/home/ubuntu/ws_moveit/install/moveit_ros_planning_interface/share/moveit_ros_planning_interface/cmake)
[0.809s] -- Found Boost: /usr/lib/x86_64-linux-gnu/cmake/Boost-1.74.0/BoostConfig.cmake (found version "1.74.0") found components: date_time filesystem program_options system thread 
[1.016s] -- Found Boost: /usr/lib/x86_64-linux-gnu/cmake/Boost-1.74.0/BoostConfig.cmake (found version "1.74.0") found components: chrono date_time filesystem iostreams program_options regex serialization system thread 
[1.056s] -- Found parameter_traits: 0.4.0 (/opt/ros/humble/share/parameter_traits/cmake)
[1.068s] -- Found rclcpp_lifecycle: 16.0.12 (/opt/ros/humble/share/rclcpp_lifecycle/cmake)
[1.097s] -- Found Boost: /usr/lib/x86_64-linux-gnu/cmake/Boost-1.74.0/BoostConfig.cmake (found version "1.74.0") found components: filesystem 
[1.157s] -- library: /usr/lib/x86_64-linux-gnu/libcurl.so
[1.205s] -- Ensuring Eigen3 include directory is part of orocos-kdl CMake target
[1.354s] -- Found Boost: /usr/lib/x86_64-linux-gnu/cmake/Boost-1.74.0/BoostConfig.cmake (found version "1.74.0") found components: system filesystem date_time program_options thread chrono 
[1.382s] -- Found Boost: /usr/lib/x86_64-linux-gnu/cmake/Boost-1.74.0/BoostConfig.cmake (found version "1.74.0") found components: thread system filesystem regex date_time program_options 
[1.402s] -- Found Boost: /usr/lib/x86_64-linux-gnu/cmake/Boost-1.74.0/BoostConfig.cmake (found version "1.74.0") found components: system filesystem date_time program_options thread 
[1.441s] -- Found ament_lint_auto: 0.12.12 (/opt/ros/humble/share/ament_lint_auto/cmake)
[1.525s] -- Added test 'cppcheck' to perform static code analysis on C / C++ code
[1.525s] -- Configured cppcheck include dirs: 
[1.525s] -- Configured cppcheck exclude dirs and/or files: 
[1.526s] -- Added test 'flake8' to check Python code syntax and style conventions
[1.527s] -- Added test 'lint_cmake' to check CMake code style
[1.527s] -- Added test 'pep257' to check Python code against some of the docstring style conventions in PEP 257
[1.529s] -- Added test 'uncrustify' to check C / C++ code style
[1.530s] -- Configured uncrustify additional arguments: 
[1.530s] -- Added test 'xmllint' to check XML markup files
[1.533s] -- Configuring done
[1.579s] -- Generating done
[1.587s] -- Build files have been written to: /home/ubuntu/ws_engineer/build/engineer_urdf
[1.629s] [35m[1mConsolidate compiler generated dependencies of target joint_state_reader[0m
[1.630s] [35m[1mConsolidate compiler generated dependencies of target end_effector_pose_reader[0m
[1.653s] [ 50%] Built target joint_state_reader
[1.660s] [100%] Built target end_effector_pose_reader
[1.676s] Invoked command in '/home/ubuntu/ws_engineer/build/engineer_urdf' returned '0': CMAKE_PREFIX_PATH=${CMAKE_PREFIX_PATH}:/home/ubuntu/ws_moveit/install/moveit_configs_utils:/home/ubuntu/ws_moveit/install/launch_param_builder:/home/ubuntu/ws00_helloworld/install/pkg02_helloworld_py:/home/ubuntu/dev_ws/install/learning_urdf:/home/ubuntu/dev_ws/install/learning_topic:/home/ubuntu/dev_ws/install/learning_tf:/home/ubuntu/dev_ws/install/learning_service:/home/ubuntu/dev_ws/install/learning_qos:/home/ubuntu/dev_ws/install/learning_pkg_python:/home/ubuntu/dev_ws/install/learning_parameter:/home/ubuntu/dev_ws/install/learning_node:/home/ubuntu/dev_ws/install/learning_launch:/home/ubuntu/dev_ws/install/learning_action:/home/ubuntu/dev_ws/install/learning_gazebo_harmonic:/home/ubuntu/dev_ws/install/learning_gazebo:/home/ubuntu/dev_ws/install/learning_cv:/opt/ros/humble /usr/bin/cmake --build /home/ubuntu/ws_engineer/build/engineer_urdf -- -j16 -l16
[1.678s] Invoking command in '/home/ubuntu/ws_engineer/build/engineer_urdf': CMAKE_PREFIX_PATH=${CMAKE_PREFIX_PATH}:/home/ubuntu/ws_moveit/install/moveit_configs_utils:/home/ubuntu/ws_moveit/install/launch_param_builder:/home/ubuntu/ws00_helloworld/install/pkg02_helloworld_py:/home/ubuntu/dev_ws/install/learning_urdf:/home/ubuntu/dev_ws/install/learning_topic:/home/ubuntu/dev_ws/install/learning_tf:/home/ubuntu/dev_ws/install/learning_service:/home/ubuntu/dev_ws/install/learning_qos:/home/ubuntu/dev_ws/install/learning_pkg_python:/home/ubuntu/dev_ws/install/learning_parameter:/home/ubuntu/dev_ws/install/learning_node:/home/ubuntu/dev_ws/install/learning_launch:/home/ubuntu/dev_ws/install/learning_action:/home/ubuntu/dev_ws/install/learning_gazebo_harmonic:/home/ubuntu/dev_ws/install/learning_gazebo:/home/ubuntu/dev_ws/install/learning_cv:/opt/ros/humble /usr/bin/cmake --install /home/ubuntu/ws_engineer/build/engineer_urdf
[1.690s] -- Install configuration: ""
[1.690s] -- Up-to-date: /home/ubuntu/ws_engineer/install/engineer_urdf/lib/engineer_urdf/joint_state_reader
[1.690s] -- Up-to-date: /home/ubuntu/ws_engineer/install/engineer_urdf/lib/engineer_urdf/end_effector_pose_reader
[1.691s] -- Up-to-date: /home/ubuntu/ws_engineer/install/engineer_urdf/share/engineer_urdf/launch
[1.691s] -- Up-to-date: /home/ubuntu/ws_engineer/install/engineer_urdf/share/engineer_urdf/launch/control_launch.py
[1.691s] -- Up-to-date: /home/ubuntu/ws_engineer/install/engineer_urdf/share/engineer_urdf/launch/display_launch.py
[1.691s] -- Up-to-date: /home/ubuntu/ws_engineer/install/engineer_urdf/share/engineer_urdf/launch/gazebo_sim_launch.py
[1.691s] -- Up-to-date: /home/ubuntu/ws_engineer/install/engineer_urdf/share/engineer_urdf/meshes
[1.691s] -- Up-to-date: /home/ubuntu/ws_engineer/install/engineer_urdf/share/engineer_urdf/meshes/Link2.STL
[1.691s] -- Up-to-date: /home/ubuntu/ws_engineer/install/engineer_urdf/share/engineer_urdf/meshes/Link1.STL
[1.691s] -- Up-to-date: /home/ubuntu/ws_engineer/install/engineer_urdf/share/engineer_urdf/meshes/Link5.STL
[1.691s] -- Up-to-date: /home/ubuntu/ws_engineer/install/engineer_urdf/share/engineer_urdf/meshes/Link0.STL
[1.691s] -- Up-to-date: /home/ubuntu/ws_engineer/install/engineer_urdf/share/engineer_urdf/meshes/Link4.STL
[1.691s] -- Up-to-date: /home/ubuntu/ws_engineer/install/engineer_urdf/share/engineer_urdf/meshes/base_link.STL
[1.691s] -- Up-to-date: /home/ubuntu/ws_engineer/install/engineer_urdf/share/engineer_urdf/meshes/Link3.STL
[1.691s] -- Up-to-date: /home/ubuntu/ws_engineer/install/engineer_urdf/share/engineer_urdf/rviz
[1.691s] -- Up-to-date: /home/ubuntu/ws_engineer/install/engineer_urdf/share/engineer_urdf/rviz/urdf.rviz
[1.692s] -- Up-to-date: /home/ubuntu/ws_engineer/install/engineer_urdf/share/engineer_urdf/urdf
[1.692s] -- Up-to-date: /home/ubuntu/ws_engineer/install/engineer_urdf/share/engineer_urdf/urdf/xacro
[1.692s] -- Up-to-date: /home/ubuntu/ws_engineer/install/engineer_urdf/share/engineer_urdf/urdf/urdf
[1.692s] -- Up-to-date: /home/ubuntu/ws_engineer/install/engineer_urdf/share/engineer_urdf/urdf/urdf/manipulator.urdf
[1.692s] -- Up-to-date: /home/ubuntu/ws_engineer/install/engineer_urdf/share/engineer_urdf/urdf/urdf/manipulator.gv
[1.692s] -- Up-to-date: /home/ubuntu/ws_engineer/install/engineer_urdf/share/engineer_urdf/urdf/urdf/manipulator.pdf
[1.692s] -- Up-to-date: /home/ubuntu/ws_engineer/install/engineer_urdf/share/engineer_urdf/world
[1.692s] -- Up-to-date: /home/ubuntu/ws_engineer/install/engineer_urdf/share/engineer_urdf/world/conveyline
[1.692s] -- Up-to-date: /home/ubuntu/ws_engineer/install/engineer_urdf/share/engineer_urdf/world/conveyline/conveyline.world
[1.692s] -- Up-to-date: /home/ubuntu/ws_engineer/install/engineer_urdf/share/ament_index/resource_index/package_run_dependencies/engineer_urdf
[1.692s] -- Up-to-date: /home/ubuntu/ws_engineer/install/engineer_urdf/share/ament_index/resource_index/parent_prefix_path/engineer_urdf
[1.692s] -- Up-to-date: /home/ubuntu/ws_engineer/install/engineer_urdf/share/engineer_urdf/environment/ament_prefix_path.sh
[1.692s] -- Installing: /home/ubuntu/ws_engineer/install/engineer_urdf/share/engineer_urdf/environment/ament_prefix_path.dsv
[1.693s] -- Up-to-date: /home/ubuntu/ws_engineer/install/engineer_urdf/share/engineer_urdf/environment/path.sh
[1.693s] -- Installing: /home/ubuntu/ws_engineer/install/engineer_urdf/share/engineer_urdf/environment/path.dsv
[1.693s] -- Up-to-date: /home/ubuntu/ws_engineer/install/engineer_urdf/share/engineer_urdf/local_setup.bash
[1.693s] -- Up-to-date: /home/ubuntu/ws_engineer/install/engineer_urdf/share/engineer_urdf/local_setup.sh
[1.693s] -- Up-to-date: /home/ubuntu/ws_engineer/install/engineer_urdf/share/engineer_urdf/local_setup.zsh
[1.693s] -- Installing: /home/ubuntu/ws_engineer/install/engineer_urdf/share/engineer_urdf/local_setup.dsv
[1.693s] -- Installing: /home/ubuntu/ws_engineer/install/engineer_urdf/share/engineer_urdf/package.dsv
[1.693s] -- Up-to-date: /home/ubuntu/ws_engineer/install/engineer_urdf/share/ament_index/resource_index/packages/engineer_urdf
[1.693s] -- Up-to-date: /home/ubuntu/ws_engineer/install/engineer_urdf/share/engineer_urdf/cmake/engineer_urdfConfig.cmake
[1.693s] -- Up-to-date: /home/ubuntu/ws_engineer/install/engineer_urdf/share/engineer_urdf/cmake/engineer_urdfConfig-version.cmake
[1.693s] -- Installing: /home/ubuntu/ws_engineer/install/engineer_urdf/share/engineer_urdf/package.xml
[1.695s] Invoked command in '/home/ubuntu/ws_engineer/build/engineer_urdf' returned '0': CMAKE_PREFIX_PATH=${CMAKE_PREFIX_PATH}:/home/ubuntu/ws_moveit/install/moveit_configs_utils:/home/ubuntu/ws_moveit/install/launch_param_builder:/home/ubuntu/ws00_helloworld/install/pkg02_helloworld_py:/home/ubuntu/dev_ws/install/learning_urdf:/home/ubuntu/dev_ws/install/learning_topic:/home/ubuntu/dev_ws/install/learning_tf:/home/ubuntu/dev_ws/install/learning_service:/home/ubuntu/dev_ws/install/learning_qos:/home/ubuntu/dev_ws/install/learning_pkg_python:/home/ubuntu/dev_ws/install/learning_parameter:/home/ubuntu/dev_ws/install/learning_node:/home/ubuntu/dev_ws/install/learning_launch:/home/ubuntu/dev_ws/install/learning_action:/home/ubuntu/dev_ws/install/learning_gazebo_harmonic:/home/ubuntu/dev_ws/install/learning_gazebo:/home/ubuntu/dev_ws/install/learning_cv:/opt/ros/humble /usr/bin/cmake --install /home/ubuntu/ws_engineer/build/engineer_urdf
