-- Found ament_cmake: 1.3.11 (/opt/ros/humble/share/ament_cmake/cmake)
-- Found rosidl_default_generators: 1.2.0 (/opt/ros/humble/share/rosidl_default_generators/cmake)
-- Using all available rosidl_typesupport_c: rosidl_typesupport_fastrtps_c;rosidl_typesupport_introspection_c
-- Found rosidl_adapter: 3.1.6 (/opt/ros/humble/share/rosidl_adapter/cmake)
-- Using all available rosidl_typesupport_cpp: rosidl_typesupport_fastrtps_cpp;rosidl_typesupport_introspection_cpp
-- Found ament_cmake_ros: 0.10.0 (/opt/ros/humble/share/ament_cmake_ros/cmake)
-- Using all available rosidl_typesupport_c: rosidl_typesupport_fastrtps_c;rosidl_typesupport_introspection_c
-- Using all available rosidl_typesupport_cpp: rosidl_typesupport_fastrtps_cpp;rosidl_typesupport_introspection_cpp
-- Found python_cmake_module: 0.10.0 (/opt/ros/humble/share/python_cmake_module/cmake)
-- Using PYTHON_EXECUTABLE: /usr/bin/python3
-- Using PYTHON_INCLUDE_DIRS: /usr/include/python3.10
-- Using PYTHON_LIBRARIES: /usr/lib/x86_64-linux-gnu/libpython3.10.so
-- Found ament_lint_auto: 0.12.12 (/opt/ros/humble/share/ament_lint_auto/cmake)
-- Configuring done
-- Generating done
-- Build files have been written to: /home/ubuntu/ws_engineer/build/base_interfaces
[35m[1mConsolidate compiler generated dependencies of target base_interfaces__rosidl_generator_c[0m
[  2%] Built target base_interfaces__cpp
[  5%] [32m[1mLinking C shared library libbase_interfaces__rosidl_generator_c.so[0m
[  5%] Built target ament_cmake_python_copy_base_interfaces
[35m[1mConsolidate compiler generated dependencies of target base_interfaces__rosidl_typesupport_cpp[0m
[35m[1mConsolidate compiler generated dependencies of target base_interfaces__rosidl_typesupport_introspection_cpp[0m
[35m[1mConsolidate compiler generated dependencies of target base_interfaces__rosidl_typesupport_fastrtps_cpp[0m
[  7%] [32mBuilding CXX object CMakeFiles/base_interfaces__rosidl_typesupport_introspection_cpp.dir/rosidl_typesupport_introspection_cpp/base_interfaces/msg/detail/user_pose__type_support.cpp.o[0m
[ 10%] [32mBuilding CXX object CMakeFiles/base_interfaces__rosidl_typesupport_cpp.dir/rosidl_typesupport_cpp/base_interfaces/msg/user_joint__type_support.cpp.o[0m
[ 12%] [32mBuilding CXX object CMakeFiles/base_interfaces__rosidl_typesupport_introspection_cpp.dir/rosidl_typesupport_introspection_cpp/base_interfaces/msg/detail/user_joint__type_support.cpp.o[0m
[ 15%] [32mBuilding CXX object CMakeFiles/base_interfaces__rosidl_typesupport_cpp.dir/rosidl_typesupport_cpp/base_interfaces/msg/user_pose__type_support.cpp.o[0m
[ 17%] [32mBuilding CXX object CMakeFiles/base_interfaces__rosidl_typesupport_fastrtps_cpp.dir/rosidl_typesupport_fastrtps_cpp/base_interfaces/msg/detail/dds_fastrtps/user_joint__type_support.cpp.o[0m
[ 20%] [32mBuilding CXX object CMakeFiles/base_interfaces__rosidl_typesupport_fastrtps_cpp.dir/rosidl_typesupport_fastrtps_cpp/base_interfaces/msg/detail/dds_fastrtps/user_pose__type_support.cpp.o[0m
[ 28%] Built target base_interfaces__rosidl_generator_c
[35m[1mConsolidate compiler generated dependencies of target base_interfaces__rosidl_typesupport_introspection_c[0m
[35m[1mConsolidate compiler generated dependencies of target base_interfaces__rosidl_typesupport_fastrtps_c[0m
[35m[1mConsolidate compiler generated dependencies of target base_interfaces__rosidl_typesupport_c[0m
[ 30%] [32m[1mLinking C shared library libbase_interfaces__rosidl_typesupport_introspection_c.so[0m
[ 33%] [32m[1mLinking CXX shared library libbase_interfaces__rosidl_typesupport_c.so[0m
[ 35%] [32mBuilding CXX object CMakeFiles/base_interfaces__rosidl_typesupport_fastrtps_c.dir/rosidl_typesupport_fastrtps_c/base_interfaces/msg/detail/user_joint__type_support_c.cpp.o[0m
[ 38%] [32mBuilding CXX object CMakeFiles/base_interfaces__rosidl_typesupport_fastrtps_c.dir/rosidl_typesupport_fastrtps_c/base_interfaces/msg/detail/user_pose__type_support_c.cpp.o[0m
[ 46%] Built target base_interfaces__rosidl_typesupport_introspection_c
[ 53%] Built target base_interfaces__rosidl_typesupport_c
running egg_info
writing base_interfaces.egg-info/PKG-INFO
writing dependency_links to base_interfaces.egg-info/dependency_links.txt
writing top-level names to base_interfaces.egg-info/top_level.txt
reading manifest file 'base_interfaces.egg-info/SOURCES.txt'
writing manifest file 'base_interfaces.egg-info/SOURCES.txt'
[ 56%] [32m[1mLinking CXX shared library libbase_interfaces__rosidl_typesupport_cpp.so[0m
[ 56%] Built target ament_cmake_python_build_base_interfaces_egg
[ 58%] [32m[1mLinking CXX shared library libbase_interfaces__rosidl_typesupport_introspection_cpp.so[0m
[ 61%] Built target base_interfaces__rosidl_typesupport_cpp
[ 64%] Built target base_interfaces__rosidl_typesupport_introspection_cpp
[ 66%] [32m[1mLinking CXX shared library libbase_interfaces__rosidl_typesupport_fastrtps_cpp.so[0m
[ 69%] [32m[1mLinking CXX shared library libbase_interfaces__rosidl_typesupport_fastrtps_c.so[0m
[ 71%] Built target base_interfaces__rosidl_typesupport_fastrtps_cpp
[ 74%] Built target base_interfaces__rosidl_typesupport_fastrtps_c
[ 74%] Built target base_interfaces
[ 76%] Built target base_interfaces__py
[35m[1mConsolidate compiler generated dependencies of target base_interfaces__rosidl_generator_py[0m
[ 82%] [32mBuilding C object CMakeFiles/base_interfaces__rosidl_generator_py.dir/rosidl_generator_py/base_interfaces/msg/_user_joint_s.c.o[0m
[ 82%] [32mBuilding C object CMakeFiles/base_interfaces__rosidl_generator_py.dir/rosidl_generator_py/base_interfaces/msg/_user_pose_s.c.o[0m
[ 84%] [32m[1mLinking C shared library rosidl_generator_py/base_interfaces/libbase_interfaces__rosidl_generator_py.so[0m
[ 84%] Built target base_interfaces__rosidl_generator_py
[35m[1mConsolidate compiler generated dependencies of target base_interfaces__rosidl_typesupport_fastrtps_c__pyext[0m
[35m[1mConsolidate compiler generated dependencies of target base_interfaces__rosidl_typesupport_c__pyext[0m
[35m[1mConsolidate compiler generated dependencies of target base_interfaces__rosidl_typesupport_introspection_c__pyext[0m
[ 89%] [32mBuilding C object CMakeFiles/base_interfaces__rosidl_typesupport_fastrtps_c__pyext.dir/rosidl_generator_py/base_interfaces/_base_interfaces_s.ep.rosidl_typesupport_fastrtps_c.c.o[0m
[ 89%] [32mBuilding C object CMakeFiles/base_interfaces__rosidl_typesupport_introspection_c__pyext.dir/rosidl_generator_py/base_interfaces/_base_interfaces_s.ep.rosidl_typesupport_introspection_c.c.o[0m
[ 92%] [32mBuilding C object CMakeFiles/base_interfaces__rosidl_typesupport_c__pyext.dir/rosidl_generator_py/base_interfaces/_base_interfaces_s.ep.rosidl_typesupport_c.c.o[0m
[100%] [32m[1mLinking C shared library rosidl_generator_py/base_interfaces/base_interfaces_s__rosidl_typesupport_c.cpython-310-x86_64-linux-gnu.so[0m
[100%] [32m[1mLinking C shared library rosidl_generator_py/base_interfaces/base_interfaces_s__rosidl_typesupport_fastrtps_c.cpython-310-x86_64-linux-gnu.so[0m
[100%] [32m[1mLinking C shared library rosidl_generator_py/base_interfaces/base_interfaces_s__rosidl_typesupport_introspection_c.cpython-310-x86_64-linux-gnu.so[0m
[100%] Built target base_interfaces__rosidl_typesupport_fastrtps_c__pyext
[100%] Built target base_interfaces__rosidl_typesupport_introspection_c__pyext
[100%] Built target base_interfaces__rosidl_typesupport_c__pyext
-- Install configuration: ""
-- Up-to-date: /home/ubuntu/ws_engineer/install/base_interfaces/share/ament_index/resource_index/rosidl_interfaces/base_interfaces
-- Up-to-date: /home/ubuntu/ws_engineer/install/base_interfaces/include/base_interfaces/base_interfaces
-- Up-to-date: /home/ubuntu/ws_engineer/install/base_interfaces/include/base_interfaces/base_interfaces/msg
-- Up-to-date: /home/ubuntu/ws_engineer/install/base_interfaces/include/base_interfaces/base_interfaces/msg/rosidl_generator_c__visibility_control.h
-- Up-to-date: /home/ubuntu/ws_engineer/install/base_interfaces/include/base_interfaces/base_interfaces/msg/user_pose.h
-- Up-to-date: /home/ubuntu/ws_engineer/install/base_interfaces/include/base_interfaces/base_interfaces/msg/user_joint.h
-- Up-to-date: /home/ubuntu/ws_engineer/install/base_interfaces/include/base_interfaces/base_interfaces/msg/detail
-- Up-to-date: /home/ubuntu/ws_engineer/install/base_interfaces/include/base_interfaces/base_interfaces/msg/detail/user_pose__functions.c
-- Up-to-date: /home/ubuntu/ws_engineer/install/base_interfaces/include/base_interfaces/base_interfaces/msg/detail/user_pose__type_support.h
-- Up-to-date: /home/ubuntu/ws_engineer/install/base_interfaces/include/base_interfaces/base_interfaces/msg/detail/user_joint__type_support.h
-- Up-to-date: /home/ubuntu/ws_engineer/install/base_interfaces/include/base_interfaces/base_interfaces/msg/detail/user_pose__functions.h
-- Up-to-date: /home/ubuntu/ws_engineer/install/base_interfaces/include/base_interfaces/base_interfaces/msg/detail/user_pose__struct.h
-- Up-to-date: /home/ubuntu/ws_engineer/install/base_interfaces/include/base_interfaces/base_interfaces/msg/detail/user_joint__struct.h
-- Up-to-date: /home/ubuntu/ws_engineer/install/base_interfaces/include/base_interfaces/base_interfaces/msg/detail/user_joint__functions.h
-- Up-to-date: /home/ubuntu/ws_engineer/install/base_interfaces/include/base_interfaces/base_interfaces/msg/detail/user_joint__functions.c
-- Installing: /home/ubuntu/ws_engineer/install/base_interfaces/share/base_interfaces/environment/library_path.sh
-- Installing: /home/ubuntu/ws_engineer/install/base_interfaces/share/base_interfaces/environment/library_path.dsv
-- Installing: /home/ubuntu/ws_engineer/install/base_interfaces/lib/libbase_interfaces__rosidl_generator_c.so
-- Set runtime path of "/home/ubuntu/ws_engineer/install/base_interfaces/lib/libbase_interfaces__rosidl_generator_c.so" to ""
-- Up-to-date: /home/ubuntu/ws_engineer/install/base_interfaces/include/base_interfaces/base_interfaces
-- Up-to-date: /home/ubuntu/ws_engineer/install/base_interfaces/include/base_interfaces/base_interfaces/msg
-- Up-to-date: /home/ubuntu/ws_engineer/install/base_interfaces/include/base_interfaces/base_interfaces/msg/detail
-- Up-to-date: /home/ubuntu/ws_engineer/install/base_interfaces/include/base_interfaces/base_interfaces/msg/detail/user_joint__rosidl_typesupport_fastrtps_c.h
-- Up-to-date: /home/ubuntu/ws_engineer/install/base_interfaces/include/base_interfaces/base_interfaces/msg/detail/user_pose__rosidl_typesupport_fastrtps_c.h
-- Up-to-date: /home/ubuntu/ws_engineer/install/base_interfaces/include/base_interfaces/base_interfaces/msg/rosidl_typesupport_fastrtps_c__visibility_control.h
-- Installing: /home/ubuntu/ws_engineer/install/base_interfaces/lib/libbase_interfaces__rosidl_typesupport_fastrtps_c.so
-- Set runtime path of "/home/ubuntu/ws_engineer/install/base_interfaces/lib/libbase_interfaces__rosidl_typesupport_fastrtps_c.so" to ""
-- Up-to-date: /home/ubuntu/ws_engineer/install/base_interfaces/include/base_interfaces/base_interfaces
-- Up-to-date: /home/ubuntu/ws_engineer/install/base_interfaces/include/base_interfaces/base_interfaces/msg
-- Up-to-date: /home/ubuntu/ws_engineer/install/base_interfaces/include/base_interfaces/base_interfaces/msg/rosidl_typesupport_introspection_c__visibility_control.h
-- Up-to-date: /home/ubuntu/ws_engineer/install/base_interfaces/include/base_interfaces/base_interfaces/msg/detail
-- Up-to-date: /home/ubuntu/ws_engineer/install/base_interfaces/include/base_interfaces/base_interfaces/msg/detail/user_pose__rosidl_typesupport_introspection_c.h
-- Up-to-date: /home/ubuntu/ws_engineer/install/base_interfaces/include/base_interfaces/base_interfaces/msg/detail/user_joint__rosidl_typesupport_introspection_c.h
-- Up-to-date: /home/ubuntu/ws_engineer/install/base_interfaces/include/base_interfaces/base_interfaces/msg/detail/user_joint__type_support.c
-- Up-to-date: /home/ubuntu/ws_engineer/install/base_interfaces/include/base_interfaces/base_interfaces/msg/detail/user_pose__type_support.c
-- Installing: /home/ubuntu/ws_engineer/install/base_interfaces/lib/libbase_interfaces__rosidl_typesupport_introspection_c.so
-- Set runtime path of "/home/ubuntu/ws_engineer/install/base_interfaces/lib/libbase_interfaces__rosidl_typesupport_introspection_c.so" to ""
-- Installing: /home/ubuntu/ws_engineer/install/base_interfaces/lib/libbase_interfaces__rosidl_typesupport_c.so
-- Set runtime path of "/home/ubuntu/ws_engineer/install/base_interfaces/lib/libbase_interfaces__rosidl_typesupport_c.so" to ""
-- Up-to-date: /home/ubuntu/ws_engineer/install/base_interfaces/include/base_interfaces/base_interfaces
-- Up-to-date: /home/ubuntu/ws_engineer/install/base_interfaces/include/base_interfaces/base_interfaces/msg
-- Up-to-date: /home/ubuntu/ws_engineer/install/base_interfaces/include/base_interfaces/base_interfaces/msg/rosidl_generator_cpp__visibility_control.hpp
-- Up-to-date: /home/ubuntu/ws_engineer/install/base_interfaces/include/base_interfaces/base_interfaces/msg/user_joint.hpp
-- Up-to-date: /home/ubuntu/ws_engineer/install/base_interfaces/include/base_interfaces/base_interfaces/msg/detail
-- Up-to-date: /home/ubuntu/ws_engineer/install/base_interfaces/include/base_interfaces/base_interfaces/msg/detail/user_joint__struct.hpp
-- Up-to-date: /home/ubuntu/ws_engineer/install/base_interfaces/include/base_interfaces/base_interfaces/msg/detail/user_joint__builder.hpp
-- Up-to-date: /home/ubuntu/ws_engineer/install/base_interfaces/include/base_interfaces/base_interfaces/msg/detail/user_pose__struct.hpp
-- Up-to-date: /home/ubuntu/ws_engineer/install/base_interfaces/include/base_interfaces/base_interfaces/msg/detail/user_pose__traits.hpp
-- Up-to-date: /home/ubuntu/ws_engineer/install/base_interfaces/include/base_interfaces/base_interfaces/msg/detail/user_pose__type_support.hpp
-- Up-to-date: /home/ubuntu/ws_engineer/install/base_interfaces/include/base_interfaces/base_interfaces/msg/detail/user_joint__type_support.hpp
-- Up-to-date: /home/ubuntu/ws_engineer/install/base_interfaces/include/base_interfaces/base_interfaces/msg/detail/user_pose__builder.hpp
-- Up-to-date: /home/ubuntu/ws_engineer/install/base_interfaces/include/base_interfaces/base_interfaces/msg/detail/user_joint__traits.hpp
-- Up-to-date: /home/ubuntu/ws_engineer/install/base_interfaces/include/base_interfaces/base_interfaces/msg/user_pose.hpp
-- Up-to-date: /home/ubuntu/ws_engineer/install/base_interfaces/include/base_interfaces/base_interfaces
-- Up-to-date: /home/ubuntu/ws_engineer/install/base_interfaces/include/base_interfaces/base_interfaces/msg
-- Up-to-date: /home/ubuntu/ws_engineer/install/base_interfaces/include/base_interfaces/base_interfaces/msg/rosidl_typesupport_fastrtps_cpp__visibility_control.h
-- Up-to-date: /home/ubuntu/ws_engineer/install/base_interfaces/include/base_interfaces/base_interfaces/msg/detail
-- Up-to-date: /home/ubuntu/ws_engineer/install/base_interfaces/include/base_interfaces/base_interfaces/msg/detail/user_pose__rosidl_typesupport_fastrtps_cpp.hpp
-- Up-to-date: /home/ubuntu/ws_engineer/install/base_interfaces/include/base_interfaces/base_interfaces/msg/detail/user_joint__rosidl_typesupport_fastrtps_cpp.hpp
-- Up-to-date: /home/ubuntu/ws_engineer/install/base_interfaces/include/base_interfaces/base_interfaces/msg/detail/dds_fastrtps
-- Installing: /home/ubuntu/ws_engineer/install/base_interfaces/lib/libbase_interfaces__rosidl_typesupport_fastrtps_cpp.so
-- Set runtime path of "/home/ubuntu/ws_engineer/install/base_interfaces/lib/libbase_interfaces__rosidl_typesupport_fastrtps_cpp.so" to ""
-- Up-to-date: /home/ubuntu/ws_engineer/install/base_interfaces/include/base_interfaces/base_interfaces
-- Up-to-date: /home/ubuntu/ws_engineer/install/base_interfaces/include/base_interfaces/base_interfaces/msg
-- Up-to-date: /home/ubuntu/ws_engineer/install/base_interfaces/include/base_interfaces/base_interfaces/msg/detail
-- Up-to-date: /home/ubuntu/ws_engineer/install/base_interfaces/include/base_interfaces/base_interfaces/msg/detail/user_joint__type_support.cpp
-- Up-to-date: /home/ubuntu/ws_engineer/install/base_interfaces/include/base_interfaces/base_interfaces/msg/detail/user_pose__type_support.cpp
-- Up-to-date: /home/ubuntu/ws_engineer/install/base_interfaces/include/base_interfaces/base_interfaces/msg/detail/user_pose__rosidl_typesupport_introspection_cpp.hpp
-- Up-to-date: /home/ubuntu/ws_engineer/install/base_interfaces/include/base_interfaces/base_interfaces/msg/detail/user_joint__rosidl_typesupport_introspection_cpp.hpp
-- Installing: /home/ubuntu/ws_engineer/install/base_interfaces/lib/libbase_interfaces__rosidl_typesupport_introspection_cpp.so
-- Set runtime path of "/home/ubuntu/ws_engineer/install/base_interfaces/lib/libbase_interfaces__rosidl_typesupport_introspection_cpp.so" to ""
-- Installing: /home/ubuntu/ws_engineer/install/base_interfaces/lib/libbase_interfaces__rosidl_typesupport_cpp.so
-- Set runtime path of "/home/ubuntu/ws_engineer/install/base_interfaces/lib/libbase_interfaces__rosidl_typesupport_cpp.so" to ""
-- Up-to-date: /home/ubuntu/ws_engineer/install/base_interfaces/share/base_interfaces/environment/pythonpath.sh
-- Installing: /home/ubuntu/ws_engineer/install/base_interfaces/share/base_interfaces/environment/pythonpath.dsv
-- Up-to-date: /home/ubuntu/ws_engineer/install/base_interfaces/local/lib/python3.10/dist-packages/base_interfaces-0.0.0-py3.10.egg-info
-- Installing: /home/ubuntu/ws_engineer/install/base_interfaces/local/lib/python3.10/dist-packages/base_interfaces-0.0.0-py3.10.egg-info/dependency_links.txt
-- Installing: /home/ubuntu/ws_engineer/install/base_interfaces/local/lib/python3.10/dist-packages/base_interfaces-0.0.0-py3.10.egg-info/SOURCES.txt
-- Installing: /home/ubuntu/ws_engineer/install/base_interfaces/local/lib/python3.10/dist-packages/base_interfaces-0.0.0-py3.10.egg-info/top_level.txt
-- Installing: /home/ubuntu/ws_engineer/install/base_interfaces/local/lib/python3.10/dist-packages/base_interfaces-0.0.0-py3.10.egg-info/PKG-INFO
-- Up-to-date: /home/ubuntu/ws_engineer/install/base_interfaces/local/lib/python3.10/dist-packages/base_interfaces
-- Installing: /home/ubuntu/ws_engineer/install/base_interfaces/local/lib/python3.10/dist-packages/base_interfaces/base_interfaces_s__rosidl_typesupport_fastrtps_c.cpython-310-x86_64-linux-gnu.so
-- Installing: /home/ubuntu/ws_engineer/install/base_interfaces/local/lib/python3.10/dist-packages/base_interfaces/libbase_interfaces__rosidl_generator_py.so
-- Installing: /home/ubuntu/ws_engineer/install/base_interfaces/local/lib/python3.10/dist-packages/base_interfaces/base_interfaces_s__rosidl_typesupport_c.cpython-310-x86_64-linux-gnu.so
-- Installing: /home/ubuntu/ws_engineer/install/base_interfaces/local/lib/python3.10/dist-packages/base_interfaces/__init__.py
-- Up-to-date: /home/ubuntu/ws_engineer/install/base_interfaces/local/lib/python3.10/dist-packages/base_interfaces/msg
-- Up-to-date: /home/ubuntu/ws_engineer/install/base_interfaces/local/lib/python3.10/dist-packages/base_interfaces/msg/_user_pose_s.c
-- Up-to-date: /home/ubuntu/ws_engineer/install/base_interfaces/local/lib/python3.10/dist-packages/base_interfaces/msg/__init__.py
-- Up-to-date: /home/ubuntu/ws_engineer/install/base_interfaces/local/lib/python3.10/dist-packages/base_interfaces/msg/_user_pose.py
-- Up-to-date: /home/ubuntu/ws_engineer/install/base_interfaces/local/lib/python3.10/dist-packages/base_interfaces/msg/_user_joint.py
-- Up-to-date: /home/ubuntu/ws_engineer/install/base_interfaces/local/lib/python3.10/dist-packages/base_interfaces/msg/_user_joint_s.c
-- Up-to-date: /home/ubuntu/ws_engineer/install/base_interfaces/local/lib/python3.10/dist-packages/base_interfaces/_base_interfaces_s.ep.rosidl_typesupport_fastrtps_c.c
-- Up-to-date: /home/ubuntu/ws_engineer/install/base_interfaces/local/lib/python3.10/dist-packages/base_interfaces/_base_interfaces_s.ep.rosidl_typesupport_introspection_c.c
-- Up-to-date: /home/ubuntu/ws_engineer/install/base_interfaces/local/lib/python3.10/dist-packages/base_interfaces/_base_interfaces_s.ep.rosidl_typesupport_c.c
-- Installing: /home/ubuntu/ws_engineer/install/base_interfaces/local/lib/python3.10/dist-packages/base_interfaces/base_interfaces_s__rosidl_typesupport_introspection_c.cpython-310-x86_64-linux-gnu.so
Listing '/home/ubuntu/ws_engineer/install/base_interfaces/local/lib/python3.10/dist-packages/base_interfaces'...
Compiling '/home/ubuntu/ws_engineer/install/base_interfaces/local/lib/python3.10/dist-packages/base_interfaces/__init__.py'...
Listing '/home/ubuntu/ws_engineer/install/base_interfaces/local/lib/python3.10/dist-packages/base_interfaces/msg'...
-- Installing: /home/ubuntu/ws_engineer/install/base_interfaces/local/lib/python3.10/dist-packages/base_interfaces/base_interfaces_s__rosidl_typesupport_fastrtps_c.cpython-310-x86_64-linux-gnu.so
-- Set runtime path of "/home/ubuntu/ws_engineer/install/base_interfaces/local/lib/python3.10/dist-packages/base_interfaces/base_interfaces_s__rosidl_typesupport_fastrtps_c.cpython-310-x86_64-linux-gnu.so" to ""
-- Installing: /home/ubuntu/ws_engineer/install/base_interfaces/local/lib/python3.10/dist-packages/base_interfaces/base_interfaces_s__rosidl_typesupport_introspection_c.cpython-310-x86_64-linux-gnu.so
-- Set runtime path of "/home/ubuntu/ws_engineer/install/base_interfaces/local/lib/python3.10/dist-packages/base_interfaces/base_interfaces_s__rosidl_typesupport_introspection_c.cpython-310-x86_64-linux-gnu.so" to ""
-- Installing: /home/ubuntu/ws_engineer/install/base_interfaces/local/lib/python3.10/dist-packages/base_interfaces/base_interfaces_s__rosidl_typesupport_c.cpython-310-x86_64-linux-gnu.so
-- Set runtime path of "/home/ubuntu/ws_engineer/install/base_interfaces/local/lib/python3.10/dist-packages/base_interfaces/base_interfaces_s__rosidl_typesupport_c.cpython-310-x86_64-linux-gnu.so" to ""
-- Installing: /home/ubuntu/ws_engineer/install/base_interfaces/lib/libbase_interfaces__rosidl_generator_py.so
-- Set runtime path of "/home/ubuntu/ws_engineer/install/base_interfaces/lib/libbase_interfaces__rosidl_generator_py.so" to ""
-- Up-to-date: /home/ubuntu/ws_engineer/install/base_interfaces/share/base_interfaces/msg/UserJoint.idl
-- Up-to-date: /home/ubuntu/ws_engineer/install/base_interfaces/share/base_interfaces/msg/UserPose.idl
-- Up-to-date: /home/ubuntu/ws_engineer/install/base_interfaces/share/base_interfaces/msg/UserJoint.msg
-- Up-to-date: /home/ubuntu/ws_engineer/install/base_interfaces/share/base_interfaces/msg/UserPose.msg
-- Up-to-date: /home/ubuntu/ws_engineer/install/base_interfaces/share/ament_index/resource_index/package_run_dependencies/base_interfaces
-- Installing: /home/ubuntu/ws_engineer/install/base_interfaces/share/ament_index/resource_index/parent_prefix_path/base_interfaces
-- Up-to-date: /home/ubuntu/ws_engineer/install/base_interfaces/share/base_interfaces/environment/ament_prefix_path.sh
-- Installing: /home/ubuntu/ws_engineer/install/base_interfaces/share/base_interfaces/environment/ament_prefix_path.dsv
-- Up-to-date: /home/ubuntu/ws_engineer/install/base_interfaces/share/base_interfaces/environment/path.sh
-- Installing: /home/ubuntu/ws_engineer/install/base_interfaces/share/base_interfaces/environment/path.dsv
-- Up-to-date: /home/ubuntu/ws_engineer/install/base_interfaces/share/base_interfaces/local_setup.bash
-- Up-to-date: /home/ubuntu/ws_engineer/install/base_interfaces/share/base_interfaces/local_setup.sh
-- Up-to-date: /home/ubuntu/ws_engineer/install/base_interfaces/share/base_interfaces/local_setup.zsh
-- Installing: /home/ubuntu/ws_engineer/install/base_interfaces/share/base_interfaces/local_setup.dsv
-- Installing: /home/ubuntu/ws_engineer/install/base_interfaces/share/base_interfaces/package.dsv
-- Up-to-date: /home/ubuntu/ws_engineer/install/base_interfaces/share/ament_index/resource_index/packages/base_interfaces
-- Up-to-date: /home/ubuntu/ws_engineer/install/base_interfaces/share/base_interfaces/cmake/export_base_interfaces__rosidl_generator_cExport.cmake
-- Up-to-date: /home/ubuntu/ws_engineer/install/base_interfaces/share/base_interfaces/cmake/export_base_interfaces__rosidl_generator_cExport-noconfig.cmake
-- Up-to-date: /home/ubuntu/ws_engineer/install/base_interfaces/share/base_interfaces/cmake/export_base_interfaces__rosidl_typesupport_fastrtps_cExport.cmake
-- Up-to-date: /home/ubuntu/ws_engineer/install/base_interfaces/share/base_interfaces/cmake/export_base_interfaces__rosidl_typesupport_fastrtps_cExport-noconfig.cmake
-- Up-to-date: /home/ubuntu/ws_engineer/install/base_interfaces/share/base_interfaces/cmake/base_interfaces__rosidl_typesupport_introspection_cExport.cmake
-- Up-to-date: /home/ubuntu/ws_engineer/install/base_interfaces/share/base_interfaces/cmake/base_interfaces__rosidl_typesupport_introspection_cExport-noconfig.cmake
-- Up-to-date: /home/ubuntu/ws_engineer/install/base_interfaces/share/base_interfaces/cmake/base_interfaces__rosidl_typesupport_cExport.cmake
-- Up-to-date: /home/ubuntu/ws_engineer/install/base_interfaces/share/base_interfaces/cmake/base_interfaces__rosidl_typesupport_cExport-noconfig.cmake
-- Up-to-date: /home/ubuntu/ws_engineer/install/base_interfaces/share/base_interfaces/cmake/export_base_interfaces__rosidl_generator_cppExport.cmake
-- Up-to-date: /home/ubuntu/ws_engineer/install/base_interfaces/share/base_interfaces/cmake/export_base_interfaces__rosidl_typesupport_fastrtps_cppExport.cmake
-- Up-to-date: /home/ubuntu/ws_engineer/install/base_interfaces/share/base_interfaces/cmake/export_base_interfaces__rosidl_typesupport_fastrtps_cppExport-noconfig.cmake
-- Up-to-date: /home/ubuntu/ws_engineer/install/base_interfaces/share/base_interfaces/cmake/base_interfaces__rosidl_typesupport_introspection_cppExport.cmake
-- Up-to-date: /home/ubuntu/ws_engineer/install/base_interfaces/share/base_interfaces/cmake/base_interfaces__rosidl_typesupport_introspection_cppExport-noconfig.cmake
-- Up-to-date: /home/ubuntu/ws_engineer/install/base_interfaces/share/base_interfaces/cmake/base_interfaces__rosidl_typesupport_cppExport.cmake
-- Up-to-date: /home/ubuntu/ws_engineer/install/base_interfaces/share/base_interfaces/cmake/base_interfaces__rosidl_typesupport_cppExport-noconfig.cmake
-- Up-to-date: /home/ubuntu/ws_engineer/install/base_interfaces/share/base_interfaces/cmake/export_base_interfaces__rosidl_generator_pyExport.cmake
-- Up-to-date: /home/ubuntu/ws_engineer/install/base_interfaces/share/base_interfaces/cmake/export_base_interfaces__rosidl_generator_pyExport-noconfig.cmake
-- Up-to-date: /home/ubuntu/ws_engineer/install/base_interfaces/share/base_interfaces/cmake/rosidl_cmake-extras.cmake
-- Up-to-date: /home/ubuntu/ws_engineer/install/base_interfaces/share/base_interfaces/cmake/ament_cmake_export_include_directories-extras.cmake
-- Up-to-date: /home/ubuntu/ws_engineer/install/base_interfaces/share/base_interfaces/cmake/ament_cmake_export_libraries-extras.cmake
-- Up-to-date: /home/ubuntu/ws_engineer/install/base_interfaces/share/base_interfaces/cmake/ament_cmake_export_targets-extras.cmake
-- Up-to-date: /home/ubuntu/ws_engineer/install/base_interfaces/share/base_interfaces/cmake/rosidl_cmake_export_typesupport_targets-extras.cmake
-- Up-to-date: /home/ubuntu/ws_engineer/install/base_interfaces/share/base_interfaces/cmake/ament_cmake_export_dependencies-extras.cmake
-- Up-to-date: /home/ubuntu/ws_engineer/install/base_interfaces/share/base_interfaces/cmake/rosidl_cmake_export_typesupport_libraries-extras.cmake
-- Up-to-date: /home/ubuntu/ws_engineer/install/base_interfaces/share/base_interfaces/cmake/base_interfacesConfig.cmake
-- Up-to-date: /home/ubuntu/ws_engineer/install/base_interfaces/share/base_interfaces/cmake/base_interfacesConfig-version.cmake
-- Up-to-date: /home/ubuntu/ws_engineer/install/base_interfaces/share/base_interfaces/package.xml
