-- Found ament_cmake: 1.3.11 (/opt/ros/humble/share/ament_cmake/cmake)
-- Found rclcpp: 16.0.11 (/opt/ros/humble/share/rclcpp/cmake)
-- Found rosidl_generator_c: 3.1.6 (/opt/ros/humble/share/rosidl_generator_c/cmake)
-- Found rosidl_adapter: 3.1.6 (/opt/ros/humble/share/rosidl_adapter/cmake)
-- Found rosidl_generator_cpp: 3.1.6 (/opt/ros/humble/share/rosidl_generator_cpp/cmake)
-- Using all available rosidl_typesupport_c: rosidl_typesupport_fastrtps_c;rosidl_typesupport_introspection_c
-- Using all available rosidl_typesupport_cpp: rosidl_typesupport_fastrtps_cpp;rosidl_typesupport_introspection_cpp
-- Found rmw_implementation_cmake: 6.1.2 (/opt/ros/humble/share/rmw_implementation_cmake/cmake)
-- Found rmw_fastrtps_cpp: 6.2.7 (/opt/ros/humble/share/rmw_fastrtps_cpp/cmake)
-- Using RMW implementation 'rmw_fastrtps_cpp' as default
-- Found sensor_msgs: 4.2.4 (/opt/ros/humble/share/sensor_msgs/cmake)
-- Found duco_msg: 0.0.0 (/home/user/ws_siasun/install/duco_msg/share/duco_msg/cmake)
-- Found aivt_interfaces: 0.0.0 (/home/user/ws_siasun/install/aivt_interfaces/share/aivt_interfaces/cmake)
-- Found cv_bridge: 3.2.1 (/opt/ros/humble/share/cv_bridge/cmake)
-- Found tf2_ros: 0.25.12 (/opt/ros/humble/share/tf2_ros/cmake)
-- Found tf2_geometry_msgs: 0.25.12 (/opt/ros/humble/share/tf2_geometry_msgs/cmake)
-- Found eigen3_cmake_module: 0.1.1 (/opt/ros/humble/share/eigen3_cmake_module/cmake)
-- Ensuring Eigen3 include directory is part of orocos-kdl CMake target
-- Found duco_ros_driver: 0.0.0 (/home/user/ws_siasun/install/duco_ros_driver/share/duco_ros_driver/cmake)
-- Found ament_lint_auto: 0.12.11 (/opt/ros/humble/share/ament_lint_auto/cmake)
-- Added test 'cppcheck' to perform static code analysis on C / C++ code
-- Configured cppcheck include dirs: 
-- Configured cppcheck exclude dirs and/or files: 
-- Added test 'flake8' to check Python code syntax and style conventions
-- Added test 'lint_cmake' to check CMake code style
-- Added test 'pep257' to check Python code against some of the docstring style conventions in PEP 257
-- Added test 'uncrustify' to check C / C++ code style
-- Configured uncrustify additional arguments: 
-- Added test 'xmllint' to check XML markup files
-- Configuring done
-- Generating done
-- Build files have been written to: /home/user/ws_siasun/build/aivt
[35m[1mConsolidate compiler generated dependencies of target robot_motion_test[0m
[35m[1mConsolidate compiler generated dependencies of target chessboard_detection[0m
[35m[1mConsolidate compiler generated dependencies of target tcp_calibration[0m
[35m[1mConsolidate compiler generated dependencies of target grasp_touch_control[0m
[35m[1mConsolidate compiler generated dependencies of target hand_eye_calibration[0m
[35m[1mConsolidate compiler generated dependencies of target robot_motion[0m
[35m[1mConsolidate compiler generated dependencies of target calibration_calculation[0m
[  6%] [32mBuilding CXX object CMakeFiles/obstacle_avoidance.dir/src/obstacle_avoidance.cpp.o[0m
[ 18%] Built target tcp_calibration
[ 31%] Built target robot_motion_test
[ 43%] Built target grasp_touch_control
[ 56%] Built target chessboard_detection
[ 68%] Built target calibration_calculation
[ 93%] Built target hand_eye_calibration
[ 93%] Built target robot_motion
[100%] [32m[1mLinking CXX executable obstacle_avoidance[0m
[100%] Built target obstacle_avoidance
-- Install configuration: ""
-- Up-to-date: /home/user/ws_siasun/install/aivt/lib/aivt/robot_motion_test
-- Up-to-date: /home/user/ws_siasun/install/aivt/lib/aivt/hand_eye_calibration
-- Up-to-date: /home/user/ws_siasun/install/aivt/lib/aivt/chessboard_detection
-- Up-to-date: /home/user/ws_siasun/install/aivt/lib/aivt/grasp_touch_control
-- Up-to-date: /home/user/ws_siasun/install/aivt/lib/aivt/tcp_calibration
-- Up-to-date: /home/user/ws_siasun/install/aivt/lib/aivt/robot_motion
-- Up-to-date: /home/user/ws_siasun/install/aivt/lib/aivt/calibration_calculation
-- Installing: /home/user/ws_siasun/install/aivt/lib/aivt/obstacle_avoidance
-- Set runtime path of "/home/user/ws_siasun/install/aivt/lib/aivt/obstacle_avoidance" to ""
-- Up-to-date: /home/user/ws_siasun/install/aivt/share/aivt/launch
-- Up-to-date: /home/user/ws_siasun/install/aivt/share/aivt/launch/gripper_server.launch.py
-- Up-to-date: /home/user/ws_siasun/install/aivt/share/aivt/launch/hand_eye_calibration.launch.py
-- Up-to-date: /home/user/ws_siasun/install/aivt/share/aivt/config
-- Up-to-date: /home/user/ws_siasun/install/aivt/share/aivt/config/chessboard_6.jpg
-- Up-to-date: /home/user/ws_siasun/install/aivt/share/aivt/config/chessboard_12.jpg
-- Up-to-date: /home/user/ws_siasun/install/aivt/share/aivt/config/chessboard_5.jpg
-- Up-to-date: /home/user/ws_siasun/install/aivt/share/aivt/config/hand_eye_transformer.yaml
-- Up-to-date: /home/user/ws_siasun/install/aivt/share/aivt/config/chessboard_13.jpg
-- Up-to-date: /home/user/ws_siasun/install/aivt/share/aivt/config/chessboard_0.jpg
-- Up-to-date: /home/user/ws_siasun/install/aivt/share/aivt/config/chessboard_14.jpg
-- Up-to-date: /home/user/ws_siasun/install/aivt/share/aivt/config/chessboard_2.jpg
-- Up-to-date: /home/user/ws_siasun/install/aivt/share/aivt/config/chessboard_4.jpg
-- Up-to-date: /home/user/ws_siasun/install/aivt/share/aivt/config/chessboard_1.jpg
-- Up-to-date: /home/user/ws_siasun/install/aivt/share/aivt/config/chessboard_7.jpg
-- Up-to-date: /home/user/ws_siasun/install/aivt/share/aivt/config/chessboard_3.jpg
-- Up-to-date: /home/user/ws_siasun/install/aivt/share/aivt/config/chessboard_8.jpg
-- Up-to-date: /home/user/ws_siasun/install/aivt/share/aivt/config/calibration_data.yaml
-- Up-to-date: /home/user/ws_siasun/install/aivt/share/aivt/config/chessboard_11.jpg
-- Up-to-date: /home/user/ws_siasun/install/aivt/share/aivt/config/chessboard_10.jpg
-- Up-to-date: /home/user/ws_siasun/install/aivt/share/aivt/config/chessboard_15.jpg
-- Up-to-date: /home/user/ws_siasun/install/aivt/share/aivt/config/chessboard_9.jpg
-- Up-to-date: /home/user/ws_siasun/install/aivt/share/ament_index/resource_index/package_run_dependencies/aivt
-- Installing: /home/user/ws_siasun/install/aivt/share/ament_index/resource_index/parent_prefix_path/aivt
-- Up-to-date: /home/user/ws_siasun/install/aivt/share/aivt/environment/ament_prefix_path.sh
-- Installing: /home/user/ws_siasun/install/aivt/share/aivt/environment/ament_prefix_path.dsv
-- Up-to-date: /home/user/ws_siasun/install/aivt/share/aivt/environment/path.sh
-- Installing: /home/user/ws_siasun/install/aivt/share/aivt/environment/path.dsv
-- Up-to-date: /home/user/ws_siasun/install/aivt/share/aivt/local_setup.bash
-- Up-to-date: /home/user/ws_siasun/install/aivt/share/aivt/local_setup.sh
-- Up-to-date: /home/user/ws_siasun/install/aivt/share/aivt/local_setup.zsh
-- Installing: /home/user/ws_siasun/install/aivt/share/aivt/local_setup.dsv
-- Installing: /home/user/ws_siasun/install/aivt/share/aivt/package.dsv
-- Up-to-date: /home/user/ws_siasun/install/aivt/share/ament_index/resource_index/packages/aivt
-- Up-to-date: /home/user/ws_siasun/install/aivt/share/aivt/cmake/aivtConfig.cmake
-- Up-to-date: /home/user/ws_siasun/install/aivt/share/aivt/cmake/aivtConfig-version.cmake
-- Up-to-date: /home/user/ws_siasun/install/aivt/share/aivt/package.xml
