-- The C compiler identification is GNU 11.4.0
-- The CXX compiler identification is GNU 11.4.0
-- Detecting C compiler ABI info
-- Detecting C compiler ABI info - done
-- Check for working C compiler: /usr/bin/cc - skipped
-- Detecting C compile features
-- Detecting C compile features - done
-- Detecting CXX compiler ABI info
-- Detecting CXX compiler ABI info - done
-- Check for working CXX compiler: /usr/bin/c++ - skipped
-- Detecting CXX compile features
-- Detecting CXX compile features - done
-- Found ament_cmake: 1.3.11 (/opt/ros/humble/share/ament_cmake/cmake)
-- Found Python3: /usr/bin/python3 (found version "3.10.12") found components: Interpreter 
-- Found rclcpp: 16.0.11 (/opt/ros/humble/share/rclcpp/cmake)
-- Found rosidl_generator_c: 3.1.6 (/opt/ros/humble/share/rosidl_generator_c/cmake)
-- Found rosidl_adapter: 3.1.6 (/opt/ros/humble/share/rosidl_adapter/cmake)
-- Found rosidl_generator_cpp: 3.1.6 (/opt/ros/humble/share/rosidl_generator_cpp/cmake)
-- Using all available rosidl_typesupport_c: rosidl_typesupport_fastrtps_c;rosidl_typesupport_introspection_c
-- Using all available rosidl_typesupport_cpp: rosidl_typesupport_fastrtps_cpp;rosidl_typesupport_introspection_cpp
-- Found rmw_implementation_cmake: 6.1.2 (/opt/ros/humble/share/rmw_implementation_cmake/cmake)
-- Found rmw_fastrtps_cpp: 6.2.7 (/opt/ros/humble/share/rmw_fastrtps_cpp/cmake)
-- Found OpenSSL: /usr/lib/x86_64-linux-gnu/libcrypto.so (found version "3.0.2")  
-- Found FastRTPS: /opt/ros/humble/include  
-- Using RMW implementation 'rmw_fastrtps_cpp' as default
-- Looking for pthread.h
-- Looking for pthread.h - found
-- Performing Test CMAKE_HAVE_LIBC_PTHREAD
-- Performing Test CMAKE_HAVE_LIBC_PTHREAD - Success
-- Found Threads: TRUE  
-- Found rclcpp_action: 16.0.11 (/opt/ros/humble/share/rclcpp_action/cmake)
-- Found control_msgs: 4.7.0 (/opt/ros/humble/share/control_msgs/cmake)
-- Found duco_msg: 0.0.0 (/home/user/ws_siasun/install/duco_msg/share/duco_msg/cmake)
-- Found ament_lint_auto: 0.12.11 (/opt/ros/humble/share/ament_lint_auto/cmake)
-- Added test 'cppcheck' to perform static code analysis on C / C++ code
-- Configured cppcheck include dirs: /home/user/ws_siasun/src/duco_ros_driver/include
-- Configured cppcheck exclude dirs and/or files: 
-- Added test 'lint_cmake' to check CMake code style
-- Added test 'uncrustify' to check C / C++ code style
-- Configured uncrustify additional arguments: 
-- Added test 'xmllint' to check XML markup files
-- Configuring done
-- Generating done
-- Build files have been written to: /home/user/ws_siasun/build/duco_ros_driver
[  7%] [32mBuilding CXX object CMakeFiles/DucoRobotStatus.dir/src/DucoRobotStatusNode.cpp.o[0m
[ 23%] [32mBuilding CXX object CMakeFiles/DucoTrajectoryAction.dir/src/DucoTrajectoryAction.cpp.o[0m
[ 23%] [32mBuilding CXX object CMakeFiles/DucoRobotStatus.dir/src/DucoRobotStatus.cpp.o[0m
[ 30%] [32mBuilding CXX object CMakeFiles/DucoRobotStatus.dir/src/RobotNode.cpp.o[0m
[ 38%] [32mBuilding CXX object CMakeFiles/DucoRobotControl.dir/src/DucoRobotControl.cpp.o[0m
[ 53%] [32mBuilding CXX object CMakeFiles/DucoDriver.dir/src/DucoDriverNode.cpp.o[0m
[ 53%] [32mBuilding CXX object CMakeFiles/DucoDriver.dir/src/DucoDriver.cpp.o[0m
[ 61%] [32mBuilding CXX object CMakeFiles/DucoDriver.dir/src/RobotNode.cpp.o[0m
[ 69%] [32mBuilding CXX object CMakeFiles/DucoRobotControl.dir/src/RobotNode.cpp.o[0m
[ 76%] [32m[1mLinking CXX executable DucoRobotStatus[0m
[ 84%] [32m[1mLinking CXX executable DucoRobotControl[0m
[ 84%] Built target DucoRobotControl
[ 84%] Built target DucoRobotStatus
[ 92%] [32m[1mLinking CXX executable DucoTrajectoryAction[0m
[ 92%] Built target DucoTrajectoryAction
[100%] [32m[1mLinking CXX executable DucoDriver[0m
[100%] Built target DucoDriver
-- Install configuration: ""
-- Installing: /home/user/ws_siasun/install/duco_ros_driver/include/duco_ros_driver/
-- Installing: /home/user/ws_siasun/install/duco_ros_driver/include/duco_ros_driver//joint_relay_handler.h
-- Installing: /home/user/ws_siasun/install/duco_ros_driver/include/duco_ros_driver//DucoCobot.h
-- Installing: /home/user/ws_siasun/install/duco_ros_driver/include/duco_ros_driver//DucoDriver.h
-- Installing: /home/user/ws_siasun/install/duco_ros_driver/include/duco_ros_driver//RobotNode.h
-- Installing: /home/user/ws_siasun/install/duco_ros_driver/include/duco_ros_driver//utils_.h
-- Installing: /home/user/ws_siasun/install/duco_ros_driver/include/duco_ros_driver//param_utils.h
-- Installing: /home/user/ws_siasun/install/duco_ros_driver/include/duco_ros_driver//utils.h
-- Installing: /home/user/ws_siasun/install/duco_ros_driver/include/duco_ros_driver//DucoRobotControl.h
-- Installing: /home/user/ws_siasun/install/duco_ros_driver/include/duco_ros_driver//DucoRobotStatus.h
-- Installing: /home/user/ws_siasun/install/duco_ros_driver/include/duco_ros_driver//DucoTrajectoryAction.h
-- Installing: /home/user/ws_siasun/install/duco_ros_driver/lib/duco_ros_driver/DucoDriver
-- Set runtime path of "/home/user/ws_siasun/install/duco_ros_driver/lib/duco_ros_driver/DucoDriver" to ""
-- Installing: /home/user/ws_siasun/install/duco_ros_driver/lib/duco_ros_driver/DucoRobotStatus
-- Set runtime path of "/home/user/ws_siasun/install/duco_ros_driver/lib/duco_ros_driver/DucoRobotStatus" to ""
-- Installing: /home/user/ws_siasun/install/duco_ros_driver/lib/duco_ros_driver/DucoTrajectoryAction
-- Set runtime path of "/home/user/ws_siasun/install/duco_ros_driver/lib/duco_ros_driver/DucoTrajectoryAction" to ""
-- Installing: /home/user/ws_siasun/install/duco_ros_driver/lib/duco_ros_driver/DucoRobotControl
-- Set runtime path of "/home/user/ws_siasun/install/duco_ros_driver/lib/duco_ros_driver/DucoRobotControl" to ""
-- Installing: /home/user/ws_siasun/install/duco_ros_driver/share/ament_index/resource_index/package_run_dependencies/duco_ros_driver
-- Installing: /home/user/ws_siasun/install/duco_ros_driver/share/ament_index/resource_index/parent_prefix_path/duco_ros_driver
-- Installing: /home/user/ws_siasun/install/duco_ros_driver/share/duco_ros_driver/environment/ament_prefix_path.sh
-- Installing: /home/user/ws_siasun/install/duco_ros_driver/share/duco_ros_driver/environment/ament_prefix_path.dsv
-- Installing: /home/user/ws_siasun/install/duco_ros_driver/share/duco_ros_driver/environment/path.sh
-- Installing: /home/user/ws_siasun/install/duco_ros_driver/share/duco_ros_driver/environment/path.dsv
-- Installing: /home/user/ws_siasun/install/duco_ros_driver/share/duco_ros_driver/local_setup.bash
-- Installing: /home/user/ws_siasun/install/duco_ros_driver/share/duco_ros_driver/local_setup.sh
-- Installing: /home/user/ws_siasun/install/duco_ros_driver/share/duco_ros_driver/local_setup.zsh
-- Installing: /home/user/ws_siasun/install/duco_ros_driver/share/duco_ros_driver/local_setup.dsv
-- Installing: /home/user/ws_siasun/install/duco_ros_driver/share/duco_ros_driver/package.dsv
-- Installing: /home/user/ws_siasun/install/duco_ros_driver/share/ament_index/resource_index/packages/duco_ros_driver
-- Installing: /home/user/ws_siasun/install/duco_ros_driver/share/duco_ros_driver/cmake/ament_cmake_export_include_directories-extras.cmake
-- Installing: /home/user/ws_siasun/install/duco_ros_driver/share/duco_ros_driver/cmake/ament_cmake_export_dependencies-extras.cmake
-- Installing: /home/user/ws_siasun/install/duco_ros_driver/share/duco_ros_driver/cmake/duco_ros_driverConfig.cmake
-- Installing: /home/user/ws_siasun/install/duco_ros_driver/share/duco_ros_driver/cmake/duco_ros_driverConfig-version.cmake
-- Installing: /home/user/ws_siasun/install/duco_ros_driver/share/duco_ros_driver/package.xml
