[0.009s] Invoking command in '/home/user/ws_siasun/build/aivt_interfaces': CMAKE_PREFIX_PATH=/opt/ros/humble /usr/bin/cmake /home/user/ws_siasun/src/aivt_interfaces -DCMAKE_INSTALL_PREFIX=/home/user/ws_siasun/install/aivt_interfaces
[0.083s] -- The C compiler identification is GNU 11.4.0
[0.151s] -- The CXX compiler identification is GNU 11.4.0
[0.159s] -- Detecting C compiler ABI info
[0.212s] -- Detecting C compiler ABI info - done
[0.217s] -- Check for working C compiler: /usr/bin/cc - skipped
[0.218s] -- Detecting C compile features
[0.218s] -- Detecting C compile features - done
[0.220s] -- Detecting CXX compiler ABI info
[0.283s] -- Detecting CXX compiler ABI info - done
[0.290s] -- Check for working CXX compiler: /usr/bin/c++ - skipped
[0.290s] -- Detecting CXX compile features
[0.290s] -- Detecting CXX compile features - done
[0.291s] -- Found ament_cmake: 1.3.11 (/opt/ros/humble/share/ament_cmake/cmake)
[0.406s] -- Found Python3: /usr/bin/python3 (found version "3.10.12") found components: Interpreter 
[0.474s] -- Found rosidl_default_generators: 1.2.0 (/opt/ros/humble/share/rosidl_default_generators/cmake)
[0.478s] -- Using all available rosidl_typesupport_c: rosidl_typesupport_fastrtps_c;rosidl_typesupport_introspection_c
[0.485s] -- Found rosidl_adapter: 3.1.6 (/opt/ros/humble/share/rosidl_adapter/cmake)
[0.527s] -- Using all available rosidl_typesupport_cpp: rosidl_typesupport_fastrtps_cpp;rosidl_typesupport_introspection_cpp
[0.738s] -- Found ament_cmake_ros: 0.10.0 (/opt/ros/humble/share/ament_cmake_ros/cmake)
[0.888s] -- Using all available rosidl_typesupport_c: rosidl_typesupport_fastrtps_c;rosidl_typesupport_introspection_c
[1.074s] -- Using all available rosidl_typesupport_cpp: rosidl_typesupport_fastrtps_cpp;rosidl_typesupport_introspection_cpp
[1.093s] -- Found PythonInterp: /usr/bin/python3 (found suitable version "3.10.12", minimum required is "3.6") 
[1.094s] -- Found python_cmake_module: 0.10.0 (/opt/ros/humble/share/python_cmake_module/cmake)
[1.119s] -- Found PythonLibs: /usr/lib/x86_64-linux-gnu/libpython3.10.so (found suitable version "3.10.12", minimum required is "3.5") 
[1.120s] -- Using PYTHON_EXECUTABLE: /usr/bin/python3
[1.120s] -- Using PYTHON_INCLUDE_DIRS: /usr/include/python3.10
[1.120s] -- Using PYTHON_LIBRARIES: /usr/lib/x86_64-linux-gnu/libpython3.10.so
[1.139s] -- Found PythonExtra: .so  
[1.169s] -- Found ament_lint_auto: 0.12.11 (/opt/ros/humble/share/ament_lint_auto/cmake)
[1.177s] -- Configuring done
[1.196s] -- Generating done
[1.202s] -- Build files have been written to: /home/user/ws_siasun/build/aivt_interfaces
[1.208s] Invoked command in '/home/user/ws_siasun/build/aivt_interfaces' returned '0': CMAKE_PREFIX_PATH=/opt/ros/humble /usr/bin/cmake /home/user/ws_siasun/src/aivt_interfaces -DCMAKE_INSTALL_PREFIX=/home/user/ws_siasun/install/aivt_interfaces
[1.209s] Invoking command in '/home/user/ws_siasun/build/aivt_interfaces': CMAKE_PREFIX_PATH=/opt/ros/humble /usr/bin/cmake --build /home/user/ws_siasun/build/aivt_interfaces -- -j16 -l16
[1.236s] [  3%] [34m[1mGenerating C code for ROS interfaces[0m
[1.245s] [  6%] [34m[1mGenerating C++ code for ROS interfaces[0m
[1.252s] [  6%] Built target ament_cmake_python_copy_aivt_interfaces
[1.406s] running egg_info
[1.406s] creating aivt_interfaces.egg-info
[1.406s] writing aivt_interfaces.egg-info/PKG-INFO
[1.406s] writing dependency_links to aivt_interfaces.egg-info/dependency_links.txt
[1.406s] [  6%] Built target aivt_interfaces__cpp
[1.406s] writing top-level names to aivt_interfaces.egg-info/top_level.txt
[1.406s] writing manifest file 'aivt_interfaces.egg-info/SOURCES.txt'
[1.407s] [  9%] [32mBuilding C object CMakeFiles/aivt_interfaces__rosidl_generator_c.dir/rosidl_generator_c/aivt_interfaces/msg/detail/target_pose__functions.c.o[0m
[1.408s] reading manifest file 'aivt_interfaces.egg-info/SOURCES.txt'
[1.408s] writing manifest file 'aivt_interfaces.egg-info/SOURCES.txt'
[1.413s] [ 16%] [34m[1mGenerating C++ type support dispatch for ROS interfaces[0m
[1.413s] [ 16%] [34m[1mGenerating C++ introspection for ROS interfaces[0m
[1.415s] [ 19%] [34m[1mGenerating C++ type support for eProsima Fast-RTPS[0m
[1.429s] [ 19%] Built target ament_cmake_python_build_aivt_interfaces_egg
[1.453s] [ 22%] [32m[1mLinking C shared library libaivt_interfaces__rosidl_generator_c.so[0m
[1.484s] [ 22%] Built target aivt_interfaces__rosidl_generator_c
[1.493s] [ 32%] [34m[1mGenerating C type support dispatch for ROS interfaces[0m
[1.493s] [ 32%] [34m[1mGenerating C introspection for ROS interfaces[0m
[1.493s] [ 32%] [34m[1mGenerating C type support for eProsima Fast-RTPS[0m
[1.557s] [ 35%] [32mBuilding CXX object CMakeFiles/aivt_interfaces__rosidl_typesupport_cpp.dir/rosidl_typesupport_cpp/aivt_interfaces/msg/target_pose__type_support.cpp.o[0m
[1.565s] [ 38%] [32mBuilding CXX object CMakeFiles/aivt_interfaces__rosidl_typesupport_introspection_cpp.dir/rosidl_typesupport_introspection_cpp/aivt_interfaces/msg/detail/target_pose__type_support.cpp.o[0m
[1.572s] [ 41%] [32mBuilding CXX object CMakeFiles/aivt_interfaces__rosidl_typesupport_fastrtps_cpp.dir/rosidl_typesupport_fastrtps_cpp/aivt_interfaces/msg/detail/dds_fastrtps/target_pose__type_support.cpp.o[0m
[1.678s] [ 45%] [32mBuilding CXX object CMakeFiles/aivt_interfaces__rosidl_typesupport_fastrtps_c.dir/rosidl_typesupport_fastrtps_c/aivt_interfaces/msg/detail/target_pose__type_support_c.cpp.o[0m
[1.723s] [ 48%] [32mBuilding CXX object CMakeFiles/aivt_interfaces__rosidl_typesupport_c.dir/rosidl_typesupport_c/aivt_interfaces/msg/target_pose__type_support.cpp.o[0m
[1.741s] [ 51%] [32mBuilding C object CMakeFiles/aivt_interfaces__rosidl_typesupport_introspection_c.dir/rosidl_typesupport_introspection_c/aivt_interfaces/msg/detail/target_pose__type_support.c.o[0m
[1.748s] [ 54%] [32m[1mLinking CXX shared library libaivt_interfaces__rosidl_typesupport_c.so[0m
[1.759s] [ 58%] [32m[1mLinking CXX shared library libaivt_interfaces__rosidl_typesupport_cpp.so[0m
[1.766s] [ 61%] [32m[1mLinking C shared library libaivt_interfaces__rosidl_typesupport_introspection_c.so[0m
[1.787s] [ 61%] Built target aivt_interfaces__rosidl_typesupport_c
[1.795s] [ 61%] Built target aivt_interfaces__rosidl_typesupport_introspection_c
[1.797s] [ 61%] Built target aivt_interfaces__rosidl_typesupport_cpp
[1.836s] [ 64%] [32m[1mLinking CXX shared library libaivt_interfaces__rosidl_typesupport_fastrtps_cpp.so[0m
[1.898s] [ 64%] Built target aivt_interfaces__rosidl_typesupport_fastrtps_cpp
[1.931s] [ 67%] [32m[1mLinking CXX shared library libaivt_interfaces__rosidl_typesupport_introspection_cpp.so[0m
[1.982s] [ 67%] Built target aivt_interfaces__rosidl_typesupport_introspection_cpp
[1.991s] [ 70%] [32m[1mLinking CXX shared library libaivt_interfaces__rosidl_typesupport_fastrtps_c.so[0m
[2.044s] [ 70%] Built target aivt_interfaces__rosidl_typesupport_fastrtps_c
[2.059s] [ 70%] Built target aivt_interfaces
[2.075s] [ 74%] [34m[1mGenerating Python code for ROS interfaces[0m
[2.252s] [ 74%] Built target aivt_interfaces__py
[2.267s] [ 77%] [32mBuilding C object CMakeFiles/aivt_interfaces__rosidl_generator_py.dir/rosidl_generator_py/aivt_interfaces/msg/_target_pose_s.c.o[0m
[2.331s] [ 80%] [32m[1mLinking C shared library rosidl_generator_py/aivt_interfaces/libaivt_interfaces__rosidl_generator_py.so[0m
[2.364s] [ 80%] Built target aivt_interfaces__rosidl_generator_py
[2.383s] [ 83%] [32mBuilding C object CMakeFiles/aivt_interfaces__rosidl_typesupport_fastrtps_c__pyext.dir/rosidl_generator_py/aivt_interfaces/_aivt_interfaces_s.ep.rosidl_typesupport_fastrtps_c.c.o[0m
[2.385s] [ 87%] [32mBuilding C object CMakeFiles/aivt_interfaces__rosidl_typesupport_c__pyext.dir/rosidl_generator_py/aivt_interfaces/_aivt_interfaces_s.ep.rosidl_typesupport_c.c.o[0m
[2.385s] [ 90%] [32mBuilding C object CMakeFiles/aivt_interfaces__rosidl_typesupport_introspection_c__pyext.dir/rosidl_generator_py/aivt_interfaces/_aivt_interfaces_s.ep.rosidl_typesupport_introspection_c.c.o[0m
[2.474s] [ 93%] [32m[1mLinking C shared library rosidl_generator_py/aivt_interfaces/aivt_interfaces_s__rosidl_typesupport_c.cpython-310-x86_64-linux-gnu.so[0m
[2.476s] [ 96%] [32m[1mLinking C shared library rosidl_generator_py/aivt_interfaces/aivt_interfaces_s__rosidl_typesupport_fastrtps_c.cpython-310-x86_64-linux-gnu.so[0m
[2.491s] [100%] [32m[1mLinking C shared library rosidl_generator_py/aivt_interfaces/aivt_interfaces_s__rosidl_typesupport_introspection_c.cpython-310-x86_64-linux-gnu.so[0m
[2.501s] [100%] Built target aivt_interfaces__rosidl_typesupport_c__pyext
[2.505s] [100%] Built target aivt_interfaces__rosidl_typesupport_fastrtps_c__pyext
[2.519s] [100%] Built target aivt_interfaces__rosidl_typesupport_introspection_c__pyext
[2.535s] Invoked command in '/home/user/ws_siasun/build/aivt_interfaces' returned '0': CMAKE_PREFIX_PATH=/opt/ros/humble /usr/bin/cmake --build /home/user/ws_siasun/build/aivt_interfaces -- -j16 -l16
[2.536s] Invoking command in '/home/user/ws_siasun/build/aivt_interfaces': CMAKE_PREFIX_PATH=/opt/ros/humble /usr/bin/cmake --install /home/user/ws_siasun/build/aivt_interfaces
[2.544s] -- Install configuration: ""
[2.544s] -- Installing: /home/user/ws_siasun/install/aivt_interfaces/share/ament_index/resource_index/rosidl_interfaces/aivt_interfaces
[2.544s] -- Installing: /home/user/ws_siasun/install/aivt_interfaces/include/aivt_interfaces/aivt_interfaces
[2.544s] -- Installing: /home/user/ws_siasun/install/aivt_interfaces/include/aivt_interfaces/aivt_interfaces/msg
[2.544s] -- Installing: /home/user/ws_siasun/install/aivt_interfaces/include/aivt_interfaces/aivt_interfaces/msg/target_pose.h
[2.545s] -- Installing: /home/user/ws_siasun/install/aivt_interfaces/include/aivt_interfaces/aivt_interfaces/msg/rosidl_generator_c__visibility_control.h
[2.545s] -- Installing: /home/user/ws_siasun/install/aivt_interfaces/include/aivt_interfaces/aivt_interfaces/msg/detail
[2.545s] -- Installing: /home/user/ws_siasun/install/aivt_interfaces/include/aivt_interfaces/aivt_interfaces/msg/detail/target_pose__type_support.h
[2.545s] -- Installing: /home/user/ws_siasun/install/aivt_interfaces/include/aivt_interfaces/aivt_interfaces/msg/detail/target_pose__struct.h
[2.545s] -- Installing: /home/user/ws_siasun/install/aivt_interfaces/include/aivt_interfaces/aivt_interfaces/msg/detail/target_pose__functions.c
[2.545s] -- Installing: /home/user/ws_siasun/install/aivt_interfaces/include/aivt_interfaces/aivt_interfaces/msg/detail/target_pose__functions.h
[2.545s] -- Installing: /home/user/ws_siasun/install/aivt_interfaces/share/aivt_interfaces/environment/library_path.sh
[2.545s] -- Installing: /home/user/ws_siasun/install/aivt_interfaces/share/aivt_interfaces/environment/library_path.dsv
[2.545s] -- Installing: /home/user/ws_siasun/install/aivt_interfaces/lib/libaivt_interfaces__rosidl_generator_c.so
[2.545s] -- Set runtime path of "/home/user/ws_siasun/install/aivt_interfaces/lib/libaivt_interfaces__rosidl_generator_c.so" to ""
[2.545s] -- Up-to-date: /home/user/ws_siasun/install/aivt_interfaces/include/aivt_interfaces/aivt_interfaces
[2.545s] -- Up-to-date: /home/user/ws_siasun/install/aivt_interfaces/include/aivt_interfaces/aivt_interfaces/msg
[2.545s] -- Installing: /home/user/ws_siasun/install/aivt_interfaces/include/aivt_interfaces/aivt_interfaces/msg/rosidl_typesupport_fastrtps_c__visibility_control.h
[2.546s] -- Up-to-date: /home/user/ws_siasun/install/aivt_interfaces/include/aivt_interfaces/aivt_interfaces/msg/detail
[2.546s] -- Installing: /home/user/ws_siasun/install/aivt_interfaces/include/aivt_interfaces/aivt_interfaces/msg/detail/target_pose__rosidl_typesupport_fastrtps_c.h
[2.546s] -- Installing: /home/user/ws_siasun/install/aivt_interfaces/lib/libaivt_interfaces__rosidl_typesupport_fastrtps_c.so
[2.546s] -- Set runtime path of "/home/user/ws_siasun/install/aivt_interfaces/lib/libaivt_interfaces__rosidl_typesupport_fastrtps_c.so" to ""
[2.546s] -- Up-to-date: /home/user/ws_siasun/install/aivt_interfaces/include/aivt_interfaces/aivt_interfaces
[2.546s] -- Up-to-date: /home/user/ws_siasun/install/aivt_interfaces/include/aivt_interfaces/aivt_interfaces/msg
[2.546s] -- Up-to-date: /home/user/ws_siasun/install/aivt_interfaces/include/aivt_interfaces/aivt_interfaces/msg/detail
[2.546s] -- Installing: /home/user/ws_siasun/install/aivt_interfaces/include/aivt_interfaces/aivt_interfaces/msg/detail/target_pose__type_support.c
[2.546s] -- Installing: /home/user/ws_siasun/install/aivt_interfaces/include/aivt_interfaces/aivt_interfaces/msg/detail/target_pose__rosidl_typesupport_introspection_c.h
[2.546s] -- Installing: /home/user/ws_siasun/install/aivt_interfaces/include/aivt_interfaces/aivt_interfaces/msg/rosidl_typesupport_introspection_c__visibility_control.h
[2.546s] -- Installing: /home/user/ws_siasun/install/aivt_interfaces/lib/libaivt_interfaces__rosidl_typesupport_introspection_c.so
[2.547s] -- Set runtime path of "/home/user/ws_siasun/install/aivt_interfaces/lib/libaivt_interfaces__rosidl_typesupport_introspection_c.so" to ""
[2.547s] -- Installing: /home/user/ws_siasun/install/aivt_interfaces/lib/libaivt_interfaces__rosidl_typesupport_c.so
[2.547s] -- Set runtime path of "/home/user/ws_siasun/install/aivt_interfaces/lib/libaivt_interfaces__rosidl_typesupport_c.so" to ""
[2.547s] -- Up-to-date: /home/user/ws_siasun/install/aivt_interfaces/include/aivt_interfaces/aivt_interfaces
[2.547s] -- Up-to-date: /home/user/ws_siasun/install/aivt_interfaces/include/aivt_interfaces/aivt_interfaces/msg
[2.547s] -- Installing: /home/user/ws_siasun/install/aivt_interfaces/include/aivt_interfaces/aivt_interfaces/msg/target_pose.hpp
[2.547s] -- Up-to-date: /home/user/ws_siasun/install/aivt_interfaces/include/aivt_interfaces/aivt_interfaces/msg/detail
[2.547s] -- Installing: /home/user/ws_siasun/install/aivt_interfaces/include/aivt_interfaces/aivt_interfaces/msg/detail/target_pose__struct.hpp
[2.547s] -- Installing: /home/user/ws_siasun/install/aivt_interfaces/include/aivt_interfaces/aivt_interfaces/msg/detail/target_pose__type_support.hpp
[2.547s] -- Installing: /home/user/ws_siasun/install/aivt_interfaces/include/aivt_interfaces/aivt_interfaces/msg/detail/target_pose__builder.hpp
[2.547s] -- Installing: /home/user/ws_siasun/install/aivt_interfaces/include/aivt_interfaces/aivt_interfaces/msg/detail/target_pose__traits.hpp
[2.547s] -- Installing: /home/user/ws_siasun/install/aivt_interfaces/include/aivt_interfaces/aivt_interfaces/msg/rosidl_generator_cpp__visibility_control.hpp
[2.547s] -- Up-to-date: /home/user/ws_siasun/install/aivt_interfaces/include/aivt_interfaces/aivt_interfaces
[2.548s] -- Up-to-date: /home/user/ws_siasun/install/aivt_interfaces/include/aivt_interfaces/aivt_interfaces/msg
[2.548s] -- Installing: /home/user/ws_siasun/install/aivt_interfaces/include/aivt_interfaces/aivt_interfaces/msg/rosidl_typesupport_fastrtps_cpp__visibility_control.h
[2.548s] -- Up-to-date: /home/user/ws_siasun/install/aivt_interfaces/include/aivt_interfaces/aivt_interfaces/msg/detail
[2.548s] -- Installing: /home/user/ws_siasun/install/aivt_interfaces/include/aivt_interfaces/aivt_interfaces/msg/detail/dds_fastrtps
[2.548s] -- Installing: /home/user/ws_siasun/install/aivt_interfaces/include/aivt_interfaces/aivt_interfaces/msg/detail/target_pose__rosidl_typesupport_fastrtps_cpp.hpp
[2.548s] -- Installing: /home/user/ws_siasun/install/aivt_interfaces/lib/libaivt_interfaces__rosidl_typesupport_fastrtps_cpp.so
[2.548s] -- Set runtime path of "/home/user/ws_siasun/install/aivt_interfaces/lib/libaivt_interfaces__rosidl_typesupport_fastrtps_cpp.so" to ""
[2.548s] -- Up-to-date: /home/user/ws_siasun/install/aivt_interfaces/include/aivt_interfaces/aivt_interfaces
[2.548s] -- Up-to-date: /home/user/ws_siasun/install/aivt_interfaces/include/aivt_interfaces/aivt_interfaces/msg
[2.548s] -- Up-to-date: /home/user/ws_siasun/install/aivt_interfaces/include/aivt_interfaces/aivt_interfaces/msg/detail
[2.548s] -- Installing: /home/user/ws_siasun/install/aivt_interfaces/include/aivt_interfaces/aivt_interfaces/msg/detail/target_pose__type_support.cpp
[2.548s] -- Installing: /home/user/ws_siasun/install/aivt_interfaces/include/aivt_interfaces/aivt_interfaces/msg/detail/target_pose__rosidl_typesupport_introspection_cpp.hpp
[2.548s] -- Installing: /home/user/ws_siasun/install/aivt_interfaces/lib/libaivt_interfaces__rosidl_typesupport_introspection_cpp.so
[2.548s] -- Set runtime path of "/home/user/ws_siasun/install/aivt_interfaces/lib/libaivt_interfaces__rosidl_typesupport_introspection_cpp.so" to ""
[2.548s] -- Installing: /home/user/ws_siasun/install/aivt_interfaces/lib/libaivt_interfaces__rosidl_typesupport_cpp.so
[2.548s] -- Set runtime path of "/home/user/ws_siasun/install/aivt_interfaces/lib/libaivt_interfaces__rosidl_typesupport_cpp.so" to ""
[2.549s] -- Installing: /home/user/ws_siasun/install/aivt_interfaces/share/aivt_interfaces/environment/pythonpath.sh
[2.549s] -- Installing: /home/user/ws_siasun/install/aivt_interfaces/share/aivt_interfaces/environment/pythonpath.dsv
[2.549s] -- Installing: /home/user/ws_siasun/install/aivt_interfaces/local/lib/python3.10/dist-packages/aivt_interfaces-0.0.0-py3.10.egg-info
[2.549s] -- Installing: /home/user/ws_siasun/install/aivt_interfaces/local/lib/python3.10/dist-packages/aivt_interfaces-0.0.0-py3.10.egg-info/top_level.txt
[2.549s] -- Installing: /home/user/ws_siasun/install/aivt_interfaces/local/lib/python3.10/dist-packages/aivt_interfaces-0.0.0-py3.10.egg-info/PKG-INFO
[2.549s] -- Installing: /home/user/ws_siasun/install/aivt_interfaces/local/lib/python3.10/dist-packages/aivt_interfaces-0.0.0-py3.10.egg-info/SOURCES.txt
[2.549s] -- Installing: /home/user/ws_siasun/install/aivt_interfaces/local/lib/python3.10/dist-packages/aivt_interfaces-0.0.0-py3.10.egg-info/dependency_links.txt
[2.549s] -- Installing: /home/user/ws_siasun/install/aivt_interfaces/local/lib/python3.10/dist-packages/aivt_interfaces
[2.549s] -- Installing: /home/user/ws_siasun/install/aivt_interfaces/local/lib/python3.10/dist-packages/aivt_interfaces/_aivt_interfaces_s.ep.rosidl_typesupport_introspection_c.c
[2.549s] -- Installing: /home/user/ws_siasun/install/aivt_interfaces/local/lib/python3.10/dist-packages/aivt_interfaces/__init__.py
[2.549s] -- Installing: /home/user/ws_siasun/install/aivt_interfaces/local/lib/python3.10/dist-packages/aivt_interfaces/aivt_interfaces_s__rosidl_typesupport_fastrtps_c.cpython-310-x86_64-linux-gnu.so
[2.549s] -- Installing: /home/user/ws_siasun/install/aivt_interfaces/local/lib/python3.10/dist-packages/aivt_interfaces/aivt_interfaces_s__rosidl_typesupport_c.cpython-310-x86_64-linux-gnu.so
[2.549s] -- Installing: /home/user/ws_siasun/install/aivt_interfaces/local/lib/python3.10/dist-packages/aivt_interfaces/msg
[2.549s] -- Installing: /home/user/ws_siasun/install/aivt_interfaces/local/lib/python3.10/dist-packages/aivt_interfaces/msg/__init__.py
[2.549s] -- Installing: /home/user/ws_siasun/install/aivt_interfaces/local/lib/python3.10/dist-packages/aivt_interfaces/msg/_target_pose.py
[2.549s] -- Installing: /home/user/ws_siasun/install/aivt_interfaces/local/lib/python3.10/dist-packages/aivt_interfaces/msg/_target_pose_s.c
[2.550s] -- Installing: /home/user/ws_siasun/install/aivt_interfaces/local/lib/python3.10/dist-packages/aivt_interfaces/aivt_interfaces_s__rosidl_typesupport_introspection_c.cpython-310-x86_64-linux-gnu.so
[2.550s] -- Installing: /home/user/ws_siasun/install/aivt_interfaces/local/lib/python3.10/dist-packages/aivt_interfaces/_aivt_interfaces_s.ep.rosidl_typesupport_fastrtps_c.c
[2.550s] -- Installing: /home/user/ws_siasun/install/aivt_interfaces/local/lib/python3.10/dist-packages/aivt_interfaces/_aivt_interfaces_s.ep.rosidl_typesupport_c.c
[2.550s] -- Installing: /home/user/ws_siasun/install/aivt_interfaces/local/lib/python3.10/dist-packages/aivt_interfaces/libaivt_interfaces__rosidl_generator_py.so
[2.576s] Listing '/home/user/ws_siasun/install/aivt_interfaces/local/lib/python3.10/dist-packages/aivt_interfaces'...
[2.576s] Compiling '/home/user/ws_siasun/install/aivt_interfaces/local/lib/python3.10/dist-packages/aivt_interfaces/__init__.py'...
[2.576s] Listing '/home/user/ws_siasun/install/aivt_interfaces/local/lib/python3.10/dist-packages/aivt_interfaces/msg'...
[2.577s] Compiling '/home/user/ws_siasun/install/aivt_interfaces/local/lib/python3.10/dist-packages/aivt_interfaces/msg/__init__.py'...
[2.577s] Compiling '/home/user/ws_siasun/install/aivt_interfaces/local/lib/python3.10/dist-packages/aivt_interfaces/msg/_target_pose.py'...
[2.581s] -- Installing: /home/user/ws_siasun/install/aivt_interfaces/local/lib/python3.10/dist-packages/aivt_interfaces/aivt_interfaces_s__rosidl_typesupport_fastrtps_c.cpython-310-x86_64-linux-gnu.so
[2.581s] -- Set runtime path of "/home/user/ws_siasun/install/aivt_interfaces/local/lib/python3.10/dist-packages/aivt_interfaces/aivt_interfaces_s__rosidl_typesupport_fastrtps_c.cpython-310-x86_64-linux-gnu.so" to ""
[2.581s] -- Installing: /home/user/ws_siasun/install/aivt_interfaces/local/lib/python3.10/dist-packages/aivt_interfaces/aivt_interfaces_s__rosidl_typesupport_introspection_c.cpython-310-x86_64-linux-gnu.so
[2.581s] -- Set runtime path of "/home/user/ws_siasun/install/aivt_interfaces/local/lib/python3.10/dist-packages/aivt_interfaces/aivt_interfaces_s__rosidl_typesupport_introspection_c.cpython-310-x86_64-linux-gnu.so" to ""
[2.581s] -- Installing: /home/user/ws_siasun/install/aivt_interfaces/local/lib/python3.10/dist-packages/aivt_interfaces/aivt_interfaces_s__rosidl_typesupport_c.cpython-310-x86_64-linux-gnu.so
[2.581s] -- Set runtime path of "/home/user/ws_siasun/install/aivt_interfaces/local/lib/python3.10/dist-packages/aivt_interfaces/aivt_interfaces_s__rosidl_typesupport_c.cpython-310-x86_64-linux-gnu.so" to ""
[2.582s] -- Installing: /home/user/ws_siasun/install/aivt_interfaces/lib/libaivt_interfaces__rosidl_generator_py.so
[2.582s] -- Set runtime path of "/home/user/ws_siasun/install/aivt_interfaces/lib/libaivt_interfaces__rosidl_generator_py.so" to ""
[2.582s] -- Installing: /home/user/ws_siasun/install/aivt_interfaces/share/aivt_interfaces/msg/TargetPose.idl
[2.582s] -- Installing: /home/user/ws_siasun/install/aivt_interfaces/share/aivt_interfaces/msg/TargetPose.msg
[2.582s] -- Installing: /home/user/ws_siasun/install/aivt_interfaces/share/ament_index/resource_index/package_run_dependencies/aivt_interfaces
[2.582s] -- Installing: /home/user/ws_siasun/install/aivt_interfaces/share/ament_index/resource_index/parent_prefix_path/aivt_interfaces
[2.583s] -- Installing: /home/user/ws_siasun/install/aivt_interfaces/share/aivt_interfaces/environment/ament_prefix_path.sh
[2.583s] -- Installing: /home/user/ws_siasun/install/aivt_interfaces/share/aivt_interfaces/environment/ament_prefix_path.dsv
[2.583s] -- Installing: /home/user/ws_siasun/install/aivt_interfaces/share/aivt_interfaces/environment/path.sh
[2.583s] -- Installing: /home/user/ws_siasun/install/aivt_interfaces/share/aivt_interfaces/environment/path.dsv
[2.583s] -- Installing: /home/user/ws_siasun/install/aivt_interfaces/share/aivt_interfaces/local_setup.bash
[2.583s] -- Installing: /home/user/ws_siasun/install/aivt_interfaces/share/aivt_interfaces/local_setup.sh
[2.583s] -- Installing: /home/user/ws_siasun/install/aivt_interfaces/share/aivt_interfaces/local_setup.zsh
[2.583s] -- Installing: /home/user/ws_siasun/install/aivt_interfaces/share/aivt_interfaces/local_setup.dsv
[2.583s] -- Installing: /home/user/ws_siasun/install/aivt_interfaces/share/aivt_interfaces/package.dsv
[2.584s] -- Installing: /home/user/ws_siasun/install/aivt_interfaces/share/ament_index/resource_index/packages/aivt_interfaces
[2.584s] -- Installing: /home/user/ws_siasun/install/aivt_interfaces/share/aivt_interfaces/cmake/export_aivt_interfaces__rosidl_generator_cExport.cmake
[2.584s] -- Installing: /home/user/ws_siasun/install/aivt_interfaces/share/aivt_interfaces/cmake/export_aivt_interfaces__rosidl_generator_cExport-noconfig.cmake
[2.584s] -- Installing: /home/user/ws_siasun/install/aivt_interfaces/share/aivt_interfaces/cmake/export_aivt_interfaces__rosidl_typesupport_fastrtps_cExport.cmake
[2.584s] -- Installing: /home/user/ws_siasun/install/aivt_interfaces/share/aivt_interfaces/cmake/export_aivt_interfaces__rosidl_typesupport_fastrtps_cExport-noconfig.cmake
[2.584s] -- Installing: /home/user/ws_siasun/install/aivt_interfaces/share/aivt_interfaces/cmake/aivt_interfaces__rosidl_typesupport_introspection_cExport.cmake
[2.584s] -- Installing: /home/user/ws_siasun/install/aivt_interfaces/share/aivt_interfaces/cmake/aivt_interfaces__rosidl_typesupport_introspection_cExport-noconfig.cmake
[2.585s] -- Installing: /home/user/ws_siasun/install/aivt_interfaces/share/aivt_interfaces/cmake/aivt_interfaces__rosidl_typesupport_cExport.cmake
[2.585s] -- Installing: /home/user/ws_siasun/install/aivt_interfaces/share/aivt_interfaces/cmake/aivt_interfaces__rosidl_typesupport_cExport-noconfig.cmake
[2.585s] -- Installing: /home/user/ws_siasun/install/aivt_interfaces/share/aivt_interfaces/cmake/export_aivt_interfaces__rosidl_generator_cppExport.cmake
[2.585s] -- Installing: /home/user/ws_siasun/install/aivt_interfaces/share/aivt_interfaces/cmake/export_aivt_interfaces__rosidl_typesupport_fastrtps_cppExport.cmake
[2.585s] -- Installing: /home/user/ws_siasun/install/aivt_interfaces/share/aivt_interfaces/cmake/export_aivt_interfaces__rosidl_typesupport_fastrtps_cppExport-noconfig.cmake
[2.585s] -- Installing: /home/user/ws_siasun/install/aivt_interfaces/share/aivt_interfaces/cmake/aivt_interfaces__rosidl_typesupport_introspection_cppExport.cmake
[2.585s] -- Installing: /home/user/ws_siasun/install/aivt_interfaces/share/aivt_interfaces/cmake/aivt_interfaces__rosidl_typesupport_introspection_cppExport-noconfig.cmake
[2.586s] -- Installing: /home/user/ws_siasun/install/aivt_interfaces/share/aivt_interfaces/cmake/aivt_interfaces__rosidl_typesupport_cppExport.cmake
[2.586s] -- Installing: /home/user/ws_siasun/install/aivt_interfaces/share/aivt_interfaces/cmake/aivt_interfaces__rosidl_typesupport_cppExport-noconfig.cmake
[2.586s] -- Installing: /home/user/ws_siasun/install/aivt_interfaces/share/aivt_interfaces/cmake/export_aivt_interfaces__rosidl_generator_pyExport.cmake
[2.586s] -- Installing: /home/user/ws_siasun/install/aivt_interfaces/share/aivt_interfaces/cmake/export_aivt_interfaces__rosidl_generator_pyExport-noconfig.cmake
[2.586s] -- Installing: /home/user/ws_siasun/install/aivt_interfaces/share/aivt_interfaces/cmake/rosidl_cmake-extras.cmake
[2.586s] -- Installing: /home/user/ws_siasun/install/aivt_interfaces/share/aivt_interfaces/cmake/ament_cmake_export_include_directories-extras.cmake
[2.586s] -- Installing: /home/user/ws_siasun/install/aivt_interfaces/share/aivt_interfaces/cmake/ament_cmake_export_libraries-extras.cmake
[2.586s] -- Installing: /home/user/ws_siasun/install/aivt_interfaces/share/aivt_interfaces/cmake/ament_cmake_export_targets-extras.cmake
[2.586s] -- Installing: /home/user/ws_siasun/install/aivt_interfaces/share/aivt_interfaces/cmake/rosidl_cmake_export_typesupport_targets-extras.cmake
[2.586s] -- Installing: /home/user/ws_siasun/install/aivt_interfaces/share/aivt_interfaces/cmake/ament_cmake_export_dependencies-extras.cmake
[2.586s] -- Installing: /home/user/ws_siasun/install/aivt_interfaces/share/aivt_interfaces/cmake/rosidl_cmake_export_typesupport_libraries-extras.cmake
[2.586s] -- Installing: /home/user/ws_siasun/install/aivt_interfaces/share/aivt_interfaces/cmake/aivt_interfacesConfig.cmake
[2.586s] -- Installing: /home/user/ws_siasun/install/aivt_interfaces/share/aivt_interfaces/cmake/aivt_interfacesConfig-version.cmake
[2.586s] -- Installing: /home/user/ws_siasun/install/aivt_interfaces/share/aivt_interfaces/package.xml
[2.588s] Invoked command in '/home/user/ws_siasun/build/aivt_interfaces' returned '0': CMAKE_PREFIX_PATH=/opt/ros/humble /usr/bin/cmake --install /home/user/ws_siasun/build/aivt_interfaces
