[0.015s] Invoking command in '/home/user/ws_siasun/build/aivt': CMAKE_PREFIX_PATH=/home/user/ws_siasun/install/duco_ros_driver:/home/user/ws_siasun/install/duco_arms:/home/user/ws_siasun/install/duco_support:/home/user/ws_siasun/install/duco_msg:/home/user/ws_siasun/install/aivt_interfaces:/home/user/ws_siasun/install/robot_control:/home/user/ws_siasun/install/aivt:/home/user/ws_siasun/install/duco_gcr3_618_moveit_config:/opt/ros/humble /usr/bin/cmake --build /home/user/ws_siasun/build/aivt -- -j16 -l16
[0.058s] [35m[1mConsolidate compiler generated dependencies of target chessboard_detection[0m
[0.066s] [ 21%] Built target grasp_touch_control
[0.066s] [ 28%] Built target hand_eye_calibration
[0.066s] [ 35%] [32mBuilding CXX object CMakeFiles/robot_motion.dir/src/robot_motion.cpp.o[0m
[0.068s] [ 50%] Built target tcp_calibration
[0.072s] [ 64%] Built target robot_motion_test
[0.072s] [ 78%] Built target calibration_calculation
[0.074s] [ 92%] Built target chessboard_detection
[10.304s] [100%] [32m[1mLinking CXX executable robot_motion[0m
[10.825s] [100%] Built target robot_motion
[10.833s] Invoked command in '/home/user/ws_siasun/build/aivt' returned '0': CMAKE_PREFIX_PATH=/home/user/ws_siasun/install/duco_ros_driver:/home/user/ws_siasun/install/duco_arms:/home/user/ws_siasun/install/duco_support:/home/user/ws_siasun/install/duco_msg:/home/user/ws_siasun/install/aivt_interfaces:/home/user/ws_siasun/install/robot_control:/home/user/ws_siasun/install/aivt:/home/user/ws_siasun/install/duco_gcr3_618_moveit_config:/opt/ros/humble /usr/bin/cmake --build /home/user/ws_siasun/build/aivt -- -j16 -l16
[10.834s] Invoking command in '/home/user/ws_siasun/build/aivt': CMAKE_PREFIX_PATH=/home/user/ws_siasun/install/duco_ros_driver:/home/user/ws_siasun/install/duco_arms:/home/user/ws_siasun/install/duco_support:/home/user/ws_siasun/install/duco_msg:/home/user/ws_siasun/install/aivt_interfaces:/home/user/ws_siasun/install/robot_control:/home/user/ws_siasun/install/aivt:/home/user/ws_siasun/install/duco_gcr3_618_moveit_config:/opt/ros/humble /usr/bin/cmake --install /home/user/ws_siasun/build/aivt
[10.839s] -- Install configuration: ""
[10.840s] -- Up-to-date: /home/user/ws_siasun/install/aivt/lib/aivt/robot_motion_test
[10.840s] -- Up-to-date: /home/user/ws_siasun/install/aivt/lib/aivt/hand_eye_calibration
[10.840s] -- Up-to-date: /home/user/ws_siasun/install/aivt/lib/aivt/chessboard_detection
[10.840s] -- Up-to-date: /home/user/ws_siasun/install/aivt/lib/aivt/grasp_touch_control
[10.840s] -- Up-to-date: /home/user/ws_siasun/install/aivt/lib/aivt/tcp_calibration
[10.840s] -- Installing: /home/user/ws_siasun/install/aivt/lib/aivt/robot_motion
[10.845s] -- Set runtime path of "/home/user/ws_siasun/install/aivt/lib/aivt/robot_motion" to ""
[10.846s] -- Up-to-date: /home/user/ws_siasun/install/aivt/lib/aivt/calibration_calculation
[10.846s] -- Up-to-date: /home/user/ws_siasun/install/aivt/share/aivt/launch
[10.846s] -- Up-to-date: /home/user/ws_siasun/install/aivt/share/aivt/launch/gripper_server.launch.py
[10.846s] -- Up-to-date: /home/user/ws_siasun/install/aivt/share/aivt/launch/hand_eye_calibration.launch.py
[10.846s] -- Up-to-date: /home/user/ws_siasun/install/aivt/share/aivt/config
[10.846s] -- Up-to-date: /home/user/ws_siasun/install/aivt/share/aivt/config/chessboard_6.jpg
[10.846s] -- Up-to-date: /home/user/ws_siasun/install/aivt/share/aivt/config/chessboard_12.jpg
[10.846s] -- Up-to-date: /home/user/ws_siasun/install/aivt/share/aivt/config/chessboard_5.jpg
[10.846s] -- Up-to-date: /home/user/ws_siasun/install/aivt/share/aivt/config/hand_eye_transformer.yaml
[10.846s] -- Up-to-date: /home/user/ws_siasun/install/aivt/share/aivt/config/chessboard_13.jpg
[10.846s] -- Up-to-date: /home/user/ws_siasun/install/aivt/share/aivt/config/chessboard_0.jpg
[10.847s] -- Up-to-date: /home/user/ws_siasun/install/aivt/share/aivt/config/chessboard_14.jpg
[10.847s] -- Up-to-date: /home/user/ws_siasun/install/aivt/share/aivt/config/chessboard_2.jpg
[10.847s] -- Up-to-date: /home/user/ws_siasun/install/aivt/share/aivt/config/chessboard_4.jpg
[10.847s] -- Up-to-date: /home/user/ws_siasun/install/aivt/share/aivt/config/chessboard_1.jpg
[10.847s] -- Up-to-date: /home/user/ws_siasun/install/aivt/share/aivt/config/chessboard_7.jpg
[10.847s] -- Up-to-date: /home/user/ws_siasun/install/aivt/share/aivt/config/chessboard_3.jpg
[10.847s] -- Up-to-date: /home/user/ws_siasun/install/aivt/share/aivt/config/chessboard_8.jpg
[10.847s] -- Up-to-date: /home/user/ws_siasun/install/aivt/share/aivt/config/calibration_data.yaml
[10.848s] -- Up-to-date: /home/user/ws_siasun/install/aivt/share/aivt/config/chessboard_11.jpg
[10.848s] -- Up-to-date: /home/user/ws_siasun/install/aivt/share/aivt/config/chessboard_10.jpg
[10.848s] -- Up-to-date: /home/user/ws_siasun/install/aivt/share/aivt/config/chessboard_15.jpg
[10.848s] -- Up-to-date: /home/user/ws_siasun/install/aivt/share/aivt/config/chessboard_9.jpg
[10.848s] -- Up-to-date: /home/user/ws_siasun/install/aivt/share/ament_index/resource_index/package_run_dependencies/aivt
[10.849s] -- Up-to-date: /home/user/ws_siasun/install/aivt/share/ament_index/resource_index/parent_prefix_path/aivt
[10.849s] -- Up-to-date: /home/user/ws_siasun/install/aivt/share/aivt/environment/ament_prefix_path.sh
[10.849s] -- Up-to-date: /home/user/ws_siasun/install/aivt/share/aivt/environment/ament_prefix_path.dsv
[10.849s] -- Up-to-date: /home/user/ws_siasun/install/aivt/share/aivt/environment/path.sh
[10.849s] -- Up-to-date: /home/user/ws_siasun/install/aivt/share/aivt/environment/path.dsv
[10.849s] -- Up-to-date: /home/user/ws_siasun/install/aivt/share/aivt/local_setup.bash
[10.849s] -- Up-to-date: /home/user/ws_siasun/install/aivt/share/aivt/local_setup.sh
[10.849s] -- Up-to-date: /home/user/ws_siasun/install/aivt/share/aivt/local_setup.zsh
[10.849s] -- Up-to-date: /home/user/ws_siasun/install/aivt/share/aivt/local_setup.dsv
[10.849s] -- Installing: /home/user/ws_siasun/install/aivt/share/aivt/package.dsv
[10.849s] -- Up-to-date: /home/user/ws_siasun/install/aivt/share/ament_index/resource_index/packages/aivt
[10.849s] -- Up-to-date: /home/user/ws_siasun/install/aivt/share/aivt/cmake/aivtConfig.cmake
[10.849s] -- Up-to-date: /home/user/ws_siasun/install/aivt/share/aivt/cmake/aivtConfig-version.cmake
[10.849s] -- Up-to-date: /home/user/ws_siasun/install/aivt/share/aivt/package.xml
[10.849s] Invoked command in '/home/user/ws_siasun/build/aivt' returned '0': CMAKE_PREFIX_PATH=/home/user/ws_siasun/install/duco_ros_driver:/home/user/ws_siasun/install/duco_arms:/home/user/ws_siasun/install/duco_support:/home/user/ws_siasun/install/duco_msg:/home/user/ws_siasun/install/aivt_interfaces:/home/user/ws_siasun/install/robot_control:/home/user/ws_siasun/install/aivt:/home/user/ws_siasun/install/duco_gcr3_618_moveit_config:/opt/ros/humble /usr/bin/cmake --install /home/user/ws_siasun/build/aivt
