[  0%] Built target duco_msg__cpp
[ 12%] Built target duco_msg__rosidl_generator_c
[ 12%] Built target ament_cmake_python_copy_duco_msg
[ 24%] Built target duco_msg__rosidl_typesupport_cpp
[ 36%] Built target duco_msg__rosidl_typesupport_introspection_cpp
[ 64%] Built target duco_msg__rosidl_typesupport_fastrtps_c
[ 64%] Built target duco_msg__rosidl_typesupport_introspection_c
[ 72%] Built target duco_msg__rosidl_typesupport_c
[ 83%] Built target duco_msg__rosidl_typesupport_fastrtps_cpp
[ 83%] Built target duco_msg
[ 84%] Built target duco_msg__py
[ 95%] Built target duco_msg__rosidl_generator_py
[ 98%] Built target duco_msg__rosidl_typesupport_introspection_c__pyext
[ 98%] Built target duco_msg__rosidl_typesupport_c__pyext
[100%] Built target duco_msg__rosidl_typesupport_fastrtps_c__pyext
running egg_info
writing duco_msg.egg-info/PKG-INFO
writing dependency_links to duco_msg.egg-info/dependency_links.txt
writing top-level names to duco_msg.egg-info/top_level.txt
reading manifest file 'duco_msg.egg-info/SOURCES.txt'
writing manifest file 'duco_msg.egg-info/SOURCES.txt'
[100%] Built target ament_cmake_python_build_duco_msg_egg
-- Install configuration: ""
-- Up-to-date: /home/user/ws_siasun/install/duco_msg/share/ament_index/resource_index/rosidl_interfaces/duco_msg
-- Up-to-date: /home/user/ws_siasun/install/duco_msg/include/duco_msg/duco_msg
-- Up-to-date: /home/user/ws_siasun/install/duco_msg/include/duco_msg/duco_msg/msg
-- Up-to-date: /home/user/ws_siasun/install/duco_msg/include/duco_msg/duco_msg/msg/rosidl_generator_c__visibility_control.h
-- Up-to-date: /home/user/ws_siasun/install/duco_msg/include/duco_msg/duco_msg/msg/virtual_servo_pose.h
-- Up-to-date: /home/user/ws_siasun/install/duco_msg/include/duco_msg/duco_msg/msg/detail
-- Up-to-date: /home/user/ws_siasun/install/duco_msg/include/duco_msg/duco_msg/msg/detail/duco_robot_state__struct.h
-- Up-to-date: /home/user/ws_siasun/install/duco_msg/include/duco_msg/duco_msg/msg/detail/duco_robot_state__functions.c
-- Up-to-date: /home/user/ws_siasun/install/duco_msg/include/duco_msg/duco_msg/msg/detail/virtual_servo_point_cloud__functions.c
-- Up-to-date: /home/user/ws_siasun/install/duco_msg/include/duco_msg/duco_msg/msg/detail/virtual_servo_pose__functions.h
-- Up-to-date: /home/user/ws_siasun/install/duco_msg/include/duco_msg/duco_msg/msg/detail/duco_robot_state__type_support.h
-- Up-to-date: /home/user/ws_siasun/install/duco_msg/include/duco_msg/duco_msg/msg/detail/virtual_servo_pose__functions.c
-- Up-to-date: /home/user/ws_siasun/install/duco_msg/include/duco_msg/duco_msg/msg/detail/virtual_servo_pose__type_support.h
-- Up-to-date: /home/user/ws_siasun/install/duco_msg/include/duco_msg/duco_msg/msg/detail/virtual_servo_point_cloud__functions.h
-- Up-to-date: /home/user/ws_siasun/install/duco_msg/include/duco_msg/duco_msg/msg/detail/virtual_servo_point_cloud__type_support.h
-- Up-to-date: /home/user/ws_siasun/install/duco_msg/include/duco_msg/duco_msg/msg/detail/virtual_servo_point_cloud__struct.h
-- Up-to-date: /home/user/ws_siasun/install/duco_msg/include/duco_msg/duco_msg/msg/detail/duco_robot_state__functions.h
-- Up-to-date: /home/user/ws_siasun/install/duco_msg/include/duco_msg/duco_msg/msg/detail/virtual_servo_pose__struct.h
-- Up-to-date: /home/user/ws_siasun/install/duco_msg/include/duco_msg/duco_msg/msg/virtual_servo_point_cloud.h
-- Up-to-date: /home/user/ws_siasun/install/duco_msg/include/duco_msg/duco_msg/msg/duco_robot_state.h
-- Up-to-date: /home/user/ws_siasun/install/duco_msg/include/duco_msg/duco_msg/srv
-- Up-to-date: /home/user/ws_siasun/install/duco_msg/include/duco_msg/duco_msg/srv/robot_move.h
-- Up-to-date: /home/user/ws_siasun/install/duco_msg/include/duco_msg/duco_msg/srv/robot_task_state_rquest.h
-- Up-to-date: /home/user/ws_siasun/install/duco_msg/include/duco_msg/duco_msg/srv/speech.h
-- Up-to-date: /home/user/ws_siasun/install/duco_msg/include/duco_msg/duco_msg/srv/robot_io_control.h
-- Up-to-date: /home/user/ws_siasun/install/duco_msg/include/duco_msg/duco_msg/srv/detail
-- Up-to-date: /home/user/ws_siasun/install/duco_msg/include/duco_msg/duco_msg/srv/detail/duco_robot_states__type_support.h
-- Up-to-date: /home/user/ws_siasun/install/duco_msg/include/duco_msg/duco_msg/srv/detail/robot_task_state_rquest__type_support.h
-- Up-to-date: /home/user/ws_siasun/install/duco_msg/include/duco_msg/duco_msg/srv/detail/speech__functions.c
-- Up-to-date: /home/user/ws_siasun/install/duco_msg/include/duco_msg/duco_msg/srv/detail/pose_estimation__functions.c
-- Up-to-date: /home/user/ws_siasun/install/duco_msg/include/duco_msg/duco_msg/srv/detail/robot_control__functions.h
-- Up-to-date: /home/user/ws_siasun/install/duco_msg/include/duco_msg/duco_msg/srv/detail/robot_control__type_support.h
-- Up-to-date: /home/user/ws_siasun/install/duco_msg/include/duco_msg/duco_msg/srv/detail/pose_estimation__type_support.h
-- Up-to-date: /home/user/ws_siasun/install/duco_msg/include/duco_msg/duco_msg/srv/detail/robot_move__type_support.h
-- Up-to-date: /home/user/ws_siasun/install/duco_msg/include/duco_msg/duco_msg/srv/detail/robot_move__struct.h
-- Up-to-date: /home/user/ws_siasun/install/duco_msg/include/duco_msg/duco_msg/srv/detail/speech__type_support.h
-- Up-to-date: /home/user/ws_siasun/install/duco_msg/include/duco_msg/duco_msg/srv/detail/robot_io_control__functions.h
-- Up-to-date: /home/user/ws_siasun/install/duco_msg/include/duco_msg/duco_msg/srv/detail/robot_io_control__functions.c
-- Up-to-date: /home/user/ws_siasun/install/duco_msg/include/duco_msg/duco_msg/srv/detail/robot_task_state_rquest__functions.c
-- Up-to-date: /home/user/ws_siasun/install/duco_msg/include/duco_msg/duco_msg/srv/detail/robot_control__functions.c
-- Up-to-date: /home/user/ws_siasun/install/duco_msg/include/duco_msg/duco_msg/srv/detail/robot_task_state_rquest__functions.h
-- Up-to-date: /home/user/ws_siasun/install/duco_msg/include/duco_msg/duco_msg/srv/detail/pose_estimation__functions.h
-- Up-to-date: /home/user/ws_siasun/install/duco_msg/include/duco_msg/duco_msg/srv/detail/grippers__type_support.h
-- Up-to-date: /home/user/ws_siasun/install/duco_msg/include/duco_msg/duco_msg/srv/detail/robot_io_control__struct.h
-- Up-to-date: /home/user/ws_siasun/install/duco_msg/include/duco_msg/duco_msg/srv/detail/speech__struct.h
-- Up-to-date: /home/user/ws_siasun/install/duco_msg/include/duco_msg/duco_msg/srv/detail/duco_robot_states__struct.h
-- Up-to-date: /home/user/ws_siasun/install/duco_msg/include/duco_msg/duco_msg/srv/detail/robot_move__functions.h
-- Up-to-date: /home/user/ws_siasun/install/duco_msg/include/duco_msg/duco_msg/srv/detail/duco_robot_states__functions.c
-- Up-to-date: /home/user/ws_siasun/install/duco_msg/include/duco_msg/duco_msg/srv/detail/pose_estimation__struct.h
-- Up-to-date: /home/user/ws_siasun/install/duco_msg/include/duco_msg/duco_msg/srv/detail/robot_control__struct.h
-- Up-to-date: /home/user/ws_siasun/install/duco_msg/include/duco_msg/duco_msg/srv/detail/duco_robot_states__functions.h
-- Up-to-date: /home/user/ws_siasun/install/duco_msg/include/duco_msg/duco_msg/srv/detail/grippers__struct.h
-- Up-to-date: /home/user/ws_siasun/install/duco_msg/include/duco_msg/duco_msg/srv/detail/robot_move__functions.c
-- Up-to-date: /home/user/ws_siasun/install/duco_msg/include/duco_msg/duco_msg/srv/detail/grippers__functions.h
-- Up-to-date: /home/user/ws_siasun/install/duco_msg/include/duco_msg/duco_msg/srv/detail/robot_io_control__type_support.h
-- Up-to-date: /home/user/ws_siasun/install/duco_msg/include/duco_msg/duco_msg/srv/detail/robot_task_state_rquest__struct.h
-- Up-to-date: /home/user/ws_siasun/install/duco_msg/include/duco_msg/duco_msg/srv/detail/grippers__functions.c
-- Up-to-date: /home/user/ws_siasun/install/duco_msg/include/duco_msg/duco_msg/srv/detail/speech__functions.h
-- Up-to-date: /home/user/ws_siasun/install/duco_msg/include/duco_msg/duco_msg/srv/grippers.h
-- Up-to-date: /home/user/ws_siasun/install/duco_msg/include/duco_msg/duco_msg/srv/robot_control.h
-- Up-to-date: /home/user/ws_siasun/install/duco_msg/include/duco_msg/duco_msg/srv/duco_robot_states.h
-- Up-to-date: /home/user/ws_siasun/install/duco_msg/include/duco_msg/duco_msg/srv/pose_estimation.h
-- Up-to-date: /home/user/ws_siasun/install/duco_msg/share/duco_msg/environment/library_path.sh
-- Up-to-date: /home/user/ws_siasun/install/duco_msg/share/duco_msg/environment/library_path.dsv
-- Up-to-date: /home/user/ws_siasun/install/duco_msg/lib/libduco_msg__rosidl_generator_c.so
-- Up-to-date: /home/user/ws_siasun/install/duco_msg/include/duco_msg/duco_msg
-- Up-to-date: /home/user/ws_siasun/install/duco_msg/include/duco_msg/duco_msg/msg
-- Up-to-date: /home/user/ws_siasun/install/duco_msg/include/duco_msg/duco_msg/msg/rosidl_typesupport_fastrtps_c__visibility_control.h
-- Up-to-date: /home/user/ws_siasun/install/duco_msg/include/duco_msg/duco_msg/msg/detail
-- Up-to-date: /home/user/ws_siasun/install/duco_msg/include/duco_msg/duco_msg/msg/detail/virtual_servo_pose__rosidl_typesupport_fastrtps_c.h
-- Up-to-date: /home/user/ws_siasun/install/duco_msg/include/duco_msg/duco_msg/msg/detail/virtual_servo_point_cloud__rosidl_typesupport_fastrtps_c.h
-- Up-to-date: /home/user/ws_siasun/install/duco_msg/include/duco_msg/duco_msg/msg/detail/duco_robot_state__rosidl_typesupport_fastrtps_c.h
-- Up-to-date: /home/user/ws_siasun/install/duco_msg/include/duco_msg/duco_msg/srv
-- Up-to-date: /home/user/ws_siasun/install/duco_msg/include/duco_msg/duco_msg/srv/detail
-- Up-to-date: /home/user/ws_siasun/install/duco_msg/include/duco_msg/duco_msg/srv/detail/robot_move__rosidl_typesupport_fastrtps_c.h
-- Up-to-date: /home/user/ws_siasun/install/duco_msg/include/duco_msg/duco_msg/srv/detail/robot_control__rosidl_typesupport_fastrtps_c.h
-- Up-to-date: /home/user/ws_siasun/install/duco_msg/include/duco_msg/duco_msg/srv/detail/robot_io_control__rosidl_typesupport_fastrtps_c.h
-- Up-to-date: /home/user/ws_siasun/install/duco_msg/include/duco_msg/duco_msg/srv/detail/robot_task_state_rquest__rosidl_typesupport_fastrtps_c.h
-- Up-to-date: /home/user/ws_siasun/install/duco_msg/include/duco_msg/duco_msg/srv/detail/pose_estimation__rosidl_typesupport_fastrtps_c.h
-- Up-to-date: /home/user/ws_siasun/install/duco_msg/include/duco_msg/duco_msg/srv/detail/grippers__rosidl_typesupport_fastrtps_c.h
-- Up-to-date: /home/user/ws_siasun/install/duco_msg/include/duco_msg/duco_msg/srv/detail/speech__rosidl_typesupport_fastrtps_c.h
-- Up-to-date: /home/user/ws_siasun/install/duco_msg/include/duco_msg/duco_msg/srv/detail/duco_robot_states__rosidl_typesupport_fastrtps_c.h
-- Up-to-date: /home/user/ws_siasun/install/duco_msg/lib/libduco_msg__rosidl_typesupport_fastrtps_c.so
-- Up-to-date: /home/user/ws_siasun/install/duco_msg/include/duco_msg/duco_msg
-- Up-to-date: /home/user/ws_siasun/install/duco_msg/include/duco_msg/duco_msg/msg
-- Up-to-date: /home/user/ws_siasun/install/duco_msg/include/duco_msg/duco_msg/msg/virtual_servo_point_cloud.hpp
-- Up-to-date: /home/user/ws_siasun/install/duco_msg/include/duco_msg/duco_msg/msg/virtual_servo_pose.hpp
-- Up-to-date: /home/user/ws_siasun/install/duco_msg/include/duco_msg/duco_msg/msg/detail
-- Up-to-date: /home/user/ws_siasun/install/duco_msg/include/duco_msg/duco_msg/msg/detail/duco_robot_state__traits.hpp
-- Up-to-date: /home/user/ws_siasun/install/duco_msg/include/duco_msg/duco_msg/msg/detail/virtual_servo_point_cloud__builder.hpp
-- Up-to-date: /home/user/ws_siasun/install/duco_msg/include/duco_msg/duco_msg/msg/detail/virtual_servo_pose__struct.hpp
-- Up-to-date: /home/user/ws_siasun/install/duco_msg/include/duco_msg/duco_msg/msg/detail/duco_robot_state__struct.hpp
-- Up-to-date: /home/user/ws_siasun/install/duco_msg/include/duco_msg/duco_msg/msg/detail/virtual_servo_point_cloud__traits.hpp
-- Up-to-date: /home/user/ws_siasun/install/duco_msg/include/duco_msg/duco_msg/msg/detail/virtual_servo_pose__traits.hpp
-- Up-to-date: /home/user/ws_siasun/install/duco_msg/include/duco_msg/duco_msg/msg/detail/virtual_servo_pose__builder.hpp
-- Up-to-date: /home/user/ws_siasun/install/duco_msg/include/duco_msg/duco_msg/msg/detail/duco_robot_state__type_support.hpp
-- Up-to-date: /home/user/ws_siasun/install/duco_msg/include/duco_msg/duco_msg/msg/detail/virtual_servo_point_cloud__type_support.hpp
-- Up-to-date: /home/user/ws_siasun/install/duco_msg/include/duco_msg/duco_msg/msg/detail/virtual_servo_pose__type_support.hpp
-- Up-to-date: /home/user/ws_siasun/install/duco_msg/include/duco_msg/duco_msg/msg/detail/duco_robot_state__builder.hpp
-- Up-to-date: /home/user/ws_siasun/install/duco_msg/include/duco_msg/duco_msg/msg/detail/virtual_servo_point_cloud__struct.hpp
-- Up-to-date: /home/user/ws_siasun/install/duco_msg/include/duco_msg/duco_msg/msg/rosidl_generator_cpp__visibility_control.hpp
-- Up-to-date: /home/user/ws_siasun/install/duco_msg/include/duco_msg/duco_msg/msg/duco_robot_state.hpp
-- Up-to-date: /home/user/ws_siasun/install/duco_msg/include/duco_msg/duco_msg/srv
-- Up-to-date: /home/user/ws_siasun/install/duco_msg/include/duco_msg/duco_msg/srv/duco_robot_states.hpp
-- Up-to-date: /home/user/ws_siasun/install/duco_msg/include/duco_msg/duco_msg/srv/pose_estimation.hpp
-- Up-to-date: /home/user/ws_siasun/install/duco_msg/include/duco_msg/duco_msg/srv/speech.hpp
-- Up-to-date: /home/user/ws_siasun/install/duco_msg/include/duco_msg/duco_msg/srv/robot_io_control.hpp
-- Up-to-date: /home/user/ws_siasun/install/duco_msg/include/duco_msg/duco_msg/srv/detail
-- Up-to-date: /home/user/ws_siasun/install/duco_msg/include/duco_msg/duco_msg/srv/detail/robot_control__struct.hpp
-- Up-to-date: /home/user/ws_siasun/install/duco_msg/include/duco_msg/duco_msg/srv/detail/robot_control__traits.hpp
-- Up-to-date: /home/user/ws_siasun/install/duco_msg/include/duco_msg/duco_msg/srv/detail/robot_io_control__type_support.hpp
-- Up-to-date: /home/user/ws_siasun/install/duco_msg/include/duco_msg/duco_msg/srv/detail/robot_task_state_rquest__traits.hpp
-- Up-to-date: /home/user/ws_siasun/install/duco_msg/include/duco_msg/duco_msg/srv/detail/robot_move__struct.hpp
-- Up-to-date: /home/user/ws_siasun/install/duco_msg/include/duco_msg/duco_msg/srv/detail/robot_task_state_rquest__struct.hpp
-- Up-to-date: /home/user/ws_siasun/install/duco_msg/include/duco_msg/duco_msg/srv/detail/robot_control__builder.hpp
-- Up-to-date: /home/user/ws_siasun/install/duco_msg/include/duco_msg/duco_msg/srv/detail/pose_estimation__builder.hpp
-- Up-to-date: /home/user/ws_siasun/install/duco_msg/include/duco_msg/duco_msg/srv/detail/pose_estimation__traits.hpp
-- Up-to-date: /home/user/ws_siasun/install/duco_msg/include/duco_msg/duco_msg/srv/detail/grippers__builder.hpp
-- Up-to-date: /home/user/ws_siasun/install/duco_msg/include/duco_msg/duco_msg/srv/detail/robot_move__traits.hpp
-- Up-to-date: /home/user/ws_siasun/install/duco_msg/include/duco_msg/duco_msg/srv/detail/duco_robot_states__builder.hpp
-- Up-to-date: /home/user/ws_siasun/install/duco_msg/include/duco_msg/duco_msg/srv/detail/robot_io_control__traits.hpp
-- Up-to-date: /home/user/ws_siasun/install/duco_msg/include/duco_msg/duco_msg/srv/detail/speech__builder.hpp
-- Up-to-date: /home/user/ws_siasun/install/duco_msg/include/duco_msg/duco_msg/srv/detail/robot_io_control__builder.hpp
-- Up-to-date: /home/user/ws_siasun/install/duco_msg/include/duco_msg/duco_msg/srv/detail/grippers__traits.hpp
-- Up-to-date: /home/user/ws_siasun/install/duco_msg/include/duco_msg/duco_msg/srv/detail/duco_robot_states__struct.hpp
-- Up-to-date: /home/user/ws_siasun/install/duco_msg/include/duco_msg/duco_msg/srv/detail/speech__struct.hpp
-- Up-to-date: /home/user/ws_siasun/install/duco_msg/include/duco_msg/duco_msg/srv/detail/pose_estimation__type_support.hpp
-- Up-to-date: /home/user/ws_siasun/install/duco_msg/include/duco_msg/duco_msg/srv/detail/robot_task_state_rquest__builder.hpp
-- Up-to-date: /home/user/ws_siasun/install/duco_msg/include/duco_msg/duco_msg/srv/detail/duco_robot_states__traits.hpp
-- Up-to-date: /home/user/ws_siasun/install/duco_msg/include/duco_msg/duco_msg/srv/detail/robot_move__builder.hpp
-- Up-to-date: /home/user/ws_siasun/install/duco_msg/include/duco_msg/duco_msg/srv/detail/speech__traits.hpp
-- Up-to-date: /home/user/ws_siasun/install/duco_msg/include/duco_msg/duco_msg/srv/detail/robot_io_control__struct.hpp
-- Up-to-date: /home/user/ws_siasun/install/duco_msg/include/duco_msg/duco_msg/srv/detail/grippers__type_support.hpp
-- Up-to-date: /home/user/ws_siasun/install/duco_msg/include/duco_msg/duco_msg/srv/detail/pose_estimation__struct.hpp
-- Up-to-date: /home/user/ws_siasun/install/duco_msg/include/duco_msg/duco_msg/srv/detail/speech__type_support.hpp
-- Up-to-date: /home/user/ws_siasun/install/duco_msg/include/duco_msg/duco_msg/srv/detail/grippers__struct.hpp
-- Up-to-date: /home/user/ws_siasun/install/duco_msg/include/duco_msg/duco_msg/srv/detail/robot_move__type_support.hpp
-- Up-to-date: /home/user/ws_siasun/install/duco_msg/include/duco_msg/duco_msg/srv/detail/robot_control__type_support.hpp
-- Up-to-date: /home/user/ws_siasun/install/duco_msg/include/duco_msg/duco_msg/srv/detail/robot_task_state_rquest__type_support.hpp
-- Up-to-date: /home/user/ws_siasun/install/duco_msg/include/duco_msg/duco_msg/srv/detail/duco_robot_states__type_support.hpp
-- Up-to-date: /home/user/ws_siasun/install/duco_msg/include/duco_msg/duco_msg/srv/grippers.hpp
-- Up-to-date: /home/user/ws_siasun/install/duco_msg/include/duco_msg/duco_msg/srv/robot_move.hpp
-- Up-to-date: /home/user/ws_siasun/install/duco_msg/include/duco_msg/duco_msg/srv/robot_task_state_rquest.hpp
-- Up-to-date: /home/user/ws_siasun/install/duco_msg/include/duco_msg/duco_msg/srv/robot_control.hpp
-- Up-to-date: /home/user/ws_siasun/install/duco_msg/include/duco_msg/duco_msg
-- Up-to-date: /home/user/ws_siasun/install/duco_msg/include/duco_msg/duco_msg/msg
-- Up-to-date: /home/user/ws_siasun/install/duco_msg/include/duco_msg/duco_msg/msg/rosidl_typesupport_fastrtps_cpp__visibility_control.h
-- Up-to-date: /home/user/ws_siasun/install/duco_msg/include/duco_msg/duco_msg/msg/detail
-- Up-to-date: /home/user/ws_siasun/install/duco_msg/include/duco_msg/duco_msg/msg/detail/virtual_servo_pose__rosidl_typesupport_fastrtps_cpp.hpp
-- Up-to-date: /home/user/ws_siasun/install/duco_msg/include/duco_msg/duco_msg/msg/detail/dds_fastrtps
-- Up-to-date: /home/user/ws_siasun/install/duco_msg/include/duco_msg/duco_msg/msg/detail/virtual_servo_point_cloud__rosidl_typesupport_fastrtps_cpp.hpp
-- Up-to-date: /home/user/ws_siasun/install/duco_msg/include/duco_msg/duco_msg/msg/detail/duco_robot_state__rosidl_typesupport_fastrtps_cpp.hpp
-- Up-to-date: /home/user/ws_siasun/install/duco_msg/include/duco_msg/duco_msg/srv
-- Up-to-date: /home/user/ws_siasun/install/duco_msg/include/duco_msg/duco_msg/srv/detail
-- Up-to-date: /home/user/ws_siasun/install/duco_msg/include/duco_msg/duco_msg/srv/detail/robot_move__rosidl_typesupport_fastrtps_cpp.hpp
-- Up-to-date: /home/user/ws_siasun/install/duco_msg/include/duco_msg/duco_msg/srv/detail/robot_task_state_rquest__rosidl_typesupport_fastrtps_cpp.hpp
-- Up-to-date: /home/user/ws_siasun/install/duco_msg/include/duco_msg/duco_msg/srv/detail/speech__rosidl_typesupport_fastrtps_cpp.hpp
-- Up-to-date: /home/user/ws_siasun/install/duco_msg/include/duco_msg/duco_msg/srv/detail/pose_estimation__rosidl_typesupport_fastrtps_cpp.hpp
-- Up-to-date: /home/user/ws_siasun/install/duco_msg/include/duco_msg/duco_msg/srv/detail/duco_robot_states__rosidl_typesupport_fastrtps_cpp.hpp
-- Up-to-date: /home/user/ws_siasun/install/duco_msg/include/duco_msg/duco_msg/srv/detail/grippers__rosidl_typesupport_fastrtps_cpp.hpp
-- Up-to-date: /home/user/ws_siasun/install/duco_msg/include/duco_msg/duco_msg/srv/detail/dds_fastrtps
-- Up-to-date: /home/user/ws_siasun/install/duco_msg/include/duco_msg/duco_msg/srv/detail/robot_io_control__rosidl_typesupport_fastrtps_cpp.hpp
-- Up-to-date: /home/user/ws_siasun/install/duco_msg/include/duco_msg/duco_msg/srv/detail/robot_control__rosidl_typesupport_fastrtps_cpp.hpp
-- Up-to-date: /home/user/ws_siasun/install/duco_msg/lib/libduco_msg__rosidl_typesupport_fastrtps_cpp.so
-- Up-to-date: /home/user/ws_siasun/install/duco_msg/include/duco_msg/duco_msg
-- Up-to-date: /home/user/ws_siasun/install/duco_msg/include/duco_msg/duco_msg/msg
-- Up-to-date: /home/user/ws_siasun/install/duco_msg/include/duco_msg/duco_msg/msg/detail
-- Up-to-date: /home/user/ws_siasun/install/duco_msg/include/duco_msg/duco_msg/msg/detail/duco_robot_state__type_support.c
-- Up-to-date: /home/user/ws_siasun/install/duco_msg/include/duco_msg/duco_msg/msg/detail/virtual_servo_pose__type_support.c
-- Up-to-date: /home/user/ws_siasun/install/duco_msg/include/duco_msg/duco_msg/msg/detail/virtual_servo_point_cloud__rosidl_typesupport_introspection_c.h
-- Up-to-date: /home/user/ws_siasun/install/duco_msg/include/duco_msg/duco_msg/msg/detail/duco_robot_state__rosidl_typesupport_introspection_c.h
-- Up-to-date: /home/user/ws_siasun/install/duco_msg/include/duco_msg/duco_msg/msg/detail/virtual_servo_pose__rosidl_typesupport_introspection_c.h
-- Up-to-date: /home/user/ws_siasun/install/duco_msg/include/duco_msg/duco_msg/msg/detail/virtual_servo_point_cloud__type_support.c
-- Up-to-date: /home/user/ws_siasun/install/duco_msg/include/duco_msg/duco_msg/msg/rosidl_typesupport_introspection_c__visibility_control.h
-- Up-to-date: /home/user/ws_siasun/install/duco_msg/include/duco_msg/duco_msg/srv
-- Up-to-date: /home/user/ws_siasun/install/duco_msg/include/duco_msg/duco_msg/srv/detail
-- Up-to-date: /home/user/ws_siasun/install/duco_msg/include/duco_msg/duco_msg/srv/detail/duco_robot_states__type_support.c
-- Up-to-date: /home/user/ws_siasun/install/duco_msg/include/duco_msg/duco_msg/srv/detail/robot_task_state_rquest__type_support.c
-- Up-to-date: /home/user/ws_siasun/install/duco_msg/include/duco_msg/duco_msg/srv/detail/robot_task_state_rquest__rosidl_typesupport_introspection_c.h
-- Up-to-date: /home/user/ws_siasun/install/duco_msg/include/duco_msg/duco_msg/srv/detail/robot_control__type_support.c
-- Up-to-date: /home/user/ws_siasun/install/duco_msg/include/duco_msg/duco_msg/srv/detail/robot_io_control__rosidl_typesupport_introspection_c.h
-- Up-to-date: /home/user/ws_siasun/install/duco_msg/include/duco_msg/duco_msg/srv/detail/speech__type_support.c
-- Up-to-date: /home/user/ws_siasun/install/duco_msg/include/duco_msg/duco_msg/srv/detail/pose_estimation__rosidl_typesupport_introspection_c.h
-- Up-to-date: /home/user/ws_siasun/install/duco_msg/include/duco_msg/duco_msg/srv/detail/grippers__type_support.c
-- Up-to-date: /home/user/ws_siasun/install/duco_msg/include/duco_msg/duco_msg/srv/detail/speech__rosidl_typesupport_introspection_c.h
-- Up-to-date: /home/user/ws_siasun/install/duco_msg/include/duco_msg/duco_msg/srv/detail/robot_move__rosidl_typesupport_introspection_c.h
-- Up-to-date: /home/user/ws_siasun/install/duco_msg/include/duco_msg/duco_msg/srv/detail/robot_io_control__type_support.c
-- Up-to-date: /home/user/ws_siasun/install/duco_msg/include/duco_msg/duco_msg/srv/detail/grippers__rosidl_typesupport_introspection_c.h
-- Up-to-date: /home/user/ws_siasun/install/duco_msg/include/duco_msg/duco_msg/srv/detail/robot_control__rosidl_typesupport_introspection_c.h
-- Up-to-date: /home/user/ws_siasun/install/duco_msg/include/duco_msg/duco_msg/srv/detail/duco_robot_states__rosidl_typesupport_introspection_c.h
-- Up-to-date: /home/user/ws_siasun/install/duco_msg/include/duco_msg/duco_msg/srv/detail/robot_move__type_support.c
-- Up-to-date: /home/user/ws_siasun/install/duco_msg/include/duco_msg/duco_msg/srv/detail/pose_estimation__type_support.c
-- Up-to-date: /home/user/ws_siasun/install/duco_msg/lib/libduco_msg__rosidl_typesupport_introspection_c.so
-- Up-to-date: /home/user/ws_siasun/install/duco_msg/lib/libduco_msg__rosidl_typesupport_c.so
-- Up-to-date: /home/user/ws_siasun/install/duco_msg/include/duco_msg/duco_msg
-- Up-to-date: /home/user/ws_siasun/install/duco_msg/include/duco_msg/duco_msg/msg
-- Up-to-date: /home/user/ws_siasun/install/duco_msg/include/duco_msg/duco_msg/msg/detail
-- Up-to-date: /home/user/ws_siasun/install/duco_msg/include/duco_msg/duco_msg/msg/detail/virtual_servo_point_cloud__type_support.cpp
-- Up-to-date: /home/user/ws_siasun/install/duco_msg/include/duco_msg/duco_msg/msg/detail/virtual_servo_pose__type_support.cpp
-- Up-to-date: /home/user/ws_siasun/install/duco_msg/include/duco_msg/duco_msg/msg/detail/duco_robot_state__rosidl_typesupport_introspection_cpp.hpp
-- Up-to-date: /home/user/ws_siasun/install/duco_msg/include/duco_msg/duco_msg/msg/detail/virtual_servo_point_cloud__rosidl_typesupport_introspection_cpp.hpp
-- Up-to-date: /home/user/ws_siasun/install/duco_msg/include/duco_msg/duco_msg/msg/detail/virtual_servo_pose__rosidl_typesupport_introspection_cpp.hpp
-- Up-to-date: /home/user/ws_siasun/install/duco_msg/include/duco_msg/duco_msg/msg/detail/duco_robot_state__type_support.cpp
-- Up-to-date: /home/user/ws_siasun/install/duco_msg/include/duco_msg/duco_msg/srv
-- Up-to-date: /home/user/ws_siasun/install/duco_msg/include/duco_msg/duco_msg/srv/detail
-- Up-to-date: /home/user/ws_siasun/install/duco_msg/include/duco_msg/duco_msg/srv/detail/speech__rosidl_typesupport_introspection_cpp.hpp
-- Up-to-date: /home/user/ws_siasun/install/duco_msg/include/duco_msg/duco_msg/srv/detail/pose_estimation__rosidl_typesupport_introspection_cpp.hpp
-- Up-to-date: /home/user/ws_siasun/install/duco_msg/include/duco_msg/duco_msg/srv/detail/speech__type_support.cpp
-- Up-to-date: /home/user/ws_siasun/install/duco_msg/include/duco_msg/duco_msg/srv/detail/robot_move__rosidl_typesupport_introspection_cpp.hpp
-- Up-to-date: /home/user/ws_siasun/install/duco_msg/include/duco_msg/duco_msg/srv/detail/grippers__type_support.cpp
-- Up-to-date: /home/user/ws_siasun/install/duco_msg/include/duco_msg/duco_msg/srv/detail/robot_control__rosidl_typesupport_introspection_cpp.hpp
-- Up-to-date: /home/user/ws_siasun/install/duco_msg/include/duco_msg/duco_msg/srv/detail/robot_io_control__type_support.cpp
-- Up-to-date: /home/user/ws_siasun/install/duco_msg/include/duco_msg/duco_msg/srv/detail/grippers__rosidl_typesupport_introspection_cpp.hpp
-- Up-to-date: /home/user/ws_siasun/install/duco_msg/include/duco_msg/duco_msg/srv/detail/duco_robot_states__type_support.cpp
-- Up-to-date: /home/user/ws_siasun/install/duco_msg/include/duco_msg/duco_msg/srv/detail/duco_robot_states__rosidl_typesupport_introspection_cpp.hpp
-- Up-to-date: /home/user/ws_siasun/install/duco_msg/include/duco_msg/duco_msg/srv/detail/robot_task_state_rquest__rosidl_typesupport_introspection_cpp.hpp
-- Up-to-date: /home/user/ws_siasun/install/duco_msg/include/duco_msg/duco_msg/srv/detail/robot_control__type_support.cpp
-- Up-to-date: /home/user/ws_siasun/install/duco_msg/include/duco_msg/duco_msg/srv/detail/pose_estimation__type_support.cpp
-- Up-to-date: /home/user/ws_siasun/install/duco_msg/include/duco_msg/duco_msg/srv/detail/robot_move__type_support.cpp
-- Up-to-date: /home/user/ws_siasun/install/duco_msg/include/duco_msg/duco_msg/srv/detail/robot_io_control__rosidl_typesupport_introspection_cpp.hpp
-- Up-to-date: /home/user/ws_siasun/install/duco_msg/include/duco_msg/duco_msg/srv/detail/robot_task_state_rquest__type_support.cpp
-- Up-to-date: /home/user/ws_siasun/install/duco_msg/lib/libduco_msg__rosidl_typesupport_introspection_cpp.so
-- Up-to-date: /home/user/ws_siasun/install/duco_msg/lib/libduco_msg__rosidl_typesupport_cpp.so
-- Up-to-date: /home/user/ws_siasun/install/duco_msg/share/duco_msg/environment/pythonpath.sh
-- Up-to-date: /home/user/ws_siasun/install/duco_msg/share/duco_msg/environment/pythonpath.dsv
-- Up-to-date: /home/user/ws_siasun/install/duco_msg/local/lib/python3.10/dist-packages/duco_msg-0.0.0-py3.10.egg-info
-- Installing: /home/user/ws_siasun/install/duco_msg/local/lib/python3.10/dist-packages/duco_msg-0.0.0-py3.10.egg-info/top_level.txt
-- Installing: /home/user/ws_siasun/install/duco_msg/local/lib/python3.10/dist-packages/duco_msg-0.0.0-py3.10.egg-info/PKG-INFO
-- Installing: /home/user/ws_siasun/install/duco_msg/local/lib/python3.10/dist-packages/duco_msg-0.0.0-py3.10.egg-info/SOURCES.txt
-- Installing: /home/user/ws_siasun/install/duco_msg/local/lib/python3.10/dist-packages/duco_msg-0.0.0-py3.10.egg-info/dependency_links.txt
-- Up-to-date: /home/user/ws_siasun/install/duco_msg/local/lib/python3.10/dist-packages/duco_msg
-- Up-to-date: /home/user/ws_siasun/install/duco_msg/local/lib/python3.10/dist-packages/duco_msg/_duco_msg_s.ep.rosidl_typesupport_fastrtps_c.c
-- Up-to-date: /home/user/ws_siasun/install/duco_msg/local/lib/python3.10/dist-packages/duco_msg/libduco_msg__rosidl_generator_py.so
-- Up-to-date: /home/user/ws_siasun/install/duco_msg/local/lib/python3.10/dist-packages/duco_msg/duco_msg_s__rosidl_typesupport_introspection_c.cpython-310-x86_64-linux-gnu.so
-- Up-to-date: /home/user/ws_siasun/install/duco_msg/local/lib/python3.10/dist-packages/duco_msg/duco_msg_s__rosidl_typesupport_c.cpython-310-x86_64-linux-gnu.so
-- Up-to-date: /home/user/ws_siasun/install/duco_msg/local/lib/python3.10/dist-packages/duco_msg/__init__.py
-- Up-to-date: /home/user/ws_siasun/install/duco_msg/local/lib/python3.10/dist-packages/duco_msg/msg
-- Up-to-date: /home/user/ws_siasun/install/duco_msg/local/lib/python3.10/dist-packages/duco_msg/msg/_virtual_servo_point_cloud.py
-- Up-to-date: /home/user/ws_siasun/install/duco_msg/local/lib/python3.10/dist-packages/duco_msg/msg/_duco_robot_state.py
-- Up-to-date: /home/user/ws_siasun/install/duco_msg/local/lib/python3.10/dist-packages/duco_msg/msg/_virtual_servo_pose_s.c
-- Up-to-date: /home/user/ws_siasun/install/duco_msg/local/lib/python3.10/dist-packages/duco_msg/msg/_duco_robot_state_s.c
-- Up-to-date: /home/user/ws_siasun/install/duco_msg/local/lib/python3.10/dist-packages/duco_msg/msg/__init__.py
-- Up-to-date: /home/user/ws_siasun/install/duco_msg/local/lib/python3.10/dist-packages/duco_msg/msg/_virtual_servo_pose.py
-- Up-to-date: /home/user/ws_siasun/install/duco_msg/local/lib/python3.10/dist-packages/duco_msg/msg/_virtual_servo_point_cloud_s.c
-- Up-to-date: /home/user/ws_siasun/install/duco_msg/local/lib/python3.10/dist-packages/duco_msg/_duco_msg_s.ep.rosidl_typesupport_introspection_c.c
-- Up-to-date: /home/user/ws_siasun/install/duco_msg/local/lib/python3.10/dist-packages/duco_msg/srv
-- Up-to-date: /home/user/ws_siasun/install/duco_msg/local/lib/python3.10/dist-packages/duco_msg/srv/_duco_robot_states.py
-- Up-to-date: /home/user/ws_siasun/install/duco_msg/local/lib/python3.10/dist-packages/duco_msg/srv/_robot_move_s.c
-- Up-to-date: /home/user/ws_siasun/install/duco_msg/local/lib/python3.10/dist-packages/duco_msg/srv/_robot_control.py
-- Up-to-date: /home/user/ws_siasun/install/duco_msg/local/lib/python3.10/dist-packages/duco_msg/srv/_grippers.py
-- Up-to-date: /home/user/ws_siasun/install/duco_msg/local/lib/python3.10/dist-packages/duco_msg/srv/_robot_control_s.c
-- Up-to-date: /home/user/ws_siasun/install/duco_msg/local/lib/python3.10/dist-packages/duco_msg/srv/__init__.py
-- Up-to-date: /home/user/ws_siasun/install/duco_msg/local/lib/python3.10/dist-packages/duco_msg/srv/_pose_estimation.py
-- Up-to-date: /home/user/ws_siasun/install/duco_msg/local/lib/python3.10/dist-packages/duco_msg/srv/_robot_task_state_rquest_s.c
-- Up-to-date: /home/user/ws_siasun/install/duco_msg/local/lib/python3.10/dist-packages/duco_msg/srv/_duco_robot_states_s.c
-- Up-to-date: /home/user/ws_siasun/install/duco_msg/local/lib/python3.10/dist-packages/duco_msg/srv/_speech_s.c
-- Up-to-date: /home/user/ws_siasun/install/duco_msg/local/lib/python3.10/dist-packages/duco_msg/srv/_pose_estimation_s.c
-- Up-to-date: /home/user/ws_siasun/install/duco_msg/local/lib/python3.10/dist-packages/duco_msg/srv/_robot_io_control.py
-- Up-to-date: /home/user/ws_siasun/install/duco_msg/local/lib/python3.10/dist-packages/duco_msg/srv/_robot_move.py
-- Up-to-date: /home/user/ws_siasun/install/duco_msg/local/lib/python3.10/dist-packages/duco_msg/srv/_grippers_s.c
-- Up-to-date: /home/user/ws_siasun/install/duco_msg/local/lib/python3.10/dist-packages/duco_msg/srv/_robot_task_state_rquest.py
-- Up-to-date: /home/user/ws_siasun/install/duco_msg/local/lib/python3.10/dist-packages/duco_msg/srv/_speech.py
-- Up-to-date: /home/user/ws_siasun/install/duco_msg/local/lib/python3.10/dist-packages/duco_msg/srv/_robot_io_control_s.c
-- Up-to-date: /home/user/ws_siasun/install/duco_msg/local/lib/python3.10/dist-packages/duco_msg/_duco_msg_s.ep.rosidl_typesupport_c.c
-- Up-to-date: /home/user/ws_siasun/install/duco_msg/local/lib/python3.10/dist-packages/duco_msg/duco_msg_s__rosidl_typesupport_fastrtps_c.cpython-310-x86_64-linux-gnu.so
Listing '/home/user/ws_siasun/install/duco_msg/local/lib/python3.10/dist-packages/duco_msg'...
Listing '/home/user/ws_siasun/install/duco_msg/local/lib/python3.10/dist-packages/duco_msg/msg'...
Listing '/home/user/ws_siasun/install/duco_msg/local/lib/python3.10/dist-packages/duco_msg/srv'...
-- Up-to-date: /home/user/ws_siasun/install/duco_msg/local/lib/python3.10/dist-packages/duco_msg/duco_msg_s__rosidl_typesupport_fastrtps_c.cpython-310-x86_64-linux-gnu.so
-- Up-to-date: /home/user/ws_siasun/install/duco_msg/local/lib/python3.10/dist-packages/duco_msg/duco_msg_s__rosidl_typesupport_introspection_c.cpython-310-x86_64-linux-gnu.so
-- Up-to-date: /home/user/ws_siasun/install/duco_msg/local/lib/python3.10/dist-packages/duco_msg/duco_msg_s__rosidl_typesupport_c.cpython-310-x86_64-linux-gnu.so
-- Up-to-date: /home/user/ws_siasun/install/duco_msg/lib/libduco_msg__rosidl_generator_py.so
-- Up-to-date: /home/user/ws_siasun/install/duco_msg/share/duco_msg/msg/DucoRobotState.idl
-- Up-to-date: /home/user/ws_siasun/install/duco_msg/share/duco_msg/msg/VirtualServoPointCloud.idl
-- Up-to-date: /home/user/ws_siasun/install/duco_msg/share/duco_msg/msg/VirtualServoPose.idl
-- Up-to-date: /home/user/ws_siasun/install/duco_msg/share/duco_msg/srv/DucoRobotStates.idl
-- Up-to-date: /home/user/ws_siasun/install/duco_msg/share/duco_msg/srv/PoseEstimation.idl
-- Up-to-date: /home/user/ws_siasun/install/duco_msg/share/duco_msg/srv/RobotControl.idl
-- Up-to-date: /home/user/ws_siasun/install/duco_msg/share/duco_msg/srv/RobotMove.idl
-- Up-to-date: /home/user/ws_siasun/install/duco_msg/share/duco_msg/srv/RobotIoControl.idl
-- Up-to-date: /home/user/ws_siasun/install/duco_msg/share/duco_msg/srv/RobotTaskStateRquest.idl
-- Up-to-date: /home/user/ws_siasun/install/duco_msg/share/duco_msg/srv/Speech.idl
-- Up-to-date: /home/user/ws_siasun/install/duco_msg/share/duco_msg/srv/Grippers.idl
-- Up-to-date: /home/user/ws_siasun/install/duco_msg/share/duco_msg/msg/DucoRobotState.msg
-- Up-to-date: /home/user/ws_siasun/install/duco_msg/share/duco_msg/msg/VirtualServoPointCloud.msg
-- Up-to-date: /home/user/ws_siasun/install/duco_msg/share/duco_msg/msg/VirtualServoPose.msg
-- Up-to-date: /home/user/ws_siasun/install/duco_msg/share/duco_msg/srv/DucoRobotStates.srv
-- Up-to-date: /home/user/ws_siasun/install/duco_msg/share/duco_msg/srv/DucoRobotStates_Request.msg
-- Up-to-date: /home/user/ws_siasun/install/duco_msg/share/duco_msg/srv/DucoRobotStates_Response.msg
-- Up-to-date: /home/user/ws_siasun/install/duco_msg/share/duco_msg/srv/PoseEstimation.srv
-- Up-to-date: /home/user/ws_siasun/install/duco_msg/share/duco_msg/srv/PoseEstimation_Request.msg
-- Up-to-date: /home/user/ws_siasun/install/duco_msg/share/duco_msg/srv/PoseEstimation_Response.msg
-- Up-to-date: /home/user/ws_siasun/install/duco_msg/share/duco_msg/srv/RobotControl.srv
-- Up-to-date: /home/user/ws_siasun/install/duco_msg/share/duco_msg/srv/RobotControl_Request.msg
-- Up-to-date: /home/user/ws_siasun/install/duco_msg/share/duco_msg/srv/RobotControl_Response.msg
-- Up-to-date: /home/user/ws_siasun/install/duco_msg/share/duco_msg/srv/RobotMove.srv
-- Up-to-date: /home/user/ws_siasun/install/duco_msg/share/duco_msg/srv/RobotMove_Request.msg
-- Up-to-date: /home/user/ws_siasun/install/duco_msg/share/duco_msg/srv/RobotMove_Response.msg
-- Up-to-date: /home/user/ws_siasun/install/duco_msg/share/duco_msg/srv/RobotIoControl.srv
-- Up-to-date: /home/user/ws_siasun/install/duco_msg/share/duco_msg/srv/RobotIoControl_Request.msg
-- Up-to-date: /home/user/ws_siasun/install/duco_msg/share/duco_msg/srv/RobotIoControl_Response.msg
-- Up-to-date: /home/user/ws_siasun/install/duco_msg/share/duco_msg/srv/RobotTaskStateRquest.srv
-- Up-to-date: /home/user/ws_siasun/install/duco_msg/share/duco_msg/srv/RobotTaskStateRquest_Request.msg
-- Up-to-date: /home/user/ws_siasun/install/duco_msg/share/duco_msg/srv/RobotTaskStateRquest_Response.msg
-- Up-to-date: /home/user/ws_siasun/install/duco_msg/share/duco_msg/srv/Speech.srv
-- Up-to-date: /home/user/ws_siasun/install/duco_msg/share/duco_msg/srv/Speech_Request.msg
-- Up-to-date: /home/user/ws_siasun/install/duco_msg/share/duco_msg/srv/Speech_Response.msg
-- Up-to-date: /home/user/ws_siasun/install/duco_msg/share/duco_msg/srv/Grippers.srv
-- Up-to-date: /home/user/ws_siasun/install/duco_msg/share/duco_msg/srv/Grippers_Request.msg
-- Up-to-date: /home/user/ws_siasun/install/duco_msg/share/duco_msg/srv/Grippers_Response.msg
-- Up-to-date: /home/user/ws_siasun/install/duco_msg/share/ament_index/resource_index/package_run_dependencies/duco_msg
-- Up-to-date: /home/user/ws_siasun/install/duco_msg/share/ament_index/resource_index/parent_prefix_path/duco_msg
-- Up-to-date: /home/user/ws_siasun/install/duco_msg/share/duco_msg/environment/ament_prefix_path.sh
-- Up-to-date: /home/user/ws_siasun/install/duco_msg/share/duco_msg/environment/ament_prefix_path.dsv
-- Up-to-date: /home/user/ws_siasun/install/duco_msg/share/duco_msg/environment/path.sh
-- Up-to-date: /home/user/ws_siasun/install/duco_msg/share/duco_msg/environment/path.dsv
-- Up-to-date: /home/user/ws_siasun/install/duco_msg/share/duco_msg/local_setup.bash
-- Up-to-date: /home/user/ws_siasun/install/duco_msg/share/duco_msg/local_setup.sh
-- Up-to-date: /home/user/ws_siasun/install/duco_msg/share/duco_msg/local_setup.zsh
-- Up-to-date: /home/user/ws_siasun/install/duco_msg/share/duco_msg/local_setup.dsv
-- Installing: /home/user/ws_siasun/install/duco_msg/share/duco_msg/package.dsv
-- Up-to-date: /home/user/ws_siasun/install/duco_msg/share/ament_index/resource_index/packages/duco_msg
-- Up-to-date: /home/user/ws_siasun/install/duco_msg/share/duco_msg/cmake/export_duco_msg__rosidl_generator_cExport.cmake
-- Up-to-date: /home/user/ws_siasun/install/duco_msg/share/duco_msg/cmake/export_duco_msg__rosidl_generator_cExport-noconfig.cmake
-- Up-to-date: /home/user/ws_siasun/install/duco_msg/share/duco_msg/cmake/export_duco_msg__rosidl_typesupport_fastrtps_cExport.cmake
-- Up-to-date: /home/user/ws_siasun/install/duco_msg/share/duco_msg/cmake/export_duco_msg__rosidl_typesupport_fastrtps_cExport-noconfig.cmake
-- Up-to-date: /home/user/ws_siasun/install/duco_msg/share/duco_msg/cmake/export_duco_msg__rosidl_generator_cppExport.cmake
-- Up-to-date: /home/user/ws_siasun/install/duco_msg/share/duco_msg/cmake/export_duco_msg__rosidl_typesupport_fastrtps_cppExport.cmake
-- Up-to-date: /home/user/ws_siasun/install/duco_msg/share/duco_msg/cmake/export_duco_msg__rosidl_typesupport_fastrtps_cppExport-noconfig.cmake
-- Up-to-date: /home/user/ws_siasun/install/duco_msg/share/duco_msg/cmake/duco_msg__rosidl_typesupport_introspection_cExport.cmake
-- Up-to-date: /home/user/ws_siasun/install/duco_msg/share/duco_msg/cmake/duco_msg__rosidl_typesupport_introspection_cExport-noconfig.cmake
-- Up-to-date: /home/user/ws_siasun/install/duco_msg/share/duco_msg/cmake/duco_msg__rosidl_typesupport_cExport.cmake
-- Up-to-date: /home/user/ws_siasun/install/duco_msg/share/duco_msg/cmake/duco_msg__rosidl_typesupport_cExport-noconfig.cmake
-- Up-to-date: /home/user/ws_siasun/install/duco_msg/share/duco_msg/cmake/duco_msg__rosidl_typesupport_introspection_cppExport.cmake
-- Up-to-date: /home/user/ws_siasun/install/duco_msg/share/duco_msg/cmake/duco_msg__rosidl_typesupport_introspection_cppExport-noconfig.cmake
-- Up-to-date: /home/user/ws_siasun/install/duco_msg/share/duco_msg/cmake/duco_msg__rosidl_typesupport_cppExport.cmake
-- Up-to-date: /home/user/ws_siasun/install/duco_msg/share/duco_msg/cmake/duco_msg__rosidl_typesupport_cppExport-noconfig.cmake
-- Up-to-date: /home/user/ws_siasun/install/duco_msg/share/duco_msg/cmake/export_duco_msg__rosidl_generator_pyExport.cmake
-- Up-to-date: /home/user/ws_siasun/install/duco_msg/share/duco_msg/cmake/export_duco_msg__rosidl_generator_pyExport-noconfig.cmake
-- Up-to-date: /home/user/ws_siasun/install/duco_msg/share/duco_msg/cmake/rosidl_cmake-extras.cmake
-- Up-to-date: /home/user/ws_siasun/install/duco_msg/share/duco_msg/cmake/ament_cmake_export_dependencies-extras.cmake
-- Up-to-date: /home/user/ws_siasun/install/duco_msg/share/duco_msg/cmake/ament_cmake_export_include_directories-extras.cmake
-- Up-to-date: /home/user/ws_siasun/install/duco_msg/share/duco_msg/cmake/ament_cmake_export_libraries-extras.cmake
-- Up-to-date: /home/user/ws_siasun/install/duco_msg/share/duco_msg/cmake/ament_cmake_export_targets-extras.cmake
-- Up-to-date: /home/user/ws_siasun/install/duco_msg/share/duco_msg/cmake/rosidl_cmake_export_typesupport_targets-extras.cmake
-- Up-to-date: /home/user/ws_siasun/install/duco_msg/share/duco_msg/cmake/rosidl_cmake_export_typesupport_libraries-extras.cmake
-- Up-to-date: /home/user/ws_siasun/install/duco_msg/share/duco_msg/cmake/duco_msgConfig.cmake
-- Up-to-date: /home/user/ws_siasun/install/duco_msg/share/duco_msg/cmake/duco_msgConfig-version.cmake
-- Up-to-date: /home/user/ws_siasun/install/duco_msg/share/duco_msg/package.xml
