[0.019s] Invoking command in '/home/ubuntu/ws_engineer/build/engineer_urdf': CMAKE_PREFIX_PATH=${CMAKE_PREFIX_PATH}:/home/ubuntu/ws_moveit/install/moveit_configs_utils:/home/ubuntu/ws_moveit/install/launch_param_builder:/home/ubuntu/dev_ws/install/learning_urdf:/home/ubuntu/dev_ws/install/learning_topic:/home/ubuntu/dev_ws/install/learning_tf:/home/ubuntu/dev_ws/install/learning_service:/home/ubuntu/dev_ws/install/learning_qos:/home/ubuntu/dev_ws/install/learning_pkg_python:/home/ubuntu/dev_ws/install/learning_parameter:/home/ubuntu/dev_ws/install/learning_node:/home/ubuntu/dev_ws/install/learning_launch:/home/ubuntu/dev_ws/install/learning_action:/home/ubuntu/dev_ws/install/learning_gazebo_harmonic:/home/ubuntu/dev_ws/install/learning_gazebo:/home/ubuntu/dev_ws/install/learning_cv:/opt/ros/humble /usr/bin/cmake --build /home/ubuntu/ws_engineer/build/engineer_urdf -- -j16 -l16
[0.082s] -- Found ament_cmake: 1.3.11 (/opt/ros/humble/share/ament_cmake/cmake)
[0.283s] -- Found rclcpp: 16.0.12 (/opt/ros/humble/share/rclcpp/cmake)
[0.386s] -- Found rosidl_generator_c: 3.1.6 (/opt/ros/humble/share/rosidl_generator_c/cmake)
[0.387s] -- Found rosidl_adapter: 3.1.6 (/opt/ros/humble/share/rosidl_adapter/cmake)
[0.394s] -- Found rosidl_generator_cpp: 3.1.6 (/opt/ros/humble/share/rosidl_generator_cpp/cmake)
[0.414s] -- Using all available rosidl_typesupport_c: rosidl_typesupport_fastrtps_c;rosidl_typesupport_introspection_c
[0.428s] -- Using all available rosidl_typesupport_cpp: rosidl_typesupport_fastrtps_cpp;rosidl_typesupport_introspection_cpp
[0.482s] -- Found rmw_implementation_cmake: 6.1.2 (/opt/ros/humble/share/rmw_implementation_cmake/cmake)
[0.488s] -- Found rmw_fastrtps_cpp: 6.2.7 (/opt/ros/humble/share/rmw_fastrtps_cpp/cmake)
[0.694s] -- Using RMW implementation 'rmw_fastrtps_cpp' as default
[0.774s] -- Found sensor_msgs: 4.9.0 (/opt/ros/humble/share/sensor_msgs/cmake)
[0.813s] -- Found moveit_ros_planning_interface: 2.5.9 (/home/ubuntu/ws_moveit/install/moveit_ros_planning_interface/share/moveit_ros_planning_interface/cmake)
[0.835s] -- Found Boost: /usr/lib/x86_64-linux-gnu/cmake/Boost-1.74.0/BoostConfig.cmake (found version "1.74.0") found components: date_time filesystem program_options system thread 
[1.019s] -- Found Boost: /usr/lib/x86_64-linux-gnu/cmake/Boost-1.74.0/BoostConfig.cmake (found version "1.74.0") found components: chrono date_time filesystem iostreams program_options regex serialization system thread 
[1.069s] -- Found parameter_traits: 0.5.0 (/opt/ros/humble/share/parameter_traits/cmake)
[1.083s] -- Found rclcpp_lifecycle: 16.0.12 (/opt/ros/humble/share/rclcpp_lifecycle/cmake)
[1.117s] -- Found Boost: /usr/lib/x86_64-linux-gnu/cmake/Boost-1.74.0/BoostConfig.cmake (found version "1.74.0") found components: filesystem 
[1.176s] -- library: /usr/lib/x86_64-linux-gnu/libcurl.so
[1.211s] -- Ensuring Eigen3 include directory is part of orocos-kdl CMake target
[1.381s] -- Found Boost: /usr/lib/x86_64-linux-gnu/cmake/Boost-1.74.0/BoostConfig.cmake (found version "1.74.0") found components: system filesystem date_time program_options thread chrono 
[1.410s] -- Found Boost: /usr/lib/x86_64-linux-gnu/cmake/Boost-1.74.0/BoostConfig.cmake (found version "1.74.0") found components: thread system filesystem regex date_time program_options 
[1.444s] -- Found Boost: /usr/lib/x86_64-linux-gnu/cmake/Boost-1.74.0/BoostConfig.cmake (found version "1.74.0") found components: system filesystem date_time program_options thread 
[1.483s] -- Found ament_lint_auto: 0.12.12 (/opt/ros/humble/share/ament_lint_auto/cmake)
[1.575s] -- Added test 'cppcheck' to perform static code analysis on C / C++ code
[1.575s] -- Configured cppcheck include dirs: 
[1.575s] -- Configured cppcheck exclude dirs and/or files: 
[1.575s] -- Added test 'flake8' to check Python code syntax and style conventions
[1.576s] -- Added test 'lint_cmake' to check CMake code style
[1.577s] -- Added test 'pep257' to check Python code against some of the docstring style conventions in PEP 257
[1.579s] -- Added test 'uncrustify' to check C / C++ code style
[1.579s] -- Configured uncrustify additional arguments: 
[1.580s] -- Added test 'xmllint' to check XML markup files
[1.582s] -- Configuring done
[1.651s] -- Generating done
[1.660s] -- Build files have been written to: /home/ubuntu/ws_engineer/build/engineer_urdf
[1.715s] [35m[1mConsolidate compiler generated dependencies of target joint_state_reader[0m
[1.716s] [35m[1mConsolidate compiler generated dependencies of target end_effector_pose_reader[0m
[1.751s] [ 25%] [32mBuilding CXX object CMakeFiles/joint_state_reader.dir/src/joint_state_reader.cpp.o[0m
[1.763s] [ 50%] [32mBuilding CXX object CMakeFiles/end_effector_pose_reader.dir/src/end_effector_pose_reader.cpp.o[0m
[10.674s] [ 75%] [32m[1mLinking CXX executable end_effector_pose_reader[0m
[11.389s] [100%] [32m[1mLinking CXX executable joint_state_reader[0m
[11.514s] [100%] Built target end_effector_pose_reader
[11.815s] [100%] Built target joint_state_reader
[11.834s] Invoked command in '/home/ubuntu/ws_engineer/build/engineer_urdf' returned '0': CMAKE_PREFIX_PATH=${CMAKE_PREFIX_PATH}:/home/ubuntu/ws_moveit/install/moveit_configs_utils:/home/ubuntu/ws_moveit/install/launch_param_builder:/home/ubuntu/dev_ws/install/learning_urdf:/home/ubuntu/dev_ws/install/learning_topic:/home/ubuntu/dev_ws/install/learning_tf:/home/ubuntu/dev_ws/install/learning_service:/home/ubuntu/dev_ws/install/learning_qos:/home/ubuntu/dev_ws/install/learning_pkg_python:/home/ubuntu/dev_ws/install/learning_parameter:/home/ubuntu/dev_ws/install/learning_node:/home/ubuntu/dev_ws/install/learning_launch:/home/ubuntu/dev_ws/install/learning_action:/home/ubuntu/dev_ws/install/learning_gazebo_harmonic:/home/ubuntu/dev_ws/install/learning_gazebo:/home/ubuntu/dev_ws/install/learning_cv:/opt/ros/humble /usr/bin/cmake --build /home/ubuntu/ws_engineer/build/engineer_urdf -- -j16 -l16
[11.838s] Invoking command in '/home/ubuntu/ws_engineer/build/engineer_urdf': CMAKE_PREFIX_PATH=${CMAKE_PREFIX_PATH}:/home/ubuntu/ws_moveit/install/moveit_configs_utils:/home/ubuntu/ws_moveit/install/launch_param_builder:/home/ubuntu/dev_ws/install/learning_urdf:/home/ubuntu/dev_ws/install/learning_topic:/home/ubuntu/dev_ws/install/learning_tf:/home/ubuntu/dev_ws/install/learning_service:/home/ubuntu/dev_ws/install/learning_qos:/home/ubuntu/dev_ws/install/learning_pkg_python:/home/ubuntu/dev_ws/install/learning_parameter:/home/ubuntu/dev_ws/install/learning_node:/home/ubuntu/dev_ws/install/learning_launch:/home/ubuntu/dev_ws/install/learning_action:/home/ubuntu/dev_ws/install/learning_gazebo_harmonic:/home/ubuntu/dev_ws/install/learning_gazebo:/home/ubuntu/dev_ws/install/learning_cv:/opt/ros/humble /usr/bin/cmake --install /home/ubuntu/ws_engineer/build/engineer_urdf
[11.851s] -- Install configuration: ""
[11.853s] -- Installing: /home/ubuntu/ws_engineer/install/engineer_urdf/lib/engineer_urdf/joint_state_reader
[11.857s] -- Set runtime path of "/home/ubuntu/ws_engineer/install/engineer_urdf/lib/engineer_urdf/joint_state_reader" to ""
[11.858s] -- Installing: /home/ubuntu/ws_engineer/install/engineer_urdf/lib/engineer_urdf/end_effector_pose_reader
[11.859s] -- Set runtime path of "/home/ubuntu/ws_engineer/install/engineer_urdf/lib/engineer_urdf/end_effector_pose_reader" to ""
[11.859s] -- Up-to-date: /home/ubuntu/ws_engineer/install/engineer_urdf/share/engineer_urdf/launch
[11.859s] -- Up-to-date: /home/ubuntu/ws_engineer/install/engineer_urdf/share/engineer_urdf/launch/control_launch.py
[11.859s] -- Up-to-date: /home/ubuntu/ws_engineer/install/engineer_urdf/share/engineer_urdf/launch/display_launch.py
[11.859s] -- Up-to-date: /home/ubuntu/ws_engineer/install/engineer_urdf/share/engineer_urdf/launch/gazebo_sim_launch.py
[11.860s] -- Up-to-date: /home/ubuntu/ws_engineer/install/engineer_urdf/share/engineer_urdf/meshes
[11.860s] -- Up-to-date: /home/ubuntu/ws_engineer/install/engineer_urdf/share/engineer_urdf/meshes/Link2.STL
[11.860s] -- Up-to-date: /home/ubuntu/ws_engineer/install/engineer_urdf/share/engineer_urdf/meshes/Link1.STL
[11.860s] -- Up-to-date: /home/ubuntu/ws_engineer/install/engineer_urdf/share/engineer_urdf/meshes/Link5.STL
[11.860s] -- Up-to-date: /home/ubuntu/ws_engineer/install/engineer_urdf/share/engineer_urdf/meshes/Link0.STL
[11.860s] -- Up-to-date: /home/ubuntu/ws_engineer/install/engineer_urdf/share/engineer_urdf/meshes/Link4.STL
[11.860s] -- Up-to-date: /home/ubuntu/ws_engineer/install/engineer_urdf/share/engineer_urdf/meshes/base_link.STL
[11.860s] -- Up-to-date: /home/ubuntu/ws_engineer/install/engineer_urdf/share/engineer_urdf/meshes/Link3.STL
[11.861s] -- Up-to-date: /home/ubuntu/ws_engineer/install/engineer_urdf/share/engineer_urdf/rviz
[11.861s] -- Up-to-date: /home/ubuntu/ws_engineer/install/engineer_urdf/share/engineer_urdf/rviz/urdf.rviz
[11.861s] -- Up-to-date: /home/ubuntu/ws_engineer/install/engineer_urdf/share/engineer_urdf/urdf
[11.861s] -- Up-to-date: /home/ubuntu/ws_engineer/install/engineer_urdf/share/engineer_urdf/urdf/xacro
[11.861s] -- Up-to-date: /home/ubuntu/ws_engineer/install/engineer_urdf/share/engineer_urdf/urdf/urdf
[11.861s] -- Up-to-date: /home/ubuntu/ws_engineer/install/engineer_urdf/share/engineer_urdf/urdf/urdf/manipulator.urdf
[11.861s] -- Up-to-date: /home/ubuntu/ws_engineer/install/engineer_urdf/share/engineer_urdf/urdf/urdf/manipulator.gv
[11.861s] -- Up-to-date: /home/ubuntu/ws_engineer/install/engineer_urdf/share/engineer_urdf/urdf/urdf/manipulator.pdf
[11.861s] -- Up-to-date: /home/ubuntu/ws_engineer/install/engineer_urdf/share/engineer_urdf/world
[11.861s] -- Up-to-date: /home/ubuntu/ws_engineer/install/engineer_urdf/share/engineer_urdf/world/conveyline
[11.862s] -- Up-to-date: /home/ubuntu/ws_engineer/install/engineer_urdf/share/engineer_urdf/world/conveyline/conveyline.world
[11.862s] -- Up-to-date: /home/ubuntu/ws_engineer/install/engineer_urdf/share/ament_index/resource_index/package_run_dependencies/engineer_urdf
[11.862s] -- Installing: /home/ubuntu/ws_engineer/install/engineer_urdf/share/ament_index/resource_index/parent_prefix_path/engineer_urdf
[11.862s] -- Up-to-date: /home/ubuntu/ws_engineer/install/engineer_urdf/share/engineer_urdf/environment/ament_prefix_path.sh
[11.862s] -- Installing: /home/ubuntu/ws_engineer/install/engineer_urdf/share/engineer_urdf/environment/ament_prefix_path.dsv
[11.862s] -- Up-to-date: /home/ubuntu/ws_engineer/install/engineer_urdf/share/engineer_urdf/environment/path.sh
[11.862s] -- Installing: /home/ubuntu/ws_engineer/install/engineer_urdf/share/engineer_urdf/environment/path.dsv
[11.862s] -- Up-to-date: /home/ubuntu/ws_engineer/install/engineer_urdf/share/engineer_urdf/local_setup.bash
[11.862s] -- Up-to-date: /home/ubuntu/ws_engineer/install/engineer_urdf/share/engineer_urdf/local_setup.sh
[11.862s] -- Up-to-date: /home/ubuntu/ws_engineer/install/engineer_urdf/share/engineer_urdf/local_setup.zsh
[11.863s] -- Installing: /home/ubuntu/ws_engineer/install/engineer_urdf/share/engineer_urdf/local_setup.dsv
[11.863s] -- Installing: /home/ubuntu/ws_engineer/install/engineer_urdf/share/engineer_urdf/package.dsv
[11.863s] -- Up-to-date: /home/ubuntu/ws_engineer/install/engineer_urdf/share/ament_index/resource_index/packages/engineer_urdf
[11.863s] -- Up-to-date: /home/ubuntu/ws_engineer/install/engineer_urdf/share/engineer_urdf/cmake/engineer_urdfConfig.cmake
[11.863s] -- Up-to-date: /home/ubuntu/ws_engineer/install/engineer_urdf/share/engineer_urdf/cmake/engineer_urdfConfig-version.cmake
[11.864s] -- Up-to-date: /home/ubuntu/ws_engineer/install/engineer_urdf/share/engineer_urdf/package.xml
[11.865s] Invoked command in '/home/ubuntu/ws_engineer/build/engineer_urdf' returned '0': CMAKE_PREFIX_PATH=${CMAKE_PREFIX_PATH}:/home/ubuntu/ws_moveit/install/moveit_configs_utils:/home/ubuntu/ws_moveit/install/launch_param_builder:/home/ubuntu/dev_ws/install/learning_urdf:/home/ubuntu/dev_ws/install/learning_topic:/home/ubuntu/dev_ws/install/learning_tf:/home/ubuntu/dev_ws/install/learning_service:/home/ubuntu/dev_ws/install/learning_qos:/home/ubuntu/dev_ws/install/learning_pkg_python:/home/ubuntu/dev_ws/install/learning_parameter:/home/ubuntu/dev_ws/install/learning_node:/home/ubuntu/dev_ws/install/learning_launch:/home/ubuntu/dev_ws/install/learning_action:/home/ubuntu/dev_ws/install/learning_gazebo_harmonic:/home/ubuntu/dev_ws/install/learning_gazebo:/home/ubuntu/dev_ws/install/learning_cv:/opt/ros/humble /usr/bin/cmake --install /home/ubuntu/ws_engineer/build/engineer_urdf
