[0.013s] Invoking command in '/home/user/ws_siasun/build/aivt': CMAKE_PREFIX_PATH=/home/user/ws_siasun/install/duco_ros_driver:/home/user/ws_siasun/install/duco_arms:/home/user/ws_siasun/install/duco_support:/home/user/ws_siasun/install/duco_msg:/home/user/ws_siasun/install/aivt_interfaces:/home/user/ws_siasun/install/robot_control:/home/user/ws_siasun/install/aivt:/home/user/ws_siasun/install/duco_gcr3_618_moveit_config:/opt/ros/humble /usr/bin/cmake --build /home/user/ws_siasun/build/aivt -- -j16 -l16
[0.043s] [35m[1mConsolidate compiler generated dependencies of target hand_eye_calibration[0m
[0.053s] [ 42%] Built target tcp_calibration
[0.053s] [ 42%] Built target robot_motion_test
[0.053s] [ 42%] Built target robot_motion
[0.054s] [ 57%] Built target grasp_touch_control
[0.057s] [ 71%] Built target hand_eye_calibration
[0.059s] [ 85%] Built target chessboard_detection
[0.060s] [ 92%] [32mBuilding CXX object CMakeFiles/calibration_calculation.dir/src/calibration_calculation.cpp.o[0m
[3.935s] [100%] [32m[1mLinking CXX executable calibration_calculation[0m
[4.083s] [100%] Built target calibration_calculation
[4.093s] Invoked command in '/home/user/ws_siasun/build/aivt' returned '0': CMAKE_PREFIX_PATH=/home/user/ws_siasun/install/duco_ros_driver:/home/user/ws_siasun/install/duco_arms:/home/user/ws_siasun/install/duco_support:/home/user/ws_siasun/install/duco_msg:/home/user/ws_siasun/install/aivt_interfaces:/home/user/ws_siasun/install/robot_control:/home/user/ws_siasun/install/aivt:/home/user/ws_siasun/install/duco_gcr3_618_moveit_config:/opt/ros/humble /usr/bin/cmake --build /home/user/ws_siasun/build/aivt -- -j16 -l16
[4.094s] Invoking command in '/home/user/ws_siasun/build/aivt': CMAKE_PREFIX_PATH=/home/user/ws_siasun/install/duco_ros_driver:/home/user/ws_siasun/install/duco_arms:/home/user/ws_siasun/install/duco_support:/home/user/ws_siasun/install/duco_msg:/home/user/ws_siasun/install/aivt_interfaces:/home/user/ws_siasun/install/robot_control:/home/user/ws_siasun/install/aivt:/home/user/ws_siasun/install/duco_gcr3_618_moveit_config:/opt/ros/humble /usr/bin/cmake --install /home/user/ws_siasun/build/aivt
[4.101s] -- Install configuration: ""
[4.101s] -- Up-to-date: /home/user/ws_siasun/install/aivt/lib/aivt/robot_motion_test
[4.101s] -- Up-to-date: /home/user/ws_siasun/install/aivt/lib/aivt/hand_eye_calibration
[4.102s] -- Up-to-date: /home/user/ws_siasun/install/aivt/lib/aivt/chessboard_detection
[4.102s] -- Up-to-date: /home/user/ws_siasun/install/aivt/lib/aivt/grasp_touch_control
[4.102s] -- Up-to-date: /home/user/ws_siasun/install/aivt/lib/aivt/tcp_calibration
[4.102s] -- Up-to-date: /home/user/ws_siasun/install/aivt/lib/aivt/robot_motion
[4.103s] -- Installing: /home/user/ws_siasun/install/aivt/lib/aivt/calibration_calculation
[4.104s] -- Set runtime path of "/home/user/ws_siasun/install/aivt/lib/aivt/calibration_calculation" to ""
[4.104s] -- Up-to-date: /home/user/ws_siasun/install/aivt/share/aivt/launch
[4.104s] -- Up-to-date: /home/user/ws_siasun/install/aivt/share/aivt/launch/gripper_server.launch.py
[4.104s] -- Up-to-date: /home/user/ws_siasun/install/aivt/share/aivt/launch/hand_eye_calibration.launch.py
[4.104s] -- Up-to-date: /home/user/ws_siasun/install/aivt/share/aivt/config
[4.104s] -- Installing: /home/user/ws_siasun/install/aivt/share/aivt/config/chessboard_6.jpg
[4.104s] -- Installing: /home/user/ws_siasun/install/aivt/share/aivt/config/chessboard_12.jpg
[4.104s] -- Installing: /home/user/ws_siasun/install/aivt/share/aivt/config/chessboard_5.jpg
[4.104s] -- Installing: /home/user/ws_siasun/install/aivt/share/aivt/config/chessboard_13.jpg
[4.105s] -- Installing: /home/user/ws_siasun/install/aivt/share/aivt/config/chessboard_0.jpg
[4.105s] -- Installing: /home/user/ws_siasun/install/aivt/share/aivt/config/chessboard_14.jpg
[4.105s] -- Installing: /home/user/ws_siasun/install/aivt/share/aivt/config/chessboard_2.jpg
[4.105s] -- Installing: /home/user/ws_siasun/install/aivt/share/aivt/config/chessboard_4.jpg
[4.105s] -- Installing: /home/user/ws_siasun/install/aivt/share/aivt/config/chessboard_1.jpg
[4.105s] -- Installing: /home/user/ws_siasun/install/aivt/share/aivt/config/chessboard_7.jpg
[4.106s] -- Installing: /home/user/ws_siasun/install/aivt/share/aivt/config/chessboard_3.jpg
[4.106s] -- Up-to-date: /home/user/ws_siasun/install/aivt/share/aivt/config/robot_pose.yaml
[4.106s] -- Installing: /home/user/ws_siasun/install/aivt/share/aivt/config/chessboard_8.jpg
[4.106s] -- Installing: /home/user/ws_siasun/install/aivt/share/aivt/config/calibration_data.yaml
[4.106s] -- Installing: /home/user/ws_siasun/install/aivt/share/aivt/config/chessboard_11.jpg
[4.106s] -- Installing: /home/user/ws_siasun/install/aivt/share/aivt/config/chessboard_10.jpg
[4.106s] -- Installing: /home/user/ws_siasun/install/aivt/share/aivt/config/chessboard_15.jpg
[4.106s] -- Installing: /home/user/ws_siasun/install/aivt/share/aivt/config/chessboard_9.jpg
[4.107s] -- Up-to-date: /home/user/ws_siasun/install/aivt/share/ament_index/resource_index/package_run_dependencies/aivt
[4.107s] -- Up-to-date: /home/user/ws_siasun/install/aivt/share/ament_index/resource_index/parent_prefix_path/aivt
[4.107s] -- Up-to-date: /home/user/ws_siasun/install/aivt/share/aivt/environment/ament_prefix_path.sh
[4.107s] -- Up-to-date: /home/user/ws_siasun/install/aivt/share/aivt/environment/ament_prefix_path.dsv
[4.107s] -- Up-to-date: /home/user/ws_siasun/install/aivt/share/aivt/environment/path.sh
[4.107s] -- Up-to-date: /home/user/ws_siasun/install/aivt/share/aivt/environment/path.dsv
[4.107s] -- Up-to-date: /home/user/ws_siasun/install/aivt/share/aivt/local_setup.bash
[4.107s] -- Up-to-date: /home/user/ws_siasun/install/aivt/share/aivt/local_setup.sh
[4.107s] -- Up-to-date: /home/user/ws_siasun/install/aivt/share/aivt/local_setup.zsh
[4.107s] -- Up-to-date: /home/user/ws_siasun/install/aivt/share/aivt/local_setup.dsv
[4.107s] -- Installing: /home/user/ws_siasun/install/aivt/share/aivt/package.dsv
[4.107s] -- Up-to-date: /home/user/ws_siasun/install/aivt/share/ament_index/resource_index/packages/aivt
[4.108s] -- Up-to-date: /home/user/ws_siasun/install/aivt/share/aivt/cmake/aivtConfig.cmake
[4.108s] -- Up-to-date: /home/user/ws_siasun/install/aivt/share/aivt/cmake/aivtConfig-version.cmake
[4.108s] -- Up-to-date: /home/user/ws_siasun/install/aivt/share/aivt/package.xml
[4.109s] Invoked command in '/home/user/ws_siasun/build/aivt' returned '0': CMAKE_PREFIX_PATH=/home/user/ws_siasun/install/duco_ros_driver:/home/user/ws_siasun/install/duco_arms:/home/user/ws_siasun/install/duco_support:/home/user/ws_siasun/install/duco_msg:/home/user/ws_siasun/install/aivt_interfaces:/home/user/ws_siasun/install/robot_control:/home/user/ws_siasun/install/aivt:/home/user/ws_siasun/install/duco_gcr3_618_moveit_config:/opt/ros/humble /usr/bin/cmake --install /home/user/ws_siasun/build/aivt
