[0.017s] Invoking command in '/home/user/ws_siasun/build/aivt': CMAKE_PREFIX_PATH=/home/user/ws_siasun/install/duco_ros_driver:/home/user/ws_siasun/install/duco_arms:/home/user/ws_siasun/install/duco_support:/home/user/ws_siasun/install/duco_msg:/home/user/ws_siasun/install/aivt_interfaces:/home/user/ws_siasun/install/robot_control:/home/user/ws_siasun/install/aivt:/home/user/ws_siasun/install/duco_gcr3_618_moveit_config:/opt/ros/humble /usr/bin/cmake --build /home/user/ws_siasun/build/aivt -- -j16 -l16
[0.059s] [35m[1mConsolidate compiler generated dependencies of target robot_motion[0m
[0.065s] [ 12%] Built target robot_motion_test
[0.065s] [ 25%] Built target chessboard_detection
[0.066s] [ 31%] [32mBuilding CXX object CMakeFiles/hand_eye_calibration.dir/src/hand_eye_calibration.cpp.o[0m
[0.068s] [ 43%] Built target grasp_touch_control
[0.069s] [ 56%] Built target calibration_calculation
[0.072s] [ 68%] Built target tcp_calibration
[0.076s] [ 81%] Built target robot_motion
[0.077s] [ 93%] Built target obstacle_avoidance
[12.226s] [100%] [32m[1mLinking CXX executable hand_eye_calibration[0m
[13.127s] [100%] Built target hand_eye_calibration
[13.136s] Invoked command in '/home/user/ws_siasun/build/aivt' returned '0': CMAKE_PREFIX_PATH=/home/user/ws_siasun/install/duco_ros_driver:/home/user/ws_siasun/install/duco_arms:/home/user/ws_siasun/install/duco_support:/home/user/ws_siasun/install/duco_msg:/home/user/ws_siasun/install/aivt_interfaces:/home/user/ws_siasun/install/robot_control:/home/user/ws_siasun/install/aivt:/home/user/ws_siasun/install/duco_gcr3_618_moveit_config:/opt/ros/humble /usr/bin/cmake --build /home/user/ws_siasun/build/aivt -- -j16 -l16
[13.138s] Invoking command in '/home/user/ws_siasun/build/aivt': CMAKE_PREFIX_PATH=/home/user/ws_siasun/install/duco_ros_driver:/home/user/ws_siasun/install/duco_arms:/home/user/ws_siasun/install/duco_support:/home/user/ws_siasun/install/duco_msg:/home/user/ws_siasun/install/aivt_interfaces:/home/user/ws_siasun/install/robot_control:/home/user/ws_siasun/install/aivt:/home/user/ws_siasun/install/duco_gcr3_618_moveit_config:/opt/ros/humble /usr/bin/cmake --install /home/user/ws_siasun/build/aivt
[13.145s] -- Install configuration: ""
[13.145s] -- Up-to-date: /home/user/ws_siasun/install/aivt/lib/aivt/robot_motion_test
[13.146s] -- Installing: /home/user/ws_siasun/install/aivt/lib/aivt/hand_eye_calibration
[13.152s] -- Set runtime path of "/home/user/ws_siasun/install/aivt/lib/aivt/hand_eye_calibration" to ""
[13.153s] -- Up-to-date: /home/user/ws_siasun/install/aivt/lib/aivt/chessboard_detection
[13.153s] -- Up-to-date: /home/user/ws_siasun/install/aivt/lib/aivt/grasp_touch_control
[13.154s] -- Up-to-date: /home/user/ws_siasun/install/aivt/lib/aivt/tcp_calibration
[13.155s] -- Up-to-date: /home/user/ws_siasun/install/aivt/lib/aivt/robot_motion
[13.156s] -- Up-to-date: /home/user/ws_siasun/install/aivt/lib/aivt/calibration_calculation
[13.156s] -- Up-to-date: /home/user/ws_siasun/install/aivt/lib/aivt/obstacle_avoidance
[13.156s] -- Up-to-date: /home/user/ws_siasun/install/aivt/share/aivt/launch
[13.157s] -- Up-to-date: /home/user/ws_siasun/install/aivt/share/aivt/launch/gripper_server.launch.py
[13.157s] -- Up-to-date: /home/user/ws_siasun/install/aivt/share/aivt/launch/hand_eye_calibration.launch.py
[13.157s] -- Up-to-date: /home/user/ws_siasun/install/aivt/share/aivt/config
[13.157s] -- Up-to-date: /home/user/ws_siasun/install/aivt/share/aivt/config/chessboard_6.jpg
[13.157s] -- Up-to-date: /home/user/ws_siasun/install/aivt/share/aivt/config/chessboard_12.jpg
[13.157s] -- Up-to-date: /home/user/ws_siasun/install/aivt/share/aivt/config/chessboard_5.jpg
[13.157s] -- Up-to-date: /home/user/ws_siasun/install/aivt/share/aivt/config/hand_eye_transformer.yaml
[13.157s] -- Up-to-date: /home/user/ws_siasun/install/aivt/share/aivt/config/chessboard_13.jpg
[13.157s] -- Up-to-date: /home/user/ws_siasun/install/aivt/share/aivt/config/chessboard_0.jpg
[13.157s] -- Up-to-date: /home/user/ws_siasun/install/aivt/share/aivt/config/chessboard_14.jpg
[13.157s] -- Up-to-date: /home/user/ws_siasun/install/aivt/share/aivt/config/chessboard_2.jpg
[13.157s] -- Up-to-date: /home/user/ws_siasun/install/aivt/share/aivt/config/chessboard_4.jpg
[13.157s] -- Up-to-date: /home/user/ws_siasun/install/aivt/share/aivt/config/chessboard_1.jpg
[13.157s] -- Up-to-date: /home/user/ws_siasun/install/aivt/share/aivt/config/chessboard_7.jpg
[13.157s] -- Up-to-date: /home/user/ws_siasun/install/aivt/share/aivt/config/chessboard_3.jpg
[13.157s] -- Up-to-date: /home/user/ws_siasun/install/aivt/share/aivt/config/robot_pose.yaml
[13.157s] -- Up-to-date: /home/user/ws_siasun/install/aivt/share/aivt/config/chessboard_8.jpg
[13.157s] -- Up-to-date: /home/user/ws_siasun/install/aivt/share/aivt/config/calibration_data.yaml
[13.157s] -- Up-to-date: /home/user/ws_siasun/install/aivt/share/aivt/config/chessboard_11.jpg
[13.157s] -- Up-to-date: /home/user/ws_siasun/install/aivt/share/aivt/config/chessboard_10.jpg
[13.157s] -- Up-to-date: /home/user/ws_siasun/install/aivt/share/aivt/config/chessboard_15.jpg
[13.157s] -- Up-to-date: /home/user/ws_siasun/install/aivt/share/aivt/config/chessboard_9.jpg
[13.157s] -- Up-to-date: /home/user/ws_siasun/install/aivt/share/ament_index/resource_index/package_run_dependencies/aivt
[13.157s] -- Up-to-date: /home/user/ws_siasun/install/aivt/share/ament_index/resource_index/parent_prefix_path/aivt
[13.157s] -- Up-to-date: /home/user/ws_siasun/install/aivt/share/aivt/environment/ament_prefix_path.sh
[13.157s] -- Up-to-date: /home/user/ws_siasun/install/aivt/share/aivt/environment/ament_prefix_path.dsv
[13.157s] -- Up-to-date: /home/user/ws_siasun/install/aivt/share/aivt/environment/path.sh
[13.157s] -- Up-to-date: /home/user/ws_siasun/install/aivt/share/aivt/environment/path.dsv
[13.157s] -- Up-to-date: /home/user/ws_siasun/install/aivt/share/aivt/local_setup.bash
[13.157s] -- Up-to-date: /home/user/ws_siasun/install/aivt/share/aivt/local_setup.sh
[13.157s] -- Up-to-date: /home/user/ws_siasun/install/aivt/share/aivt/local_setup.zsh
[13.157s] -- Up-to-date: /home/user/ws_siasun/install/aivt/share/aivt/local_setup.dsv
[13.157s] -- Installing: /home/user/ws_siasun/install/aivt/share/aivt/package.dsv
[13.157s] -- Up-to-date: /home/user/ws_siasun/install/aivt/share/ament_index/resource_index/packages/aivt
[13.158s] -- Up-to-date: /home/user/ws_siasun/install/aivt/share/aivt/cmake/aivtConfig.cmake
[13.158s] -- Up-to-date: /home/user/ws_siasun/install/aivt/share/aivt/cmake/aivtConfig-version.cmake
[13.158s] -- Up-to-date: /home/user/ws_siasun/install/aivt/share/aivt/package.xml
[13.158s] Invoked command in '/home/user/ws_siasun/build/aivt' returned '0': CMAKE_PREFIX_PATH=/home/user/ws_siasun/install/duco_ros_driver:/home/user/ws_siasun/install/duco_arms:/home/user/ws_siasun/install/duco_support:/home/user/ws_siasun/install/duco_msg:/home/user/ws_siasun/install/aivt_interfaces:/home/user/ws_siasun/install/robot_control:/home/user/ws_siasun/install/aivt:/home/user/ws_siasun/install/duco_gcr3_618_moveit_config:/opt/ros/humble /usr/bin/cmake --install /home/user/ws_siasun/build/aivt
