[0.011s] Invoking command in '/home/user/ws_siasun/build/robot_control': CMAKE_PREFIX_PATH=/home/user/ws_siasun/install/duco_msg:/home/user/ws_siasun/install/robot_control:/home/user/ws_siasun/install/aivt:/home/user/ws_siasun/install/duco_ros_driver:/home/user/ws_siasun/install/duco_gcr3_618_moveit_config:/home/user/ws_siasun/install/duco_arms:/home/user/ws_siasun/install/duco_support:/home/user/ws_siasun/install/aivt_interfaces:/opt/ros/humble /usr/bin/cmake --build /home/user/ws_siasun/build/robot_control -- -j16 -l16
[0.071s] [100%] Built target robot_control
[0.093s] Invoked command in '/home/user/ws_siasun/build/robot_control' returned '0': CMAKE_PREFIX_PATH=/home/user/ws_siasun/install/duco_msg:/home/user/ws_siasun/install/robot_control:/home/user/ws_siasun/install/aivt:/home/user/ws_siasun/install/duco_ros_driver:/home/user/ws_siasun/install/duco_gcr3_618_moveit_config:/home/user/ws_siasun/install/duco_arms:/home/user/ws_siasun/install/duco_support:/home/user/ws_siasun/install/aivt_interfaces:/opt/ros/humble /usr/bin/cmake --build /home/user/ws_siasun/build/robot_control -- -j16 -l16
[0.095s] Invoking command in '/home/user/ws_siasun/build/robot_control': CMAKE_PREFIX_PATH=/home/user/ws_siasun/install/duco_msg:/home/user/ws_siasun/install/robot_control:/home/user/ws_siasun/install/aivt:/home/user/ws_siasun/install/duco_ros_driver:/home/user/ws_siasun/install/duco_gcr3_618_moveit_config:/home/user/ws_siasun/install/duco_arms:/home/user/ws_siasun/install/duco_support:/home/user/ws_siasun/install/aivt_interfaces:/opt/ros/humble /usr/bin/cmake --install /home/user/ws_siasun/build/robot_control
[0.104s] -- Install configuration: ""
[0.104s] -- Up-to-date: /home/user/ws_siasun/install/robot_control/lib/robot_control/robot_control
[0.104s] -- Up-to-date: /home/user/ws_siasun/install/robot_control/share/robot_control/launch
[0.104s] -- Up-to-date: /home/user/ws_siasun/install/robot_control/share/robot_control/launch/demo.launch.py
[0.104s] -- Up-to-date: /home/user/ws_siasun/install/robot_control/share/ament_index/resource_index/package_run_dependencies/robot_control
[0.104s] -- Up-to-date: /home/user/ws_siasun/install/robot_control/share/ament_index/resource_index/parent_prefix_path/robot_control
[0.104s] -- Up-to-date: /home/user/ws_siasun/install/robot_control/share/robot_control/environment/ament_prefix_path.sh
[0.104s] -- Up-to-date: /home/user/ws_siasun/install/robot_control/share/robot_control/environment/ament_prefix_path.dsv
[0.104s] -- Up-to-date: /home/user/ws_siasun/install/robot_control/share/robot_control/environment/path.sh
[0.104s] -- Up-to-date: /home/user/ws_siasun/install/robot_control/share/robot_control/environment/path.dsv
[0.105s] -- Up-to-date: /home/user/ws_siasun/install/robot_control/share/robot_control/local_setup.bash
[0.105s] -- Up-to-date: /home/user/ws_siasun/install/robot_control/share/robot_control/local_setup.sh
[0.105s] -- Up-to-date: /home/user/ws_siasun/install/robot_control/share/robot_control/local_setup.zsh
[0.105s] -- Up-to-date: /home/user/ws_siasun/install/robot_control/share/robot_control/local_setup.dsv
[0.105s] -- Installing: /home/user/ws_siasun/install/robot_control/share/robot_control/package.dsv
[0.105s] -- Up-to-date: /home/user/ws_siasun/install/robot_control/share/ament_index/resource_index/packages/robot_control
[0.105s] -- Up-to-date: /home/user/ws_siasun/install/robot_control/share/robot_control/cmake/robot_controlConfig.cmake
[0.105s] -- Up-to-date: /home/user/ws_siasun/install/robot_control/share/robot_control/cmake/robot_controlConfig-version.cmake
[0.105s] -- Up-to-date: /home/user/ws_siasun/install/robot_control/share/robot_control/package.xml
[0.105s] Invoked command in '/home/user/ws_siasun/build/robot_control' returned '0': CMAKE_PREFIX_PATH=/home/user/ws_siasun/install/duco_msg:/home/user/ws_siasun/install/robot_control:/home/user/ws_siasun/install/aivt:/home/user/ws_siasun/install/duco_ros_driver:/home/user/ws_siasun/install/duco_gcr3_618_moveit_config:/home/user/ws_siasun/install/duco_arms:/home/user/ws_siasun/install/duco_support:/home/user/ws_siasun/install/aivt_interfaces:/opt/ros/humble /usr/bin/cmake --install /home/user/ws_siasun/build/robot_control
