-- The C compiler identification is GNU 12.3.0
-- The CXX compiler identification is GNU 12.3.0
-- Detecting C compiler ABI info
-- Detecting C compiler ABI info - done
-- Check for working C compiler: /usr/bin/cc - skipped
-- Detecting C compile features
-- Detecting C compile features - done
-- Detecting CXX compiler ABI info
-- Detecting CXX compiler ABI info - done
-- Check for working CXX compiler: /usr/bin/c++ - skipped
-- Detecting CXX compile features
-- Detecting CXX compile features - done
-- Found ament_cmake: 1.3.11 (/opt/ros/humble/share/ament_cmake/cmake)
-- Found Python3: /home/ubuntu/anaconda3/bin/python3 (found version "3.12.7") found components: Interpreter 
-- Found rclcpp: 16.0.12 (/opt/ros/humble/share/rclcpp/cmake)
-- Found rosidl_generator_c: 3.1.6 (/opt/ros/humble/share/rosidl_generator_c/cmake)
-- Found rosidl_adapter: 3.1.6 (/opt/ros/humble/share/rosidl_adapter/cmake)
-- Found rosidl_generator_cpp: 3.1.6 (/opt/ros/humble/share/rosidl_generator_cpp/cmake)
-- Using all available rosidl_typesupport_c: rosidl_typesupport_fastrtps_c;rosidl_typesupport_introspection_c
-- Using all available rosidl_typesupport_cpp: rosidl_typesupport_fastrtps_cpp;rosidl_typesupport_introspection_cpp
-- Found rmw_implementation_cmake: 6.1.2 (/opt/ros/humble/share/rmw_implementation_cmake/cmake)
-- Found rmw_fastrtps_cpp: 6.2.7 (/opt/ros/humble/share/rmw_fastrtps_cpp/cmake)
-- Found OpenSSL: /usr/lib/x86_64-linux-gnu/libcrypto.so (found version "3.0.2")  
-- Found FastRTPS: /opt/ros/humble/include  
-- Using RMW implementation 'rmw_fastrtps_cpp' as default
-- Looking for pthread.h
-- Looking for pthread.h - found
-- Performing Test CMAKE_HAVE_LIBC_PTHREAD
-- Performing Test CMAKE_HAVE_LIBC_PTHREAD - Success
-- Found Threads: TRUE  
-- Found sensor_msgs: 4.8.0 (/opt/ros/humble/share/sensor_msgs/cmake)
-- Found moveit_ros_planning_interface: 2.5.9 (/home/ubuntu/ws_moveit/install/moveit_ros_planning_interface/share/moveit_ros_planning_interface/cmake)
-- Found Boost: /home/ubuntu/anaconda3/lib/cmake/Boost-1.82.0/BoostConfig.cmake (found version "1.82.0") found components: date_time filesystem program_options system thread 
-- Found Boost: /home/ubuntu/anaconda3/lib/cmake/Boost-1.82.0/BoostConfig.cmake (found version "1.82.0") found components: chrono date_time filesystem iostreams program_options regex serialization system thread 
-- Found parameter_traits: 0.4.0 (/opt/ros/humble/share/parameter_traits/cmake)
-- Found Eigen3: TRUE (found version "3.4.0") 
-- Found rclcpp_lifecycle: 16.0.12 (/opt/ros/humble/share/rclcpp_lifecycle/cmake)
-- Found Boost: /home/ubuntu/anaconda3/lib/cmake/Boost-1.82.0/BoostConfig.cmake (found version "1.82.0") found components: filesystem 
-- library: /usr/lib/x86_64-linux-gnu/libcurl.so
-- Ensuring Eigen3 include directory is part of orocos-kdl CMake target
-- Found Boost: /home/ubuntu/anaconda3/lib/cmake/Boost-1.82.0/BoostConfig.cmake (found version "1.82.0") found components: system filesystem date_time program_options thread chrono 
-- Found Boost: /home/ubuntu/anaconda3/lib/cmake/Boost-1.82.0/BoostConfig.cmake (found version "1.82.0") found components: thread system filesystem regex date_time program_options 
-- Found Boost: /home/ubuntu/anaconda3/lib/cmake/Boost-1.82.0/BoostConfig.cmake (found version "1.82.0") found components: system filesystem date_time program_options thread 
-- Found ament_lint_auto: 0.12.12 (/opt/ros/humble/share/ament_lint_auto/cmake)
-- Added test 'cppcheck' to perform static code analysis on C / C++ code
-- Configured cppcheck include dirs: 
-- Configured cppcheck exclude dirs and/or files: 
-- Added test 'flake8' to check Python code syntax and style conventions
-- Added test 'lint_cmake' to check CMake code style
-- Added test 'pep257' to check Python code against some of the docstring style conventions in PEP 257
-- Added test 'uncrustify' to check C / C++ code style
-- Configured uncrustify additional arguments: 
-- Added test 'xmllint' to check XML markup files
-- Configuring done
-- Generating done
-- Build files have been written to: /home/ubuntu/ws_engineer/build/engineer_urdf
[ 25%] [32mBuilding CXX object CMakeFiles/joint_state_reader.dir/src/joint_state_reader.cpp.o[0m
[ 50%] [32mBuilding CXX object CMakeFiles/end_effector_pose_reader.dir/src/end_effector_pose_reader.cpp.o[0m
[ 75%] [32m[1mLinking CXX executable end_effector_pose_reader[0m
[ 75%] Built target end_effector_pose_reader
[100%] [32m[1mLinking CXX executable joint_state_reader[0m
[100%] Built target joint_state_reader
-- Install configuration: ""
-- Installing: /home/ubuntu/ws_engineer/install/engineer_urdf/lib/engineer_urdf/joint_state_reader
-- Set runtime path of "/home/ubuntu/ws_engineer/install/engineer_urdf/lib/engineer_urdf/joint_state_reader" to ""
-- Installing: /home/ubuntu/ws_engineer/install/engineer_urdf/lib/engineer_urdf/end_effector_pose_reader
-- Set runtime path of "/home/ubuntu/ws_engineer/install/engineer_urdf/lib/engineer_urdf/end_effector_pose_reader" to ""
-- Installing: /home/ubuntu/ws_engineer/install/engineer_urdf/share/engineer_urdf/launch
-- Installing: /home/ubuntu/ws_engineer/install/engineer_urdf/share/engineer_urdf/launch/control_launch.py
-- Installing: /home/ubuntu/ws_engineer/install/engineer_urdf/share/engineer_urdf/launch/display_launch.py
-- Installing: /home/ubuntu/ws_engineer/install/engineer_urdf/share/engineer_urdf/meshes
-- Installing: /home/ubuntu/ws_engineer/install/engineer_urdf/share/engineer_urdf/meshes/Link2.STL
-- Installing: /home/ubuntu/ws_engineer/install/engineer_urdf/share/engineer_urdf/meshes/Link1.STL
-- Installing: /home/ubuntu/ws_engineer/install/engineer_urdf/share/engineer_urdf/meshes/Link5.STL
-- Installing: /home/ubuntu/ws_engineer/install/engineer_urdf/share/engineer_urdf/meshes/Link0.STL
-- Installing: /home/ubuntu/ws_engineer/install/engineer_urdf/share/engineer_urdf/meshes/Link4.STL
-- Installing: /home/ubuntu/ws_engineer/install/engineer_urdf/share/engineer_urdf/meshes/base_link.STL
-- Installing: /home/ubuntu/ws_engineer/install/engineer_urdf/share/engineer_urdf/meshes/Link3.STL
-- Installing: /home/ubuntu/ws_engineer/install/engineer_urdf/share/engineer_urdf/rviz
-- Installing: /home/ubuntu/ws_engineer/install/engineer_urdf/share/engineer_urdf/rviz/urdf.rviz
-- Installing: /home/ubuntu/ws_engineer/install/engineer_urdf/share/engineer_urdf/urdf
-- Installing: /home/ubuntu/ws_engineer/install/engineer_urdf/share/engineer_urdf/urdf/xacro
-- Installing: /home/ubuntu/ws_engineer/install/engineer_urdf/share/engineer_urdf/urdf/urdf
-- Installing: /home/ubuntu/ws_engineer/install/engineer_urdf/share/engineer_urdf/urdf/urdf/manipulator.urdf
-- Installing: /home/ubuntu/ws_engineer/install/engineer_urdf/share/ament_index/resource_index/package_run_dependencies/engineer_urdf
-- Installing: /home/ubuntu/ws_engineer/install/engineer_urdf/share/ament_index/resource_index/parent_prefix_path/engineer_urdf
-- Installing: /home/ubuntu/ws_engineer/install/engineer_urdf/share/engineer_urdf/environment/ament_prefix_path.sh
-- Installing: /home/ubuntu/ws_engineer/install/engineer_urdf/share/engineer_urdf/environment/ament_prefix_path.dsv
-- Installing: /home/ubuntu/ws_engineer/install/engineer_urdf/share/engineer_urdf/environment/path.sh
-- Installing: /home/ubuntu/ws_engineer/install/engineer_urdf/share/engineer_urdf/environment/path.dsv
-- Installing: /home/ubuntu/ws_engineer/install/engineer_urdf/share/engineer_urdf/local_setup.bash
-- Installing: /home/ubuntu/ws_engineer/install/engineer_urdf/share/engineer_urdf/local_setup.sh
-- Installing: /home/ubuntu/ws_engineer/install/engineer_urdf/share/engineer_urdf/local_setup.zsh
-- Installing: /home/ubuntu/ws_engineer/install/engineer_urdf/share/engineer_urdf/local_setup.dsv
-- Installing: /home/ubuntu/ws_engineer/install/engineer_urdf/share/engineer_urdf/package.dsv
-- Installing: /home/ubuntu/ws_engineer/install/engineer_urdf/share/ament_index/resource_index/packages/engineer_urdf
-- Installing: /home/ubuntu/ws_engineer/install/engineer_urdf/share/engineer_urdf/cmake/engineer_urdfConfig.cmake
-- Installing: /home/ubuntu/ws_engineer/install/engineer_urdf/share/engineer_urdf/cmake/engineer_urdfConfig-version.cmake
-- Installing: /home/ubuntu/ws_engineer/install/engineer_urdf/share/engineer_urdf/package.xml
