[0.016s] Invoking command in '/home/user/ws_siasun/build/aivt': AMENT_PREFIX_PATH=/home/user/ws_siasun/install/duco_ros_driver:/home/user/ws_siasun/install/duco_arms:/home/user/ws_siasun/install/duco_support:/home/user/ws_siasun/install/duco_msg:/home/user/ws_siasun/install/aivt_interfaces:${AMENT_PREFIX_PATH} CMAKE_PREFIX_PATH=/home/user/ws_siasun/install/duco_ros_driver:/home/user/ws_siasun/install/duco_arms:/home/user/ws_siasun/install/duco_support:/home/user/ws_siasun/install/duco_msg:/home/user/ws_siasun/install/aivt_interfaces:/opt/ros/humble LD_LIBRARY_PATH=/home/user/ws_siasun/install/duco_msg/lib:/home/user/ws_siasun/install/aivt_interfaces/lib:${LD_LIBRARY_PATH} PYTHONPATH=/home/user/ws_siasun/install/duco_msg/local/lib/python3.10/dist-packages:/home/user/ws_siasun/install/aivt_interfaces/local/lib/python3.10/dist-packages:${PYTHONPATH} /usr/bin/cmake --build /home/user/ws_siasun/build/aivt -- -j16 -l16
[0.062s] [35m[1mConsolidate compiler generated dependencies of target obstacle_avoidance[0m
[0.066s] [ 12%] Built target grasp_touch_control
[0.067s] [ 25%] Built target hand_eye_calibration
[0.068s] [ 37%] Built target robot_motion_test
[0.070s] [ 50%] [32mBuilding CXX object CMakeFiles/robot_motion.dir/src/robot_motion.cpp.o[0m
[0.071s] [ 56%] Built target tcp_calibration
[0.071s] [ 68%] Built target calibration_calculation
[0.072s] [ 81%] Built target chessboard_detection
[0.083s] [ 87%] [32mBuilding CXX object CMakeFiles/obstacle_avoidance.dir/src/obstacle_avoidance.cpp.o[0m
[8.368s] [ 93%] [32m[1mLinking CXX executable obstacle_avoidance[0m
[9.190s] [ 93%] Built target obstacle_avoidance
[12.240s] [100%] [32m[1mLinking CXX executable robot_motion[0m
[12.818s] [100%] Built target robot_motion
[12.827s] Invoked command in '/home/user/ws_siasun/build/aivt' returned '0': AMENT_PREFIX_PATH=/home/user/ws_siasun/install/duco_ros_driver:/home/user/ws_siasun/install/duco_arms:/home/user/ws_siasun/install/duco_support:/home/user/ws_siasun/install/duco_msg:/home/user/ws_siasun/install/aivt_interfaces:${AMENT_PREFIX_PATH} CMAKE_PREFIX_PATH=/home/user/ws_siasun/install/duco_ros_driver:/home/user/ws_siasun/install/duco_arms:/home/user/ws_siasun/install/duco_support:/home/user/ws_siasun/install/duco_msg:/home/user/ws_siasun/install/aivt_interfaces:/opt/ros/humble LD_LIBRARY_PATH=/home/user/ws_siasun/install/duco_msg/lib:/home/user/ws_siasun/install/aivt_interfaces/lib:${LD_LIBRARY_PATH} PYTHONPATH=/home/user/ws_siasun/install/duco_msg/local/lib/python3.10/dist-packages:/home/user/ws_siasun/install/aivt_interfaces/local/lib/python3.10/dist-packages:${PYTHONPATH} /usr/bin/cmake --build /home/user/ws_siasun/build/aivt -- -j16 -l16
[12.830s] Invoking command in '/home/user/ws_siasun/build/aivt': AMENT_PREFIX_PATH=/home/user/ws_siasun/install/duco_ros_driver:/home/user/ws_siasun/install/duco_arms:/home/user/ws_siasun/install/duco_support:/home/user/ws_siasun/install/duco_msg:/home/user/ws_siasun/install/aivt_interfaces:${AMENT_PREFIX_PATH} CMAKE_PREFIX_PATH=/home/user/ws_siasun/install/duco_ros_driver:/home/user/ws_siasun/install/duco_arms:/home/user/ws_siasun/install/duco_support:/home/user/ws_siasun/install/duco_msg:/home/user/ws_siasun/install/aivt_interfaces:/opt/ros/humble LD_LIBRARY_PATH=/home/user/ws_siasun/install/duco_msg/lib:/home/user/ws_siasun/install/aivt_interfaces/lib:${LD_LIBRARY_PATH} PYTHONPATH=/home/user/ws_siasun/install/duco_msg/local/lib/python3.10/dist-packages:/home/user/ws_siasun/install/aivt_interfaces/local/lib/python3.10/dist-packages:${PYTHONPATH} /usr/bin/cmake --install /home/user/ws_siasun/build/aivt
[12.837s] -- Install configuration: ""
[12.837s] -- Up-to-date: /home/user/ws_siasun/install/aivt/lib/aivt/robot_motion_test
[12.838s] -- Up-to-date: /home/user/ws_siasun/install/aivt/lib/aivt/hand_eye_calibration
[12.839s] -- Up-to-date: /home/user/ws_siasun/install/aivt/lib/aivt/chessboard_detection
[12.839s] -- Up-to-date: /home/user/ws_siasun/install/aivt/lib/aivt/grasp_touch_control
[12.840s] -- Up-to-date: /home/user/ws_siasun/install/aivt/lib/aivt/tcp_calibration
[12.841s] -- Installing: /home/user/ws_siasun/install/aivt/lib/aivt/robot_motion
[12.847s] -- Set runtime path of "/home/user/ws_siasun/install/aivt/lib/aivt/robot_motion" to ""
[12.847s] -- Up-to-date: /home/user/ws_siasun/install/aivt/lib/aivt/calibration_calculation
[12.848s] -- Installing: /home/user/ws_siasun/install/aivt/lib/aivt/obstacle_avoidance
[12.850s] -- Set runtime path of "/home/user/ws_siasun/install/aivt/lib/aivt/obstacle_avoidance" to ""
[12.851s] -- Up-to-date: /home/user/ws_siasun/install/aivt/share/aivt/launch
[12.851s] -- Up-to-date: /home/user/ws_siasun/install/aivt/share/aivt/launch/gripper_server.launch.py
[12.851s] -- Up-to-date: /home/user/ws_siasun/install/aivt/share/aivt/launch/hand_eye_calibration.launch.py
[12.851s] -- Up-to-date: /home/user/ws_siasun/install/aivt/share/aivt/config
[12.851s] -- Up-to-date: /home/user/ws_siasun/install/aivt/share/aivt/config/chessboard_6.jpg
[12.851s] -- Up-to-date: /home/user/ws_siasun/install/aivt/share/aivt/config/chessboard_12.jpg
[12.851s] -- Up-to-date: /home/user/ws_siasun/install/aivt/share/aivt/config/chessboard_5.jpg
[12.851s] -- Up-to-date: /home/user/ws_siasun/install/aivt/share/aivt/config/hand_eye_transformer.yaml
[12.851s] -- Up-to-date: /home/user/ws_siasun/install/aivt/share/aivt/config/chessboard_13.jpg
[12.851s] -- Up-to-date: /home/user/ws_siasun/install/aivt/share/aivt/config/chessboard_0.jpg
[12.851s] -- Up-to-date: /home/user/ws_siasun/install/aivt/share/aivt/config/chessboard_14.jpg
[12.851s] -- Up-to-date: /home/user/ws_siasun/install/aivt/share/aivt/config/chessboard_2.jpg
[12.851s] -- Up-to-date: /home/user/ws_siasun/install/aivt/share/aivt/config/chessboard_4.jpg
[12.851s] -- Up-to-date: /home/user/ws_siasun/install/aivt/share/aivt/config/chessboard_1.jpg
[12.852s] -- Up-to-date: /home/user/ws_siasun/install/aivt/share/aivt/config/chessboard_7.jpg
[12.852s] -- Up-to-date: /home/user/ws_siasun/install/aivt/share/aivt/config/chessboard_3.jpg
[12.852s] -- Up-to-date: /home/user/ws_siasun/install/aivt/share/aivt/config/chessboard_8.jpg
[12.852s] -- Up-to-date: /home/user/ws_siasun/install/aivt/share/aivt/config/calibration_data.yaml
[12.852s] -- Up-to-date: /home/user/ws_siasun/install/aivt/share/aivt/config/chessboard_11.jpg
[12.852s] -- Up-to-date: /home/user/ws_siasun/install/aivt/share/aivt/config/chessboard_10.jpg
[12.852s] -- Up-to-date: /home/user/ws_siasun/install/aivt/share/aivt/config/chessboard_15.jpg
[12.852s] -- Up-to-date: /home/user/ws_siasun/install/aivt/share/aivt/config/chessboard_9.jpg
[12.853s] -- Up-to-date: /home/user/ws_siasun/install/aivt/share/ament_index/resource_index/package_run_dependencies/aivt
[12.853s] -- Up-to-date: /home/user/ws_siasun/install/aivt/share/ament_index/resource_index/parent_prefix_path/aivt
[12.853s] -- Up-to-date: /home/user/ws_siasun/install/aivt/share/aivt/environment/ament_prefix_path.sh
[12.853s] -- Up-to-date: /home/user/ws_siasun/install/aivt/share/aivt/environment/ament_prefix_path.dsv
[12.853s] -- Up-to-date: /home/user/ws_siasun/install/aivt/share/aivt/environment/path.sh
[12.853s] -- Up-to-date: /home/user/ws_siasun/install/aivt/share/aivt/environment/path.dsv
[12.853s] -- Up-to-date: /home/user/ws_siasun/install/aivt/share/aivt/local_setup.bash
[12.853s] -- Up-to-date: /home/user/ws_siasun/install/aivt/share/aivt/local_setup.sh
[12.853s] -- Up-to-date: /home/user/ws_siasun/install/aivt/share/aivt/local_setup.zsh
[12.853s] -- Up-to-date: /home/user/ws_siasun/install/aivt/share/aivt/local_setup.dsv
[12.853s] -- Installing: /home/user/ws_siasun/install/aivt/share/aivt/package.dsv
[12.853s] -- Up-to-date: /home/user/ws_siasun/install/aivt/share/ament_index/resource_index/packages/aivt
[12.853s] -- Up-to-date: /home/user/ws_siasun/install/aivt/share/aivt/cmake/aivtConfig.cmake
[12.853s] -- Up-to-date: /home/user/ws_siasun/install/aivt/share/aivt/cmake/aivtConfig-version.cmake
[12.853s] -- Up-to-date: /home/user/ws_siasun/install/aivt/share/aivt/package.xml
[12.854s] Invoked command in '/home/user/ws_siasun/build/aivt' returned '0': AMENT_PREFIX_PATH=/home/user/ws_siasun/install/duco_ros_driver:/home/user/ws_siasun/install/duco_arms:/home/user/ws_siasun/install/duco_support:/home/user/ws_siasun/install/duco_msg:/home/user/ws_siasun/install/aivt_interfaces:${AMENT_PREFIX_PATH} CMAKE_PREFIX_PATH=/home/user/ws_siasun/install/duco_ros_driver:/home/user/ws_siasun/install/duco_arms:/home/user/ws_siasun/install/duco_support:/home/user/ws_siasun/install/duco_msg:/home/user/ws_siasun/install/aivt_interfaces:/opt/ros/humble LD_LIBRARY_PATH=/home/user/ws_siasun/install/duco_msg/lib:/home/user/ws_siasun/install/aivt_interfaces/lib:${LD_LIBRARY_PATH} PYTHONPATH=/home/user/ws_siasun/install/duco_msg/local/lib/python3.10/dist-packages:/home/user/ws_siasun/install/aivt_interfaces/local/lib/python3.10/dist-packages:${PYTHONPATH} /usr/bin/cmake --install /home/user/ws_siasun/build/aivt
