[0.021s] Invoking command in '/home/user/ws_siasun/build/aivt': CMAKE_PREFIX_PATH=/home/user/ws_siasun/install/duco_ros_driver:/home/user/ws_siasun/install/duco_arms:/home/user/ws_siasun/install/duco_support:/home/user/ws_siasun/install/duco_msg:/home/user/ws_siasun/install/aivt_interfaces:/home/user/ws_siasun/install/robot_control:/home/user/ws_siasun/install/aivt:/home/user/ws_siasun/install/duco_gcr3_618_moveit_config:/opt/ros/humble /usr/bin/cmake --build /home/user/ws_siasun/build/aivt -- -j16 -l16
[0.052s] [35m[1mConsolidate compiler generated dependencies of target hand_eye_calibration[0m
[0.059s] [ 14%] Built target robot_motion_test
[0.061s] [ 21%] [32mBuilding CXX object CMakeFiles/calibration_calculation.dir/src/calibration_calculation.cpp.o[0m
[0.061s] [ 35%] Built target grasp_touch_control
[0.063s] [ 50%] Built target tcp_calibration
[0.063s] [ 57%] [32mBuilding CXX object CMakeFiles/hand_eye_calibration.dir/src/hand_eye_calibration.cpp.o[0m
[0.066s] [ 71%] Built target chessboard_detection
[0.068s] [ 85%] Built target robot_motion
[4.224s] [ 92%] [32m[1mLinking CXX executable calibration_calculation[0m
[4.393s] [ 92%] Built target calibration_calculation
[11.950s] [100%] [32m[1mLinking CXX executable hand_eye_calibration[0m
[12.790s] [100%] Built target hand_eye_calibration
[12.799s] Invoked command in '/home/user/ws_siasun/build/aivt' returned '0': CMAKE_PREFIX_PATH=/home/user/ws_siasun/install/duco_ros_driver:/home/user/ws_siasun/install/duco_arms:/home/user/ws_siasun/install/duco_support:/home/user/ws_siasun/install/duco_msg:/home/user/ws_siasun/install/aivt_interfaces:/home/user/ws_siasun/install/robot_control:/home/user/ws_siasun/install/aivt:/home/user/ws_siasun/install/duco_gcr3_618_moveit_config:/opt/ros/humble /usr/bin/cmake --build /home/user/ws_siasun/build/aivt -- -j16 -l16
[12.800s] Invoking command in '/home/user/ws_siasun/build/aivt': CMAKE_PREFIX_PATH=/home/user/ws_siasun/install/duco_ros_driver:/home/user/ws_siasun/install/duco_arms:/home/user/ws_siasun/install/duco_support:/home/user/ws_siasun/install/duco_msg:/home/user/ws_siasun/install/aivt_interfaces:/home/user/ws_siasun/install/robot_control:/home/user/ws_siasun/install/aivt:/home/user/ws_siasun/install/duco_gcr3_618_moveit_config:/opt/ros/humble /usr/bin/cmake --install /home/user/ws_siasun/build/aivt
[12.807s] -- Install configuration: ""
[12.807s] -- Up-to-date: /home/user/ws_siasun/install/aivt/lib/aivt/robot_motion_test
[12.807s] -- Installing: /home/user/ws_siasun/install/aivt/lib/aivt/hand_eye_calibration
[12.815s] -- Set runtime path of "/home/user/ws_siasun/install/aivt/lib/aivt/hand_eye_calibration" to ""
[12.815s] -- Up-to-date: /home/user/ws_siasun/install/aivt/lib/aivt/chessboard_detection
[12.815s] -- Up-to-date: /home/user/ws_siasun/install/aivt/lib/aivt/grasp_touch_control
[12.815s] -- Up-to-date: /home/user/ws_siasun/install/aivt/lib/aivt/tcp_calibration
[12.815s] -- Up-to-date: /home/user/ws_siasun/install/aivt/lib/aivt/robot_motion
[12.815s] -- Installing: /home/user/ws_siasun/install/aivt/lib/aivt/calibration_calculation
[12.816s] -- Set runtime path of "/home/user/ws_siasun/install/aivt/lib/aivt/calibration_calculation" to ""
[12.816s] -- Up-to-date: /home/user/ws_siasun/install/aivt/share/aivt/launch
[12.816s] -- Up-to-date: /home/user/ws_siasun/install/aivt/share/aivt/launch/gripper_server.launch.py
[12.816s] -- Up-to-date: /home/user/ws_siasun/install/aivt/share/aivt/launch/hand_eye_calibration.launch.py
[12.816s] -- Up-to-date: /home/user/ws_siasun/install/aivt/share/aivt/config
[12.816s] -- Up-to-date: /home/user/ws_siasun/install/aivt/share/aivt/config/chessboard_6.jpg
[12.816s] -- Up-to-date: /home/user/ws_siasun/install/aivt/share/aivt/config/chessboard_5.jpg
[12.817s] -- Up-to-date: /home/user/ws_siasun/install/aivt/share/aivt/config/hand_eye_transformer.yaml
[12.817s] -- Up-to-date: /home/user/ws_siasun/install/aivt/share/aivt/config/chessboard_0.jpg
[12.817s] -- Up-to-date: /home/user/ws_siasun/install/aivt/share/aivt/config/chessboard_2.jpg
[12.817s] -- Up-to-date: /home/user/ws_siasun/install/aivt/share/aivt/config/chessboard_4.jpg
[12.817s] -- Up-to-date: /home/user/ws_siasun/install/aivt/share/aivt/config/chessboard_1.jpg
[12.817s] -- Up-to-date: /home/user/ws_siasun/install/aivt/share/aivt/config/chessboard_3.jpg
[12.817s] -- Up-to-date: /home/user/ws_siasun/install/aivt/share/aivt/config/robot_pose.yaml
[12.817s] -- Up-to-date: /home/user/ws_siasun/install/aivt/share/aivt/config/calibration_data.yaml
[12.817s] -- Up-to-date: /home/user/ws_siasun/install/aivt/share/ament_index/resource_index/package_run_dependencies/aivt
[12.818s] -- Up-to-date: /home/user/ws_siasun/install/aivt/share/ament_index/resource_index/parent_prefix_path/aivt
[12.818s] -- Up-to-date: /home/user/ws_siasun/install/aivt/share/aivt/environment/ament_prefix_path.sh
[12.819s] -- Up-to-date: /home/user/ws_siasun/install/aivt/share/aivt/environment/ament_prefix_path.dsv
[12.819s] -- Up-to-date: /home/user/ws_siasun/install/aivt/share/aivt/environment/path.sh
[12.819s] -- Up-to-date: /home/user/ws_siasun/install/aivt/share/aivt/environment/path.dsv
[12.819s] -- Up-to-date: /home/user/ws_siasun/install/aivt/share/aivt/local_setup.bash
[12.819s] -- Up-to-date: /home/user/ws_siasun/install/aivt/share/aivt/local_setup.sh
[12.819s] -- Up-to-date: /home/user/ws_siasun/install/aivt/share/aivt/local_setup.zsh
[12.819s] -- Up-to-date: /home/user/ws_siasun/install/aivt/share/aivt/local_setup.dsv
[12.819s] -- Installing: /home/user/ws_siasun/install/aivt/share/aivt/package.dsv
[12.819s] -- Up-to-date: /home/user/ws_siasun/install/aivt/share/ament_index/resource_index/packages/aivt
[12.819s] -- Up-to-date: /home/user/ws_siasun/install/aivt/share/aivt/cmake/aivtConfig.cmake
[12.820s] -- Up-to-date: /home/user/ws_siasun/install/aivt/share/aivt/cmake/aivtConfig-version.cmake
[12.820s] -- Up-to-date: /home/user/ws_siasun/install/aivt/share/aivt/package.xml
[12.820s] Invoked command in '/home/user/ws_siasun/build/aivt' returned '0': CMAKE_PREFIX_PATH=/home/user/ws_siasun/install/duco_ros_driver:/home/user/ws_siasun/install/duco_arms:/home/user/ws_siasun/install/duco_support:/home/user/ws_siasun/install/duco_msg:/home/user/ws_siasun/install/aivt_interfaces:/home/user/ws_siasun/install/robot_control:/home/user/ws_siasun/install/aivt:/home/user/ws_siasun/install/duco_gcr3_618_moveit_config:/opt/ros/humble /usr/bin/cmake --install /home/user/ws_siasun/build/aivt
