[0.019s] Invoking command in '/home/ubuntu/ws_engineer/build/moveit_demo': CMAKE_PREFIX_PATH=${CMAKE_PREFIX_PATH}:/home/ubuntu/ws_moveit/install/moveit_configs_utils:/home/ubuntu/ws_moveit/install/launch_param_builder:/home/ubuntu/ws00_helloworld/install/pkg02_helloworld_py:/home/ubuntu/dev_ws/install/learning_urdf:/home/ubuntu/dev_ws/install/learning_topic:/home/ubuntu/dev_ws/install/learning_tf:/home/ubuntu/dev_ws/install/learning_service:/home/ubuntu/dev_ws/install/learning_qos:/home/ubuntu/dev_ws/install/learning_pkg_python:/home/ubuntu/dev_ws/install/learning_parameter:/home/ubuntu/dev_ws/install/learning_node:/home/ubuntu/dev_ws/install/learning_launch:/home/ubuntu/dev_ws/install/learning_action:/home/ubuntu/dev_ws/install/learning_gazebo_harmonic:/home/ubuntu/dev_ws/install/learning_gazebo:/home/ubuntu/dev_ws/install/learning_cv:/opt/ros/humble /usr/bin/cmake --build /home/ubuntu/ws_engineer/build/moveit_demo -- -j16 -l16
[0.078s] [35m[1mConsolidate compiler generated dependencies of target move_controller_test[0m
[0.078s] [35m[1mConsolidate compiler generated dependencies of target simple_motion_node[0m
[0.114s] [ 50%] Built target simple_motion_node
[0.116s] [100%] Built target move_controller_test
[0.147s] Invoked command in '/home/ubuntu/ws_engineer/build/moveit_demo' returned '0': CMAKE_PREFIX_PATH=${CMAKE_PREFIX_PATH}:/home/ubuntu/ws_moveit/install/moveit_configs_utils:/home/ubuntu/ws_moveit/install/launch_param_builder:/home/ubuntu/ws00_helloworld/install/pkg02_helloworld_py:/home/ubuntu/dev_ws/install/learning_urdf:/home/ubuntu/dev_ws/install/learning_topic:/home/ubuntu/dev_ws/install/learning_tf:/home/ubuntu/dev_ws/install/learning_service:/home/ubuntu/dev_ws/install/learning_qos:/home/ubuntu/dev_ws/install/learning_pkg_python:/home/ubuntu/dev_ws/install/learning_parameter:/home/ubuntu/dev_ws/install/learning_node:/home/ubuntu/dev_ws/install/learning_launch:/home/ubuntu/dev_ws/install/learning_action:/home/ubuntu/dev_ws/install/learning_gazebo_harmonic:/home/ubuntu/dev_ws/install/learning_gazebo:/home/ubuntu/dev_ws/install/learning_cv:/opt/ros/humble /usr/bin/cmake --build /home/ubuntu/ws_engineer/build/moveit_demo -- -j16 -l16
[0.148s] Invoking command in '/home/ubuntu/ws_engineer/build/moveit_demo': CMAKE_PREFIX_PATH=${CMAKE_PREFIX_PATH}:/home/ubuntu/ws_moveit/install/moveit_configs_utils:/home/ubuntu/ws_moveit/install/launch_param_builder:/home/ubuntu/ws00_helloworld/install/pkg02_helloworld_py:/home/ubuntu/dev_ws/install/learning_urdf:/home/ubuntu/dev_ws/install/learning_topic:/home/ubuntu/dev_ws/install/learning_tf:/home/ubuntu/dev_ws/install/learning_service:/home/ubuntu/dev_ws/install/learning_qos:/home/ubuntu/dev_ws/install/learning_pkg_python:/home/ubuntu/dev_ws/install/learning_parameter:/home/ubuntu/dev_ws/install/learning_node:/home/ubuntu/dev_ws/install/learning_launch:/home/ubuntu/dev_ws/install/learning_action:/home/ubuntu/dev_ws/install/learning_gazebo_harmonic:/home/ubuntu/dev_ws/install/learning_gazebo:/home/ubuntu/dev_ws/install/learning_cv:/opt/ros/humble /usr/bin/cmake --install /home/ubuntu/ws_engineer/build/moveit_demo
[0.160s] -- Install configuration: ""
[0.160s] -- Up-to-date: /home/ubuntu/ws_engineer/install/moveit_demo/lib/moveit_demo/simple_motion_node
[0.161s] -- Up-to-date: /home/ubuntu/ws_engineer/install/moveit_demo/lib/moveit_demo/move_controller_test
[0.161s] -- Up-to-date: /home/ubuntu/ws_engineer/install/moveit_demo/share/ament_index/resource_index/package_run_dependencies/moveit_demo
[0.161s] -- Up-to-date: /home/ubuntu/ws_engineer/install/moveit_demo/share/ament_index/resource_index/parent_prefix_path/moveit_demo
[0.161s] -- Up-to-date: /home/ubuntu/ws_engineer/install/moveit_demo/share/moveit_demo/environment/ament_prefix_path.sh
[0.161s] -- Up-to-date: /home/ubuntu/ws_engineer/install/moveit_demo/share/moveit_demo/environment/ament_prefix_path.dsv
[0.162s] -- Up-to-date: /home/ubuntu/ws_engineer/install/moveit_demo/share/moveit_demo/environment/path.sh
[0.162s] -- Up-to-date: /home/ubuntu/ws_engineer/install/moveit_demo/share/moveit_demo/environment/path.dsv
[0.162s] -- Up-to-date: /home/ubuntu/ws_engineer/install/moveit_demo/share/moveit_demo/local_setup.bash
[0.162s] -- Up-to-date: /home/ubuntu/ws_engineer/install/moveit_demo/share/moveit_demo/local_setup.sh
[0.162s] -- Up-to-date: /home/ubuntu/ws_engineer/install/moveit_demo/share/moveit_demo/local_setup.zsh
[0.162s] -- Up-to-date: /home/ubuntu/ws_engineer/install/moveit_demo/share/moveit_demo/local_setup.dsv
[0.162s] -- Installing: /home/ubuntu/ws_engineer/install/moveit_demo/share/moveit_demo/package.dsv
[0.163s] -- Up-to-date: /home/ubuntu/ws_engineer/install/moveit_demo/share/ament_index/resource_index/packages/moveit_demo
[0.163s] -- Up-to-date: /home/ubuntu/ws_engineer/install/moveit_demo/share/moveit_demo/cmake/moveit_demoConfig.cmake
[0.163s] -- Up-to-date: /home/ubuntu/ws_engineer/install/moveit_demo/share/moveit_demo/cmake/moveit_demoConfig-version.cmake
[0.163s] -- Up-to-date: /home/ubuntu/ws_engineer/install/moveit_demo/share/moveit_demo/package.xml
[0.187s] Invoked command in '/home/ubuntu/ws_engineer/build/moveit_demo' returned '0': CMAKE_PREFIX_PATH=${CMAKE_PREFIX_PATH}:/home/ubuntu/ws_moveit/install/moveit_configs_utils:/home/ubuntu/ws_moveit/install/launch_param_builder:/home/ubuntu/ws00_helloworld/install/pkg02_helloworld_py:/home/ubuntu/dev_ws/install/learning_urdf:/home/ubuntu/dev_ws/install/learning_topic:/home/ubuntu/dev_ws/install/learning_tf:/home/ubuntu/dev_ws/install/learning_service:/home/ubuntu/dev_ws/install/learning_qos:/home/ubuntu/dev_ws/install/learning_pkg_python:/home/ubuntu/dev_ws/install/learning_parameter:/home/ubuntu/dev_ws/install/learning_node:/home/ubuntu/dev_ws/install/learning_launch:/home/ubuntu/dev_ws/install/learning_action:/home/ubuntu/dev_ws/install/learning_gazebo_harmonic:/home/ubuntu/dev_ws/install/learning_gazebo:/home/ubuntu/dev_ws/install/learning_cv:/opt/ros/humble /usr/bin/cmake --install /home/ubuntu/ws_engineer/build/moveit_demo
