[0.024s] Invoking command in '/home/user/ws_siasun/build/robot_control': AMENT_PREFIX_PATH=/home/user/ws_siasun/install/duco_msg:${AMENT_PREFIX_PATH} CMAKE_PREFIX_PATH=/home/user/ws_siasun/install/duco_msg:/opt/ros/humble LD_LIBRARY_PATH=/home/user/ws_siasun/install/duco_msg/lib:${LD_LIBRARY_PATH} PYTHONPATH=/home/user/ws_siasun/install/duco_msg/local/lib/python3.10/dist-packages:${PYTHONPATH} /usr/bin/cmake --build /home/user/ws_siasun/build/robot_control -- -j16 -l16
[0.083s] [100%] Built target robot_control
[0.095s] Invoked command in '/home/user/ws_siasun/build/robot_control' returned '0': AMENT_PREFIX_PATH=/home/user/ws_siasun/install/duco_msg:${AMENT_PREFIX_PATH} CMAKE_PREFIX_PATH=/home/user/ws_siasun/install/duco_msg:/opt/ros/humble LD_LIBRARY_PATH=/home/user/ws_siasun/install/duco_msg/lib:${LD_LIBRARY_PATH} PYTHONPATH=/home/user/ws_siasun/install/duco_msg/local/lib/python3.10/dist-packages:${PYTHONPATH} /usr/bin/cmake --build /home/user/ws_siasun/build/robot_control -- -j16 -l16
[0.097s] Invoking command in '/home/user/ws_siasun/build/robot_control': AMENT_PREFIX_PATH=/home/user/ws_siasun/install/duco_msg:${AMENT_PREFIX_PATH} CMAKE_PREFIX_PATH=/home/user/ws_siasun/install/duco_msg:/opt/ros/humble LD_LIBRARY_PATH=/home/user/ws_siasun/install/duco_msg/lib:${LD_LIBRARY_PATH} PYTHONPATH=/home/user/ws_siasun/install/duco_msg/local/lib/python3.10/dist-packages:${PYTHONPATH} /usr/bin/cmake --install /home/user/ws_siasun/build/robot_control
[0.104s] -- Install configuration: ""
[0.104s] -- Up-to-date: /home/user/ws_siasun/install/robot_control/lib/robot_control/robot_control
[0.104s] -- Up-to-date: /home/user/ws_siasun/install/robot_control/share/robot_control/launch
[0.104s] -- Up-to-date: /home/user/ws_siasun/install/robot_control/share/robot_control/launch/demo.launch.py
[0.104s] -- Up-to-date: /home/user/ws_siasun/install/robot_control/share/ament_index/resource_index/package_run_dependencies/robot_control
[0.104s] -- Up-to-date: /home/user/ws_siasun/install/robot_control/share/ament_index/resource_index/parent_prefix_path/robot_control
[0.104s] -- Up-to-date: /home/user/ws_siasun/install/robot_control/share/robot_control/environment/ament_prefix_path.sh
[0.104s] -- Up-to-date: /home/user/ws_siasun/install/robot_control/share/robot_control/environment/ament_prefix_path.dsv
[0.104s] -- Up-to-date: /home/user/ws_siasun/install/robot_control/share/robot_control/environment/path.sh
[0.104s] -- Up-to-date: /home/user/ws_siasun/install/robot_control/share/robot_control/environment/path.dsv
[0.104s] -- Up-to-date: /home/user/ws_siasun/install/robot_control/share/robot_control/local_setup.bash
[0.105s] -- Up-to-date: /home/user/ws_siasun/install/robot_control/share/robot_control/local_setup.sh
[0.105s] -- Up-to-date: /home/user/ws_siasun/install/robot_control/share/robot_control/local_setup.zsh
[0.105s] -- Up-to-date: /home/user/ws_siasun/install/robot_control/share/robot_control/local_setup.dsv
[0.106s] -- Installing: /home/user/ws_siasun/install/robot_control/share/robot_control/package.dsv
[0.106s] -- Up-to-date: /home/user/ws_siasun/install/robot_control/share/ament_index/resource_index/packages/robot_control
[0.106s] -- Up-to-date: /home/user/ws_siasun/install/robot_control/share/robot_control/cmake/robot_controlConfig.cmake
[0.106s] -- Up-to-date: /home/user/ws_siasun/install/robot_control/share/robot_control/cmake/robot_controlConfig-version.cmake
[0.106s] -- Up-to-date: /home/user/ws_siasun/install/robot_control/share/robot_control/package.xml
[0.116s] Invoked command in '/home/user/ws_siasun/build/robot_control' returned '0': AMENT_PREFIX_PATH=/home/user/ws_siasun/install/duco_msg:${AMENT_PREFIX_PATH} CMAKE_PREFIX_PATH=/home/user/ws_siasun/install/duco_msg:/opt/ros/humble LD_LIBRARY_PATH=/home/user/ws_siasun/install/duco_msg/lib:${LD_LIBRARY_PATH} PYTHONPATH=/home/user/ws_siasun/install/duco_msg/local/lib/python3.10/dist-packages:${PYTHONPATH} /usr/bin/cmake --install /home/user/ws_siasun/build/robot_control
