[0.066s] DEBUG:colcon:Command line arguments: ['/usr/bin/colcon', 'build']
[0.066s] DEBUG:colcon:Parsed command line arguments: Namespace(log_base=None, log_level=None, verb_name='build', build_base='build', install_base='install', merge_install=False, symlink_install=False, test_result_base=None, continue_on_error=False, executor='parallel', parallel_workers=16, event_handlers=None, ignore_user_meta=False, metas=['./colcon.meta'], base_paths=['.'], packages_ignore=None, packages_ignore_regex=None, paths=None, packages_up_to=None, packages_up_to_regex=None, packages_above=None, packages_above_and_dependencies=None, packages_above_depth=None, packages_select_by_dep=None, packages_skip_by_dep=None, packages_skip_up_to=None, packages_select_build_failed=False, packages_skip_build_finished=False, packages_select_test_failures=False, packages_skip_test_passed=False, packages_select=None, packages_skip=None, packages_select_regex=None, packages_skip_regex=None, packages_start=None, packages_end=None, allow_overriding=[], cmake_args=None, cmake_target=None, cmake_target_skip_unavailable=False, cmake_clean_cache=False, cmake_clean_first=False, cmake_force_configure=False, ament_cmake_args=None, catkin_cmake_args=None, catkin_skip_building_tests=False, verb_parser=<colcon_defaults.argument_parser.defaults.DefaultArgumentsDecorator object at 0x7da4e1d10040>, verb_extension=<colcon_core.verb.build.BuildVerb object at 0x7da4e1ed1990>, main=<bound method BuildVerb.main of <colcon_core.verb.build.BuildVerb object at 0x7da4e1ed1990>>)
[0.159s] Level 1:colcon.colcon_core.package_discovery:discover_packages(colcon_meta) check parameters
[0.159s] Level 1:colcon.colcon_core.package_discovery:discover_packages(recursive) check parameters
[0.159s] Level 1:colcon.colcon_core.package_discovery:discover_packages(ignore) check parameters
[0.159s] Level 1:colcon.colcon_core.package_discovery:discover_packages(path) check parameters
[0.159s] Level 1:colcon.colcon_core.package_discovery:discover_packages(colcon_meta) discover
[0.159s] Level 1:colcon.colcon_core.package_discovery:discover_packages(recursive) discover
[0.159s] INFO:colcon.colcon_core.package_discovery:Crawling recursively for packages in '/home/user/ws_siasun'
[0.159s] Level 1:colcon.colcon_core.package_identification:_identify(.) by extensions ['ignore', 'ignore_ament_install']
[0.159s] Level 1:colcon.colcon_core.package_identification:_identify(.) by extension 'ignore'
[0.159s] Level 1:colcon.colcon_core.package_identification:_identify(.) by extension 'ignore_ament_install'
[0.159s] Level 1:colcon.colcon_core.package_identification:_identify(.) by extensions ['colcon_pkg']
[0.159s] Level 1:colcon.colcon_core.package_identification:_identify(.) by extension 'colcon_pkg'
[0.159s] Level 1:colcon.colcon_core.package_identification:_identify(.) by extensions ['colcon_meta']
[0.159s] Level 1:colcon.colcon_core.package_identification:_identify(.) by extension 'colcon_meta'
[0.159s] Level 1:colcon.colcon_core.package_identification:_identify(.) by extensions ['ros']
[0.159s] Level 1:colcon.colcon_core.package_identification:_identify(.) by extension 'ros'
[0.167s] Level 1:colcon.colcon_core.package_identification:_identify(.) by extensions ['cmake', 'python']
[0.167s] Level 1:colcon.colcon_core.package_identification:_identify(.) by extension 'cmake'
[0.167s] Level 1:colcon.colcon_core.package_identification:_identify(.) by extension 'python'
[0.167s] Level 1:colcon.colcon_core.package_identification:_identify(.) by extensions ['python_setup_py']
[0.167s] Level 1:colcon.colcon_core.package_identification:_identify(.) by extension 'python_setup_py'
[0.167s] Level 1:colcon.colcon_core.package_identification:_identify(build) by extensions ['ignore', 'ignore_ament_install']
[0.167s] Level 1:colcon.colcon_core.package_identification:_identify(build) by extension 'ignore'
[0.167s] Level 1:colcon.colcon_core.package_identification:_identify(build) ignored
[0.167s] Level 1:colcon.colcon_core.package_identification:_identify(install) by extensions ['ignore', 'ignore_ament_install']
[0.167s] Level 1:colcon.colcon_core.package_identification:_identify(install) by extension 'ignore'
[0.167s] Level 1:colcon.colcon_core.package_identification:_identify(install) ignored
[0.167s] Level 1:colcon.colcon_core.package_identification:_identify(log) by extensions ['ignore', 'ignore_ament_install']
[0.167s] Level 1:colcon.colcon_core.package_identification:_identify(log) by extension 'ignore'
[0.167s] Level 1:colcon.colcon_core.package_identification:_identify(log) ignored
[0.167s] Level 1:colcon.colcon_core.package_identification:_identify(src) by extensions ['ignore', 'ignore_ament_install']
[0.168s] Level 1:colcon.colcon_core.package_identification:_identify(src) by extension 'ignore'
[0.168s] Level 1:colcon.colcon_core.package_identification:_identify(src) by extension 'ignore_ament_install'
[0.168s] Level 1:colcon.colcon_core.package_identification:_identify(src) by extensions ['colcon_pkg']
[0.168s] Level 1:colcon.colcon_core.package_identification:_identify(src) by extension 'colcon_pkg'
[0.168s] Level 1:colcon.colcon_core.package_identification:_identify(src) by extensions ['colcon_meta']
[0.168s] Level 1:colcon.colcon_core.package_identification:_identify(src) by extension 'colcon_meta'
[0.168s] Level 1:colcon.colcon_core.package_identification:_identify(src) by extensions ['ros']
[0.168s] Level 1:colcon.colcon_core.package_identification:_identify(src) by extension 'ros'
[0.168s] Level 1:colcon.colcon_core.package_identification:_identify(src) by extensions ['cmake', 'python']
[0.168s] Level 1:colcon.colcon_core.package_identification:_identify(src) by extension 'cmake'
[0.168s] Level 1:colcon.colcon_core.package_identification:_identify(src) by extension 'python'
[0.168s] Level 1:colcon.colcon_core.package_identification:_identify(src) by extensions ['python_setup_py']
[0.168s] Level 1:colcon.colcon_core.package_identification:_identify(src) by extension 'python_setup_py'
[0.168s] Level 1:colcon.colcon_core.package_identification:_identify(src/aivt) by extensions ['ignore', 'ignore_ament_install']
[0.168s] Level 1:colcon.colcon_core.package_identification:_identify(src/aivt) by extension 'ignore'
[0.168s] Level 1:colcon.colcon_core.package_identification:_identify(src/aivt) by extension 'ignore_ament_install'
[0.168s] Level 1:colcon.colcon_core.package_identification:_identify(src/aivt) by extensions ['colcon_pkg']
[0.168s] Level 1:colcon.colcon_core.package_identification:_identify(src/aivt) by extension 'colcon_pkg'
[0.168s] Level 1:colcon.colcon_core.package_identification:_identify(src/aivt) by extensions ['colcon_meta']
[0.168s] Level 1:colcon.colcon_core.package_identification:_identify(src/aivt) by extension 'colcon_meta'
[0.168s] Level 1:colcon.colcon_core.package_identification:_identify(src/aivt) by extensions ['ros']
[0.168s] Level 1:colcon.colcon_core.package_identification:_identify(src/aivt) by extension 'ros'
[0.170s] DEBUG:colcon.colcon_core.package_identification:Package 'src/aivt' with type 'ros.ament_cmake' and name 'aivt'
[0.170s] Level 1:colcon.colcon_core.package_identification:_identify(src/aivt_interfaces) by extensions ['ignore', 'ignore_ament_install']
[0.170s] Level 1:colcon.colcon_core.package_identification:_identify(src/aivt_interfaces) by extension 'ignore'
[0.170s] Level 1:colcon.colcon_core.package_identification:_identify(src/aivt_interfaces) by extension 'ignore_ament_install'
[0.170s] Level 1:colcon.colcon_core.package_identification:_identify(src/aivt_interfaces) by extensions ['colcon_pkg']
[0.170s] Level 1:colcon.colcon_core.package_identification:_identify(src/aivt_interfaces) by extension 'colcon_pkg'
[0.170s] Level 1:colcon.colcon_core.package_identification:_identify(src/aivt_interfaces) by extensions ['colcon_meta']
[0.170s] Level 1:colcon.colcon_core.package_identification:_identify(src/aivt_interfaces) by extension 'colcon_meta'
[0.170s] Level 1:colcon.colcon_core.package_identification:_identify(src/aivt_interfaces) by extensions ['ros']
[0.170s] Level 1:colcon.colcon_core.package_identification:_identify(src/aivt_interfaces) by extension 'ros'
[0.171s] DEBUG:colcon.colcon_core.package_identification:Package 'src/aivt_interfaces' with type 'ros.ament_cmake' and name 'aivt_interfaces'
[0.171s] Level 1:colcon.colcon_core.package_identification:_identify(src/duco_arms) by extensions ['ignore', 'ignore_ament_install']
[0.171s] Level 1:colcon.colcon_core.package_identification:_identify(src/duco_arms) by extension 'ignore'
[0.171s] Level 1:colcon.colcon_core.package_identification:_identify(src/duco_arms) by extension 'ignore_ament_install'
[0.171s] Level 1:colcon.colcon_core.package_identification:_identify(src/duco_arms) by extensions ['colcon_pkg']
[0.171s] Level 1:colcon.colcon_core.package_identification:_identify(src/duco_arms) by extension 'colcon_pkg'
[0.171s] Level 1:colcon.colcon_core.package_identification:_identify(src/duco_arms) by extensions ['colcon_meta']
[0.171s] Level 1:colcon.colcon_core.package_identification:_identify(src/duco_arms) by extension 'colcon_meta'
[0.171s] Level 1:colcon.colcon_core.package_identification:_identify(src/duco_arms) by extensions ['ros']
[0.171s] Level 1:colcon.colcon_core.package_identification:_identify(src/duco_arms) by extension 'ros'
[0.171s] DEBUG:colcon.colcon_core.package_identification:Package 'src/duco_arms' with type 'ros.ament_cmake' and name 'duco_arms'
[0.172s] Level 1:colcon.colcon_core.package_identification:_identify(src/duco_gcr3_618_moveit_config) by extensions ['ignore', 'ignore_ament_install']
[0.172s] Level 1:colcon.colcon_core.package_identification:_identify(src/duco_gcr3_618_moveit_config) by extension 'ignore'
[0.172s] Level 1:colcon.colcon_core.package_identification:_identify(src/duco_gcr3_618_moveit_config) by extension 'ignore_ament_install'
[0.172s] Level 1:colcon.colcon_core.package_identification:_identify(src/duco_gcr3_618_moveit_config) by extensions ['colcon_pkg']
[0.172s] Level 1:colcon.colcon_core.package_identification:_identify(src/duco_gcr3_618_moveit_config) by extension 'colcon_pkg'
[0.172s] Level 1:colcon.colcon_core.package_identification:_identify(src/duco_gcr3_618_moveit_config) by extensions ['colcon_meta']
[0.172s] Level 1:colcon.colcon_core.package_identification:_identify(src/duco_gcr3_618_moveit_config) by extension 'colcon_meta'
[0.172s] Level 1:colcon.colcon_core.package_identification:_identify(src/duco_gcr3_618_moveit_config) by extensions ['ros']
[0.172s] Level 1:colcon.colcon_core.package_identification:_identify(src/duco_gcr3_618_moveit_config) by extension 'ros'
[0.172s] DEBUG:colcon.colcon_core.package_identification:Package 'src/duco_gcr3_618_moveit_config' with type 'ros.ament_cmake' and name 'duco_gcr3_618_moveit_config'
[0.172s] Level 1:colcon.colcon_core.package_identification:_identify(src/duco_msg) by extensions ['ignore', 'ignore_ament_install']
[0.172s] Level 1:colcon.colcon_core.package_identification:_identify(src/duco_msg) by extension 'ignore'
[0.172s] Level 1:colcon.colcon_core.package_identification:_identify(src/duco_msg) by extension 'ignore_ament_install'
[0.172s] Level 1:colcon.colcon_core.package_identification:_identify(src/duco_msg) by extensions ['colcon_pkg']
[0.172s] Level 1:colcon.colcon_core.package_identification:_identify(src/duco_msg) by extension 'colcon_pkg'
[0.172s] Level 1:colcon.colcon_core.package_identification:_identify(src/duco_msg) by extensions ['colcon_meta']
[0.172s] Level 1:colcon.colcon_core.package_identification:_identify(src/duco_msg) by extension 'colcon_meta'
[0.172s] Level 1:colcon.colcon_core.package_identification:_identify(src/duco_msg) by extensions ['ros']
[0.173s] Level 1:colcon.colcon_core.package_identification:_identify(src/duco_msg) by extension 'ros'
[0.173s] DEBUG:colcon.colcon_core.package_identification:Package 'src/duco_msg' with type 'ros.ament_cmake' and name 'duco_msg'
[0.173s] Level 1:colcon.colcon_core.package_identification:_identify(src/duco_ros_driver) by extensions ['ignore', 'ignore_ament_install']
[0.173s] Level 1:colcon.colcon_core.package_identification:_identify(src/duco_ros_driver) by extension 'ignore'
[0.173s] Level 1:colcon.colcon_core.package_identification:_identify(src/duco_ros_driver) by extension 'ignore_ament_install'
[0.173s] Level 1:colcon.colcon_core.package_identification:_identify(src/duco_ros_driver) by extensions ['colcon_pkg']
[0.173s] Level 1:colcon.colcon_core.package_identification:_identify(src/duco_ros_driver) by extension 'colcon_pkg'
[0.173s] Level 1:colcon.colcon_core.package_identification:_identify(src/duco_ros_driver) by extensions ['colcon_meta']
[0.173s] Level 1:colcon.colcon_core.package_identification:_identify(src/duco_ros_driver) by extension 'colcon_meta'
[0.173s] Level 1:colcon.colcon_core.package_identification:_identify(src/duco_ros_driver) by extensions ['ros']
[0.173s] Level 1:colcon.colcon_core.package_identification:_identify(src/duco_ros_driver) by extension 'ros'
[0.174s] DEBUG:colcon.colcon_core.package_identification:Package 'src/duco_ros_driver' with type 'ros.ament_cmake' and name 'duco_ros_driver'
[0.174s] Level 1:colcon.colcon_core.package_identification:_identify(src/duco_support) by extensions ['ignore', 'ignore_ament_install']
[0.174s] Level 1:colcon.colcon_core.package_identification:_identify(src/duco_support) by extension 'ignore'
[0.174s] Level 1:colcon.colcon_core.package_identification:_identify(src/duco_support) by extension 'ignore_ament_install'
[0.174s] Level 1:colcon.colcon_core.package_identification:_identify(src/duco_support) by extensions ['colcon_pkg']
[0.174s] Level 1:colcon.colcon_core.package_identification:_identify(src/duco_support) by extension 'colcon_pkg'
[0.174s] Level 1:colcon.colcon_core.package_identification:_identify(src/duco_support) by extensions ['colcon_meta']
[0.174s] Level 1:colcon.colcon_core.package_identification:_identify(src/duco_support) by extension 'colcon_meta'
[0.174s] Level 1:colcon.colcon_core.package_identification:_identify(src/duco_support) by extensions ['ros']
[0.174s] Level 1:colcon.colcon_core.package_identification:_identify(src/duco_support) by extension 'ros'
[0.174s] DEBUG:colcon.colcon_core.package_identification:Package 'src/duco_support' with type 'ros.ament_cmake' and name 'duco_support'
[0.174s] Level 1:colcon.colcon_core.package_identification:_identify(src/robot_control) by extensions ['ignore', 'ignore_ament_install']
[0.174s] Level 1:colcon.colcon_core.package_identification:_identify(src/robot_control) by extension 'ignore'
[0.174s] Level 1:colcon.colcon_core.package_identification:_identify(src/robot_control) by extension 'ignore_ament_install'
[0.174s] Level 1:colcon.colcon_core.package_identification:_identify(src/robot_control) by extensions ['colcon_pkg']
[0.174s] Level 1:colcon.colcon_core.package_identification:_identify(src/robot_control) by extension 'colcon_pkg'
[0.174s] Level 1:colcon.colcon_core.package_identification:_identify(src/robot_control) by extensions ['colcon_meta']
[0.174s] Level 1:colcon.colcon_core.package_identification:_identify(src/robot_control) by extension 'colcon_meta'
[0.174s] Level 1:colcon.colcon_core.package_identification:_identify(src/robot_control) by extensions ['ros']
[0.175s] Level 1:colcon.colcon_core.package_identification:_identify(src/robot_control) by extension 'ros'
[0.175s] DEBUG:colcon.colcon_core.package_identification:Package 'src/robot_control' with type 'ros.ament_cmake' and name 'robot_control'
[0.175s] Level 1:colcon.colcon_core.package_discovery:discover_packages(recursive) using defaults
[0.175s] Level 1:colcon.colcon_core.package_discovery:discover_packages(ignore) discover
[0.175s] Level 1:colcon.colcon_core.package_discovery:discover_packages(ignore) using defaults
[0.175s] Level 1:colcon.colcon_core.package_discovery:discover_packages(path) discover
[0.175s] Level 1:colcon.colcon_core.package_discovery:discover_packages(path) using defaults
[0.195s] Level 1:colcon.colcon_core.package_discovery:discover_packages(prefix_path) check parameters
[0.195s] Level 1:colcon.colcon_core.package_discovery:discover_packages(prefix_path) discover
[0.196s] DEBUG:colcon.colcon_installed_package_information.package_discovery:Found 8 installed packages in /home/user/ws_siasun/install
[0.197s] DEBUG:colcon.colcon_installed_package_information.package_discovery:Found 325 installed packages in /opt/ros/humble
[0.198s] Level 1:colcon.colcon_core.package_discovery:discover_packages(prefix_path) using defaults
[0.219s] Level 5:colcon.colcon_core.verb:set package 'aivt_interfaces' build argument 'cmake_args' from command line to 'None'
[0.219s] Level 5:colcon.colcon_core.verb:set package 'aivt_interfaces' build argument 'cmake_target' from command line to 'None'
[0.219s] Level 5:colcon.colcon_core.verb:set package 'aivt_interfaces' build argument 'cmake_target_skip_unavailable' from command line to 'False'
[0.219s] Level 5:colcon.colcon_core.verb:set package 'aivt_interfaces' build argument 'cmake_clean_cache' from command line to 'False'
[0.219s] Level 5:colcon.colcon_core.verb:set package 'aivt_interfaces' build argument 'cmake_clean_first' from command line to 'False'
[0.220s] Level 5:colcon.colcon_core.verb:set package 'aivt_interfaces' build argument 'cmake_force_configure' from command line to 'False'
[0.220s] Level 5:colcon.colcon_core.verb:set package 'aivt_interfaces' build argument 'ament_cmake_args' from command line to 'None'
[0.220s] Level 5:colcon.colcon_core.verb:set package 'aivt_interfaces' build argument 'catkin_cmake_args' from command line to 'None'
[0.220s] Level 5:colcon.colcon_core.verb:set package 'aivt_interfaces' build argument 'catkin_skip_building_tests' from command line to 'False'
[0.220s] DEBUG:colcon.colcon_core.verb:Building package 'aivt_interfaces' with the following arguments: {'ament_cmake_args': None, 'build_base': '/home/user/ws_siasun/build/aivt_interfaces', 'catkin_cmake_args': None, 'catkin_skip_building_tests': False, 'cmake_args': None, 'cmake_clean_cache': False, 'cmake_clean_first': False, 'cmake_force_configure': False, 'cmake_target': None, 'cmake_target_skip_unavailable': False, 'install_base': '/home/user/ws_siasun/install/aivt_interfaces', 'merge_install': False, 'path': '/home/user/ws_siasun/src/aivt_interfaces', 'symlink_install': False, 'test_result_base': None}
[0.220s] Level 5:colcon.colcon_core.verb:set package 'duco_msg' build argument 'cmake_args' from command line to 'None'
[0.220s] Level 5:colcon.colcon_core.verb:set package 'duco_msg' build argument 'cmake_target' from command line to 'None'
[0.220s] Level 5:colcon.colcon_core.verb:set package 'duco_msg' build argument 'cmake_target_skip_unavailable' from command line to 'False'
[0.220s] Level 5:colcon.colcon_core.verb:set package 'duco_msg' build argument 'cmake_clean_cache' from command line to 'False'
[0.220s] Level 5:colcon.colcon_core.verb:set package 'duco_msg' build argument 'cmake_clean_first' from command line to 'False'
[0.220s] Level 5:colcon.colcon_core.verb:set package 'duco_msg' build argument 'cmake_force_configure' from command line to 'False'
[0.220s] Level 5:colcon.colcon_core.verb:set package 'duco_msg' build argument 'ament_cmake_args' from command line to 'None'
[0.220s] Level 5:colcon.colcon_core.verb:set package 'duco_msg' build argument 'catkin_cmake_args' from command line to 'None'
[0.220s] Level 5:colcon.colcon_core.verb:set package 'duco_msg' build argument 'catkin_skip_building_tests' from command line to 'False'
[0.220s] DEBUG:colcon.colcon_core.verb:Building package 'duco_msg' with the following arguments: {'ament_cmake_args': None, 'build_base': '/home/user/ws_siasun/build/duco_msg', 'catkin_cmake_args': None, 'catkin_skip_building_tests': False, 'cmake_args': None, 'cmake_clean_cache': False, 'cmake_clean_first': False, 'cmake_force_configure': False, 'cmake_target': None, 'cmake_target_skip_unavailable': False, 'install_base': '/home/user/ws_siasun/install/duco_msg', 'merge_install': False, 'path': '/home/user/ws_siasun/src/duco_msg', 'symlink_install': False, 'test_result_base': None}
[0.220s] Level 5:colcon.colcon_core.verb:set package 'duco_support' build argument 'cmake_args' from command line to 'None'
[0.220s] Level 5:colcon.colcon_core.verb:set package 'duco_support' build argument 'cmake_target' from command line to 'None'
[0.220s] Level 5:colcon.colcon_core.verb:set package 'duco_support' build argument 'cmake_target_skip_unavailable' from command line to 'False'
[0.220s] Level 5:colcon.colcon_core.verb:set package 'duco_support' build argument 'cmake_clean_cache' from command line to 'False'
[0.220s] Level 5:colcon.colcon_core.verb:set package 'duco_support' build argument 'cmake_clean_first' from command line to 'False'
[0.220s] Level 5:colcon.colcon_core.verb:set package 'duco_support' build argument 'cmake_force_configure' from command line to 'False'
[0.220s] Level 5:colcon.colcon_core.verb:set package 'duco_support' build argument 'ament_cmake_args' from command line to 'None'
[0.220s] Level 5:colcon.colcon_core.verb:set package 'duco_support' build argument 'catkin_cmake_args' from command line to 'None'
[0.220s] Level 5:colcon.colcon_core.verb:set package 'duco_support' build argument 'catkin_skip_building_tests' from command line to 'False'
[0.220s] DEBUG:colcon.colcon_core.verb:Building package 'duco_support' with the following arguments: {'ament_cmake_args': None, 'build_base': '/home/user/ws_siasun/build/duco_support', 'catkin_cmake_args': None, 'catkin_skip_building_tests': False, 'cmake_args': None, 'cmake_clean_cache': False, 'cmake_clean_first': False, 'cmake_force_configure': False, 'cmake_target': None, 'cmake_target_skip_unavailable': False, 'install_base': '/home/user/ws_siasun/install/duco_support', 'merge_install': False, 'path': '/home/user/ws_siasun/src/duco_support', 'symlink_install': False, 'test_result_base': None}
[0.220s] Level 5:colcon.colcon_core.verb:set package 'duco_arms' build argument 'cmake_args' from command line to 'None'
[0.220s] Level 5:colcon.colcon_core.verb:set package 'duco_arms' build argument 'cmake_target' from command line to 'None'
[0.220s] Level 5:colcon.colcon_core.verb:set package 'duco_arms' build argument 'cmake_target_skip_unavailable' from command line to 'False'
[0.220s] Level 5:colcon.colcon_core.verb:set package 'duco_arms' build argument 'cmake_clean_cache' from command line to 'False'
[0.220s] Level 5:colcon.colcon_core.verb:set package 'duco_arms' build argument 'cmake_clean_first' from command line to 'False'
[0.220s] Level 5:colcon.colcon_core.verb:set package 'duco_arms' build argument 'cmake_force_configure' from command line to 'False'
[0.220s] Level 5:colcon.colcon_core.verb:set package 'duco_arms' build argument 'ament_cmake_args' from command line to 'None'
[0.220s] Level 5:colcon.colcon_core.verb:set package 'duco_arms' build argument 'catkin_cmake_args' from command line to 'None'
[0.220s] Level 5:colcon.colcon_core.verb:set package 'duco_arms' build argument 'catkin_skip_building_tests' from command line to 'False'
[0.220s] DEBUG:colcon.colcon_core.verb:Building package 'duco_arms' with the following arguments: {'ament_cmake_args': None, 'build_base': '/home/user/ws_siasun/build/duco_arms', 'catkin_cmake_args': None, 'catkin_skip_building_tests': False, 'cmake_args': None, 'cmake_clean_cache': False, 'cmake_clean_first': False, 'cmake_force_configure': False, 'cmake_target': None, 'cmake_target_skip_unavailable': False, 'install_base': '/home/user/ws_siasun/install/duco_arms', 'merge_install': False, 'path': '/home/user/ws_siasun/src/duco_arms', 'symlink_install': False, 'test_result_base': None}
[0.221s] Level 5:colcon.colcon_core.verb:set package 'duco_gcr3_618_moveit_config' build argument 'cmake_args' from command line to 'None'
[0.221s] Level 5:colcon.colcon_core.verb:set package 'duco_gcr3_618_moveit_config' build argument 'cmake_target' from command line to 'None'
[0.221s] Level 5:colcon.colcon_core.verb:set package 'duco_gcr3_618_moveit_config' build argument 'cmake_target_skip_unavailable' from command line to 'False'
[0.221s] Level 5:colcon.colcon_core.verb:set package 'duco_gcr3_618_moveit_config' build argument 'cmake_clean_cache' from command line to 'False'
[0.221s] Level 5:colcon.colcon_core.verb:set package 'duco_gcr3_618_moveit_config' build argument 'cmake_clean_first' from command line to 'False'
[0.221s] Level 5:colcon.colcon_core.verb:set package 'duco_gcr3_618_moveit_config' build argument 'cmake_force_configure' from command line to 'False'
[0.221s] Level 5:colcon.colcon_core.verb:set package 'duco_gcr3_618_moveit_config' build argument 'ament_cmake_args' from command line to 'None'
[0.221s] Level 5:colcon.colcon_core.verb:set package 'duco_gcr3_618_moveit_config' build argument 'catkin_cmake_args' from command line to 'None'
[0.221s] Level 5:colcon.colcon_core.verb:set package 'duco_gcr3_618_moveit_config' build argument 'catkin_skip_building_tests' from command line to 'False'
[0.221s] DEBUG:colcon.colcon_core.verb:Building package 'duco_gcr3_618_moveit_config' with the following arguments: {'ament_cmake_args': None, 'build_base': '/home/user/ws_siasun/build/duco_gcr3_618_moveit_config', 'catkin_cmake_args': None, 'catkin_skip_building_tests': False, 'cmake_args': None, 'cmake_clean_cache': False, 'cmake_clean_first': False, 'cmake_force_configure': False, 'cmake_target': None, 'cmake_target_skip_unavailable': False, 'install_base': '/home/user/ws_siasun/install/duco_gcr3_618_moveit_config', 'merge_install': False, 'path': '/home/user/ws_siasun/src/duco_gcr3_618_moveit_config', 'symlink_install': False, 'test_result_base': None}
[0.221s] Level 5:colcon.colcon_core.verb:set package 'robot_control' build argument 'cmake_args' from command line to 'None'
[0.221s] Level 5:colcon.colcon_core.verb:set package 'robot_control' build argument 'cmake_target' from command line to 'None'
[0.221s] Level 5:colcon.colcon_core.verb:set package 'robot_control' build argument 'cmake_target_skip_unavailable' from command line to 'False'
[0.221s] Level 5:colcon.colcon_core.verb:set package 'robot_control' build argument 'cmake_clean_cache' from command line to 'False'
[0.221s] Level 5:colcon.colcon_core.verb:set package 'robot_control' build argument 'cmake_clean_first' from command line to 'False'
[0.221s] Level 5:colcon.colcon_core.verb:set package 'robot_control' build argument 'cmake_force_configure' from command line to 'False'
[0.221s] Level 5:colcon.colcon_core.verb:set package 'robot_control' build argument 'ament_cmake_args' from command line to 'None'
[0.221s] Level 5:colcon.colcon_core.verb:set package 'robot_control' build argument 'catkin_cmake_args' from command line to 'None'
[0.221s] Level 5:colcon.colcon_core.verb:set package 'robot_control' build argument 'catkin_skip_building_tests' from command line to 'False'
[0.221s] DEBUG:colcon.colcon_core.verb:Building package 'robot_control' with the following arguments: {'ament_cmake_args': None, 'build_base': '/home/user/ws_siasun/build/robot_control', 'catkin_cmake_args': None, 'catkin_skip_building_tests': False, 'cmake_args': None, 'cmake_clean_cache': False, 'cmake_clean_first': False, 'cmake_force_configure': False, 'cmake_target': None, 'cmake_target_skip_unavailable': False, 'install_base': '/home/user/ws_siasun/install/robot_control', 'merge_install': False, 'path': '/home/user/ws_siasun/src/robot_control', 'symlink_install': False, 'test_result_base': None}
[0.221s] Level 5:colcon.colcon_core.verb:set package 'duco_ros_driver' build argument 'cmake_args' from command line to 'None'
[0.221s] Level 5:colcon.colcon_core.verb:set package 'duco_ros_driver' build argument 'cmake_target' from command line to 'None'
[0.221s] Level 5:colcon.colcon_core.verb:set package 'duco_ros_driver' build argument 'cmake_target_skip_unavailable' from command line to 'False'
[0.221s] Level 5:colcon.colcon_core.verb:set package 'duco_ros_driver' build argument 'cmake_clean_cache' from command line to 'False'
[0.221s] Level 5:colcon.colcon_core.verb:set package 'duco_ros_driver' build argument 'cmake_clean_first' from command line to 'False'
[0.221s] Level 5:colcon.colcon_core.verb:set package 'duco_ros_driver' build argument 'cmake_force_configure' from command line to 'False'
[0.221s] Level 5:colcon.colcon_core.verb:set package 'duco_ros_driver' build argument 'ament_cmake_args' from command line to 'None'
[0.221s] Level 5:colcon.colcon_core.verb:set package 'duco_ros_driver' build argument 'catkin_cmake_args' from command line to 'None'
[0.221s] Level 5:colcon.colcon_core.verb:set package 'duco_ros_driver' build argument 'catkin_skip_building_tests' from command line to 'False'
[0.221s] DEBUG:colcon.colcon_core.verb:Building package 'duco_ros_driver' with the following arguments: {'ament_cmake_args': None, 'build_base': '/home/user/ws_siasun/build/duco_ros_driver', 'catkin_cmake_args': None, 'catkin_skip_building_tests': False, 'cmake_args': None, 'cmake_clean_cache': False, 'cmake_clean_first': False, 'cmake_force_configure': False, 'cmake_target': None, 'cmake_target_skip_unavailable': False, 'install_base': '/home/user/ws_siasun/install/duco_ros_driver', 'merge_install': False, 'path': '/home/user/ws_siasun/src/duco_ros_driver', 'symlink_install': False, 'test_result_base': None}
[0.221s] Level 5:colcon.colcon_core.verb:set package 'aivt' build argument 'cmake_args' from command line to 'None'
[0.221s] Level 5:colcon.colcon_core.verb:set package 'aivt' build argument 'cmake_target' from command line to 'None'
[0.221s] Level 5:colcon.colcon_core.verb:set package 'aivt' build argument 'cmake_target_skip_unavailable' from command line to 'False'
[0.221s] Level 5:colcon.colcon_core.verb:set package 'aivt' build argument 'cmake_clean_cache' from command line to 'False'
[0.221s] Level 5:colcon.colcon_core.verb:set package 'aivt' build argument 'cmake_clean_first' from command line to 'False'
[0.221s] Level 5:colcon.colcon_core.verb:set package 'aivt' build argument 'cmake_force_configure' from command line to 'False'
[0.221s] Level 5:colcon.colcon_core.verb:set package 'aivt' build argument 'ament_cmake_args' from command line to 'None'
[0.222s] Level 5:colcon.colcon_core.verb:set package 'aivt' build argument 'catkin_cmake_args' from command line to 'None'
[0.222s] Level 5:colcon.colcon_core.verb:set package 'aivt' build argument 'catkin_skip_building_tests' from command line to 'False'
[0.222s] DEBUG:colcon.colcon_core.verb:Building package 'aivt' with the following arguments: {'ament_cmake_args': None, 'build_base': '/home/user/ws_siasun/build/aivt', 'catkin_cmake_args': None, 'catkin_skip_building_tests': False, 'cmake_args': None, 'cmake_clean_cache': False, 'cmake_clean_first': False, 'cmake_force_configure': False, 'cmake_target': None, 'cmake_target_skip_unavailable': False, 'install_base': '/home/user/ws_siasun/install/aivt', 'merge_install': False, 'path': '/home/user/ws_siasun/src/aivt', 'symlink_install': False, 'test_result_base': None}
[0.222s] INFO:colcon.colcon_core.executor:Executing jobs using 'parallel' executor
[0.222s] DEBUG:colcon.colcon_parallel_executor.executor.parallel:run_until_complete
[0.223s] INFO:colcon.colcon_ros.task.ament_cmake.build:Building ROS package in '/home/user/ws_siasun/src/duco_support' with build type 'ament_cmake'
[0.223s] INFO:colcon.colcon_cmake.task.cmake.build:Building CMake package in '/home/user/ws_siasun/src/duco_support'
[0.224s] INFO:colcon.colcon_core.plugin_system:Skipping extension 'colcon_core.shell.bat': Not used on non-Windows systems
[0.224s] INFO:colcon.colcon_core.shell:Skip shell extension 'powershell' for command environment: Not usable outside of PowerShell
[0.225s] DEBUG:colcon.colcon_core.shell:Skip shell extension 'dsv' for command environment
[0.227s] INFO:colcon.colcon_ros.task.ament_cmake.build:Building ROS package in '/home/user/ws_siasun/src/duco_msg' with build type 'ament_cmake'
[0.227s] INFO:colcon.colcon_cmake.task.cmake.build:Building CMake package in '/home/user/ws_siasun/src/duco_msg'
[0.227s] INFO:colcon.colcon_core.shell:Skip shell extension 'powershell' for command environment: Not usable outside of PowerShell
[0.227s] DEBUG:colcon.colcon_core.shell:Skip shell extension 'dsv' for command environment
[0.229s] INFO:colcon.colcon_ros.task.ament_cmake.build:Building ROS package in '/home/user/ws_siasun/src/aivt_interfaces' with build type 'ament_cmake'
[0.229s] INFO:colcon.colcon_cmake.task.cmake.build:Building CMake package in '/home/user/ws_siasun/src/aivt_interfaces'
[0.229s] INFO:colcon.colcon_core.shell:Skip shell extension 'powershell' for command environment: Not usable outside of PowerShell
[0.229s] DEBUG:colcon.colcon_core.shell:Skip shell extension 'dsv' for command environment
[0.235s] DEBUG:colcon.colcon_core.event_handler.log_command:Invoking command in '/home/user/ws_siasun/build/duco_support': CMAKE_PREFIX_PATH=${CMAKE_PREFIX_PATH}:/opt/ros/humble /usr/bin/cmake --build /home/user/ws_siasun/build/duco_support -- -j16 -l16
[0.237s] DEBUG:colcon.colcon_core.event_handler.log_command:Invoking command in '/home/user/ws_siasun/build/duco_msg': CMAKE_PREFIX_PATH=${CMAKE_PREFIX_PATH}:/opt/ros/humble /usr/bin/cmake --build /home/user/ws_siasun/build/duco_msg -- -j16 -l16
[0.240s] DEBUG:colcon.colcon_core.event_handler.log_command:Invoking command in '/home/user/ws_siasun/build/aivt_interfaces': CMAKE_PREFIX_PATH=${CMAKE_PREFIX_PATH}:/opt/ros/humble /usr/bin/cmake --build /home/user/ws_siasun/build/aivt_interfaces -- -j16 -l16
[0.266s] DEBUG:colcon.colcon_core.event_handler.log_command:Invoked command in '/home/user/ws_siasun/build/duco_support' returned '0': CMAKE_PREFIX_PATH=${CMAKE_PREFIX_PATH}:/opt/ros/humble /usr/bin/cmake --build /home/user/ws_siasun/build/duco_support -- -j16 -l16
[0.277s] DEBUG:colcon.colcon_core.event_handler.log_command:Invoking command in '/home/user/ws_siasun/build/duco_support': CMAKE_PREFIX_PATH=${CMAKE_PREFIX_PATH}:/opt/ros/humble /usr/bin/cmake --install /home/user/ws_siasun/build/duco_support
[0.295s] Level 1:colcon.colcon_core.environment:create_environment_scripts_only(duco_support)
[0.298s] Level 1:colcon.colcon_core.environment:checking '/home/user/ws_siasun/install/duco_support' for CMake module files
[0.299s] Level 1:colcon.colcon_core.environment:checking '/home/user/ws_siasun/install/duco_support' for CMake config files
[0.300s] Level 1:colcon.colcon_core.shell:create_environment_hook('duco_support', 'cmake_prefix_path')
[0.300s] INFO:colcon.colcon_core.shell:Creating environment hook '/home/user/ws_siasun/install/duco_support/share/duco_support/hook/cmake_prefix_path.ps1'
[0.301s] INFO:colcon.colcon_core.shell:Creating environment descriptor '/home/user/ws_siasun/install/duco_support/share/duco_support/hook/cmake_prefix_path.dsv'
[0.304s] INFO:colcon.colcon_core.shell:Creating environment hook '/home/user/ws_siasun/install/duco_support/share/duco_support/hook/cmake_prefix_path.sh'
[0.305s] Level 1:colcon.colcon_core.environment:checking '/home/user/ws_siasun/install/duco_support/bin'
[0.306s] Level 1:colcon.colcon_core.environment:checking '/home/user/ws_siasun/install/duco_support/lib/pkgconfig/duco_support.pc'
[0.306s] Level 1:colcon.colcon_core.environment:checking '/home/user/ws_siasun/install/duco_support/lib/python3.10/site-packages'
[0.306s] Level 1:colcon.colcon_core.environment:checking '/home/user/ws_siasun/install/duco_support/bin'
[0.307s] INFO:colcon.colcon_core.shell:Creating package script '/home/user/ws_siasun/install/duco_support/share/duco_support/package.ps1'
[0.309s] INFO:colcon.colcon_core.shell:Creating package descriptor '/home/user/ws_siasun/install/duco_support/share/duco_support/package.dsv'
[0.311s] INFO:colcon.colcon_core.shell:Creating package script '/home/user/ws_siasun/install/duco_support/share/duco_support/package.sh'
[0.312s] INFO:colcon.colcon_core.shell:Creating package script '/home/user/ws_siasun/install/duco_support/share/duco_support/package.bash'
[0.312s] INFO:colcon.colcon_core.shell:Creating package script '/home/user/ws_siasun/install/duco_support/share/duco_support/package.zsh'
[0.314s] Level 1:colcon.colcon_core.environment:create_file_with_runtime_dependencies(/home/user/ws_siasun/install/duco_support/share/colcon-core/packages/duco_support)
[0.317s] Level 1:colcon.colcon_core.environment:create_environment_scripts_only(duco_support)
[0.317s] Level 1:colcon.colcon_core.environment:checking '/home/user/ws_siasun/install/duco_support' for CMake module files
[0.320s] DEBUG:colcon.colcon_core.event_handler.log_command:Invoked command in '/home/user/ws_siasun/build/duco_support' returned '0': CMAKE_PREFIX_PATH=${CMAKE_PREFIX_PATH}:/opt/ros/humble /usr/bin/cmake --install /home/user/ws_siasun/build/duco_support
[0.321s] Level 1:colcon.colcon_core.environment:checking '/home/user/ws_siasun/install/duco_support' for CMake config files
[0.322s] Level 1:colcon.colcon_core.shell:create_environment_hook('duco_support', 'cmake_prefix_path')
[0.322s] INFO:colcon.colcon_core.shell:Creating environment hook '/home/user/ws_siasun/install/duco_support/share/duco_support/hook/cmake_prefix_path.ps1'
[0.323s] INFO:colcon.colcon_core.shell:Creating environment descriptor '/home/user/ws_siasun/install/duco_support/share/duco_support/hook/cmake_prefix_path.dsv'
[0.324s] INFO:colcon.colcon_core.shell:Creating environment hook '/home/user/ws_siasun/install/duco_support/share/duco_support/hook/cmake_prefix_path.sh'
[0.324s] Level 1:colcon.colcon_core.environment:checking '/home/user/ws_siasun/install/duco_support/bin'
[0.324s] Level 1:colcon.colcon_core.environment:checking '/home/user/ws_siasun/install/duco_support/lib/pkgconfig/duco_support.pc'
[0.325s] Level 1:colcon.colcon_core.environment:checking '/home/user/ws_siasun/install/duco_support/lib/python3.10/site-packages'
[0.325s] Level 1:colcon.colcon_core.environment:checking '/home/user/ws_siasun/install/duco_support/bin'
[0.325s] INFO:colcon.colcon_core.shell:Creating package script '/home/user/ws_siasun/install/duco_support/share/duco_support/package.ps1'
[0.326s] INFO:colcon.colcon_core.shell:Creating package descriptor '/home/user/ws_siasun/install/duco_support/share/duco_support/package.dsv'
[0.327s] INFO:colcon.colcon_core.shell:Creating package script '/home/user/ws_siasun/install/duco_support/share/duco_support/package.sh'
[0.327s] INFO:colcon.colcon_core.shell:Creating package script '/home/user/ws_siasun/install/duco_support/share/duco_support/package.bash'
[0.327s] INFO:colcon.colcon_core.shell:Creating package script '/home/user/ws_siasun/install/duco_support/share/duco_support/package.zsh'
[0.328s] Level 1:colcon.colcon_core.environment:create_file_with_runtime_dependencies(/home/user/ws_siasun/install/duco_support/share/colcon-core/packages/duco_support)
[0.328s] INFO:colcon.colcon_ros.task.ament_cmake.build:Building ROS package in '/home/user/ws_siasun/src/duco_arms' with build type 'ament_cmake'
[0.328s] INFO:colcon.colcon_cmake.task.cmake.build:Building CMake package in '/home/user/ws_siasun/src/duco_arms'
[0.329s] INFO:colcon.colcon_core.shell:Skip shell extension 'powershell' for command environment: Not usable outside of PowerShell
[0.329s] DEBUG:colcon.colcon_core.shell:Skip shell extension 'dsv' for command environment
[0.333s] INFO:colcon.colcon_ros.task.ament_cmake.build:Building ROS package in '/home/user/ws_siasun/src/duco_gcr3_618_moveit_config' with build type 'ament_cmake'
[0.333s] INFO:colcon.colcon_cmake.task.cmake.build:Building CMake package in '/home/user/ws_siasun/src/duco_gcr3_618_moveit_config'
[0.333s] INFO:colcon.colcon_core.shell:Skip shell extension 'powershell' for command environment: Not usable outside of PowerShell
[0.333s] DEBUG:colcon.colcon_core.shell:Skip shell extension 'dsv' for command environment
[0.342s] DEBUG:colcon.colcon_core.event_handler.log_command:Invoking command in '/home/user/ws_siasun/build/duco_arms': CMAKE_PREFIX_PATH=/home/user/ws_siasun/install/duco_support:/home/user/ws_siasun/install/robot_control:/home/user/ws_siasun/install/aivt:/home/user/ws_siasun/install/duco_ros_driver:/home/user/ws_siasun/install/duco_gcr3_618_moveit_config:/home/user/ws_siasun/install/duco_arms:/home/user/ws_siasun/install/duco_msg:/home/user/ws_siasun/install/aivt_interfaces:/opt/ros/humble /usr/bin/cmake --build /home/user/ws_siasun/build/duco_arms -- -j16 -l16
[0.345s] DEBUG:colcon.colcon_core.event_handler.log_command:Invoking command in '/home/user/ws_siasun/build/duco_gcr3_618_moveit_config': CMAKE_PREFIX_PATH=/home/user/ws_siasun/install/duco_support:/home/user/ws_siasun/install/robot_control:/home/user/ws_siasun/install/aivt:/home/user/ws_siasun/install/duco_ros_driver:/home/user/ws_siasun/install/duco_gcr3_618_moveit_config:/home/user/ws_siasun/install/duco_arms:/home/user/ws_siasun/install/duco_msg:/home/user/ws_siasun/install/aivt_interfaces:/opt/ros/humble /usr/bin/cmake --build /home/user/ws_siasun/build/duco_gcr3_618_moveit_config -- -j16 -l16
[0.372s] DEBUG:colcon.colcon_core.event_handler.log_command:Invoked command in '/home/user/ws_siasun/build/duco_arms' returned '0': CMAKE_PREFIX_PATH=/home/user/ws_siasun/install/duco_support:/home/user/ws_siasun/install/robot_control:/home/user/ws_siasun/install/aivt:/home/user/ws_siasun/install/duco_ros_driver:/home/user/ws_siasun/install/duco_gcr3_618_moveit_config:/home/user/ws_siasun/install/duco_arms:/home/user/ws_siasun/install/duco_msg:/home/user/ws_siasun/install/aivt_interfaces:/opt/ros/humble /usr/bin/cmake --build /home/user/ws_siasun/build/duco_arms -- -j16 -l16
[0.374s] DEBUG:colcon.colcon_core.event_handler.log_command:Invoking command in '/home/user/ws_siasun/build/duco_arms': CMAKE_PREFIX_PATH=/home/user/ws_siasun/install/duco_support:/home/user/ws_siasun/install/robot_control:/home/user/ws_siasun/install/aivt:/home/user/ws_siasun/install/duco_ros_driver:/home/user/ws_siasun/install/duco_gcr3_618_moveit_config:/home/user/ws_siasun/install/duco_arms:/home/user/ws_siasun/install/duco_msg:/home/user/ws_siasun/install/aivt_interfaces:/opt/ros/humble /usr/bin/cmake --install /home/user/ws_siasun/build/duco_arms
[0.378s] DEBUG:colcon.colcon_core.event_handler.log_command:Invoked command in '/home/user/ws_siasun/build/duco_gcr3_618_moveit_config' returned '0': CMAKE_PREFIX_PATH=/home/user/ws_siasun/install/duco_support:/home/user/ws_siasun/install/robot_control:/home/user/ws_siasun/install/aivt:/home/user/ws_siasun/install/duco_ros_driver:/home/user/ws_siasun/install/duco_gcr3_618_moveit_config:/home/user/ws_siasun/install/duco_arms:/home/user/ws_siasun/install/duco_msg:/home/user/ws_siasun/install/aivt_interfaces:/opt/ros/humble /usr/bin/cmake --build /home/user/ws_siasun/build/duco_gcr3_618_moveit_config -- -j16 -l16
[0.379s] DEBUG:colcon.colcon_core.event_handler.log_command:Invoking command in '/home/user/ws_siasun/build/duco_gcr3_618_moveit_config': CMAKE_PREFIX_PATH=/home/user/ws_siasun/install/duco_support:/home/user/ws_siasun/install/robot_control:/home/user/ws_siasun/install/aivt:/home/user/ws_siasun/install/duco_ros_driver:/home/user/ws_siasun/install/duco_gcr3_618_moveit_config:/home/user/ws_siasun/install/duco_arms:/home/user/ws_siasun/install/duco_msg:/home/user/ws_siasun/install/aivt_interfaces:/opt/ros/humble /usr/bin/cmake --install /home/user/ws_siasun/build/duco_gcr3_618_moveit_config
[0.384s] Level 1:colcon.colcon_core.environment:create_environment_scripts_only(duco_arms)
[0.385s] Level 1:colcon.colcon_core.environment:checking '/home/user/ws_siasun/install/duco_arms' for CMake module files
[0.387s] DEBUG:colcon.colcon_core.event_handler.log_command:Invoked command in '/home/user/ws_siasun/build/duco_arms' returned '0': CMAKE_PREFIX_PATH=/home/user/ws_siasun/install/duco_support:/home/user/ws_siasun/install/robot_control:/home/user/ws_siasun/install/aivt:/home/user/ws_siasun/install/duco_ros_driver:/home/user/ws_siasun/install/duco_gcr3_618_moveit_config:/home/user/ws_siasun/install/duco_arms:/home/user/ws_siasun/install/duco_msg:/home/user/ws_siasun/install/aivt_interfaces:/opt/ros/humble /usr/bin/cmake --install /home/user/ws_siasun/build/duco_arms
[0.388s] Level 1:colcon.colcon_core.environment:checking '/home/user/ws_siasun/install/duco_arms' for CMake config files
[0.389s] Level 1:colcon.colcon_core.shell:create_environment_hook('duco_arms', 'cmake_prefix_path')
[0.389s] INFO:colcon.colcon_core.shell:Creating environment hook '/home/user/ws_siasun/install/duco_arms/share/duco_arms/hook/cmake_prefix_path.ps1'
[0.390s] INFO:colcon.colcon_core.shell:Creating environment descriptor '/home/user/ws_siasun/install/duco_arms/share/duco_arms/hook/cmake_prefix_path.dsv'
[0.390s] INFO:colcon.colcon_core.shell:Creating environment hook '/home/user/ws_siasun/install/duco_arms/share/duco_arms/hook/cmake_prefix_path.sh'
[0.391s] Level 1:colcon.colcon_core.environment:checking '/home/user/ws_siasun/install/duco_arms/bin'
[0.391s] Level 1:colcon.colcon_core.environment:checking '/home/user/ws_siasun/install/duco_arms/lib/pkgconfig/duco_arms.pc'
[0.391s] Level 1:colcon.colcon_core.environment:checking '/home/user/ws_siasun/install/duco_arms/lib/python3.10/site-packages'
[0.391s] Level 1:colcon.colcon_core.environment:checking '/home/user/ws_siasun/install/duco_arms/bin'
[0.392s] INFO:colcon.colcon_core.shell:Creating package script '/home/user/ws_siasun/install/duco_arms/share/duco_arms/package.ps1'
[0.392s] INFO:colcon.colcon_core.shell:Creating package descriptor '/home/user/ws_siasun/install/duco_arms/share/duco_arms/package.dsv'
[0.392s] INFO:colcon.colcon_core.shell:Creating package script '/home/user/ws_siasun/install/duco_arms/share/duco_arms/package.sh'
[0.393s] INFO:colcon.colcon_core.shell:Creating package script '/home/user/ws_siasun/install/duco_arms/share/duco_arms/package.bash'
[0.393s] INFO:colcon.colcon_core.shell:Creating package script '/home/user/ws_siasun/install/duco_arms/share/duco_arms/package.zsh'
[0.393s] Level 1:colcon.colcon_core.environment:create_file_with_runtime_dependencies(/home/user/ws_siasun/install/duco_arms/share/colcon-core/packages/duco_arms)
[0.393s] Level 1:colcon.colcon_core.environment:create_environment_scripts_only(duco_arms)
[0.393s] Level 1:colcon.colcon_core.environment:checking '/home/user/ws_siasun/install/duco_arms' for CMake module files
[0.394s] Level 1:colcon.colcon_core.environment:checking '/home/user/ws_siasun/install/duco_arms' for CMake config files
[0.394s] Level 1:colcon.colcon_core.shell:create_environment_hook('duco_arms', 'cmake_prefix_path')
[0.394s] INFO:colcon.colcon_core.shell:Creating environment hook '/home/user/ws_siasun/install/duco_arms/share/duco_arms/hook/cmake_prefix_path.ps1'
[0.394s] INFO:colcon.colcon_core.shell:Creating environment descriptor '/home/user/ws_siasun/install/duco_arms/share/duco_arms/hook/cmake_prefix_path.dsv'
[0.394s] INFO:colcon.colcon_core.shell:Creating environment hook '/home/user/ws_siasun/install/duco_arms/share/duco_arms/hook/cmake_prefix_path.sh'
[0.395s] Level 1:colcon.colcon_core.environment:checking '/home/user/ws_siasun/install/duco_arms/bin'
[0.395s] Level 1:colcon.colcon_core.environment:checking '/home/user/ws_siasun/install/duco_arms/lib/pkgconfig/duco_arms.pc'
[0.395s] Level 1:colcon.colcon_core.environment:checking '/home/user/ws_siasun/install/duco_arms/lib/python3.10/site-packages'
[0.395s] Level 1:colcon.colcon_core.environment:checking '/home/user/ws_siasun/install/duco_arms/bin'
[0.395s] INFO:colcon.colcon_core.shell:Creating package script '/home/user/ws_siasun/install/duco_arms/share/duco_arms/package.ps1'
[0.396s] INFO:colcon.colcon_core.shell:Creating package descriptor '/home/user/ws_siasun/install/duco_arms/share/duco_arms/package.dsv'
[0.396s] INFO:colcon.colcon_core.shell:Creating package script '/home/user/ws_siasun/install/duco_arms/share/duco_arms/package.sh'
[0.396s] INFO:colcon.colcon_core.shell:Creating package script '/home/user/ws_siasun/install/duco_arms/share/duco_arms/package.bash'
[0.396s] INFO:colcon.colcon_core.shell:Creating package script '/home/user/ws_siasun/install/duco_arms/share/duco_arms/package.zsh'
[0.397s] Level 1:colcon.colcon_core.environment:create_file_with_runtime_dependencies(/home/user/ws_siasun/install/duco_arms/share/colcon-core/packages/duco_arms)
[0.397s] Level 1:colcon.colcon_core.environment:create_environment_scripts_only(duco_gcr3_618_moveit_config)
[0.398s] Level 1:colcon.colcon_core.environment:checking '/home/user/ws_siasun/install/duco_gcr3_618_moveit_config' for CMake module files
[0.398s] DEBUG:colcon.colcon_core.event_handler.log_command:Invoked command in '/home/user/ws_siasun/build/duco_gcr3_618_moveit_config' returned '0': CMAKE_PREFIX_PATH=/home/user/ws_siasun/install/duco_support:/home/user/ws_siasun/install/robot_control:/home/user/ws_siasun/install/aivt:/home/user/ws_siasun/install/duco_ros_driver:/home/user/ws_siasun/install/duco_gcr3_618_moveit_config:/home/user/ws_siasun/install/duco_arms:/home/user/ws_siasun/install/duco_msg:/home/user/ws_siasun/install/aivt_interfaces:/opt/ros/humble /usr/bin/cmake --install /home/user/ws_siasun/build/duco_gcr3_618_moveit_config
[0.399s] Level 1:colcon.colcon_core.environment:checking '/home/user/ws_siasun/install/duco_gcr3_618_moveit_config' for CMake config files
[0.399s] Level 1:colcon.colcon_core.shell:create_environment_hook('duco_gcr3_618_moveit_config', 'cmake_prefix_path')
[0.399s] INFO:colcon.colcon_core.shell:Creating environment hook '/home/user/ws_siasun/install/duco_gcr3_618_moveit_config/share/duco_gcr3_618_moveit_config/hook/cmake_prefix_path.ps1'
[0.400s] INFO:colcon.colcon_core.shell:Creating environment descriptor '/home/user/ws_siasun/install/duco_gcr3_618_moveit_config/share/duco_gcr3_618_moveit_config/hook/cmake_prefix_path.dsv'
[0.400s] INFO:colcon.colcon_core.shell:Creating environment hook '/home/user/ws_siasun/install/duco_gcr3_618_moveit_config/share/duco_gcr3_618_moveit_config/hook/cmake_prefix_path.sh'
[0.401s] Level 1:colcon.colcon_core.environment:checking '/home/user/ws_siasun/install/duco_gcr3_618_moveit_config/bin'
[0.401s] Level 1:colcon.colcon_core.environment:checking '/home/user/ws_siasun/install/duco_gcr3_618_moveit_config/lib/pkgconfig/duco_gcr3_618_moveit_config.pc'
[0.401s] Level 1:colcon.colcon_core.environment:checking '/home/user/ws_siasun/install/duco_gcr3_618_moveit_config/lib/python3.10/site-packages'
[0.401s] Level 1:colcon.colcon_core.environment:checking '/home/user/ws_siasun/install/duco_gcr3_618_moveit_config/bin'
[0.402s] INFO:colcon.colcon_core.shell:Creating package script '/home/user/ws_siasun/install/duco_gcr3_618_moveit_config/share/duco_gcr3_618_moveit_config/package.ps1'
[0.402s] INFO:colcon.colcon_core.shell:Creating package descriptor '/home/user/ws_siasun/install/duco_gcr3_618_moveit_config/share/duco_gcr3_618_moveit_config/package.dsv'
[0.402s] INFO:colcon.colcon_core.shell:Creating package script '/home/user/ws_siasun/install/duco_gcr3_618_moveit_config/share/duco_gcr3_618_moveit_config/package.sh'
[0.403s] INFO:colcon.colcon_core.shell:Creating package script '/home/user/ws_siasun/install/duco_gcr3_618_moveit_config/share/duco_gcr3_618_moveit_config/package.bash'
[0.403s] INFO:colcon.colcon_core.shell:Creating package script '/home/user/ws_siasun/install/duco_gcr3_618_moveit_config/share/duco_gcr3_618_moveit_config/package.zsh'
[0.403s] Level 1:colcon.colcon_core.environment:create_file_with_runtime_dependencies(/home/user/ws_siasun/install/duco_gcr3_618_moveit_config/share/colcon-core/packages/duco_gcr3_618_moveit_config)
[0.404s] Level 1:colcon.colcon_core.environment:create_environment_scripts_only(duco_gcr3_618_moveit_config)
[0.404s] Level 1:colcon.colcon_core.environment:checking '/home/user/ws_siasun/install/duco_gcr3_618_moveit_config' for CMake module files
[0.405s] Level 1:colcon.colcon_core.environment:checking '/home/user/ws_siasun/install/duco_gcr3_618_moveit_config' for CMake config files
[0.405s] Level 1:colcon.colcon_core.shell:create_environment_hook('duco_gcr3_618_moveit_config', 'cmake_prefix_path')
[0.405s] INFO:colcon.colcon_core.shell:Creating environment hook '/home/user/ws_siasun/install/duco_gcr3_618_moveit_config/share/duco_gcr3_618_moveit_config/hook/cmake_prefix_path.ps1'
[0.406s] INFO:colcon.colcon_core.shell:Creating environment descriptor '/home/user/ws_siasun/install/duco_gcr3_618_moveit_config/share/duco_gcr3_618_moveit_config/hook/cmake_prefix_path.dsv'
[0.406s] INFO:colcon.colcon_core.shell:Creating environment hook '/home/user/ws_siasun/install/duco_gcr3_618_moveit_config/share/duco_gcr3_618_moveit_config/hook/cmake_prefix_path.sh'
[0.407s] Level 1:colcon.colcon_core.environment:checking '/home/user/ws_siasun/install/duco_gcr3_618_moveit_config/bin'
[0.407s] Level 1:colcon.colcon_core.environment:checking '/home/user/ws_siasun/install/duco_gcr3_618_moveit_config/lib/pkgconfig/duco_gcr3_618_moveit_config.pc'
[0.407s] Level 1:colcon.colcon_core.environment:checking '/home/user/ws_siasun/install/duco_gcr3_618_moveit_config/lib/python3.10/site-packages'
[0.407s] Level 1:colcon.colcon_core.environment:checking '/home/user/ws_siasun/install/duco_gcr3_618_moveit_config/bin'
[0.408s] INFO:colcon.colcon_core.shell:Creating package script '/home/user/ws_siasun/install/duco_gcr3_618_moveit_config/share/duco_gcr3_618_moveit_config/package.ps1'
[0.408s] INFO:colcon.colcon_core.shell:Creating package descriptor '/home/user/ws_siasun/install/duco_gcr3_618_moveit_config/share/duco_gcr3_618_moveit_config/package.dsv'
[0.409s] INFO:colcon.colcon_core.shell:Creating package script '/home/user/ws_siasun/install/duco_gcr3_618_moveit_config/share/duco_gcr3_618_moveit_config/package.sh'
[0.409s] INFO:colcon.colcon_core.shell:Creating package script '/home/user/ws_siasun/install/duco_gcr3_618_moveit_config/share/duco_gcr3_618_moveit_config/package.bash'
[0.409s] INFO:colcon.colcon_core.shell:Creating package script '/home/user/ws_siasun/install/duco_gcr3_618_moveit_config/share/duco_gcr3_618_moveit_config/package.zsh'
[0.409s] Level 1:colcon.colcon_core.environment:create_file_with_runtime_dependencies(/home/user/ws_siasun/install/duco_gcr3_618_moveit_config/share/colcon-core/packages/duco_gcr3_618_moveit_config)
[0.483s] DEBUG:colcon.colcon_core.event_handler.log_command:Invoked command in '/home/user/ws_siasun/build/aivt_interfaces' returned '0': CMAKE_PREFIX_PATH=${CMAKE_PREFIX_PATH}:/opt/ros/humble /usr/bin/cmake --build /home/user/ws_siasun/build/aivt_interfaces -- -j16 -l16
[0.485s] DEBUG:colcon.colcon_core.event_handler.log_command:Invoking command in '/home/user/ws_siasun/build/aivt_interfaces': CMAKE_PREFIX_PATH=${CMAKE_PREFIX_PATH}:/opt/ros/humble /usr/bin/cmake --install /home/user/ws_siasun/build/aivt_interfaces
[0.504s] DEBUG:colcon.colcon_core.event_handler.log_command:Invoked command in '/home/user/ws_siasun/build/duco_msg' returned '0': CMAKE_PREFIX_PATH=${CMAKE_PREFIX_PATH}:/opt/ros/humble /usr/bin/cmake --build /home/user/ws_siasun/build/duco_msg -- -j16 -l16
[0.506s] DEBUG:colcon.colcon_core.event_handler.log_command:Invoking command in '/home/user/ws_siasun/build/duco_msg': CMAKE_PREFIX_PATH=${CMAKE_PREFIX_PATH}:/opt/ros/humble /usr/bin/cmake --install /home/user/ws_siasun/build/duco_msg
[0.530s] Level 1:colcon.colcon_core.environment:create_environment_scripts_only(aivt_interfaces)
[0.530s] Level 1:colcon.colcon_core.environment:checking '/home/user/ws_siasun/install/aivt_interfaces' for CMake module files
[0.533s] Level 1:colcon.colcon_core.environment:checking '/home/user/ws_siasun/install/aivt_interfaces' for CMake config files
[0.534s] Level 1:colcon.colcon_core.shell:create_environment_hook('aivt_interfaces', 'cmake_prefix_path')
[0.535s] INFO:colcon.colcon_core.shell:Creating environment hook '/home/user/ws_siasun/install/aivt_interfaces/share/aivt_interfaces/hook/cmake_prefix_path.ps1'
[0.537s] DEBUG:colcon.colcon_core.event_handler.log_command:Invoked command in '/home/user/ws_siasun/build/aivt_interfaces' returned '0': CMAKE_PREFIX_PATH=${CMAKE_PREFIX_PATH}:/opt/ros/humble /usr/bin/cmake --install /home/user/ws_siasun/build/aivt_interfaces
[0.538s] INFO:colcon.colcon_core.shell:Creating environment descriptor '/home/user/ws_siasun/install/aivt_interfaces/share/aivt_interfaces/hook/cmake_prefix_path.dsv'
[0.538s] INFO:colcon.colcon_core.shell:Creating environment hook '/home/user/ws_siasun/install/aivt_interfaces/share/aivt_interfaces/hook/cmake_prefix_path.sh'
[0.539s] Level 1:colcon.colcon_core.environment:checking '/home/user/ws_siasun/install/aivt_interfaces/lib'
[0.539s] Level 1:colcon.colcon_core.shell:create_environment_hook('aivt_interfaces', 'ld_library_path_lib')
[0.539s] INFO:colcon.colcon_core.shell:Creating environment hook '/home/user/ws_siasun/install/aivt_interfaces/share/aivt_interfaces/hook/ld_library_path_lib.ps1'
[0.539s] INFO:colcon.colcon_core.shell:Creating environment descriptor '/home/user/ws_siasun/install/aivt_interfaces/share/aivt_interfaces/hook/ld_library_path_lib.dsv'
[0.540s] INFO:colcon.colcon_core.shell:Creating environment hook '/home/user/ws_siasun/install/aivt_interfaces/share/aivt_interfaces/hook/ld_library_path_lib.sh'
[0.540s] Level 1:colcon.colcon_core.environment:checking '/home/user/ws_siasun/install/aivt_interfaces/bin'
[0.540s] Level 1:colcon.colcon_core.environment:checking '/home/user/ws_siasun/install/aivt_interfaces/lib/pkgconfig/aivt_interfaces.pc'
[0.540s] Level 1:colcon.colcon_core.environment:checking '/home/user/ws_siasun/install/aivt_interfaces/lib/python3.10/site-packages'
[0.541s] Level 1:colcon.colcon_core.environment:checking '/home/user/ws_siasun/install/aivt_interfaces/bin'
[0.541s] INFO:colcon.colcon_core.shell:Creating package script '/home/user/ws_siasun/install/aivt_interfaces/share/aivt_interfaces/package.ps1'
[0.541s] INFO:colcon.colcon_core.shell:Creating package descriptor '/home/user/ws_siasun/install/aivt_interfaces/share/aivt_interfaces/package.dsv'
[0.541s] INFO:colcon.colcon_core.shell:Creating package script '/home/user/ws_siasun/install/aivt_interfaces/share/aivt_interfaces/package.sh'
[0.542s] INFO:colcon.colcon_core.shell:Creating package script '/home/user/ws_siasun/install/aivt_interfaces/share/aivt_interfaces/package.bash'
[0.542s] INFO:colcon.colcon_core.shell:Creating package script '/home/user/ws_siasun/install/aivt_interfaces/share/aivt_interfaces/package.zsh'
[0.542s] Level 1:colcon.colcon_core.environment:create_file_with_runtime_dependencies(/home/user/ws_siasun/install/aivt_interfaces/share/colcon-core/packages/aivt_interfaces)
[0.543s] Level 1:colcon.colcon_core.environment:create_environment_scripts_only(aivt_interfaces)
[0.543s] Level 1:colcon.colcon_core.environment:checking '/home/user/ws_siasun/install/aivt_interfaces' for CMake module files
[0.543s] Level 1:colcon.colcon_core.environment:checking '/home/user/ws_siasun/install/aivt_interfaces' for CMake config files
[0.543s] Level 1:colcon.colcon_core.shell:create_environment_hook('aivt_interfaces', 'cmake_prefix_path')
[0.543s] INFO:colcon.colcon_core.shell:Creating environment hook '/home/user/ws_siasun/install/aivt_interfaces/share/aivt_interfaces/hook/cmake_prefix_path.ps1'
[0.544s] INFO:colcon.colcon_core.shell:Creating environment descriptor '/home/user/ws_siasun/install/aivt_interfaces/share/aivt_interfaces/hook/cmake_prefix_path.dsv'
[0.544s] INFO:colcon.colcon_core.shell:Creating environment hook '/home/user/ws_siasun/install/aivt_interfaces/share/aivt_interfaces/hook/cmake_prefix_path.sh'
[0.544s] Level 1:colcon.colcon_core.environment:checking '/home/user/ws_siasun/install/aivt_interfaces/lib'
[0.544s] Level 1:colcon.colcon_core.shell:create_environment_hook('aivt_interfaces', 'ld_library_path_lib')
[0.544s] INFO:colcon.colcon_core.shell:Creating environment hook '/home/user/ws_siasun/install/aivt_interfaces/share/aivt_interfaces/hook/ld_library_path_lib.ps1'
[0.544s] INFO:colcon.colcon_core.shell:Creating environment descriptor '/home/user/ws_siasun/install/aivt_interfaces/share/aivt_interfaces/hook/ld_library_path_lib.dsv'
[0.545s] INFO:colcon.colcon_core.shell:Creating environment hook '/home/user/ws_siasun/install/aivt_interfaces/share/aivt_interfaces/hook/ld_library_path_lib.sh'
[0.545s] Level 1:colcon.colcon_core.environment:checking '/home/user/ws_siasun/install/aivt_interfaces/bin'
[0.545s] Level 1:colcon.colcon_core.environment:checking '/home/user/ws_siasun/install/aivt_interfaces/lib/pkgconfig/aivt_interfaces.pc'
[0.545s] Level 1:colcon.colcon_core.environment:checking '/home/user/ws_siasun/install/aivt_interfaces/lib/python3.10/site-packages'
[0.545s] Level 1:colcon.colcon_core.environment:checking '/home/user/ws_siasun/install/aivt_interfaces/bin'
[0.545s] INFO:colcon.colcon_core.shell:Creating package script '/home/user/ws_siasun/install/aivt_interfaces/share/aivt_interfaces/package.ps1'
[0.546s] INFO:colcon.colcon_core.shell:Creating package descriptor '/home/user/ws_siasun/install/aivt_interfaces/share/aivt_interfaces/package.dsv'
[0.546s] INFO:colcon.colcon_core.shell:Creating package script '/home/user/ws_siasun/install/aivt_interfaces/share/aivt_interfaces/package.sh'
[0.546s] INFO:colcon.colcon_core.shell:Creating package script '/home/user/ws_siasun/install/aivt_interfaces/share/aivt_interfaces/package.bash'
[0.546s] INFO:colcon.colcon_core.shell:Creating package script '/home/user/ws_siasun/install/aivt_interfaces/share/aivt_interfaces/package.zsh'
[0.546s] Level 1:colcon.colcon_core.environment:create_file_with_runtime_dependencies(/home/user/ws_siasun/install/aivt_interfaces/share/colcon-core/packages/aivt_interfaces)
[0.565s] Level 1:colcon.colcon_core.environment:create_environment_scripts_only(duco_msg)
[0.565s] Level 1:colcon.colcon_core.environment:checking '/home/user/ws_siasun/install/duco_msg' for CMake module files
[0.566s] DEBUG:colcon.colcon_core.event_handler.log_command:Invoked command in '/home/user/ws_siasun/build/duco_msg' returned '0': CMAKE_PREFIX_PATH=${CMAKE_PREFIX_PATH}:/opt/ros/humble /usr/bin/cmake --install /home/user/ws_siasun/build/duco_msg
[0.566s] Level 1:colcon.colcon_core.environment:checking '/home/user/ws_siasun/install/duco_msg' for CMake config files
[0.566s] Level 1:colcon.colcon_core.shell:create_environment_hook('duco_msg', 'cmake_prefix_path')
[0.566s] INFO:colcon.colcon_core.shell:Creating environment hook '/home/user/ws_siasun/install/duco_msg/share/duco_msg/hook/cmake_prefix_path.ps1'
[0.567s] INFO:colcon.colcon_core.shell:Creating environment descriptor '/home/user/ws_siasun/install/duco_msg/share/duco_msg/hook/cmake_prefix_path.dsv'
[0.567s] INFO:colcon.colcon_core.shell:Creating environment hook '/home/user/ws_siasun/install/duco_msg/share/duco_msg/hook/cmake_prefix_path.sh'
[0.567s] Level 1:colcon.colcon_core.environment:checking '/home/user/ws_siasun/install/duco_msg/lib'
[0.567s] Level 1:colcon.colcon_core.shell:create_environment_hook('duco_msg', 'ld_library_path_lib')
[0.567s] INFO:colcon.colcon_core.shell:Creating environment hook '/home/user/ws_siasun/install/duco_msg/share/duco_msg/hook/ld_library_path_lib.ps1'
[0.568s] INFO:colcon.colcon_core.shell:Creating environment descriptor '/home/user/ws_siasun/install/duco_msg/share/duco_msg/hook/ld_library_path_lib.dsv'
[0.568s] INFO:colcon.colcon_core.shell:Creating environment hook '/home/user/ws_siasun/install/duco_msg/share/duco_msg/hook/ld_library_path_lib.sh'
[0.568s] Level 1:colcon.colcon_core.environment:checking '/home/user/ws_siasun/install/duco_msg/bin'
[0.568s] Level 1:colcon.colcon_core.environment:checking '/home/user/ws_siasun/install/duco_msg/lib/pkgconfig/duco_msg.pc'
[0.568s] Level 1:colcon.colcon_core.environment:checking '/home/user/ws_siasun/install/duco_msg/lib/python3.10/site-packages'
[0.568s] Level 1:colcon.colcon_core.environment:checking '/home/user/ws_siasun/install/duco_msg/bin'
[0.568s] INFO:colcon.colcon_core.shell:Creating package script '/home/user/ws_siasun/install/duco_msg/share/duco_msg/package.ps1'
[0.569s] INFO:colcon.colcon_core.shell:Creating package descriptor '/home/user/ws_siasun/install/duco_msg/share/duco_msg/package.dsv'
[0.569s] INFO:colcon.colcon_core.shell:Creating package script '/home/user/ws_siasun/install/duco_msg/share/duco_msg/package.sh'
[0.569s] INFO:colcon.colcon_core.shell:Creating package script '/home/user/ws_siasun/install/duco_msg/share/duco_msg/package.bash'
[0.569s] INFO:colcon.colcon_core.shell:Creating package script '/home/user/ws_siasun/install/duco_msg/share/duco_msg/package.zsh'
[0.570s] Level 1:colcon.colcon_core.environment:create_file_with_runtime_dependencies(/home/user/ws_siasun/install/duco_msg/share/colcon-core/packages/duco_msg)
[0.570s] Level 1:colcon.colcon_core.environment:create_environment_scripts_only(duco_msg)
[0.570s] Level 1:colcon.colcon_core.environment:checking '/home/user/ws_siasun/install/duco_msg' for CMake module files
[0.571s] Level 1:colcon.colcon_core.environment:checking '/home/user/ws_siasun/install/duco_msg' for CMake config files
[0.571s] Level 1:colcon.colcon_core.shell:create_environment_hook('duco_msg', 'cmake_prefix_path')
[0.571s] INFO:colcon.colcon_core.shell:Creating environment hook '/home/user/ws_siasun/install/duco_msg/share/duco_msg/hook/cmake_prefix_path.ps1'
[0.571s] INFO:colcon.colcon_core.shell:Creating environment descriptor '/home/user/ws_siasun/install/duco_msg/share/duco_msg/hook/cmake_prefix_path.dsv'
[0.571s] INFO:colcon.colcon_core.shell:Creating environment hook '/home/user/ws_siasun/install/duco_msg/share/duco_msg/hook/cmake_prefix_path.sh'
[0.572s] Level 1:colcon.colcon_core.environment:checking '/home/user/ws_siasun/install/duco_msg/lib'
[0.572s] Level 1:colcon.colcon_core.shell:create_environment_hook('duco_msg', 'ld_library_path_lib')
[0.572s] INFO:colcon.colcon_core.shell:Creating environment hook '/home/user/ws_siasun/install/duco_msg/share/duco_msg/hook/ld_library_path_lib.ps1'
[0.572s] INFO:colcon.colcon_core.shell:Creating environment descriptor '/home/user/ws_siasun/install/duco_msg/share/duco_msg/hook/ld_library_path_lib.dsv'
[0.572s] INFO:colcon.colcon_core.shell:Creating environment hook '/home/user/ws_siasun/install/duco_msg/share/duco_msg/hook/ld_library_path_lib.sh'
[0.572s] Level 1:colcon.colcon_core.environment:checking '/home/user/ws_siasun/install/duco_msg/bin'
[0.572s] Level 1:colcon.colcon_core.environment:checking '/home/user/ws_siasun/install/duco_msg/lib/pkgconfig/duco_msg.pc'
[0.573s] Level 1:colcon.colcon_core.environment:checking '/home/user/ws_siasun/install/duco_msg/lib/python3.10/site-packages'
[0.573s] Level 1:colcon.colcon_core.environment:checking '/home/user/ws_siasun/install/duco_msg/bin'
[0.573s] INFO:colcon.colcon_core.shell:Creating package script '/home/user/ws_siasun/install/duco_msg/share/duco_msg/package.ps1'
[0.573s] INFO:colcon.colcon_core.shell:Creating package descriptor '/home/user/ws_siasun/install/duco_msg/share/duco_msg/package.dsv'
[0.574s] INFO:colcon.colcon_core.shell:Creating package script '/home/user/ws_siasun/install/duco_msg/share/duco_msg/package.sh'
[0.574s] INFO:colcon.colcon_core.shell:Creating package script '/home/user/ws_siasun/install/duco_msg/share/duco_msg/package.bash'
[0.574s] INFO:colcon.colcon_core.shell:Creating package script '/home/user/ws_siasun/install/duco_msg/share/duco_msg/package.zsh'
[0.574s] Level 1:colcon.colcon_core.environment:create_file_with_runtime_dependencies(/home/user/ws_siasun/install/duco_msg/share/colcon-core/packages/duco_msg)
[0.575s] INFO:colcon.colcon_ros.task.ament_cmake.build:Building ROS package in '/home/user/ws_siasun/src/duco_ros_driver' with build type 'ament_cmake'
[0.575s] INFO:colcon.colcon_cmake.task.cmake.build:Building CMake package in '/home/user/ws_siasun/src/duco_ros_driver'
[0.575s] INFO:colcon.colcon_core.shell:Skip shell extension 'powershell' for command environment: Not usable outside of PowerShell
[0.575s] DEBUG:colcon.colcon_core.shell:Skip shell extension 'dsv' for command environment
[0.578s] INFO:colcon.colcon_ros.task.ament_cmake.build:Building ROS package in '/home/user/ws_siasun/src/robot_control' with build type 'ament_cmake'
[0.578s] INFO:colcon.colcon_cmake.task.cmake.build:Building CMake package in '/home/user/ws_siasun/src/robot_control'
[0.578s] INFO:colcon.colcon_core.shell:Skip shell extension 'powershell' for command environment: Not usable outside of PowerShell
[0.578s] DEBUG:colcon.colcon_core.shell:Skip shell extension 'dsv' for command environment
[0.586s] DEBUG:colcon.colcon_core.event_handler.log_command:Invoking command in '/home/user/ws_siasun/build/duco_ros_driver': CMAKE_PREFIX_PATH=/home/user/ws_siasun/install/duco_arms:/home/user/ws_siasun/install/duco_support:/home/user/ws_siasun/install/duco_msg:/home/user/ws_siasun/install/robot_control:/home/user/ws_siasun/install/aivt:/home/user/ws_siasun/install/duco_ros_driver:/home/user/ws_siasun/install/duco_gcr3_618_moveit_config:/home/user/ws_siasun/install/aivt_interfaces:/opt/ros/humble /usr/bin/cmake --build /home/user/ws_siasun/build/duco_ros_driver -- -j16 -l16
[0.588s] DEBUG:colcon.colcon_core.event_handler.log_command:Invoking command in '/home/user/ws_siasun/build/robot_control': CMAKE_PREFIX_PATH=/home/user/ws_siasun/install/duco_msg:/home/user/ws_siasun/install/robot_control:/home/user/ws_siasun/install/aivt:/home/user/ws_siasun/install/duco_ros_driver:/home/user/ws_siasun/install/duco_gcr3_618_moveit_config:/home/user/ws_siasun/install/duco_arms:/home/user/ws_siasun/install/duco_support:/home/user/ws_siasun/install/aivt_interfaces:/opt/ros/humble /usr/bin/cmake --build /home/user/ws_siasun/build/robot_control -- -j16 -l16
[0.646s] DEBUG:colcon.colcon_core.event_handler.log_command:Invoked command in '/home/user/ws_siasun/build/duco_ros_driver' returned '0': CMAKE_PREFIX_PATH=/home/user/ws_siasun/install/duco_arms:/home/user/ws_siasun/install/duco_support:/home/user/ws_siasun/install/duco_msg:/home/user/ws_siasun/install/robot_control:/home/user/ws_siasun/install/aivt:/home/user/ws_siasun/install/duco_ros_driver:/home/user/ws_siasun/install/duco_gcr3_618_moveit_config:/home/user/ws_siasun/install/aivt_interfaces:/opt/ros/humble /usr/bin/cmake --build /home/user/ws_siasun/build/duco_ros_driver -- -j16 -l16
[0.648s] DEBUG:colcon.colcon_core.event_handler.log_command:Invoking command in '/home/user/ws_siasun/build/duco_ros_driver': CMAKE_PREFIX_PATH=/home/user/ws_siasun/install/duco_arms:/home/user/ws_siasun/install/duco_support:/home/user/ws_siasun/install/duco_msg:/home/user/ws_siasun/install/robot_control:/home/user/ws_siasun/install/aivt:/home/user/ws_siasun/install/duco_ros_driver:/home/user/ws_siasun/install/duco_gcr3_618_moveit_config:/home/user/ws_siasun/install/aivt_interfaces:/opt/ros/humble /usr/bin/cmake --install /home/user/ws_siasun/build/duco_ros_driver
[0.657s] Level 1:colcon.colcon_core.environment:create_environment_scripts_only(duco_ros_driver)
[0.658s] Level 1:colcon.colcon_core.environment:checking '/home/user/ws_siasun/install/duco_ros_driver' for CMake module files
[0.659s] DEBUG:colcon.colcon_core.event_handler.log_command:Invoked command in '/home/user/ws_siasun/build/duco_ros_driver' returned '0': CMAKE_PREFIX_PATH=/home/user/ws_siasun/install/duco_arms:/home/user/ws_siasun/install/duco_support:/home/user/ws_siasun/install/duco_msg:/home/user/ws_siasun/install/robot_control:/home/user/ws_siasun/install/aivt:/home/user/ws_siasun/install/duco_ros_driver:/home/user/ws_siasun/install/duco_gcr3_618_moveit_config:/home/user/ws_siasun/install/aivt_interfaces:/opt/ros/humble /usr/bin/cmake --install /home/user/ws_siasun/build/duco_ros_driver
[0.660s] Level 1:colcon.colcon_core.environment:checking '/home/user/ws_siasun/install/duco_ros_driver' for CMake config files
[0.660s] Level 1:colcon.colcon_core.shell:create_environment_hook('duco_ros_driver', 'cmake_prefix_path')
[0.660s] INFO:colcon.colcon_core.shell:Creating environment hook '/home/user/ws_siasun/install/duco_ros_driver/share/duco_ros_driver/hook/cmake_prefix_path.ps1'
[0.661s] INFO:colcon.colcon_core.shell:Creating environment descriptor '/home/user/ws_siasun/install/duco_ros_driver/share/duco_ros_driver/hook/cmake_prefix_path.dsv'
[0.661s] INFO:colcon.colcon_core.shell:Creating environment hook '/home/user/ws_siasun/install/duco_ros_driver/share/duco_ros_driver/hook/cmake_prefix_path.sh'
[0.662s] Level 1:colcon.colcon_core.environment:checking '/home/user/ws_siasun/install/duco_ros_driver/lib'
[0.662s] Level 1:colcon.colcon_core.environment:checking '/home/user/ws_siasun/install/duco_ros_driver/bin'
[0.662s] Level 1:colcon.colcon_core.environment:checking '/home/user/ws_siasun/install/duco_ros_driver/lib/pkgconfig/duco_ros_driver.pc'
[0.662s] Level 1:colcon.colcon_core.environment:checking '/home/user/ws_siasun/install/duco_ros_driver/lib/python3.10/site-packages'
[0.662s] Level 1:colcon.colcon_core.environment:checking '/home/user/ws_siasun/install/duco_ros_driver/bin'
[0.663s] INFO:colcon.colcon_core.shell:Creating package script '/home/user/ws_siasun/install/duco_ros_driver/share/duco_ros_driver/package.ps1'
[0.663s] INFO:colcon.colcon_core.shell:Creating package descriptor '/home/user/ws_siasun/install/duco_ros_driver/share/duco_ros_driver/package.dsv'
[0.664s] INFO:colcon.colcon_core.shell:Creating package script '/home/user/ws_siasun/install/duco_ros_driver/share/duco_ros_driver/package.sh'
[0.664s] INFO:colcon.colcon_core.shell:Creating package script '/home/user/ws_siasun/install/duco_ros_driver/share/duco_ros_driver/package.bash'
[0.665s] INFO:colcon.colcon_core.shell:Creating package script '/home/user/ws_siasun/install/duco_ros_driver/share/duco_ros_driver/package.zsh'
[0.665s] Level 1:colcon.colcon_core.environment:create_file_with_runtime_dependencies(/home/user/ws_siasun/install/duco_ros_driver/share/colcon-core/packages/duco_ros_driver)
[0.666s] Level 1:colcon.colcon_core.environment:create_environment_scripts_only(duco_ros_driver)
[0.666s] Level 1:colcon.colcon_core.environment:checking '/home/user/ws_siasun/install/duco_ros_driver' for CMake module files
[0.667s] Level 1:colcon.colcon_core.environment:checking '/home/user/ws_siasun/install/duco_ros_driver' for CMake config files
[0.667s] Level 1:colcon.colcon_core.shell:create_environment_hook('duco_ros_driver', 'cmake_prefix_path')
[0.667s] INFO:colcon.colcon_core.shell:Creating environment hook '/home/user/ws_siasun/install/duco_ros_driver/share/duco_ros_driver/hook/cmake_prefix_path.ps1'
[0.667s] INFO:colcon.colcon_core.shell:Creating environment descriptor '/home/user/ws_siasun/install/duco_ros_driver/share/duco_ros_driver/hook/cmake_prefix_path.dsv'
[0.668s] INFO:colcon.colcon_core.shell:Creating environment hook '/home/user/ws_siasun/install/duco_ros_driver/share/duco_ros_driver/hook/cmake_prefix_path.sh'
[0.668s] Level 1:colcon.colcon_core.environment:checking '/home/user/ws_siasun/install/duco_ros_driver/lib'
[0.668s] Level 1:colcon.colcon_core.environment:checking '/home/user/ws_siasun/install/duco_ros_driver/bin'
[0.669s] Level 1:colcon.colcon_core.environment:checking '/home/user/ws_siasun/install/duco_ros_driver/lib/pkgconfig/duco_ros_driver.pc'
[0.669s] Level 1:colcon.colcon_core.environment:checking '/home/user/ws_siasun/install/duco_ros_driver/lib/python3.10/site-packages'
[0.669s] Level 1:colcon.colcon_core.environment:checking '/home/user/ws_siasun/install/duco_ros_driver/bin'
[0.669s] INFO:colcon.colcon_core.shell:Creating package script '/home/user/ws_siasun/install/duco_ros_driver/share/duco_ros_driver/package.ps1'
[0.670s] INFO:colcon.colcon_core.shell:Creating package descriptor '/home/user/ws_siasun/install/duco_ros_driver/share/duco_ros_driver/package.dsv'
[0.670s] INFO:colcon.colcon_core.shell:Creating package script '/home/user/ws_siasun/install/duco_ros_driver/share/duco_ros_driver/package.sh'
[0.670s] INFO:colcon.colcon_core.shell:Creating package script '/home/user/ws_siasun/install/duco_ros_driver/share/duco_ros_driver/package.bash'
[0.671s] INFO:colcon.colcon_core.shell:Creating package script '/home/user/ws_siasun/install/duco_ros_driver/share/duco_ros_driver/package.zsh'
[0.671s] Level 1:colcon.colcon_core.environment:create_file_with_runtime_dependencies(/home/user/ws_siasun/install/duco_ros_driver/share/colcon-core/packages/duco_ros_driver)
[0.671s] INFO:colcon.colcon_ros.task.ament_cmake.build:Building ROS package in '/home/user/ws_siasun/src/aivt' with build type 'ament_cmake'
[0.671s] INFO:colcon.colcon_cmake.task.cmake.build:Building CMake package in '/home/user/ws_siasun/src/aivt'
[0.671s] INFO:colcon.colcon_core.shell:Skip shell extension 'powershell' for command environment: Not usable outside of PowerShell
[0.671s] DEBUG:colcon.colcon_core.shell:Skip shell extension 'dsv' for command environment
[0.675s] DEBUG:colcon.colcon_core.event_handler.log_command:Invoked command in '/home/user/ws_siasun/build/robot_control' returned '0': CMAKE_PREFIX_PATH=/home/user/ws_siasun/install/duco_msg:/home/user/ws_siasun/install/robot_control:/home/user/ws_siasun/install/aivt:/home/user/ws_siasun/install/duco_ros_driver:/home/user/ws_siasun/install/duco_gcr3_618_moveit_config:/home/user/ws_siasun/install/duco_arms:/home/user/ws_siasun/install/duco_support:/home/user/ws_siasun/install/aivt_interfaces:/opt/ros/humble /usr/bin/cmake --build /home/user/ws_siasun/build/robot_control -- -j16 -l16
[0.677s] DEBUG:colcon.colcon_core.event_handler.log_command:Invoking command in '/home/user/ws_siasun/build/robot_control': CMAKE_PREFIX_PATH=/home/user/ws_siasun/install/duco_msg:/home/user/ws_siasun/install/robot_control:/home/user/ws_siasun/install/aivt:/home/user/ws_siasun/install/duco_ros_driver:/home/user/ws_siasun/install/duco_gcr3_618_moveit_config:/home/user/ws_siasun/install/duco_arms:/home/user/ws_siasun/install/duco_support:/home/user/ws_siasun/install/aivt_interfaces:/opt/ros/humble /usr/bin/cmake --install /home/user/ws_siasun/build/robot_control
[0.684s] DEBUG:colcon.colcon_core.event_handler.log_command:Invoking command in '/home/user/ws_siasun/build/aivt': CMAKE_PREFIX_PATH=/home/user/ws_siasun/install/duco_ros_driver:/home/user/ws_siasun/install/duco_arms:/home/user/ws_siasun/install/duco_support:/home/user/ws_siasun/install/duco_msg:/home/user/ws_siasun/install/aivt_interfaces:/home/user/ws_siasun/install/robot_control:/home/user/ws_siasun/install/aivt:/home/user/ws_siasun/install/duco_gcr3_618_moveit_config:/opt/ros/humble /usr/bin/cmake --build /home/user/ws_siasun/build/aivt -- -j16 -l16
[0.686s] Level 1:colcon.colcon_core.environment:create_environment_scripts_only(robot_control)
[0.687s] Level 1:colcon.colcon_core.environment:checking '/home/user/ws_siasun/install/robot_control' for CMake module files
[0.687s] DEBUG:colcon.colcon_core.event_handler.log_command:Invoked command in '/home/user/ws_siasun/build/robot_control' returned '0': CMAKE_PREFIX_PATH=/home/user/ws_siasun/install/duco_msg:/home/user/ws_siasun/install/robot_control:/home/user/ws_siasun/install/aivt:/home/user/ws_siasun/install/duco_ros_driver:/home/user/ws_siasun/install/duco_gcr3_618_moveit_config:/home/user/ws_siasun/install/duco_arms:/home/user/ws_siasun/install/duco_support:/home/user/ws_siasun/install/aivt_interfaces:/opt/ros/humble /usr/bin/cmake --install /home/user/ws_siasun/build/robot_control
[0.688s] Level 1:colcon.colcon_core.environment:checking '/home/user/ws_siasun/install/robot_control' for CMake config files
[0.688s] Level 1:colcon.colcon_core.shell:create_environment_hook('robot_control', 'cmake_prefix_path')
[0.688s] INFO:colcon.colcon_core.shell:Creating environment hook '/home/user/ws_siasun/install/robot_control/share/robot_control/hook/cmake_prefix_path.ps1'
[0.689s] INFO:colcon.colcon_core.shell:Creating environment descriptor '/home/user/ws_siasun/install/robot_control/share/robot_control/hook/cmake_prefix_path.dsv'
[0.689s] INFO:colcon.colcon_core.shell:Creating environment hook '/home/user/ws_siasun/install/robot_control/share/robot_control/hook/cmake_prefix_path.sh'
[0.690s] Level 1:colcon.colcon_core.environment:checking '/home/user/ws_siasun/install/robot_control/lib'
[0.690s] Level 1:colcon.colcon_core.environment:checking '/home/user/ws_siasun/install/robot_control/bin'
[0.690s] Level 1:colcon.colcon_core.environment:checking '/home/user/ws_siasun/install/robot_control/lib/pkgconfig/robot_control.pc'
[0.690s] Level 1:colcon.colcon_core.environment:checking '/home/user/ws_siasun/install/robot_control/lib/python3.10/site-packages'
[0.690s] Level 1:colcon.colcon_core.environment:checking '/home/user/ws_siasun/install/robot_control/bin'
[0.691s] INFO:colcon.colcon_core.shell:Creating package script '/home/user/ws_siasun/install/robot_control/share/robot_control/package.ps1'
[0.691s] INFO:colcon.colcon_core.shell:Creating package descriptor '/home/user/ws_siasun/install/robot_control/share/robot_control/package.dsv'
[0.692s] INFO:colcon.colcon_core.shell:Creating package script '/home/user/ws_siasun/install/robot_control/share/robot_control/package.sh'
[0.692s] INFO:colcon.colcon_core.shell:Creating package script '/home/user/ws_siasun/install/robot_control/share/robot_control/package.bash'
[0.693s] INFO:colcon.colcon_core.shell:Creating package script '/home/user/ws_siasun/install/robot_control/share/robot_control/package.zsh'
[0.693s] Level 1:colcon.colcon_core.environment:create_file_with_runtime_dependencies(/home/user/ws_siasun/install/robot_control/share/colcon-core/packages/robot_control)
[0.694s] Level 1:colcon.colcon_core.environment:create_environment_scripts_only(robot_control)
[0.694s] Level 1:colcon.colcon_core.environment:checking '/home/user/ws_siasun/install/robot_control' for CMake module files
[0.694s] Level 1:colcon.colcon_core.environment:checking '/home/user/ws_siasun/install/robot_control' for CMake config files
[0.695s] Level 1:colcon.colcon_core.shell:create_environment_hook('robot_control', 'cmake_prefix_path')
[0.695s] INFO:colcon.colcon_core.shell:Creating environment hook '/home/user/ws_siasun/install/robot_control/share/robot_control/hook/cmake_prefix_path.ps1'
[0.695s] INFO:colcon.colcon_core.shell:Creating environment descriptor '/home/user/ws_siasun/install/robot_control/share/robot_control/hook/cmake_prefix_path.dsv'
[0.696s] INFO:colcon.colcon_core.shell:Creating environment hook '/home/user/ws_siasun/install/robot_control/share/robot_control/hook/cmake_prefix_path.sh'
[0.696s] Level 1:colcon.colcon_core.environment:checking '/home/user/ws_siasun/install/robot_control/lib'
[0.697s] Level 1:colcon.colcon_core.environment:checking '/home/user/ws_siasun/install/robot_control/bin'
[0.697s] Level 1:colcon.colcon_core.environment:checking '/home/user/ws_siasun/install/robot_control/lib/pkgconfig/robot_control.pc'
[0.697s] Level 1:colcon.colcon_core.environment:checking '/home/user/ws_siasun/install/robot_control/lib/python3.10/site-packages'
[0.697s] Level 1:colcon.colcon_core.environment:checking '/home/user/ws_siasun/install/robot_control/bin'
[0.697s] INFO:colcon.colcon_core.shell:Creating package script '/home/user/ws_siasun/install/robot_control/share/robot_control/package.ps1'
[0.698s] INFO:colcon.colcon_core.shell:Creating package descriptor '/home/user/ws_siasun/install/robot_control/share/robot_control/package.dsv'
[0.698s] INFO:colcon.colcon_core.shell:Creating package script '/home/user/ws_siasun/install/robot_control/share/robot_control/package.sh'
[0.698s] INFO:colcon.colcon_core.shell:Creating package script '/home/user/ws_siasun/install/robot_control/share/robot_control/package.bash'
[0.699s] INFO:colcon.colcon_core.shell:Creating package script '/home/user/ws_siasun/install/robot_control/share/robot_control/package.zsh'
[0.699s] Level 1:colcon.colcon_core.environment:create_file_with_runtime_dependencies(/home/user/ws_siasun/install/robot_control/share/colcon-core/packages/robot_control)
[13.648s] DEBUG:colcon.colcon_core.event_handler.log_command:Invoked command in '/home/user/ws_siasun/build/aivt' returned '0': CMAKE_PREFIX_PATH=/home/user/ws_siasun/install/duco_ros_driver:/home/user/ws_siasun/install/duco_arms:/home/user/ws_siasun/install/duco_support:/home/user/ws_siasun/install/duco_msg:/home/user/ws_siasun/install/aivt_interfaces:/home/user/ws_siasun/install/robot_control:/home/user/ws_siasun/install/aivt:/home/user/ws_siasun/install/duco_gcr3_618_moveit_config:/opt/ros/humble /usr/bin/cmake --build /home/user/ws_siasun/build/aivt -- -j16 -l16
[13.650s] DEBUG:colcon.colcon_core.event_handler.log_command:Invoking command in '/home/user/ws_siasun/build/aivt': CMAKE_PREFIX_PATH=/home/user/ws_siasun/install/duco_ros_driver:/home/user/ws_siasun/install/duco_arms:/home/user/ws_siasun/install/duco_support:/home/user/ws_siasun/install/duco_msg:/home/user/ws_siasun/install/aivt_interfaces:/home/user/ws_siasun/install/robot_control:/home/user/ws_siasun/install/aivt:/home/user/ws_siasun/install/duco_gcr3_618_moveit_config:/opt/ros/humble /usr/bin/cmake --install /home/user/ws_siasun/build/aivt
[13.665s] Level 1:colcon.colcon_core.environment:create_environment_scripts_only(aivt)
[13.666s] Level 1:colcon.colcon_core.environment:checking '/home/user/ws_siasun/install/aivt' for CMake module files
[13.667s] DEBUG:colcon.colcon_core.event_handler.log_command:Invoked command in '/home/user/ws_siasun/build/aivt' returned '0': CMAKE_PREFIX_PATH=/home/user/ws_siasun/install/duco_ros_driver:/home/user/ws_siasun/install/duco_arms:/home/user/ws_siasun/install/duco_support:/home/user/ws_siasun/install/duco_msg:/home/user/ws_siasun/install/aivt_interfaces:/home/user/ws_siasun/install/robot_control:/home/user/ws_siasun/install/aivt:/home/user/ws_siasun/install/duco_gcr3_618_moveit_config:/opt/ros/humble /usr/bin/cmake --install /home/user/ws_siasun/build/aivt
[13.668s] Level 1:colcon.colcon_core.environment:checking '/home/user/ws_siasun/install/aivt' for CMake config files
[13.668s] Level 1:colcon.colcon_core.shell:create_environment_hook('aivt', 'cmake_prefix_path')
[13.668s] INFO:colcon.colcon_core.shell:Creating environment hook '/home/user/ws_siasun/install/aivt/share/aivt/hook/cmake_prefix_path.ps1'
[13.669s] INFO:colcon.colcon_core.shell:Creating environment descriptor '/home/user/ws_siasun/install/aivt/share/aivt/hook/cmake_prefix_path.dsv'
[13.669s] INFO:colcon.colcon_core.shell:Creating environment hook '/home/user/ws_siasun/install/aivt/share/aivt/hook/cmake_prefix_path.sh'
[13.670s] Level 1:colcon.colcon_core.environment:checking '/home/user/ws_siasun/install/aivt/lib'
[13.670s] Level 1:colcon.colcon_core.environment:checking '/home/user/ws_siasun/install/aivt/bin'
[13.670s] Level 1:colcon.colcon_core.environment:checking '/home/user/ws_siasun/install/aivt/lib/pkgconfig/aivt.pc'
[13.670s] Level 1:colcon.colcon_core.environment:checking '/home/user/ws_siasun/install/aivt/lib/python3.10/site-packages'
[13.670s] Level 1:colcon.colcon_core.environment:checking '/home/user/ws_siasun/install/aivt/bin'
[13.670s] INFO:colcon.colcon_core.shell:Creating package script '/home/user/ws_siasun/install/aivt/share/aivt/package.ps1'
[13.671s] INFO:colcon.colcon_core.shell:Creating package descriptor '/home/user/ws_siasun/install/aivt/share/aivt/package.dsv'
[13.671s] INFO:colcon.colcon_core.shell:Creating package script '/home/user/ws_siasun/install/aivt/share/aivt/package.sh'
[13.672s] INFO:colcon.colcon_core.shell:Creating package script '/home/user/ws_siasun/install/aivt/share/aivt/package.bash'
[13.672s] INFO:colcon.colcon_core.shell:Creating package script '/home/user/ws_siasun/install/aivt/share/aivt/package.zsh'
[13.672s] Level 1:colcon.colcon_core.environment:create_file_with_runtime_dependencies(/home/user/ws_siasun/install/aivt/share/colcon-core/packages/aivt)
[13.673s] Level 1:colcon.colcon_core.environment:create_environment_scripts_only(aivt)
[13.673s] Level 1:colcon.colcon_core.environment:checking '/home/user/ws_siasun/install/aivt' for CMake module files
[13.674s] Level 1:colcon.colcon_core.environment:checking '/home/user/ws_siasun/install/aivt' for CMake config files
[13.674s] Level 1:colcon.colcon_core.shell:create_environment_hook('aivt', 'cmake_prefix_path')
[13.674s] INFO:colcon.colcon_core.shell:Creating environment hook '/home/user/ws_siasun/install/aivt/share/aivt/hook/cmake_prefix_path.ps1'
[13.675s] INFO:colcon.colcon_core.shell:Creating environment descriptor '/home/user/ws_siasun/install/aivt/share/aivt/hook/cmake_prefix_path.dsv'
[13.675s] INFO:colcon.colcon_core.shell:Creating environment hook '/home/user/ws_siasun/install/aivt/share/aivt/hook/cmake_prefix_path.sh'
[13.675s] Level 1:colcon.colcon_core.environment:checking '/home/user/ws_siasun/install/aivt/lib'
[13.675s] Level 1:colcon.colcon_core.environment:checking '/home/user/ws_siasun/install/aivt/bin'
[13.675s] Level 1:colcon.colcon_core.environment:checking '/home/user/ws_siasun/install/aivt/lib/pkgconfig/aivt.pc'
[13.676s] Level 1:colcon.colcon_core.environment:checking '/home/user/ws_siasun/install/aivt/lib/python3.10/site-packages'
[13.676s] Level 1:colcon.colcon_core.environment:checking '/home/user/ws_siasun/install/aivt/bin'
[13.676s] INFO:colcon.colcon_core.shell:Creating package script '/home/user/ws_siasun/install/aivt/share/aivt/package.ps1'
[13.676s] INFO:colcon.colcon_core.shell:Creating package descriptor '/home/user/ws_siasun/install/aivt/share/aivt/package.dsv'
[13.676s] INFO:colcon.colcon_core.shell:Creating package script '/home/user/ws_siasun/install/aivt/share/aivt/package.sh'
[13.677s] INFO:colcon.colcon_core.shell:Creating package script '/home/user/ws_siasun/install/aivt/share/aivt/package.bash'
[13.677s] INFO:colcon.colcon_core.shell:Creating package script '/home/user/ws_siasun/install/aivt/share/aivt/package.zsh'
[13.677s] Level 1:colcon.colcon_core.environment:create_file_with_runtime_dependencies(/home/user/ws_siasun/install/aivt/share/colcon-core/packages/aivt)
[13.677s] DEBUG:colcon.colcon_parallel_executor.executor.parallel:closing loop
[13.677s] DEBUG:colcon.colcon_parallel_executor.executor.parallel:loop closed
[13.677s] DEBUG:colcon.colcon_parallel_executor.executor.parallel:run_until_complete finished with '0'
[13.678s] DEBUG:colcon.colcon_core.event_reactor:joining thread
[13.682s] INFO:colcon.colcon_core.plugin_system:Skipping extension 'colcon_notification.desktop_notification.terminal_notifier': Not used on non-Darwin systems
[13.682s] INFO:colcon.colcon_core.plugin_system:Skipping extension 'colcon_notification.desktop_notification.win32': Not used on non-Windows systems
[13.682s] INFO:colcon.colcon_notification.desktop_notification:Sending desktop notification using 'notify2'
[13.694s] DEBUG:colcon.colcon_core.event_reactor:joined thread
[13.695s] INFO:colcon.colcon_core.shell:Creating prefix script '/home/user/ws_siasun/install/local_setup.ps1'
[13.695s] INFO:colcon.colcon_core.shell:Creating prefix util module '/home/user/ws_siasun/install/_local_setup_util_ps1.py'
[13.696s] INFO:colcon.colcon_core.shell:Creating prefix chain script '/home/user/ws_siasun/install/setup.ps1'
[13.697s] INFO:colcon.colcon_core.shell:Creating prefix script '/home/user/ws_siasun/install/local_setup.sh'
[13.697s] INFO:colcon.colcon_core.shell:Creating prefix util module '/home/user/ws_siasun/install/_local_setup_util_sh.py'
[13.698s] INFO:colcon.colcon_core.shell:Creating prefix chain script '/home/user/ws_siasun/install/setup.sh'
[13.699s] INFO:colcon.colcon_core.shell:Creating prefix script '/home/user/ws_siasun/install/local_setup.bash'
[13.699s] INFO:colcon.colcon_core.shell:Creating prefix chain script '/home/user/ws_siasun/install/setup.bash'
[13.700s] INFO:colcon.colcon_core.shell:Creating prefix script '/home/user/ws_siasun/install/local_setup.zsh'
[13.700s] INFO:colcon.colcon_core.shell:Creating prefix chain script '/home/user/ws_siasun/install/setup.zsh'
