[33mCMake Warning at CMakeLists.txt:15 (add_executable):
  Cannot generate a safe runtime search path for target simple_motion_node
  because files in some directories may conflict with libraries in implicit
  directories:

    runtime library [libcurl.so.4] in /usr/lib/x86_64-linux-gnu may be hidden by files in:
      /home/ubuntu/anaconda3/lib
    runtime library [libcrypto.so.3] in /usr/lib/x86_64-linux-gnu may be hidden by files in:
      /home/ubuntu/anaconda3/lib

  Some of these libraries may not be found correctly.

[0m
[33mCMake Warning at CMakeLists.txt:16 (add_executable):
  Cannot generate a safe runtime search path for target move_controller_test
  because files in some directories may conflict with libraries in implicit
  directories:

    runtime library [libcurl.so.4] in /usr/lib/x86_64-linux-gnu may be hidden by files in:
      /home/ubuntu/anaconda3/lib
    runtime library [libcrypto.so.3] in /usr/lib/x86_64-linux-gnu may be hidden by files in:
      /home/ubuntu/anaconda3/lib

  Some of these libraries may not be found correctly.

[0m
