-- The C compiler identification is GNU 12.3.0
-- The CXX compiler identification is GNU 12.3.0
-- Detecting C compiler ABI info
-- Detecting C compiler ABI info - done
-- Check for working C compiler: /usr/bin/cc - skipped
-- Detecting C compile features
-- Detecting C compile features - done
-- Detecting CXX compiler ABI info
-- Detecting CXX compiler ABI info - done
-- Check for working CXX compiler: /usr/bin/c++ - skipped
-- Detecting CXX compile features
-- Detecting CXX compile features - done
-- Found ament_cmake: 1.3.11 (/opt/ros/humble/share/ament_cmake/cmake)
-- Found Python3: /home/ubuntu/anaconda3/bin/python3 (found version "3.12.7") found components: Interpreter 
-- Found rclcpp: 16.0.12 (/opt/ros/humble/share/rclcpp/cmake)
-- Found rosidl_generator_c: 3.1.6 (/opt/ros/humble/share/rosidl_generator_c/cmake)
-- Found rosidl_adapter: 3.1.6 (/opt/ros/humble/share/rosidl_adapter/cmake)
-- Found rosidl_generator_cpp: 3.1.6 (/opt/ros/humble/share/rosidl_generator_cpp/cmake)
-- Using all available rosidl_typesupport_c: rosidl_typesupport_fastrtps_c;rosidl_typesupport_introspection_c
-- Using all available rosidl_typesupport_cpp: rosidl_typesupport_fastrtps_cpp;rosidl_typesupport_introspection_cpp
-- Found rmw_implementation_cmake: 6.1.2 (/opt/ros/humble/share/rmw_implementation_cmake/cmake)
-- Found rmw_fastrtps_cpp: 6.2.7 (/opt/ros/humble/share/rmw_fastrtps_cpp/cmake)
-- Found OpenSSL: /usr/lib/x86_64-linux-gnu/libcrypto.so (found version "3.0.2")  
-- Found FastRTPS: /opt/ros/humble/include  
-- Using RMW implementation 'rmw_fastrtps_cpp' as default
-- Looking for pthread.h
-- Looking for pthread.h - found
-- Performing Test CMAKE_HAVE_LIBC_PTHREAD
-- Performing Test CMAKE_HAVE_LIBC_PTHREAD - Success
-- Found Threads: TRUE  
-- Found geometry_msgs: 4.8.0 (/opt/ros/humble/share/geometry_msgs/cmake)
-- Found moveit_ros_planning_interface: 2.5.9 (/home/ubuntu/ws_moveit/install/moveit_ros_planning_interface/share/moveit_ros_planning_interface/cmake)
-- Found Boost: /home/ubuntu/anaconda3/lib/cmake/Boost-1.82.0/BoostConfig.cmake (found version "1.82.0") found components: date_time filesystem program_options system thread 
-- Found Boost: /home/ubuntu/anaconda3/lib/cmake/Boost-1.82.0/BoostConfig.cmake (found version "1.82.0") found components: chrono date_time filesystem iostreams program_options regex serialization system thread 
-- Found parameter_traits: 0.4.0 (/opt/ros/humble/share/parameter_traits/cmake)
-- Found Eigen3: TRUE (found version "3.4.0") 
-- Found rclcpp_lifecycle: 16.0.12 (/opt/ros/humble/share/rclcpp_lifecycle/cmake)
-- Found Boost: /home/ubuntu/anaconda3/lib/cmake/Boost-1.82.0/BoostConfig.cmake (found version "1.82.0") found components: filesystem 
-- library: /usr/lib/x86_64-linux-gnu/libcurl.so
-- Ensuring Eigen3 include directory is part of orocos-kdl CMake target
-- Found Boost: /home/ubuntu/anaconda3/lib/cmake/Boost-1.82.0/BoostConfig.cmake (found version "1.82.0") found components: system filesystem date_time program_options thread chrono 
-- Found Boost: /home/ubuntu/anaconda3/lib/cmake/Boost-1.82.0/BoostConfig.cmake (found version "1.82.0") found components: thread system filesystem regex date_time program_options 
-- Found Boost: /home/ubuntu/anaconda3/lib/cmake/Boost-1.82.0/BoostConfig.cmake (found version "1.82.0") found components: system filesystem date_time program_options thread 
-- Found ament_lint_auto: 0.12.12 (/opt/ros/humble/share/ament_lint_auto/cmake)
-- Added test 'cppcheck' to perform static code analysis on C / C++ code
-- Configured cppcheck include dirs: $<BUILD_INTERFACE:/home/ubuntu/ws_engineer/src/moveit_demo/include>
-- Configured cppcheck exclude dirs and/or files: 
-- Added test 'lint_cmake' to check CMake code style
-- Added test 'uncrustify' to check C / C++ code style
-- Configured uncrustify additional arguments: 
-- Added test 'xmllint' to check XML markup files
-- Configuring done
[33mCMake Warning at CMakeLists.txt:15 (add_executable):
  Cannot generate a safe runtime search path for target simple_motion_node
  because files in some directories may conflict with libraries in implicit
  directories:

    runtime library [libcurl.so.4] in /usr/lib/x86_64-linux-gnu may be hidden by files in:
      /home/ubuntu/anaconda3/lib
    runtime library [libcrypto.so.3] in /usr/lib/x86_64-linux-gnu may be hidden by files in:
      /home/ubuntu/anaconda3/lib

  Some of these libraries may not be found correctly.

[0m
[33mCMake Warning at CMakeLists.txt:16 (add_executable):
  Cannot generate a safe runtime search path for target move_controller_test
  because files in some directories may conflict with libraries in implicit
  directories:

    runtime library [libcurl.so.4] in /usr/lib/x86_64-linux-gnu may be hidden by files in:
      /home/ubuntu/anaconda3/lib
    runtime library [libcrypto.so.3] in /usr/lib/x86_64-linux-gnu may be hidden by files in:
      /home/ubuntu/anaconda3/lib

  Some of these libraries may not be found correctly.

[0m
-- Generating done
-- Build files have been written to: /home/ubuntu/ws_engineer/build/moveit_demo
[ 25%] [32mBuilding CXX object CMakeFiles/move_controller_test.dir/src/move_controller_test.cpp.o[0m
[ 50%] [32mBuilding CXX object CMakeFiles/simple_motion_node.dir/src/simple_motion_node.cpp.o[0m
[ 75%] [32m[1mLinking CXX executable move_controller_test[0m
[100%] [32m[1mLinking CXX executable simple_motion_node[0m
[100%] Built target move_controller_test
[100%] Built target simple_motion_node
-- Install configuration: ""
-- Installing: /home/ubuntu/ws_engineer/install/moveit_demo/lib/moveit_demo/simple_motion_node
-- Set runtime path of "/home/ubuntu/ws_engineer/install/moveit_demo/lib/moveit_demo/simple_motion_node" to ""
-- Installing: /home/ubuntu/ws_engineer/install/moveit_demo/lib/moveit_demo/move_controller_test
-- Set runtime path of "/home/ubuntu/ws_engineer/install/moveit_demo/lib/moveit_demo/move_controller_test" to ""
-- Installing: /home/ubuntu/ws_engineer/install/moveit_demo/share/ament_index/resource_index/package_run_dependencies/moveit_demo
-- Installing: /home/ubuntu/ws_engineer/install/moveit_demo/share/ament_index/resource_index/parent_prefix_path/moveit_demo
-- Installing: /home/ubuntu/ws_engineer/install/moveit_demo/share/moveit_demo/environment/ament_prefix_path.sh
-- Installing: /home/ubuntu/ws_engineer/install/moveit_demo/share/moveit_demo/environment/ament_prefix_path.dsv
-- Installing: /home/ubuntu/ws_engineer/install/moveit_demo/share/moveit_demo/environment/path.sh
-- Installing: /home/ubuntu/ws_engineer/install/moveit_demo/share/moveit_demo/environment/path.dsv
-- Installing: /home/ubuntu/ws_engineer/install/moveit_demo/share/moveit_demo/local_setup.bash
-- Installing: /home/ubuntu/ws_engineer/install/moveit_demo/share/moveit_demo/local_setup.sh
-- Installing: /home/ubuntu/ws_engineer/install/moveit_demo/share/moveit_demo/local_setup.zsh
-- Installing: /home/ubuntu/ws_engineer/install/moveit_demo/share/moveit_demo/local_setup.dsv
-- Installing: /home/ubuntu/ws_engineer/install/moveit_demo/share/moveit_demo/package.dsv
-- Installing: /home/ubuntu/ws_engineer/install/moveit_demo/share/ament_index/resource_index/packages/moveit_demo
-- Installing: /home/ubuntu/ws_engineer/install/moveit_demo/share/moveit_demo/cmake/moveit_demoConfig.cmake
-- Installing: /home/ubuntu/ws_engineer/install/moveit_demo/share/moveit_demo/cmake/moveit_demoConfig-version.cmake
-- Installing: /home/ubuntu/ws_engineer/install/moveit_demo/share/moveit_demo/package.xml
