[0.009s] Invoking command in '/home/user/ws_siasun/build/duco_ros_driver': CMAKE_PREFIX_PATH=/home/user/ws_siasun/install/duco_arms:/home/user/ws_siasun/install/duco_support:/home/user/ws_siasun/install/duco_msg:/home/user/ws_siasun/install/robot_control:/home/user/ws_siasun/install/aivt:/home/user/ws_siasun/install/duco_ros_driver:/home/user/ws_siasun/install/duco_gcr3_618_moveit_config:/home/user/ws_siasun/install/aivt_interfaces:/opt/ros/humble /usr/bin/cmake --build /home/user/ws_siasun/build/duco_ros_driver -- -j16 -l16
[0.051s] [ 23%] Built target DucoRobotControl
[0.053s] [ 38%] Built target DucoTrajectoryAction
[0.054s] [ 69%] Built target DucoDriver
[0.055s] [100%] Built target DucoRobotStatus
[0.066s] Invoked command in '/home/user/ws_siasun/build/duco_ros_driver' returned '0': CMAKE_PREFIX_PATH=/home/user/ws_siasun/install/duco_arms:/home/user/ws_siasun/install/duco_support:/home/user/ws_siasun/install/duco_msg:/home/user/ws_siasun/install/robot_control:/home/user/ws_siasun/install/aivt:/home/user/ws_siasun/install/duco_ros_driver:/home/user/ws_siasun/install/duco_gcr3_618_moveit_config:/home/user/ws_siasun/install/aivt_interfaces:/opt/ros/humble /usr/bin/cmake --build /home/user/ws_siasun/build/duco_ros_driver -- -j16 -l16
[0.068s] Invoking command in '/home/user/ws_siasun/build/duco_ros_driver': CMAKE_PREFIX_PATH=/home/user/ws_siasun/install/duco_arms:/home/user/ws_siasun/install/duco_support:/home/user/ws_siasun/install/duco_msg:/home/user/ws_siasun/install/robot_control:/home/user/ws_siasun/install/aivt:/home/user/ws_siasun/install/duco_ros_driver:/home/user/ws_siasun/install/duco_gcr3_618_moveit_config:/home/user/ws_siasun/install/aivt_interfaces:/opt/ros/humble /usr/bin/cmake --install /home/user/ws_siasun/build/duco_ros_driver
[0.073s] -- Install configuration: ""
[0.073s] -- Up-to-date: /home/user/ws_siasun/install/duco_ros_driver/include/duco_ros_driver/
[0.073s] -- Up-to-date: /home/user/ws_siasun/install/duco_ros_driver/include/duco_ros_driver//joint_relay_handler.h
[0.073s] -- Up-to-date: /home/user/ws_siasun/install/duco_ros_driver/include/duco_ros_driver//DucoCobot.h
[0.073s] -- Up-to-date: /home/user/ws_siasun/install/duco_ros_driver/include/duco_ros_driver//DucoDriver.h
[0.073s] -- Up-to-date: /home/user/ws_siasun/install/duco_ros_driver/include/duco_ros_driver//RobotNode.h
[0.074s] -- Up-to-date: /home/user/ws_siasun/install/duco_ros_driver/include/duco_ros_driver//utils_.h
[0.074s] -- Up-to-date: /home/user/ws_siasun/install/duco_ros_driver/include/duco_ros_driver//param_utils.h
[0.074s] -- Up-to-date: /home/user/ws_siasun/install/duco_ros_driver/include/duco_ros_driver//utils.h
[0.074s] -- Up-to-date: /home/user/ws_siasun/install/duco_ros_driver/include/duco_ros_driver//DucoRobotControl.h
[0.074s] -- Up-to-date: /home/user/ws_siasun/install/duco_ros_driver/include/duco_ros_driver//DucoRobotStatus.h
[0.074s] -- Up-to-date: /home/user/ws_siasun/install/duco_ros_driver/include/duco_ros_driver//DucoTrajectoryAction.h
[0.074s] -- Up-to-date: /home/user/ws_siasun/install/duco_ros_driver/lib/duco_ros_driver/DucoDriver
[0.074s] -- Up-to-date: /home/user/ws_siasun/install/duco_ros_driver/lib/duco_ros_driver/DucoRobotStatus
[0.075s] -- Up-to-date: /home/user/ws_siasun/install/duco_ros_driver/lib/duco_ros_driver/DucoTrajectoryAction
[0.075s] -- Up-to-date: /home/user/ws_siasun/install/duco_ros_driver/lib/duco_ros_driver/DucoRobotControl
[0.075s] -- Up-to-date: /home/user/ws_siasun/install/duco_ros_driver/share/ament_index/resource_index/package_run_dependencies/duco_ros_driver
[0.075s] -- Up-to-date: /home/user/ws_siasun/install/duco_ros_driver/share/ament_index/resource_index/parent_prefix_path/duco_ros_driver
[0.075s] -- Up-to-date: /home/user/ws_siasun/install/duco_ros_driver/share/duco_ros_driver/environment/ament_prefix_path.sh
[0.075s] -- Up-to-date: /home/user/ws_siasun/install/duco_ros_driver/share/duco_ros_driver/environment/ament_prefix_path.dsv
[0.075s] -- Up-to-date: /home/user/ws_siasun/install/duco_ros_driver/share/duco_ros_driver/environment/path.sh
[0.075s] -- Up-to-date: /home/user/ws_siasun/install/duco_ros_driver/share/duco_ros_driver/environment/path.dsv
[0.075s] -- Up-to-date: /home/user/ws_siasun/install/duco_ros_driver/share/duco_ros_driver/local_setup.bash
[0.075s] -- Up-to-date: /home/user/ws_siasun/install/duco_ros_driver/share/duco_ros_driver/local_setup.sh
[0.075s] -- Up-to-date: /home/user/ws_siasun/install/duco_ros_driver/share/duco_ros_driver/local_setup.zsh
[0.075s] -- Up-to-date: /home/user/ws_siasun/install/duco_ros_driver/share/duco_ros_driver/local_setup.dsv
[0.075s] -- Installing: /home/user/ws_siasun/install/duco_ros_driver/share/duco_ros_driver/package.dsv
[0.076s] -- Up-to-date: /home/user/ws_siasun/install/duco_ros_driver/share/ament_index/resource_index/packages/duco_ros_driver
[0.076s] -- Up-to-date: /home/user/ws_siasun/install/duco_ros_driver/share/duco_ros_driver/cmake/ament_cmake_export_include_directories-extras.cmake
[0.076s] -- Up-to-date: /home/user/ws_siasun/install/duco_ros_driver/share/duco_ros_driver/cmake/ament_cmake_export_dependencies-extras.cmake
[0.076s] -- Up-to-date: /home/user/ws_siasun/install/duco_ros_driver/share/duco_ros_driver/cmake/duco_ros_driverConfig.cmake
[0.076s] -- Up-to-date: /home/user/ws_siasun/install/duco_ros_driver/share/duco_ros_driver/cmake/duco_ros_driverConfig-version.cmake
[0.076s] -- Up-to-date: /home/user/ws_siasun/install/duco_ros_driver/share/duco_ros_driver/package.xml
[0.077s] Invoked command in '/home/user/ws_siasun/build/duco_ros_driver' returned '0': CMAKE_PREFIX_PATH=/home/user/ws_siasun/install/duco_arms:/home/user/ws_siasun/install/duco_support:/home/user/ws_siasun/install/duco_msg:/home/user/ws_siasun/install/robot_control:/home/user/ws_siasun/install/aivt:/home/user/ws_siasun/install/duco_ros_driver:/home/user/ws_siasun/install/duco_gcr3_618_moveit_config:/home/user/ws_siasun/install/aivt_interfaces:/opt/ros/humble /usr/bin/cmake --install /home/user/ws_siasun/build/duco_ros_driver
