[0.009s] Invoking command in '/home/user/ws_siasun/build/duco_support': CMAKE_PREFIX_PATH=${CMAKE_PREFIX_PATH}:/opt/ros/humble /usr/bin/cmake --build /home/user/ws_siasun/build/duco_support -- -j16 -l16
[0.039s] Invoked command in '/home/user/ws_siasun/build/duco_support' returned '0': CMAKE_PREFIX_PATH=${CMAKE_PREFIX_PATH}:/opt/ros/humble /usr/bin/cmake --build /home/user/ws_siasun/build/duco_support -- -j16 -l16
[0.050s] Invoking command in '/home/user/ws_siasun/build/duco_support': CMAKE_PREFIX_PATH=${CMAKE_PREFIX_PATH}:/opt/ros/humble /usr/bin/cmake --install /home/user/ws_siasun/build/duco_support
[0.057s] -- Install configuration: ""
[0.057s] -- Up-to-date: /home/user/ws_siasun/install/duco_support/share/ament_index/resource_index/package_run_dependencies/duco_support
[0.057s] -- Up-to-date: /home/user/ws_siasun/install/duco_support/share/ament_index/resource_index/parent_prefix_path/duco_support
[0.057s] -- Up-to-date: /home/user/ws_siasun/install/duco_support/share/duco_support/environment/ament_prefix_path.sh
[0.058s] -- Up-to-date: /home/user/ws_siasun/install/duco_support/share/duco_support/environment/ament_prefix_path.dsv
[0.058s] -- Up-to-date: /home/user/ws_siasun/install/duco_support/share/duco_support/environment/path.sh
[0.058s] -- Up-to-date: /home/user/ws_siasun/install/duco_support/share/duco_support/environment/path.dsv
[0.058s] -- Up-to-date: /home/user/ws_siasun/install/duco_support/share/duco_support/local_setup.bash
[0.058s] -- Up-to-date: /home/user/ws_siasun/install/duco_support/share/duco_support/local_setup.sh
[0.058s] -- Up-to-date: /home/user/ws_siasun/install/duco_support/share/duco_support/local_setup.zsh
[0.058s] -- Up-to-date: /home/user/ws_siasun/install/duco_support/share/duco_support/local_setup.dsv
[0.058s] -- Installing: /home/user/ws_siasun/install/duco_support/share/duco_support/package.dsv
[0.058s] -- Up-to-date: /home/user/ws_siasun/install/duco_support/share/ament_index/resource_index/packages/duco_support
[0.058s] -- Up-to-date: /home/user/ws_siasun/install/duco_support/share/duco_support/cmake/duco_supportConfig.cmake
[0.058s] -- Up-to-date: /home/user/ws_siasun/install/duco_support/share/duco_support/cmake/duco_supportConfig-version.cmake
[0.058s] -- Up-to-date: /home/user/ws_siasun/install/duco_support/share/duco_support/package.xml
[0.058s] -- Up-to-date: /home/user/ws_siasun/install/duco_support/share/duco_support/meshes
[0.058s] -- Up-to-date: /home/user/ws_siasun/install/duco_support/share/duco_support/meshes/GCR14_1400
[0.058s] -- Up-to-date: /home/user/ws_siasun/install/duco_support/share/duco_support/meshes/GCR14_1400/link_2.stl
[0.058s] -- Up-to-date: /home/user/ws_siasun/install/duco_support/share/duco_support/meshes/GCR14_1400/link_1.stl
[0.058s] -- Up-to-date: /home/user/ws_siasun/install/duco_support/share/duco_support/meshes/GCR14_1400/base_link.stl
[0.059s] -- Up-to-date: /home/user/ws_siasun/install/duco_support/share/duco_support/meshes/GCR14_1400/link_6.stl
[0.059s] -- Up-to-date: /home/user/ws_siasun/install/duco_support/share/duco_support/meshes/GCR14_1400/link_5.stl
[0.059s] -- Up-to-date: /home/user/ws_siasun/install/duco_support/share/duco_support/meshes/GCR14_1400/link_4.stl
[0.059s] -- Up-to-date: /home/user/ws_siasun/install/duco_support/share/duco_support/meshes/GCR14_1400/link_3.stl
[0.059s] -- Up-to-date: /home/user/ws_siasun/install/duco_support/share/duco_support/meshes/GCR12_1300
[0.059s] -- Up-to-date: /home/user/ws_siasun/install/duco_support/share/duco_support/meshes/GCR12_1300/link_2.stl
[0.059s] -- Up-to-date: /home/user/ws_siasun/install/duco_support/share/duco_support/meshes/GCR12_1300/link_1.stl
[0.059s] -- Up-to-date: /home/user/ws_siasun/install/duco_support/share/duco_support/meshes/GCR12_1300/base_link.stl
[0.059s] -- Up-to-date: /home/user/ws_siasun/install/duco_support/share/duco_support/meshes/GCR12_1300/link_6.stl
[0.060s] -- Up-to-date: /home/user/ws_siasun/install/duco_support/share/duco_support/meshes/GCR12_1300/link_5.stl
[0.060s] -- Up-to-date: /home/user/ws_siasun/install/duco_support/share/duco_support/meshes/GCR12_1300/link_4.stl
[0.060s] -- Up-to-date: /home/user/ws_siasun/install/duco_support/share/duco_support/meshes/GCR12_1300/link_3.stl
[0.060s] -- Up-to-date: /home/user/ws_siasun/install/duco_support/share/duco_support/meshes/GCR20_1400
[0.060s] -- Up-to-date: /home/user/ws_siasun/install/duco_support/share/duco_support/meshes/GCR20_1400/link_2.stl
[0.060s] -- Up-to-date: /home/user/ws_siasun/install/duco_support/share/duco_support/meshes/GCR20_1400/link_1.stl
[0.060s] -- Up-to-date: /home/user/ws_siasun/install/duco_support/share/duco_support/meshes/GCR20_1400/base_link.stl
[0.060s] -- Up-to-date: /home/user/ws_siasun/install/duco_support/share/duco_support/meshes/GCR20_1400/link_6.stl
[0.060s] -- Up-to-date: /home/user/ws_siasun/install/duco_support/share/duco_support/meshes/GCR20_1400/link_5.stl
[0.060s] -- Up-to-date: /home/user/ws_siasun/install/duco_support/share/duco_support/meshes/GCR20_1400/link_4.stl
[0.060s] -- Up-to-date: /home/user/ws_siasun/install/duco_support/share/duco_support/meshes/GCR20_1400/link_3.stl
[0.060s] -- Up-to-date: /home/user/ws_siasun/install/duco_support/share/duco_support/meshes/GCR10_1300
[0.060s] -- Up-to-date: /home/user/ws_siasun/install/duco_support/share/duco_support/meshes/GCR10_1300/link_2.stl
[0.060s] -- Up-to-date: /home/user/ws_siasun/install/duco_support/share/duco_support/meshes/GCR10_1300/link_1.stl
[0.060s] -- Up-to-date: /home/user/ws_siasun/install/duco_support/share/duco_support/meshes/GCR10_1300/base_link.stl
[0.061s] -- Up-to-date: /home/user/ws_siasun/install/duco_support/share/duco_support/meshes/GCR10_1300/link_6.stl
[0.061s] -- Up-to-date: /home/user/ws_siasun/install/duco_support/share/duco_support/meshes/GCR10_1300/link_5.stl
[0.061s] -- Up-to-date: /home/user/ws_siasun/install/duco_support/share/duco_support/meshes/GCR10_1300/link_4.stl
[0.061s] -- Up-to-date: /home/user/ws_siasun/install/duco_support/share/duco_support/meshes/GCR10_1300/link_3.stl
[0.061s] -- Up-to-date: /home/user/ws_siasun/install/duco_support/share/duco_support/meshes/dual_gcr5
[0.061s] -- Up-to-date: /home/user/ws_siasun/install/duco_support/share/duco_support/meshes/dual_gcr5/link_2.stl
[0.061s] -- Up-to-date: /home/user/ws_siasun/install/duco_support/share/duco_support/meshes/dual_gcr5/link_1.stl
[0.061s] -- Up-to-date: /home/user/ws_siasun/install/duco_support/share/duco_support/meshes/dual_gcr5/base_link.stl
[0.061s] -- Up-to-date: /home/user/ws_siasun/install/duco_support/share/duco_support/meshes/dual_gcr5/link_6.stl
[0.061s] -- Up-to-date: /home/user/ws_siasun/install/duco_support/share/duco_support/meshes/dual_gcr5/link_5.stl
[0.061s] -- Up-to-date: /home/user/ws_siasun/install/duco_support/share/duco_support/meshes/dual_gcr5/link_4.stl
[0.061s] -- Up-to-date: /home/user/ws_siasun/install/duco_support/share/duco_support/meshes/dual_gcr5/link_3.stl
[0.061s] -- Up-to-date: /home/user/ws_siasun/install/duco_support/share/duco_support/meshes/GCR7_910
[0.062s] -- Up-to-date: /home/user/ws_siasun/install/duco_support/share/duco_support/meshes/GCR7_910/link_2.stl
[0.062s] -- Up-to-date: /home/user/ws_siasun/install/duco_support/share/duco_support/meshes/GCR7_910/link_1.stl
[0.062s] -- Up-to-date: /home/user/ws_siasun/install/duco_support/share/duco_support/meshes/GCR7_910/base_link.stl
[0.062s] -- Up-to-date: /home/user/ws_siasun/install/duco_support/share/duco_support/meshes/GCR7_910/link_6.stl
[0.062s] -- Up-to-date: /home/user/ws_siasun/install/duco_support/share/duco_support/meshes/GCR7_910/link_5.stl
[0.062s] -- Up-to-date: /home/user/ws_siasun/install/duco_support/share/duco_support/meshes/GCR7_910/link_4.stl
[0.062s] -- Up-to-date: /home/user/ws_siasun/install/duco_support/share/duco_support/meshes/GCR7_910/link_3.stl
[0.062s] -- Up-to-date: /home/user/ws_siasun/install/duco_support/share/duco_support/meshes/GCR25_1800
[0.062s] -- Up-to-date: /home/user/ws_siasun/install/duco_support/share/duco_support/meshes/GCR25_1800/link_5.STL
[0.062s] -- Up-to-date: /home/user/ws_siasun/install/duco_support/share/duco_support/meshes/GCR25_1800/base_link.STL
[0.062s] -- Up-to-date: /home/user/ws_siasun/install/duco_support/share/duco_support/meshes/GCR25_1800/link_6.STL
[0.062s] -- Up-to-date: /home/user/ws_siasun/install/duco_support/share/duco_support/meshes/GCR25_1800/link_3.STL
[0.063s] -- Up-to-date: /home/user/ws_siasun/install/duco_support/share/duco_support/meshes/GCR25_1800/link_2.STL
[0.063s] -- Up-to-date: /home/user/ws_siasun/install/duco_support/share/duco_support/meshes/GCR25_1800/link_4.STL
[0.063s] -- Up-to-date: /home/user/ws_siasun/install/duco_support/share/duco_support/meshes/GCR25_1800/link_1.STL
[0.063s] -- Up-to-date: /home/user/ws_siasun/install/duco_support/share/duco_support/meshes/GCR10_2000
[0.063s] -- Up-to-date: /home/user/ws_siasun/install/duco_support/share/duco_support/meshes/GCR10_2000/link_2.stl
[0.063s] -- Up-to-date: /home/user/ws_siasun/install/duco_support/share/duco_support/meshes/GCR10_2000/link_1.stl
[0.063s] -- Up-to-date: /home/user/ws_siasun/install/duco_support/share/duco_support/meshes/GCR10_2000/base_link.stl
[0.063s] -- Up-to-date: /home/user/ws_siasun/install/duco_support/share/duco_support/meshes/GCR10_2000/link_6.stl
[0.063s] -- Up-to-date: /home/user/ws_siasun/install/duco_support/share/duco_support/meshes/GCR10_2000/link_5.stl
[0.063s] -- Up-to-date: /home/user/ws_siasun/install/duco_support/share/duco_support/meshes/GCR10_2000/link_4.stl
[0.063s] -- Up-to-date: /home/user/ws_siasun/install/duco_support/share/duco_support/meshes/GCR10_2000/link_3.stl
[0.063s] -- Up-to-date: /home/user/ws_siasun/install/duco_support/share/duco_support/meshes/GCR20_1100
[0.063s] -- Up-to-date: /home/user/ws_siasun/install/duco_support/share/duco_support/meshes/GCR20_1100/link_2.stl
[0.063s] -- Up-to-date: /home/user/ws_siasun/install/duco_support/share/duco_support/meshes/GCR20_1100/link_1.stl
[0.063s] -- Up-to-date: /home/user/ws_siasun/install/duco_support/share/duco_support/meshes/GCR20_1100/base_link.stl
[0.064s] -- Up-to-date: /home/user/ws_siasun/install/duco_support/share/duco_support/meshes/GCR20_1100/link_6.stl
[0.064s] -- Up-to-date: /home/user/ws_siasun/install/duco_support/share/duco_support/meshes/GCR20_1100/link_5.stl
[0.064s] -- Up-to-date: /home/user/ws_siasun/install/duco_support/share/duco_support/meshes/GCR20_1100/link_4.stl
[0.064s] -- Up-to-date: /home/user/ws_siasun/install/duco_support/share/duco_support/meshes/GCR20_1100/link_3.stl
[0.064s] -- Up-to-date: /home/user/ws_siasun/install/duco_support/share/duco_support/meshes/GCR5_910
[0.064s] -- Up-to-date: /home/user/ws_siasun/install/duco_support/share/duco_support/meshes/GCR5_910/link_2.stl
[0.064s] -- Up-to-date: /home/user/ws_siasun/install/duco_support/share/duco_support/meshes/GCR5_910/link_1.stl
[0.064s] -- Up-to-date: /home/user/ws_siasun/install/duco_support/share/duco_support/meshes/GCR5_910/base_link.stl
[0.064s] -- Up-to-date: /home/user/ws_siasun/install/duco_support/share/duco_support/meshes/GCR5_910/link_6.stl
[0.064s] -- Up-to-date: /home/user/ws_siasun/install/duco_support/share/duco_support/meshes/GCR5_910/link_5.stl
[0.064s] -- Up-to-date: /home/user/ws_siasun/install/duco_support/share/duco_support/meshes/GCR5_910/link_4.stl
[0.064s] -- Up-to-date: /home/user/ws_siasun/install/duco_support/share/duco_support/meshes/GCR5_910/link_3.stl
[0.064s] -- Up-to-date: /home/user/ws_siasun/install/duco_support/share/duco_support/meshes/double_arm
[0.064s] -- Up-to-date: /home/user/ws_siasun/install/duco_support/share/duco_support/meshes/double_arm/left_arm_link2.STL
[0.064s] -- Up-to-date: /home/user/ws_siasun/install/duco_support/share/duco_support/meshes/double_arm/neck_pitch_link.STL
[0.064s] -- Up-to-date: /home/user/ws_siasun/install/duco_support/share/duco_support/meshes/double_arm/left_arm_link4.STL
[0.064s] -- Up-to-date: /home/user/ws_siasun/install/duco_support/share/duco_support/meshes/double_arm/right_arm_link3.STL
[0.065s] -- Up-to-date: /home/user/ws_siasun/install/duco_support/share/duco_support/meshes/double_arm/left_arm_link7.STL
[0.065s] -- Up-to-date: /home/user/ws_siasun/install/duco_support/share/duco_support/meshes/double_arm/right_arm_link4.STL.larkcache
[0.065s] -- Up-to-date: /home/user/ws_siasun/install/duco_support/share/duco_support/meshes/double_arm/left_arm_link6.STL
[0.065s] -- Up-to-date: /home/user/ws_siasun/install/duco_support/share/duco_support/meshes/double_arm/right_arm_link2.STL.larkcache
[0.065s] -- Up-to-date: /home/user/ws_siasun/install/duco_support/share/duco_support/meshes/double_arm/base_link.STL
[0.065s] -- Up-to-date: /home/user/ws_siasun/install/duco_support/share/duco_support/meshes/double_arm/left_arm_link0.STL
[0.065s] -- Up-to-date: /home/user/ws_siasun/install/duco_support/share/duco_support/meshes/double_arm/right_arm_link6.STL
[0.065s] -- Up-to-date: /home/user/ws_siasun/install/duco_support/share/duco_support/meshes/double_arm/right_arm_link4.STL
[0.065s] -- Up-to-date: /home/user/ws_siasun/install/duco_support/share/duco_support/meshes/double_arm/neck_roll_link.STL
[0.065s] -- Up-to-date: /home/user/ws_siasun/install/duco_support/share/duco_support/meshes/double_arm/left_arm_link1.STL
[0.065s] -- Up-to-date: /home/user/ws_siasun/install/duco_support/share/duco_support/meshes/double_arm/right_arm_link3.STL.larkcache
[0.066s] -- Up-to-date: /home/user/ws_siasun/install/duco_support/share/duco_support/meshes/double_arm/left_arm_link3.STL
[0.066s] -- Up-to-date: /home/user/ws_siasun/install/duco_support/share/duco_support/meshes/double_arm/right_arm_link7.STL
[0.066s] -- Up-to-date: /home/user/ws_siasun/install/duco_support/share/duco_support/meshes/double_arm/right_arm_link0.STL
[0.066s] -- Up-to-date: /home/user/ws_siasun/install/duco_support/share/duco_support/meshes/double_arm/right_arm_link2.STL
[0.066s] -- Up-to-date: /home/user/ws_siasun/install/duco_support/share/duco_support/meshes/double_arm/right_arm_link1.STL
[0.066s] -- Up-to-date: /home/user/ws_siasun/install/duco_support/share/duco_support/meshes/double_arm/left_arm_link5.STL
[0.067s] -- Up-to-date: /home/user/ws_siasun/install/duco_support/share/duco_support/meshes/double_arm/right_arm_link5.STL
[0.067s] -- Up-to-date: /home/user/ws_siasun/install/duco_support/share/duco_support/meshes/GCR30_1100
[0.067s] -- Up-to-date: /home/user/ws_siasun/install/duco_support/share/duco_support/meshes/GCR30_1100/link_2.stl
[0.067s] -- Up-to-date: /home/user/ws_siasun/install/duco_support/share/duco_support/meshes/GCR30_1100/link_1.stl
[0.067s] -- Up-to-date: /home/user/ws_siasun/install/duco_support/share/duco_support/meshes/GCR30_1100/base_link.stl
[0.067s] -- Up-to-date: /home/user/ws_siasun/install/duco_support/share/duco_support/meshes/GCR30_1100/link_6.stl
[0.067s] -- Up-to-date: /home/user/ws_siasun/install/duco_support/share/duco_support/meshes/GCR30_1100/link_5.stl
[0.067s] -- Up-to-date: /home/user/ws_siasun/install/duco_support/share/duco_support/meshes/GCR30_1100/link_4.stl
[0.067s] -- Up-to-date: /home/user/ws_siasun/install/duco_support/share/duco_support/meshes/GCR30_1100/link_3.stl
[0.067s] -- Up-to-date: /home/user/ws_siasun/install/duco_support/share/duco_support/meshes/GCR16_2000
[0.067s] -- Up-to-date: /home/user/ws_siasun/install/duco_support/share/duco_support/meshes/GCR16_2000/link_2.stl
[0.068s] -- Up-to-date: /home/user/ws_siasun/install/duco_support/share/duco_support/meshes/GCR16_2000/link_1.stl
[0.068s] -- Up-to-date: /home/user/ws_siasun/install/duco_support/share/duco_support/meshes/GCR16_2000/base_link.stl
[0.068s] -- Up-to-date: /home/user/ws_siasun/install/duco_support/share/duco_support/meshes/GCR16_2000/link_6.stl
[0.068s] -- Up-to-date: /home/user/ws_siasun/install/duco_support/share/duco_support/meshes/GCR16_2000/link_5.stl
[0.068s] -- Up-to-date: /home/user/ws_siasun/install/duco_support/share/duco_support/meshes/GCR16_2000/link_4.stl
[0.068s] -- Up-to-date: /home/user/ws_siasun/install/duco_support/share/duco_support/meshes/GCR16_2000/link_3.stl
[0.068s] -- Up-to-date: /home/user/ws_siasun/install/duco_support/share/duco_support/meshes/GCR16_960
[0.068s] -- Up-to-date: /home/user/ws_siasun/install/duco_support/share/duco_support/meshes/GCR16_960/link_2.stl
[0.068s] -- Up-to-date: /home/user/ws_siasun/install/duco_support/share/duco_support/meshes/GCR16_960/link_1.stl
[0.068s] -- Up-to-date: /home/user/ws_siasun/install/duco_support/share/duco_support/meshes/GCR16_960/base_link.stl
[0.068s] -- Up-to-date: /home/user/ws_siasun/install/duco_support/share/duco_support/meshes/GCR16_960/link_6.stl
[0.069s] -- Up-to-date: /home/user/ws_siasun/install/duco_support/share/duco_support/meshes/GCR16_960/link_5.stl
[0.069s] -- Up-to-date: /home/user/ws_siasun/install/duco_support/share/duco_support/meshes/GCR16_960/link_4.stl
[0.069s] -- Up-to-date: /home/user/ws_siasun/install/duco_support/share/duco_support/meshes/GCR16_960/link_3.stl
[0.069s] -- Up-to-date: /home/user/ws_siasun/install/duco_support/share/duco_support/meshes/GCR3_618
[0.069s] -- Up-to-date: /home/user/ws_siasun/install/duco_support/share/duco_support/meshes/GCR3_618/link_5.STL
[0.069s] -- Up-to-date: /home/user/ws_siasun/install/duco_support/share/duco_support/meshes/GCR3_618/base_link.STL
[0.069s] -- Up-to-date: /home/user/ws_siasun/install/duco_support/share/duco_support/meshes/GCR3_618/link_6.STL
[0.069s] -- Up-to-date: /home/user/ws_siasun/install/duco_support/share/duco_support/meshes/GCR3_618/link_3.STL
[0.069s] -- Up-to-date: /home/user/ws_siasun/install/duco_support/share/duco_support/meshes/GCR3_618/link_2.STL
[0.069s] -- Up-to-date: /home/user/ws_siasun/install/duco_support/share/duco_support/meshes/GCR3_618/link_4.STL
[0.069s] -- Up-to-date: /home/user/ws_siasun/install/duco_support/share/duco_support/meshes/GCR3_618/link_1.STL
[0.069s] -- Up-to-date: /home/user/ws_siasun/install/duco_support/share/duco_support/meshes/RIGHT_ARM_0219
[0.069s] -- Up-to-date: /home/user/ws_siasun/install/duco_support/share/duco_support/meshes/RIGHT_ARM_0219/J6_Link.STL
[0.069s] -- Up-to-date: /home/user/ws_siasun/install/duco_support/share/duco_support/meshes/RIGHT_ARM_0219/base_link.STL
[0.069s] -- Up-to-date: /home/user/ws_siasun/install/duco_support/share/duco_support/meshes/RIGHT_ARM_0219/J2_Link.STL
[0.069s] -- Up-to-date: /home/user/ws_siasun/install/duco_support/share/duco_support/meshes/RIGHT_ARM_0219/J1_Link.STL
[0.070s] -- Up-to-date: /home/user/ws_siasun/install/duco_support/share/duco_support/meshes/RIGHT_ARM_0219/J3_Link.STL
[0.070s] -- Up-to-date: /home/user/ws_siasun/install/duco_support/share/duco_support/meshes/RIGHT_ARM_0219/J7_Link.STL
[0.070s] -- Up-to-date: /home/user/ws_siasun/install/duco_support/share/duco_support/meshes/RIGHT_ARM_0219/J5_Link.STL
[0.070s] -- Up-to-date: /home/user/ws_siasun/install/duco_support/share/duco_support/meshes/RIGHT_ARM_0219/J4_Link.STL
[0.071s] -- Up-to-date: /home/user/ws_siasun/install/duco_support/share/duco_support/urdf
[0.071s] -- Up-to-date: /home/user/ws_siasun/install/duco_support/share/duco_support/urdf/duco_gcr10_2000.urdf
[0.071s] -- Up-to-date: /home/user/ws_siasun/install/duco_support/share/duco_support/urdf/duco_gcr16_2000.urdf
[0.071s] -- Up-to-date: /home/user/ws_siasun/install/duco_support/share/duco_support/urdf/duco_gcr30_1100.urdf
[0.071s] -- Up-to-date: /home/user/ws_siasun/install/duco_support/share/duco_support/urdf/duco_gcr5_910.urdf
[0.071s] -- Up-to-date: /home/user/ws_siasun/install/duco_support/share/duco_support/urdf/RIGHT_ARM_0219.urdf
[0.071s] -- Up-to-date: /home/user/ws_siasun/install/duco_support/share/duco_support/urdf/duco_gcr16_960.urdf
[0.071s] -- Up-to-date: /home/user/ws_siasun/install/duco_support/share/duco_support/urdf/dual_arms.urdf
[0.071s] -- Up-to-date: /home/user/ws_siasun/install/duco_support/share/duco_support/urdf/duco_gcr3_618.urdf
[0.071s] -- Up-to-date: /home/user/ws_siasun/install/duco_support/share/duco_support/urdf/duco_gcr25_1800.urdf
[0.072s] -- Up-to-date: /home/user/ws_siasun/install/duco_support/share/duco_support/urdf/double_arm.urdf
[0.072s] -- Up-to-date: /home/user/ws_siasun/install/duco_support/share/duco_support/urdf/duco_gcr20_1100.urdf
[0.072s] -- Up-to-date: /home/user/ws_siasun/install/duco_support/share/duco_support/urdf/duco_gcr12_1300.urdf
[0.072s] -- Up-to-date: /home/user/ws_siasun/install/duco_support/share/duco_support/urdf/duco_gcr20_1400.urdf
[0.072s] -- Up-to-date: /home/user/ws_siasun/install/duco_support/share/duco_support/urdf/duco_gcr7_910.urdf
[0.072s] -- Up-to-date: /home/user/ws_siasun/install/duco_support/share/duco_support/urdf/duco_gcr10_1300.urdf
[0.072s] -- Up-to-date: /home/user/ws_siasun/install/duco_support/share/duco_support/urdf/duco_gcr14_1400.urdf
[0.072s] -- Up-to-date: /home/user/ws_siasun/install/duco_support/share/duco_support/collision
[0.072s] -- Up-to-date: /home/user/ws_siasun/install/duco_support/share/duco_support/collision/GCR14_1400
[0.073s] -- Up-to-date: /home/user/ws_siasun/install/duco_support/share/duco_support/collision/GCR14_1400/link_2.stl
[0.073s] -- Up-to-date: /home/user/ws_siasun/install/duco_support/share/duco_support/collision/GCR14_1400/link_1.stl
[0.073s] -- Up-to-date: /home/user/ws_siasun/install/duco_support/share/duco_support/collision/GCR14_1400/base_link.stl
[0.074s] -- Up-to-date: /home/user/ws_siasun/install/duco_support/share/duco_support/collision/GCR14_1400/link_6.stl
[0.075s] -- Up-to-date: /home/user/ws_siasun/install/duco_support/share/duco_support/collision/GCR14_1400/link_5.stl
[0.075s] -- Up-to-date: /home/user/ws_siasun/install/duco_support/share/duco_support/collision/GCR14_1400/link_4.stl
[0.076s] -- Up-to-date: /home/user/ws_siasun/install/duco_support/share/duco_support/collision/GCR14_1400/link_3.stl
[0.076s] -- Up-to-date: /home/user/ws_siasun/install/duco_support/share/duco_support/collision/GCR12_1300
[0.076s] -- Up-to-date: /home/user/ws_siasun/install/duco_support/share/duco_support/collision/GCR12_1300/link_2.stl
[0.076s] -- Up-to-date: /home/user/ws_siasun/install/duco_support/share/duco_support/collision/GCR12_1300/link_1.stl
[0.076s] -- Up-to-date: /home/user/ws_siasun/install/duco_support/share/duco_support/collision/GCR12_1300/base_link.stl
[0.076s] -- Up-to-date: /home/user/ws_siasun/install/duco_support/share/duco_support/collision/GCR12_1300/link_6.stl
[0.076s] -- Up-to-date: /home/user/ws_siasun/install/duco_support/share/duco_support/collision/GCR12_1300/link_5.stl
[0.076s] -- Up-to-date: /home/user/ws_siasun/install/duco_support/share/duco_support/collision/GCR12_1300/link_4.stl
[0.076s] -- Up-to-date: /home/user/ws_siasun/install/duco_support/share/duco_support/collision/GCR12_1300/link_3.stl
[0.076s] -- Up-to-date: /home/user/ws_siasun/install/duco_support/share/duco_support/collision/GCR20_1400
[0.077s] -- Up-to-date: /home/user/ws_siasun/install/duco_support/share/duco_support/collision/GCR20_1400/link_2.stl
[0.077s] -- Up-to-date: /home/user/ws_siasun/install/duco_support/share/duco_support/collision/GCR20_1400/link_1.stl
[0.077s] -- Up-to-date: /home/user/ws_siasun/install/duco_support/share/duco_support/collision/GCR20_1400/base_link.stl
[0.077s] -- Up-to-date: /home/user/ws_siasun/install/duco_support/share/duco_support/collision/GCR20_1400/link_6.stl
[0.077s] -- Up-to-date: /home/user/ws_siasun/install/duco_support/share/duco_support/collision/GCR20_1400/link_5.stl
[0.077s] -- Up-to-date: /home/user/ws_siasun/install/duco_support/share/duco_support/collision/GCR20_1400/link_4.stl
[0.077s] -- Up-to-date: /home/user/ws_siasun/install/duco_support/share/duco_support/collision/GCR20_1400/link_3.stl
[0.077s] -- Up-to-date: /home/user/ws_siasun/install/duco_support/share/duco_support/collision/GCR10_1300
[0.077s] -- Up-to-date: /home/user/ws_siasun/install/duco_support/share/duco_support/collision/GCR10_1300/link_2.stl
[0.077s] -- Up-to-date: /home/user/ws_siasun/install/duco_support/share/duco_support/collision/GCR10_1300/link_1.stl
[0.077s] -- Up-to-date: /home/user/ws_siasun/install/duco_support/share/duco_support/collision/GCR10_1300/base_link.stl
[0.077s] -- Up-to-date: /home/user/ws_siasun/install/duco_support/share/duco_support/collision/GCR10_1300/link_6.stl
[0.077s] -- Up-to-date: /home/user/ws_siasun/install/duco_support/share/duco_support/collision/GCR10_1300/link_5.stl
[0.077s] -- Up-to-date: /home/user/ws_siasun/install/duco_support/share/duco_support/collision/GCR10_1300/link_4.stl
[0.078s] -- Up-to-date: /home/user/ws_siasun/install/duco_support/share/duco_support/collision/GCR10_1300/link_3.stl
[0.078s] -- Up-to-date: /home/user/ws_siasun/install/duco_support/share/duco_support/collision/dual_gcr5
[0.078s] -- Up-to-date: /home/user/ws_siasun/install/duco_support/share/duco_support/collision/dual_gcr5/link_2.stl
[0.078s] -- Up-to-date: /home/user/ws_siasun/install/duco_support/share/duco_support/collision/dual_gcr5/link_1.stl
[0.078s] -- Up-to-date: /home/user/ws_siasun/install/duco_support/share/duco_support/collision/dual_gcr5/base_link.stl
[0.078s] -- Up-to-date: /home/user/ws_siasun/install/duco_support/share/duco_support/collision/dual_gcr5/link_6.stl
[0.078s] -- Up-to-date: /home/user/ws_siasun/install/duco_support/share/duco_support/collision/dual_gcr5/link_5.stl
[0.078s] -- Up-to-date: /home/user/ws_siasun/install/duco_support/share/duco_support/collision/dual_gcr5/link_4.stl
[0.078s] -- Up-to-date: /home/user/ws_siasun/install/duco_support/share/duco_support/collision/dual_gcr5/link_3.stl
[0.079s] -- Up-to-date: /home/user/ws_siasun/install/duco_support/share/duco_support/collision/GCR7_910
[0.079s] -- Up-to-date: /home/user/ws_siasun/install/duco_support/share/duco_support/collision/GCR7_910/link_2.stl
[0.079s] -- Up-to-date: /home/user/ws_siasun/install/duco_support/share/duco_support/collision/GCR7_910/link_1.stl
[0.079s] -- Up-to-date: /home/user/ws_siasun/install/duco_support/share/duco_support/collision/GCR7_910/base_link.stl
[0.079s] -- Up-to-date: /home/user/ws_siasun/install/duco_support/share/duco_support/collision/GCR7_910/link_6.stl
[0.079s] -- Up-to-date: /home/user/ws_siasun/install/duco_support/share/duco_support/collision/GCR7_910/link_5.stl
[0.079s] -- Up-to-date: /home/user/ws_siasun/install/duco_support/share/duco_support/collision/GCR7_910/link_4.stl
[0.079s] -- Up-to-date: /home/user/ws_siasun/install/duco_support/share/duco_support/collision/GCR7_910/link_3.stl
[0.079s] -- Up-to-date: /home/user/ws_siasun/install/duco_support/share/duco_support/collision/GCR25_1800
[0.079s] -- Up-to-date: /home/user/ws_siasun/install/duco_support/share/duco_support/collision/GCR25_1800/link_5.STL
[0.079s] -- Up-to-date: /home/user/ws_siasun/install/duco_support/share/duco_support/collision/GCR25_1800/base_link.STL
[0.079s] -- Up-to-date: /home/user/ws_siasun/install/duco_support/share/duco_support/collision/GCR25_1800/link_6.STL
[0.079s] -- Up-to-date: /home/user/ws_siasun/install/duco_support/share/duco_support/collision/GCR25_1800/link_3.STL
[0.079s] -- Up-to-date: /home/user/ws_siasun/install/duco_support/share/duco_support/collision/GCR25_1800/link_2.STL
[0.079s] -- Up-to-date: /home/user/ws_siasun/install/duco_support/share/duco_support/collision/GCR25_1800/link_4.STL
[0.079s] -- Up-to-date: /home/user/ws_siasun/install/duco_support/share/duco_support/collision/GCR25_1800/link_1.STL
[0.079s] -- Up-to-date: /home/user/ws_siasun/install/duco_support/share/duco_support/collision/GCR10_2000
[0.079s] -- Up-to-date: /home/user/ws_siasun/install/duco_support/share/duco_support/collision/GCR10_2000/link_2.stl
[0.079s] -- Up-to-date: /home/user/ws_siasun/install/duco_support/share/duco_support/collision/GCR10_2000/link_1.stl
[0.079s] -- Up-to-date: /home/user/ws_siasun/install/duco_support/share/duco_support/collision/GCR10_2000/base_link.stl
[0.079s] -- Up-to-date: /home/user/ws_siasun/install/duco_support/share/duco_support/collision/GCR10_2000/link_6.stl
[0.079s] -- Up-to-date: /home/user/ws_siasun/install/duco_support/share/duco_support/collision/GCR10_2000/link_5.stl
[0.079s] -- Up-to-date: /home/user/ws_siasun/install/duco_support/share/duco_support/collision/GCR10_2000/link_4.stl
[0.079s] -- Up-to-date: /home/user/ws_siasun/install/duco_support/share/duco_support/collision/GCR10_2000/link_3.stl
[0.079s] -- Up-to-date: /home/user/ws_siasun/install/duco_support/share/duco_support/collision/GCR20_1100
[0.080s] -- Up-to-date: /home/user/ws_siasun/install/duco_support/share/duco_support/collision/GCR20_1100/link_2.stl
[0.080s] -- Up-to-date: /home/user/ws_siasun/install/duco_support/share/duco_support/collision/GCR20_1100/link_1.stl
[0.080s] -- Up-to-date: /home/user/ws_siasun/install/duco_support/share/duco_support/collision/GCR20_1100/base_link.stl
[0.080s] -- Up-to-date: /home/user/ws_siasun/install/duco_support/share/duco_support/collision/GCR20_1100/link_6.stl
[0.080s] -- Up-to-date: /home/user/ws_siasun/install/duco_support/share/duco_support/collision/GCR20_1100/link_5.stl
[0.080s] -- Up-to-date: /home/user/ws_siasun/install/duco_support/share/duco_support/collision/GCR20_1100/link_4.stl
[0.080s] -- Up-to-date: /home/user/ws_siasun/install/duco_support/share/duco_support/collision/GCR20_1100/link_3.stl
[0.080s] -- Up-to-date: /home/user/ws_siasun/install/duco_support/share/duco_support/collision/GCR5_910
[0.080s] -- Up-to-date: /home/user/ws_siasun/install/duco_support/share/duco_support/collision/GCR5_910/link_2.stl
[0.080s] -- Up-to-date: /home/user/ws_siasun/install/duco_support/share/duco_support/collision/GCR5_910/link_1.stl
[0.080s] -- Up-to-date: /home/user/ws_siasun/install/duco_support/share/duco_support/collision/GCR5_910/base_link.stl
[0.081s] -- Up-to-date: /home/user/ws_siasun/install/duco_support/share/duco_support/collision/GCR5_910/link_6.stl
[0.081s] -- Up-to-date: /home/user/ws_siasun/install/duco_support/share/duco_support/collision/GCR5_910/link_5.stl
[0.081s] -- Up-to-date: /home/user/ws_siasun/install/duco_support/share/duco_support/collision/GCR5_910/link_4.stl
[0.081s] -- Up-to-date: /home/user/ws_siasun/install/duco_support/share/duco_support/collision/GCR5_910/link_3.stl
[0.081s] -- Up-to-date: /home/user/ws_siasun/install/duco_support/share/duco_support/collision/double_arm
[0.081s] -- Up-to-date: /home/user/ws_siasun/install/duco_support/share/duco_support/collision/double_arm/left_arm_link2.STL
[0.081s] -- Up-to-date: /home/user/ws_siasun/install/duco_support/share/duco_support/collision/double_arm/neck_pitch_link.STL
[0.081s] -- Up-to-date: /home/user/ws_siasun/install/duco_support/share/duco_support/collision/double_arm/left_arm_link4.STL
[0.081s] -- Up-to-date: /home/user/ws_siasun/install/duco_support/share/duco_support/collision/double_arm/right_arm_link3.STL
[0.081s] -- Up-to-date: /home/user/ws_siasun/install/duco_support/share/duco_support/collision/double_arm/left_arm_link7.STL
[0.081s] -- Up-to-date: /home/user/ws_siasun/install/duco_support/share/duco_support/collision/double_arm/right_arm_link4.STL.larkcache
[0.081s] -- Up-to-date: /home/user/ws_siasun/install/duco_support/share/duco_support/collision/double_arm/left_arm_link6.STL
[0.082s] -- Up-to-date: /home/user/ws_siasun/install/duco_support/share/duco_support/collision/double_arm/right_arm_link2.STL.larkcache
[0.082s] -- Up-to-date: /home/user/ws_siasun/install/duco_support/share/duco_support/collision/double_arm/base_link.STL
[0.082s] -- Up-to-date: /home/user/ws_siasun/install/duco_support/share/duco_support/collision/double_arm/left_arm_link0.STL
[0.082s] -- Up-to-date: /home/user/ws_siasun/install/duco_support/share/duco_support/collision/double_arm/right_arm_link6.STL
[0.082s] -- Up-to-date: /home/user/ws_siasun/install/duco_support/share/duco_support/collision/double_arm/right_arm_link4.STL
[0.082s] -- Up-to-date: /home/user/ws_siasun/install/duco_support/share/duco_support/collision/double_arm/neck_roll_link.STL
[0.082s] -- Up-to-date: /home/user/ws_siasun/install/duco_support/share/duco_support/collision/double_arm/left_arm_link1.STL
[0.082s] -- Up-to-date: /home/user/ws_siasun/install/duco_support/share/duco_support/collision/double_arm/right_arm_link3.STL.larkcache
[0.082s] -- Up-to-date: /home/user/ws_siasun/install/duco_support/share/duco_support/collision/double_arm/left_arm_link3.STL
[0.082s] -- Up-to-date: /home/user/ws_siasun/install/duco_support/share/duco_support/collision/double_arm/right_arm_link7.STL
[0.082s] -- Up-to-date: /home/user/ws_siasun/install/duco_support/share/duco_support/collision/double_arm/right_arm_link0.STL
[0.082s] -- Up-to-date: /home/user/ws_siasun/install/duco_support/share/duco_support/collision/double_arm/right_arm_link2.STL
[0.082s] -- Up-to-date: /home/user/ws_siasun/install/duco_support/share/duco_support/collision/double_arm/right_arm_link1.STL
[0.083s] -- Up-to-date: /home/user/ws_siasun/install/duco_support/share/duco_support/collision/double_arm/left_arm_link5.STL
[0.083s] -- Up-to-date: /home/user/ws_siasun/install/duco_support/share/duco_support/collision/double_arm/right_arm_link5.STL
[0.083s] -- Up-to-date: /home/user/ws_siasun/install/duco_support/share/duco_support/collision/GCR30_1100
[0.083s] -- Up-to-date: /home/user/ws_siasun/install/duco_support/share/duco_support/collision/GCR30_1100/link_2.stl
[0.083s] -- Up-to-date: /home/user/ws_siasun/install/duco_support/share/duco_support/collision/GCR30_1100/link_1.stl
[0.083s] -- Up-to-date: /home/user/ws_siasun/install/duco_support/share/duco_support/collision/GCR30_1100/base_link.stl
[0.083s] -- Up-to-date: /home/user/ws_siasun/install/duco_support/share/duco_support/collision/GCR30_1100/link_6.stl
[0.083s] -- Up-to-date: /home/user/ws_siasun/install/duco_support/share/duco_support/collision/GCR30_1100/link_5.stl
[0.083s] -- Up-to-date: /home/user/ws_siasun/install/duco_support/share/duco_support/collision/GCR30_1100/link_4.stl
[0.083s] -- Up-to-date: /home/user/ws_siasun/install/duco_support/share/duco_support/collision/GCR30_1100/link_3.stl
[0.083s] -- Up-to-date: /home/user/ws_siasun/install/duco_support/share/duco_support/collision/GCR16_2000
[0.083s] -- Up-to-date: /home/user/ws_siasun/install/duco_support/share/duco_support/collision/GCR16_2000/link_2.stl
[0.084s] -- Up-to-date: /home/user/ws_siasun/install/duco_support/share/duco_support/collision/GCR16_2000/link_1.stl
[0.084s] -- Up-to-date: /home/user/ws_siasun/install/duco_support/share/duco_support/collision/GCR16_2000/base_link.stl
[0.084s] -- Up-to-date: /home/user/ws_siasun/install/duco_support/share/duco_support/collision/GCR16_2000/link_6.stl
[0.084s] -- Up-to-date: /home/user/ws_siasun/install/duco_support/share/duco_support/collision/GCR16_2000/link_5.stl
[0.084s] -- Up-to-date: /home/user/ws_siasun/install/duco_support/share/duco_support/collision/GCR16_2000/link_4.stl
[0.084s] -- Up-to-date: /home/user/ws_siasun/install/duco_support/share/duco_support/collision/GCR16_2000/link_3.stl
[0.084s] -- Up-to-date: /home/user/ws_siasun/install/duco_support/share/duco_support/collision/GCR16_960
[0.084s] -- Up-to-date: /home/user/ws_siasun/install/duco_support/share/duco_support/collision/GCR16_960/link_2.stl
[0.084s] -- Up-to-date: /home/user/ws_siasun/install/duco_support/share/duco_support/collision/GCR16_960/link_1.stl
[0.084s] -- Up-to-date: /home/user/ws_siasun/install/duco_support/share/duco_support/collision/GCR16_960/base_link.stl
[0.084s] -- Up-to-date: /home/user/ws_siasun/install/duco_support/share/duco_support/collision/GCR16_960/link_6.stl
[0.084s] -- Up-to-date: /home/user/ws_siasun/install/duco_support/share/duco_support/collision/GCR16_960/link_5.stl
[0.084s] -- Up-to-date: /home/user/ws_siasun/install/duco_support/share/duco_support/collision/GCR16_960/link_4.stl
[0.085s] -- Up-to-date: /home/user/ws_siasun/install/duco_support/share/duco_support/collision/GCR16_960/link_3.stl
[0.085s] -- Up-to-date: /home/user/ws_siasun/install/duco_support/share/duco_support/collision/GCR3_618
[0.085s] -- Up-to-date: /home/user/ws_siasun/install/duco_support/share/duco_support/collision/GCR3_618/link_5.STL
[0.085s] -- Up-to-date: /home/user/ws_siasun/install/duco_support/share/duco_support/collision/GCR3_618/base_link.STL
[0.085s] -- Up-to-date: /home/user/ws_siasun/install/duco_support/share/duco_support/collision/GCR3_618/link_6.STL
[0.085s] -- Up-to-date: /home/user/ws_siasun/install/duco_support/share/duco_support/collision/GCR3_618/link_3.STL
[0.085s] -- Up-to-date: /home/user/ws_siasun/install/duco_support/share/duco_support/collision/GCR3_618/link_2.STL
[0.085s] -- Up-to-date: /home/user/ws_siasun/install/duco_support/share/duco_support/collision/GCR3_618/link_4.STL
[0.086s] -- Up-to-date: /home/user/ws_siasun/install/duco_support/share/duco_support/collision/GCR3_618/link_1.STL
[0.086s] -- Up-to-date: /home/user/ws_siasun/install/duco_support/share/duco_support/collision/RIGHT_ARM_0219
[0.087s] -- Up-to-date: /home/user/ws_siasun/install/duco_support/share/duco_support/collision/RIGHT_ARM_0219/J6_Link.STL
[0.087s] -- Up-to-date: /home/user/ws_siasun/install/duco_support/share/duco_support/collision/RIGHT_ARM_0219/base_link.STL
[0.087s] -- Up-to-date: /home/user/ws_siasun/install/duco_support/share/duco_support/collision/RIGHT_ARM_0219/J2_Link.STL
[0.087s] -- Up-to-date: /home/user/ws_siasun/install/duco_support/share/duco_support/collision/RIGHT_ARM_0219/J1_Link.STL
[0.088s] -- Up-to-date: /home/user/ws_siasun/install/duco_support/share/duco_support/collision/RIGHT_ARM_0219/J3_Link.STL
[0.088s] -- Up-to-date: /home/user/ws_siasun/install/duco_support/share/duco_support/collision/RIGHT_ARM_0219/J7_Link.STL
[0.089s] -- Up-to-date: /home/user/ws_siasun/install/duco_support/share/duco_support/collision/RIGHT_ARM_0219/J5_Link.STL
[0.089s] -- Up-to-date: /home/user/ws_siasun/install/duco_support/share/duco_support/collision/RIGHT_ARM_0219/J4_Link.STL
[0.091s] Invoked command in '/home/user/ws_siasun/build/duco_support' returned '0': CMAKE_PREFIX_PATH=${CMAKE_PREFIX_PATH}:/opt/ros/humble /usr/bin/cmake --install /home/user/ws_siasun/build/duco_support
