[0.014s] Invoking command in '/home/user/ws_siasun/build/aivt': CMAKE_PREFIX_PATH=/home/user/ws_siasun/install/duco_ros_driver:/home/user/ws_siasun/install/duco_arms:/home/user/ws_siasun/install/duco_support:/home/user/ws_siasun/install/duco_msg:/home/user/ws_siasun/install/aivt_interfaces:/home/user/ws_siasun/install/robot_control:/home/user/ws_siasun/install/aivt:/home/user/ws_siasun/install/duco_gcr3_618_moveit_config:/opt/ros/humble /usr/bin/cmake --build /home/user/ws_siasun/build/aivt -- -j16 -l16
[0.054s] [35m[1mConsolidate compiler generated dependencies of target robot_motion[0m
[0.063s] [ 12%] Built target robot_motion_test
[0.064s] [ 43%] Built target hand_eye_calibration
[0.064s] [ 50%] Built target tcp_calibration
[0.064s] [ 50%] Built target grasp_touch_control
[0.066s] [ 62%] Built target calibration_calculation
[0.067s] [ 75%] Built target chessboard_detection
[0.069s] [ 81%] [32mBuilding CXX object CMakeFiles/robot_motion.dir/src/robot_motion.cpp.o[0m
[0.072s] [ 93%] Built target obstacle_avoidance
[12.361s] [100%] [32m[1mLinking CXX executable robot_motion[0m
[12.998s] [100%] Built target robot_motion
[13.007s] Invoked command in '/home/user/ws_siasun/build/aivt' returned '0': CMAKE_PREFIX_PATH=/home/user/ws_siasun/install/duco_ros_driver:/home/user/ws_siasun/install/duco_arms:/home/user/ws_siasun/install/duco_support:/home/user/ws_siasun/install/duco_msg:/home/user/ws_siasun/install/aivt_interfaces:/home/user/ws_siasun/install/robot_control:/home/user/ws_siasun/install/aivt:/home/user/ws_siasun/install/duco_gcr3_618_moveit_config:/opt/ros/humble /usr/bin/cmake --build /home/user/ws_siasun/build/aivt -- -j16 -l16
[13.008s] Invoking command in '/home/user/ws_siasun/build/aivt': CMAKE_PREFIX_PATH=/home/user/ws_siasun/install/duco_ros_driver:/home/user/ws_siasun/install/duco_arms:/home/user/ws_siasun/install/duco_support:/home/user/ws_siasun/install/duco_msg:/home/user/ws_siasun/install/aivt_interfaces:/home/user/ws_siasun/install/robot_control:/home/user/ws_siasun/install/aivt:/home/user/ws_siasun/install/duco_gcr3_618_moveit_config:/opt/ros/humble /usr/bin/cmake --install /home/user/ws_siasun/build/aivt
[13.013s] -- Install configuration: ""
[13.013s] -- Up-to-date: /home/user/ws_siasun/install/aivt/lib/aivt/robot_motion_test
[13.013s] -- Up-to-date: /home/user/ws_siasun/install/aivt/lib/aivt/hand_eye_calibration
[13.014s] -- Up-to-date: /home/user/ws_siasun/install/aivt/lib/aivt/chessboard_detection
[13.014s] -- Up-to-date: /home/user/ws_siasun/install/aivt/lib/aivt/grasp_touch_control
[13.014s] -- Up-to-date: /home/user/ws_siasun/install/aivt/lib/aivt/tcp_calibration
[13.014s] -- Installing: /home/user/ws_siasun/install/aivt/lib/aivt/robot_motion
[13.020s] -- Set runtime path of "/home/user/ws_siasun/install/aivt/lib/aivt/robot_motion" to ""
[13.020s] -- Up-to-date: /home/user/ws_siasun/install/aivt/lib/aivt/calibration_calculation
[13.020s] -- Up-to-date: /home/user/ws_siasun/install/aivt/lib/aivt/obstacle_avoidance
[13.020s] -- Up-to-date: /home/user/ws_siasun/install/aivt/share/aivt/launch
[13.020s] -- Up-to-date: /home/user/ws_siasun/install/aivt/share/aivt/launch/gripper_server.launch.py
[13.021s] -- Up-to-date: /home/user/ws_siasun/install/aivt/share/aivt/launch/hand_eye_calibration.launch.py
[13.021s] -- Up-to-date: /home/user/ws_siasun/install/aivt/share/aivt/config
[13.021s] -- Up-to-date: /home/user/ws_siasun/install/aivt/share/aivt/config/chessboard_6.jpg
[13.021s] -- Up-to-date: /home/user/ws_siasun/install/aivt/share/aivt/config/chessboard_12.jpg
[13.021s] -- Up-to-date: /home/user/ws_siasun/install/aivt/share/aivt/config/chessboard_5.jpg
[13.021s] -- Up-to-date: /home/user/ws_siasun/install/aivt/share/aivt/config/hand_eye_transformer.yaml
[13.021s] -- Up-to-date: /home/user/ws_siasun/install/aivt/share/aivt/config/chessboard_13.jpg
[13.021s] -- Up-to-date: /home/user/ws_siasun/install/aivt/share/aivt/config/chessboard_0.jpg
[13.021s] -- Up-to-date: /home/user/ws_siasun/install/aivt/share/aivt/config/chessboard_14.jpg
[13.021s] -- Up-to-date: /home/user/ws_siasun/install/aivt/share/aivt/config/chessboard_2.jpg
[13.021s] -- Up-to-date: /home/user/ws_siasun/install/aivt/share/aivt/config/chessboard_4.jpg
[13.021s] -- Up-to-date: /home/user/ws_siasun/install/aivt/share/aivt/config/chessboard_1.jpg
[13.021s] -- Up-to-date: /home/user/ws_siasun/install/aivt/share/aivt/config/chessboard_7.jpg
[13.021s] -- Up-to-date: /home/user/ws_siasun/install/aivt/share/aivt/config/chessboard_3.jpg
[13.021s] -- Up-to-date: /home/user/ws_siasun/install/aivt/share/aivt/config/robot_pose.yaml
[13.021s] -- Up-to-date: /home/user/ws_siasun/install/aivt/share/aivt/config/chessboard_8.jpg
[13.021s] -- Up-to-date: /home/user/ws_siasun/install/aivt/share/aivt/config/calibration_data.yaml
[13.021s] -- Up-to-date: /home/user/ws_siasun/install/aivt/share/aivt/config/chessboard_11.jpg
[13.021s] -- Up-to-date: /home/user/ws_siasun/install/aivt/share/aivt/config/chessboard_10.jpg
[13.021s] -- Up-to-date: /home/user/ws_siasun/install/aivt/share/aivt/config/chessboard_15.jpg
[13.021s] -- Up-to-date: /home/user/ws_siasun/install/aivt/share/aivt/config/chessboard_9.jpg
[13.021s] -- Up-to-date: /home/user/ws_siasun/install/aivt/share/ament_index/resource_index/package_run_dependencies/aivt
[13.021s] -- Up-to-date: /home/user/ws_siasun/install/aivt/share/ament_index/resource_index/parent_prefix_path/aivt
[13.021s] -- Up-to-date: /home/user/ws_siasun/install/aivt/share/aivt/environment/ament_prefix_path.sh
[13.021s] -- Up-to-date: /home/user/ws_siasun/install/aivt/share/aivt/environment/ament_prefix_path.dsv
[13.021s] -- Up-to-date: /home/user/ws_siasun/install/aivt/share/aivt/environment/path.sh
[13.021s] -- Up-to-date: /home/user/ws_siasun/install/aivt/share/aivt/environment/path.dsv
[13.021s] -- Up-to-date: /home/user/ws_siasun/install/aivt/share/aivt/local_setup.bash
[13.021s] -- Up-to-date: /home/user/ws_siasun/install/aivt/share/aivt/local_setup.sh
[13.021s] -- Up-to-date: /home/user/ws_siasun/install/aivt/share/aivt/local_setup.zsh
[13.021s] -- Up-to-date: /home/user/ws_siasun/install/aivt/share/aivt/local_setup.dsv
[13.022s] -- Installing: /home/user/ws_siasun/install/aivt/share/aivt/package.dsv
[13.022s] -- Up-to-date: /home/user/ws_siasun/install/aivt/share/ament_index/resource_index/packages/aivt
[13.022s] -- Up-to-date: /home/user/ws_siasun/install/aivt/share/aivt/cmake/aivtConfig.cmake
[13.022s] -- Up-to-date: /home/user/ws_siasun/install/aivt/share/aivt/cmake/aivtConfig-version.cmake
[13.022s] -- Up-to-date: /home/user/ws_siasun/install/aivt/share/aivt/package.xml
[13.023s] Invoked command in '/home/user/ws_siasun/build/aivt' returned '0': CMAKE_PREFIX_PATH=/home/user/ws_siasun/install/duco_ros_driver:/home/user/ws_siasun/install/duco_arms:/home/user/ws_siasun/install/duco_support:/home/user/ws_siasun/install/duco_msg:/home/user/ws_siasun/install/aivt_interfaces:/home/user/ws_siasun/install/robot_control:/home/user/ws_siasun/install/aivt:/home/user/ws_siasun/install/duco_gcr3_618_moveit_config:/opt/ros/humble /usr/bin/cmake --install /home/user/ws_siasun/build/aivt
