-- Install configuration: ""
-- Up-to-date: /home/user/ws_siasun/install/duco_support/share/ament_index/resource_index/package_run_dependencies/duco_support
-- Up-to-date: /home/user/ws_siasun/install/duco_support/share/ament_index/resource_index/parent_prefix_path/duco_support
-- Up-to-date: /home/user/ws_siasun/install/duco_support/share/duco_support/environment/ament_prefix_path.sh
-- Up-to-date: /home/user/ws_siasun/install/duco_support/share/duco_support/environment/ament_prefix_path.dsv
-- Up-to-date: /home/user/ws_siasun/install/duco_support/share/duco_support/environment/path.sh
-- Up-to-date: /home/user/ws_siasun/install/duco_support/share/duco_support/environment/path.dsv
-- Up-to-date: /home/user/ws_siasun/install/duco_support/share/duco_support/local_setup.bash
-- Up-to-date: /home/user/ws_siasun/install/duco_support/share/duco_support/local_setup.sh
-- Up-to-date: /home/user/ws_siasun/install/duco_support/share/duco_support/local_setup.zsh
-- Up-to-date: /home/user/ws_siasun/install/duco_support/share/duco_support/local_setup.dsv
-- Installing: /home/user/ws_siasun/install/duco_support/share/duco_support/package.dsv
-- Up-to-date: /home/user/ws_siasun/install/duco_support/share/ament_index/resource_index/packages/duco_support
-- Up-to-date: /home/user/ws_siasun/install/duco_support/share/duco_support/cmake/duco_supportConfig.cmake
-- Up-to-date: /home/user/ws_siasun/install/duco_support/share/duco_support/cmake/duco_supportConfig-version.cmake
-- Up-to-date: /home/user/ws_siasun/install/duco_support/share/duco_support/package.xml
-- Up-to-date: /home/user/ws_siasun/install/duco_support/share/duco_support/meshes
-- Up-to-date: /home/user/ws_siasun/install/duco_support/share/duco_support/meshes/GCR14_1400
-- Up-to-date: /home/user/ws_siasun/install/duco_support/share/duco_support/meshes/GCR14_1400/link_2.stl
-- Up-to-date: /home/user/ws_siasun/install/duco_support/share/duco_support/meshes/GCR14_1400/link_1.stl
-- Up-to-date: /home/user/ws_siasun/install/duco_support/share/duco_support/meshes/GCR14_1400/base_link.stl
-- Up-to-date: /home/user/ws_siasun/install/duco_support/share/duco_support/meshes/GCR14_1400/link_6.stl
-- Up-to-date: /home/user/ws_siasun/install/duco_support/share/duco_support/meshes/GCR14_1400/link_5.stl
-- Up-to-date: /home/user/ws_siasun/install/duco_support/share/duco_support/meshes/GCR14_1400/link_4.stl
-- Up-to-date: /home/user/ws_siasun/install/duco_support/share/duco_support/meshes/GCR14_1400/link_3.stl
-- Up-to-date: /home/user/ws_siasun/install/duco_support/share/duco_support/meshes/GCR12_1300
-- Up-to-date: /home/user/ws_siasun/install/duco_support/share/duco_support/meshes/GCR12_1300/link_2.stl
-- Up-to-date: /home/user/ws_siasun/install/duco_support/share/duco_support/meshes/GCR12_1300/link_1.stl
-- Up-to-date: /home/user/ws_siasun/install/duco_support/share/duco_support/meshes/GCR12_1300/base_link.stl
-- Up-to-date: /home/user/ws_siasun/install/duco_support/share/duco_support/meshes/GCR12_1300/link_6.stl
-- Up-to-date: /home/user/ws_siasun/install/duco_support/share/duco_support/meshes/GCR12_1300/link_5.stl
-- Up-to-date: /home/user/ws_siasun/install/duco_support/share/duco_support/meshes/GCR12_1300/link_4.stl
-- Up-to-date: /home/user/ws_siasun/install/duco_support/share/duco_support/meshes/GCR12_1300/link_3.stl
-- Up-to-date: /home/user/ws_siasun/install/duco_support/share/duco_support/meshes/GCR20_1400
-- Up-to-date: /home/user/ws_siasun/install/duco_support/share/duco_support/meshes/GCR20_1400/link_2.stl
-- Up-to-date: /home/user/ws_siasun/install/duco_support/share/duco_support/meshes/GCR20_1400/link_1.stl
-- Up-to-date: /home/user/ws_siasun/install/duco_support/share/duco_support/meshes/GCR20_1400/base_link.stl
-- Up-to-date: /home/user/ws_siasun/install/duco_support/share/duco_support/meshes/GCR20_1400/link_6.stl
-- Up-to-date: /home/user/ws_siasun/install/duco_support/share/duco_support/meshes/GCR20_1400/link_5.stl
-- Up-to-date: /home/user/ws_siasun/install/duco_support/share/duco_support/meshes/GCR20_1400/link_4.stl
-- Up-to-date: /home/user/ws_siasun/install/duco_support/share/duco_support/meshes/GCR20_1400/link_3.stl
-- Up-to-date: /home/user/ws_siasun/install/duco_support/share/duco_support/meshes/GCR10_1300
-- Up-to-date: /home/user/ws_siasun/install/duco_support/share/duco_support/meshes/GCR10_1300/link_2.stl
-- Up-to-date: /home/user/ws_siasun/install/duco_support/share/duco_support/meshes/GCR10_1300/link_1.stl
-- Up-to-date: /home/user/ws_siasun/install/duco_support/share/duco_support/meshes/GCR10_1300/base_link.stl
-- Up-to-date: /home/user/ws_siasun/install/duco_support/share/duco_support/meshes/GCR10_1300/link_6.stl
-- Up-to-date: /home/user/ws_siasun/install/duco_support/share/duco_support/meshes/GCR10_1300/link_5.stl
-- Up-to-date: /home/user/ws_siasun/install/duco_support/share/duco_support/meshes/GCR10_1300/link_4.stl
-- Up-to-date: /home/user/ws_siasun/install/duco_support/share/duco_support/meshes/GCR10_1300/link_3.stl
-- Up-to-date: /home/user/ws_siasun/install/duco_support/share/duco_support/meshes/dual_gcr5
-- Up-to-date: /home/user/ws_siasun/install/duco_support/share/duco_support/meshes/dual_gcr5/link_2.stl
-- Up-to-date: /home/user/ws_siasun/install/duco_support/share/duco_support/meshes/dual_gcr5/link_1.stl
-- Up-to-date: /home/user/ws_siasun/install/duco_support/share/duco_support/meshes/dual_gcr5/base_link.stl
-- Up-to-date: /home/user/ws_siasun/install/duco_support/share/duco_support/meshes/dual_gcr5/link_6.stl
-- Up-to-date: /home/user/ws_siasun/install/duco_support/share/duco_support/meshes/dual_gcr5/link_5.stl
-- Up-to-date: /home/user/ws_siasun/install/duco_support/share/duco_support/meshes/dual_gcr5/link_4.stl
-- Up-to-date: /home/user/ws_siasun/install/duco_support/share/duco_support/meshes/dual_gcr5/link_3.stl
-- Up-to-date: /home/user/ws_siasun/install/duco_support/share/duco_support/meshes/GCR7_910
-- Up-to-date: /home/user/ws_siasun/install/duco_support/share/duco_support/meshes/GCR7_910/link_2.stl
-- Up-to-date: /home/user/ws_siasun/install/duco_support/share/duco_support/meshes/GCR7_910/link_1.stl
-- Up-to-date: /home/user/ws_siasun/install/duco_support/share/duco_support/meshes/GCR7_910/base_link.stl
-- Up-to-date: /home/user/ws_siasun/install/duco_support/share/duco_support/meshes/GCR7_910/link_6.stl
-- Up-to-date: /home/user/ws_siasun/install/duco_support/share/duco_support/meshes/GCR7_910/link_5.stl
-- Up-to-date: /home/user/ws_siasun/install/duco_support/share/duco_support/meshes/GCR7_910/link_4.stl
-- Up-to-date: /home/user/ws_siasun/install/duco_support/share/duco_support/meshes/GCR7_910/link_3.stl
-- Up-to-date: /home/user/ws_siasun/install/duco_support/share/duco_support/meshes/GCR25_1800
-- Up-to-date: /home/user/ws_siasun/install/duco_support/share/duco_support/meshes/GCR25_1800/link_5.STL
-- Up-to-date: /home/user/ws_siasun/install/duco_support/share/duco_support/meshes/GCR25_1800/base_link.STL
-- Up-to-date: /home/user/ws_siasun/install/duco_support/share/duco_support/meshes/GCR25_1800/link_6.STL
-- Up-to-date: /home/user/ws_siasun/install/duco_support/share/duco_support/meshes/GCR25_1800/link_3.STL
-- Up-to-date: /home/user/ws_siasun/install/duco_support/share/duco_support/meshes/GCR25_1800/link_2.STL
-- Up-to-date: /home/user/ws_siasun/install/duco_support/share/duco_support/meshes/GCR25_1800/link_4.STL
-- Up-to-date: /home/user/ws_siasun/install/duco_support/share/duco_support/meshes/GCR25_1800/link_1.STL
-- Up-to-date: /home/user/ws_siasun/install/duco_support/share/duco_support/meshes/GCR10_2000
-- Up-to-date: /home/user/ws_siasun/install/duco_support/share/duco_support/meshes/GCR10_2000/link_2.stl
-- Up-to-date: /home/user/ws_siasun/install/duco_support/share/duco_support/meshes/GCR10_2000/link_1.stl
-- Up-to-date: /home/user/ws_siasun/install/duco_support/share/duco_support/meshes/GCR10_2000/base_link.stl
-- Up-to-date: /home/user/ws_siasun/install/duco_support/share/duco_support/meshes/GCR10_2000/link_6.stl
-- Up-to-date: /home/user/ws_siasun/install/duco_support/share/duco_support/meshes/GCR10_2000/link_5.stl
-- Up-to-date: /home/user/ws_siasun/install/duco_support/share/duco_support/meshes/GCR10_2000/link_4.stl
-- Up-to-date: /home/user/ws_siasun/install/duco_support/share/duco_support/meshes/GCR10_2000/link_3.stl
-- Up-to-date: /home/user/ws_siasun/install/duco_support/share/duco_support/meshes/GCR20_1100
-- Up-to-date: /home/user/ws_siasun/install/duco_support/share/duco_support/meshes/GCR20_1100/link_2.stl
-- Up-to-date: /home/user/ws_siasun/install/duco_support/share/duco_support/meshes/GCR20_1100/link_1.stl
-- Up-to-date: /home/user/ws_siasun/install/duco_support/share/duco_support/meshes/GCR20_1100/base_link.stl
-- Up-to-date: /home/user/ws_siasun/install/duco_support/share/duco_support/meshes/GCR20_1100/link_6.stl
-- Up-to-date: /home/user/ws_siasun/install/duco_support/share/duco_support/meshes/GCR20_1100/link_5.stl
-- Up-to-date: /home/user/ws_siasun/install/duco_support/share/duco_support/meshes/GCR20_1100/link_4.stl
-- Up-to-date: /home/user/ws_siasun/install/duco_support/share/duco_support/meshes/GCR20_1100/link_3.stl
-- Up-to-date: /home/user/ws_siasun/install/duco_support/share/duco_support/meshes/GCR5_910
-- Up-to-date: /home/user/ws_siasun/install/duco_support/share/duco_support/meshes/GCR5_910/link_2.stl
-- Up-to-date: /home/user/ws_siasun/install/duco_support/share/duco_support/meshes/GCR5_910/link_1.stl
-- Up-to-date: /home/user/ws_siasun/install/duco_support/share/duco_support/meshes/GCR5_910/base_link.stl
-- Up-to-date: /home/user/ws_siasun/install/duco_support/share/duco_support/meshes/GCR5_910/link_6.stl
-- Up-to-date: /home/user/ws_siasun/install/duco_support/share/duco_support/meshes/GCR5_910/link_5.stl
-- Up-to-date: /home/user/ws_siasun/install/duco_support/share/duco_support/meshes/GCR5_910/link_4.stl
-- Up-to-date: /home/user/ws_siasun/install/duco_support/share/duco_support/meshes/GCR5_910/link_3.stl
-- Up-to-date: /home/user/ws_siasun/install/duco_support/share/duco_support/meshes/double_arm
-- Up-to-date: /home/user/ws_siasun/install/duco_support/share/duco_support/meshes/double_arm/left_arm_link2.STL
-- Up-to-date: /home/user/ws_siasun/install/duco_support/share/duco_support/meshes/double_arm/neck_pitch_link.STL
-- Up-to-date: /home/user/ws_siasun/install/duco_support/share/duco_support/meshes/double_arm/left_arm_link4.STL
-- Up-to-date: /home/user/ws_siasun/install/duco_support/share/duco_support/meshes/double_arm/right_arm_link3.STL
-- Up-to-date: /home/user/ws_siasun/install/duco_support/share/duco_support/meshes/double_arm/left_arm_link7.STL
-- Up-to-date: /home/user/ws_siasun/install/duco_support/share/duco_support/meshes/double_arm/right_arm_link4.STL.larkcache
-- Up-to-date: /home/user/ws_siasun/install/duco_support/share/duco_support/meshes/double_arm/left_arm_link6.STL
-- Up-to-date: /home/user/ws_siasun/install/duco_support/share/duco_support/meshes/double_arm/right_arm_link2.STL.larkcache
-- Up-to-date: /home/user/ws_siasun/install/duco_support/share/duco_support/meshes/double_arm/base_link.STL
-- Up-to-date: /home/user/ws_siasun/install/duco_support/share/duco_support/meshes/double_arm/left_arm_link0.STL
-- Up-to-date: /home/user/ws_siasun/install/duco_support/share/duco_support/meshes/double_arm/right_arm_link6.STL
-- Up-to-date: /home/user/ws_siasun/install/duco_support/share/duco_support/meshes/double_arm/right_arm_link4.STL
-- Up-to-date: /home/user/ws_siasun/install/duco_support/share/duco_support/meshes/double_arm/neck_roll_link.STL
-- Up-to-date: /home/user/ws_siasun/install/duco_support/share/duco_support/meshes/double_arm/left_arm_link1.STL
-- Up-to-date: /home/user/ws_siasun/install/duco_support/share/duco_support/meshes/double_arm/right_arm_link3.STL.larkcache
-- Up-to-date: /home/user/ws_siasun/install/duco_support/share/duco_support/meshes/double_arm/left_arm_link3.STL
-- Up-to-date: /home/user/ws_siasun/install/duco_support/share/duco_support/meshes/double_arm/right_arm_link7.STL
-- Up-to-date: /home/user/ws_siasun/install/duco_support/share/duco_support/meshes/double_arm/right_arm_link0.STL
-- Up-to-date: /home/user/ws_siasun/install/duco_support/share/duco_support/meshes/double_arm/right_arm_link2.STL
-- Up-to-date: /home/user/ws_siasun/install/duco_support/share/duco_support/meshes/double_arm/right_arm_link1.STL
-- Up-to-date: /home/user/ws_siasun/install/duco_support/share/duco_support/meshes/double_arm/left_arm_link5.STL
-- Up-to-date: /home/user/ws_siasun/install/duco_support/share/duco_support/meshes/double_arm/right_arm_link5.STL
-- Up-to-date: /home/user/ws_siasun/install/duco_support/share/duco_support/meshes/GCR30_1100
-- Up-to-date: /home/user/ws_siasun/install/duco_support/share/duco_support/meshes/GCR30_1100/link_2.stl
-- Up-to-date: /home/user/ws_siasun/install/duco_support/share/duco_support/meshes/GCR30_1100/link_1.stl
-- Up-to-date: /home/user/ws_siasun/install/duco_support/share/duco_support/meshes/GCR30_1100/base_link.stl
-- Up-to-date: /home/user/ws_siasun/install/duco_support/share/duco_support/meshes/GCR30_1100/link_6.stl
-- Up-to-date: /home/user/ws_siasun/install/duco_support/share/duco_support/meshes/GCR30_1100/link_5.stl
-- Up-to-date: /home/user/ws_siasun/install/duco_support/share/duco_support/meshes/GCR30_1100/link_4.stl
-- Up-to-date: /home/user/ws_siasun/install/duco_support/share/duco_support/meshes/GCR30_1100/link_3.stl
-- Up-to-date: /home/user/ws_siasun/install/duco_support/share/duco_support/meshes/GCR16_2000
-- Up-to-date: /home/user/ws_siasun/install/duco_support/share/duco_support/meshes/GCR16_2000/link_2.stl
-- Up-to-date: /home/user/ws_siasun/install/duco_support/share/duco_support/meshes/GCR16_2000/link_1.stl
-- Up-to-date: /home/user/ws_siasun/install/duco_support/share/duco_support/meshes/GCR16_2000/base_link.stl
-- Up-to-date: /home/user/ws_siasun/install/duco_support/share/duco_support/meshes/GCR16_2000/link_6.stl
-- Up-to-date: /home/user/ws_siasun/install/duco_support/share/duco_support/meshes/GCR16_2000/link_5.stl
-- Up-to-date: /home/user/ws_siasun/install/duco_support/share/duco_support/meshes/GCR16_2000/link_4.stl
-- Up-to-date: /home/user/ws_siasun/install/duco_support/share/duco_support/meshes/GCR16_2000/link_3.stl
-- Up-to-date: /home/user/ws_siasun/install/duco_support/share/duco_support/meshes/GCR16_960
-- Up-to-date: /home/user/ws_siasun/install/duco_support/share/duco_support/meshes/GCR16_960/link_2.stl
-- Up-to-date: /home/user/ws_siasun/install/duco_support/share/duco_support/meshes/GCR16_960/link_1.stl
-- Up-to-date: /home/user/ws_siasun/install/duco_support/share/duco_support/meshes/GCR16_960/base_link.stl
-- Up-to-date: /home/user/ws_siasun/install/duco_support/share/duco_support/meshes/GCR16_960/link_6.stl
-- Up-to-date: /home/user/ws_siasun/install/duco_support/share/duco_support/meshes/GCR16_960/link_5.stl
-- Up-to-date: /home/user/ws_siasun/install/duco_support/share/duco_support/meshes/GCR16_960/link_4.stl
-- Up-to-date: /home/user/ws_siasun/install/duco_support/share/duco_support/meshes/GCR16_960/link_3.stl
-- Up-to-date: /home/user/ws_siasun/install/duco_support/share/duco_support/meshes/GCR3_618
-- Up-to-date: /home/user/ws_siasun/install/duco_support/share/duco_support/meshes/GCR3_618/link_5.STL
-- Up-to-date: /home/user/ws_siasun/install/duco_support/share/duco_support/meshes/GCR3_618/base_link.STL
-- Up-to-date: /home/user/ws_siasun/install/duco_support/share/duco_support/meshes/GCR3_618/link_6.STL
-- Up-to-date: /home/user/ws_siasun/install/duco_support/share/duco_support/meshes/GCR3_618/link_3.STL
-- Up-to-date: /home/user/ws_siasun/install/duco_support/share/duco_support/meshes/GCR3_618/link_2.STL
-- Up-to-date: /home/user/ws_siasun/install/duco_support/share/duco_support/meshes/GCR3_618/link_4.STL
-- Up-to-date: /home/user/ws_siasun/install/duco_support/share/duco_support/meshes/GCR3_618/link_1.STL
-- Up-to-date: /home/user/ws_siasun/install/duco_support/share/duco_support/meshes/RIGHT_ARM_0219
-- Up-to-date: /home/user/ws_siasun/install/duco_support/share/duco_support/meshes/RIGHT_ARM_0219/J6_Link.STL
-- Up-to-date: /home/user/ws_siasun/install/duco_support/share/duco_support/meshes/RIGHT_ARM_0219/base_link.STL
-- Up-to-date: /home/user/ws_siasun/install/duco_support/share/duco_support/meshes/RIGHT_ARM_0219/J2_Link.STL
-- Up-to-date: /home/user/ws_siasun/install/duco_support/share/duco_support/meshes/RIGHT_ARM_0219/J1_Link.STL
-- Up-to-date: /home/user/ws_siasun/install/duco_support/share/duco_support/meshes/RIGHT_ARM_0219/J3_Link.STL
-- Up-to-date: /home/user/ws_siasun/install/duco_support/share/duco_support/meshes/RIGHT_ARM_0219/J7_Link.STL
-- Up-to-date: /home/user/ws_siasun/install/duco_support/share/duco_support/meshes/RIGHT_ARM_0219/J5_Link.STL
-- Up-to-date: /home/user/ws_siasun/install/duco_support/share/duco_support/meshes/RIGHT_ARM_0219/J4_Link.STL
-- Up-to-date: /home/user/ws_siasun/install/duco_support/share/duco_support/urdf
-- Up-to-date: /home/user/ws_siasun/install/duco_support/share/duco_support/urdf/duco_gcr10_2000.urdf
-- Up-to-date: /home/user/ws_siasun/install/duco_support/share/duco_support/urdf/duco_gcr16_2000.urdf
-- Up-to-date: /home/user/ws_siasun/install/duco_support/share/duco_support/urdf/duco_gcr30_1100.urdf
-- Up-to-date: /home/user/ws_siasun/install/duco_support/share/duco_support/urdf/duco_gcr5_910.urdf
-- Up-to-date: /home/user/ws_siasun/install/duco_support/share/duco_support/urdf/RIGHT_ARM_0219.urdf
-- Up-to-date: /home/user/ws_siasun/install/duco_support/share/duco_support/urdf/duco_gcr16_960.urdf
-- Up-to-date: /home/user/ws_siasun/install/duco_support/share/duco_support/urdf/dual_arms.urdf
-- Up-to-date: /home/user/ws_siasun/install/duco_support/share/duco_support/urdf/duco_gcr3_618.urdf
-- Up-to-date: /home/user/ws_siasun/install/duco_support/share/duco_support/urdf/duco_gcr25_1800.urdf
-- Up-to-date: /home/user/ws_siasun/install/duco_support/share/duco_support/urdf/double_arm.urdf
-- Up-to-date: /home/user/ws_siasun/install/duco_support/share/duco_support/urdf/duco_gcr20_1100.urdf
-- Up-to-date: /home/user/ws_siasun/install/duco_support/share/duco_support/urdf/duco_gcr12_1300.urdf
-- Up-to-date: /home/user/ws_siasun/install/duco_support/share/duco_support/urdf/duco_gcr20_1400.urdf
-- Up-to-date: /home/user/ws_siasun/install/duco_support/share/duco_support/urdf/duco_gcr7_910.urdf
-- Up-to-date: /home/user/ws_siasun/install/duco_support/share/duco_support/urdf/duco_gcr10_1300.urdf
-- Up-to-date: /home/user/ws_siasun/install/duco_support/share/duco_support/urdf/duco_gcr14_1400.urdf
-- Up-to-date: /home/user/ws_siasun/install/duco_support/share/duco_support/collision
-- Up-to-date: /home/user/ws_siasun/install/duco_support/share/duco_support/collision/GCR14_1400
-- Up-to-date: /home/user/ws_siasun/install/duco_support/share/duco_support/collision/GCR14_1400/link_2.stl
-- Up-to-date: /home/user/ws_siasun/install/duco_support/share/duco_support/collision/GCR14_1400/link_1.stl
-- Up-to-date: /home/user/ws_siasun/install/duco_support/share/duco_support/collision/GCR14_1400/base_link.stl
-- Up-to-date: /home/user/ws_siasun/install/duco_support/share/duco_support/collision/GCR14_1400/link_6.stl
-- Up-to-date: /home/user/ws_siasun/install/duco_support/share/duco_support/collision/GCR14_1400/link_5.stl
-- Up-to-date: /home/user/ws_siasun/install/duco_support/share/duco_support/collision/GCR14_1400/link_4.stl
-- Up-to-date: /home/user/ws_siasun/install/duco_support/share/duco_support/collision/GCR14_1400/link_3.stl
-- Up-to-date: /home/user/ws_siasun/install/duco_support/share/duco_support/collision/GCR12_1300
-- Up-to-date: /home/user/ws_siasun/install/duco_support/share/duco_support/collision/GCR12_1300/link_2.stl
-- Up-to-date: /home/user/ws_siasun/install/duco_support/share/duco_support/collision/GCR12_1300/link_1.stl
-- Up-to-date: /home/user/ws_siasun/install/duco_support/share/duco_support/collision/GCR12_1300/base_link.stl
-- Up-to-date: /home/user/ws_siasun/install/duco_support/share/duco_support/collision/GCR12_1300/link_6.stl
-- Up-to-date: /home/user/ws_siasun/install/duco_support/share/duco_support/collision/GCR12_1300/link_5.stl
-- Up-to-date: /home/user/ws_siasun/install/duco_support/share/duco_support/collision/GCR12_1300/link_4.stl
-- Up-to-date: /home/user/ws_siasun/install/duco_support/share/duco_support/collision/GCR12_1300/link_3.stl
-- Up-to-date: /home/user/ws_siasun/install/duco_support/share/duco_support/collision/GCR20_1400
-- Up-to-date: /home/user/ws_siasun/install/duco_support/share/duco_support/collision/GCR20_1400/link_2.stl
-- Up-to-date: /home/user/ws_siasun/install/duco_support/share/duco_support/collision/GCR20_1400/link_1.stl
-- Up-to-date: /home/user/ws_siasun/install/duco_support/share/duco_support/collision/GCR20_1400/base_link.stl
-- Up-to-date: /home/user/ws_siasun/install/duco_support/share/duco_support/collision/GCR20_1400/link_6.stl
-- Up-to-date: /home/user/ws_siasun/install/duco_support/share/duco_support/collision/GCR20_1400/link_5.stl
-- Up-to-date: /home/user/ws_siasun/install/duco_support/share/duco_support/collision/GCR20_1400/link_4.stl
-- Up-to-date: /home/user/ws_siasun/install/duco_support/share/duco_support/collision/GCR20_1400/link_3.stl
-- Up-to-date: /home/user/ws_siasun/install/duco_support/share/duco_support/collision/GCR10_1300
-- Up-to-date: /home/user/ws_siasun/install/duco_support/share/duco_support/collision/GCR10_1300/link_2.stl
-- Up-to-date: /home/user/ws_siasun/install/duco_support/share/duco_support/collision/GCR10_1300/link_1.stl
-- Up-to-date: /home/user/ws_siasun/install/duco_support/share/duco_support/collision/GCR10_1300/base_link.stl
-- Up-to-date: /home/user/ws_siasun/install/duco_support/share/duco_support/collision/GCR10_1300/link_6.stl
-- Up-to-date: /home/user/ws_siasun/install/duco_support/share/duco_support/collision/GCR10_1300/link_5.stl
-- Up-to-date: /home/user/ws_siasun/install/duco_support/share/duco_support/collision/GCR10_1300/link_4.stl
-- Up-to-date: /home/user/ws_siasun/install/duco_support/share/duco_support/collision/GCR10_1300/link_3.stl
-- Up-to-date: /home/user/ws_siasun/install/duco_support/share/duco_support/collision/dual_gcr5
-- Up-to-date: /home/user/ws_siasun/install/duco_support/share/duco_support/collision/dual_gcr5/link_2.stl
-- Up-to-date: /home/user/ws_siasun/install/duco_support/share/duco_support/collision/dual_gcr5/link_1.stl
-- Up-to-date: /home/user/ws_siasun/install/duco_support/share/duco_support/collision/dual_gcr5/base_link.stl
-- Up-to-date: /home/user/ws_siasun/install/duco_support/share/duco_support/collision/dual_gcr5/link_6.stl
-- Up-to-date: /home/user/ws_siasun/install/duco_support/share/duco_support/collision/dual_gcr5/link_5.stl
-- Up-to-date: /home/user/ws_siasun/install/duco_support/share/duco_support/collision/dual_gcr5/link_4.stl
-- Up-to-date: /home/user/ws_siasun/install/duco_support/share/duco_support/collision/dual_gcr5/link_3.stl
-- Up-to-date: /home/user/ws_siasun/install/duco_support/share/duco_support/collision/GCR7_910
-- Up-to-date: /home/user/ws_siasun/install/duco_support/share/duco_support/collision/GCR7_910/link_2.stl
-- Up-to-date: /home/user/ws_siasun/install/duco_support/share/duco_support/collision/GCR7_910/link_1.stl
-- Up-to-date: /home/user/ws_siasun/install/duco_support/share/duco_support/collision/GCR7_910/base_link.stl
-- Up-to-date: /home/user/ws_siasun/install/duco_support/share/duco_support/collision/GCR7_910/link_6.stl
-- Up-to-date: /home/user/ws_siasun/install/duco_support/share/duco_support/collision/GCR7_910/link_5.stl
-- Up-to-date: /home/user/ws_siasun/install/duco_support/share/duco_support/collision/GCR7_910/link_4.stl
-- Up-to-date: /home/user/ws_siasun/install/duco_support/share/duco_support/collision/GCR7_910/link_3.stl
-- Up-to-date: /home/user/ws_siasun/install/duco_support/share/duco_support/collision/GCR25_1800
-- Up-to-date: /home/user/ws_siasun/install/duco_support/share/duco_support/collision/GCR25_1800/link_5.STL
-- Up-to-date: /home/user/ws_siasun/install/duco_support/share/duco_support/collision/GCR25_1800/base_link.STL
-- Up-to-date: /home/user/ws_siasun/install/duco_support/share/duco_support/collision/GCR25_1800/link_6.STL
-- Up-to-date: /home/user/ws_siasun/install/duco_support/share/duco_support/collision/GCR25_1800/link_3.STL
-- Up-to-date: /home/user/ws_siasun/install/duco_support/share/duco_support/collision/GCR25_1800/link_2.STL
-- Up-to-date: /home/user/ws_siasun/install/duco_support/share/duco_support/collision/GCR25_1800/link_4.STL
-- Up-to-date: /home/user/ws_siasun/install/duco_support/share/duco_support/collision/GCR25_1800/link_1.STL
-- Up-to-date: /home/user/ws_siasun/install/duco_support/share/duco_support/collision/GCR10_2000
-- Up-to-date: /home/user/ws_siasun/install/duco_support/share/duco_support/collision/GCR10_2000/link_2.stl
-- Up-to-date: /home/user/ws_siasun/install/duco_support/share/duco_support/collision/GCR10_2000/link_1.stl
-- Up-to-date: /home/user/ws_siasun/install/duco_support/share/duco_support/collision/GCR10_2000/base_link.stl
-- Up-to-date: /home/user/ws_siasun/install/duco_support/share/duco_support/collision/GCR10_2000/link_6.stl
-- Up-to-date: /home/user/ws_siasun/install/duco_support/share/duco_support/collision/GCR10_2000/link_5.stl
-- Up-to-date: /home/user/ws_siasun/install/duco_support/share/duco_support/collision/GCR10_2000/link_4.stl
-- Up-to-date: /home/user/ws_siasun/install/duco_support/share/duco_support/collision/GCR10_2000/link_3.stl
-- Up-to-date: /home/user/ws_siasun/install/duco_support/share/duco_support/collision/GCR20_1100
-- Up-to-date: /home/user/ws_siasun/install/duco_support/share/duco_support/collision/GCR20_1100/link_2.stl
-- Up-to-date: /home/user/ws_siasun/install/duco_support/share/duco_support/collision/GCR20_1100/link_1.stl
-- Up-to-date: /home/user/ws_siasun/install/duco_support/share/duco_support/collision/GCR20_1100/base_link.stl
-- Up-to-date: /home/user/ws_siasun/install/duco_support/share/duco_support/collision/GCR20_1100/link_6.stl
-- Up-to-date: /home/user/ws_siasun/install/duco_support/share/duco_support/collision/GCR20_1100/link_5.stl
-- Up-to-date: /home/user/ws_siasun/install/duco_support/share/duco_support/collision/GCR20_1100/link_4.stl
-- Up-to-date: /home/user/ws_siasun/install/duco_support/share/duco_support/collision/GCR20_1100/link_3.stl
-- Up-to-date: /home/user/ws_siasun/install/duco_support/share/duco_support/collision/GCR5_910
-- Up-to-date: /home/user/ws_siasun/install/duco_support/share/duco_support/collision/GCR5_910/link_2.stl
-- Up-to-date: /home/user/ws_siasun/install/duco_support/share/duco_support/collision/GCR5_910/link_1.stl
-- Up-to-date: /home/user/ws_siasun/install/duco_support/share/duco_support/collision/GCR5_910/base_link.stl
-- Up-to-date: /home/user/ws_siasun/install/duco_support/share/duco_support/collision/GCR5_910/link_6.stl
-- Up-to-date: /home/user/ws_siasun/install/duco_support/share/duco_support/collision/GCR5_910/link_5.stl
-- Up-to-date: /home/user/ws_siasun/install/duco_support/share/duco_support/collision/GCR5_910/link_4.stl
-- Up-to-date: /home/user/ws_siasun/install/duco_support/share/duco_support/collision/GCR5_910/link_3.stl
-- Up-to-date: /home/user/ws_siasun/install/duco_support/share/duco_support/collision/double_arm
-- Up-to-date: /home/user/ws_siasun/install/duco_support/share/duco_support/collision/double_arm/left_arm_link2.STL
-- Up-to-date: /home/user/ws_siasun/install/duco_support/share/duco_support/collision/double_arm/neck_pitch_link.STL
-- Up-to-date: /home/user/ws_siasun/install/duco_support/share/duco_support/collision/double_arm/left_arm_link4.STL
-- Up-to-date: /home/user/ws_siasun/install/duco_support/share/duco_support/collision/double_arm/right_arm_link3.STL
-- Up-to-date: /home/user/ws_siasun/install/duco_support/share/duco_support/collision/double_arm/left_arm_link7.STL
-- Up-to-date: /home/user/ws_siasun/install/duco_support/share/duco_support/collision/double_arm/right_arm_link4.STL.larkcache
-- Up-to-date: /home/user/ws_siasun/install/duco_support/share/duco_support/collision/double_arm/left_arm_link6.STL
-- Up-to-date: /home/user/ws_siasun/install/duco_support/share/duco_support/collision/double_arm/right_arm_link2.STL.larkcache
-- Up-to-date: /home/user/ws_siasun/install/duco_support/share/duco_support/collision/double_arm/base_link.STL
-- Up-to-date: /home/user/ws_siasun/install/duco_support/share/duco_support/collision/double_arm/left_arm_link0.STL
-- Up-to-date: /home/user/ws_siasun/install/duco_support/share/duco_support/collision/double_arm/right_arm_link6.STL
-- Up-to-date: /home/user/ws_siasun/install/duco_support/share/duco_support/collision/double_arm/right_arm_link4.STL
-- Up-to-date: /home/user/ws_siasun/install/duco_support/share/duco_support/collision/double_arm/neck_roll_link.STL
-- Up-to-date: /home/user/ws_siasun/install/duco_support/share/duco_support/collision/double_arm/left_arm_link1.STL
-- Up-to-date: /home/user/ws_siasun/install/duco_support/share/duco_support/collision/double_arm/right_arm_link3.STL.larkcache
-- Up-to-date: /home/user/ws_siasun/install/duco_support/share/duco_support/collision/double_arm/left_arm_link3.STL
-- Up-to-date: /home/user/ws_siasun/install/duco_support/share/duco_support/collision/double_arm/right_arm_link7.STL
-- Up-to-date: /home/user/ws_siasun/install/duco_support/share/duco_support/collision/double_arm/right_arm_link0.STL
-- Up-to-date: /home/user/ws_siasun/install/duco_support/share/duco_support/collision/double_arm/right_arm_link2.STL
-- Up-to-date: /home/user/ws_siasun/install/duco_support/share/duco_support/collision/double_arm/right_arm_link1.STL
-- Up-to-date: /home/user/ws_siasun/install/duco_support/share/duco_support/collision/double_arm/left_arm_link5.STL
-- Up-to-date: /home/user/ws_siasun/install/duco_support/share/duco_support/collision/double_arm/right_arm_link5.STL
-- Up-to-date: /home/user/ws_siasun/install/duco_support/share/duco_support/collision/GCR30_1100
-- Up-to-date: /home/user/ws_siasun/install/duco_support/share/duco_support/collision/GCR30_1100/link_2.stl
-- Up-to-date: /home/user/ws_siasun/install/duco_support/share/duco_support/collision/GCR30_1100/link_1.stl
-- Up-to-date: /home/user/ws_siasun/install/duco_support/share/duco_support/collision/GCR30_1100/base_link.stl
-- Up-to-date: /home/user/ws_siasun/install/duco_support/share/duco_support/collision/GCR30_1100/link_6.stl
-- Up-to-date: /home/user/ws_siasun/install/duco_support/share/duco_support/collision/GCR30_1100/link_5.stl
-- Up-to-date: /home/user/ws_siasun/install/duco_support/share/duco_support/collision/GCR30_1100/link_4.stl
-- Up-to-date: /home/user/ws_siasun/install/duco_support/share/duco_support/collision/GCR30_1100/link_3.stl
-- Up-to-date: /home/user/ws_siasun/install/duco_support/share/duco_support/collision/GCR16_2000
-- Up-to-date: /home/user/ws_siasun/install/duco_support/share/duco_support/collision/GCR16_2000/link_2.stl
-- Up-to-date: /home/user/ws_siasun/install/duco_support/share/duco_support/collision/GCR16_2000/link_1.stl
-- Up-to-date: /home/user/ws_siasun/install/duco_support/share/duco_support/collision/GCR16_2000/base_link.stl
-- Up-to-date: /home/user/ws_siasun/install/duco_support/share/duco_support/collision/GCR16_2000/link_6.stl
-- Up-to-date: /home/user/ws_siasun/install/duco_support/share/duco_support/collision/GCR16_2000/link_5.stl
-- Up-to-date: /home/user/ws_siasun/install/duco_support/share/duco_support/collision/GCR16_2000/link_4.stl
-- Up-to-date: /home/user/ws_siasun/install/duco_support/share/duco_support/collision/GCR16_2000/link_3.stl
-- Up-to-date: /home/user/ws_siasun/install/duco_support/share/duco_support/collision/GCR16_960
-- Up-to-date: /home/user/ws_siasun/install/duco_support/share/duco_support/collision/GCR16_960/link_2.stl
-- Up-to-date: /home/user/ws_siasun/install/duco_support/share/duco_support/collision/GCR16_960/link_1.stl
-- Up-to-date: /home/user/ws_siasun/install/duco_support/share/duco_support/collision/GCR16_960/base_link.stl
-- Up-to-date: /home/user/ws_siasun/install/duco_support/share/duco_support/collision/GCR16_960/link_6.stl
-- Up-to-date: /home/user/ws_siasun/install/duco_support/share/duco_support/collision/GCR16_960/link_5.stl
-- Up-to-date: /home/user/ws_siasun/install/duco_support/share/duco_support/collision/GCR16_960/link_4.stl
-- Up-to-date: /home/user/ws_siasun/install/duco_support/share/duco_support/collision/GCR16_960/link_3.stl
-- Up-to-date: /home/user/ws_siasun/install/duco_support/share/duco_support/collision/GCR3_618
-- Up-to-date: /home/user/ws_siasun/install/duco_support/share/duco_support/collision/GCR3_618/link_5.STL
-- Up-to-date: /home/user/ws_siasun/install/duco_support/share/duco_support/collision/GCR3_618/base_link.STL
-- Up-to-date: /home/user/ws_siasun/install/duco_support/share/duco_support/collision/GCR3_618/link_6.STL
-- Up-to-date: /home/user/ws_siasun/install/duco_support/share/duco_support/collision/GCR3_618/link_3.STL
-- Up-to-date: /home/user/ws_siasun/install/duco_support/share/duco_support/collision/GCR3_618/link_2.STL
-- Up-to-date: /home/user/ws_siasun/install/duco_support/share/duco_support/collision/GCR3_618/link_4.STL
-- Up-to-date: /home/user/ws_siasun/install/duco_support/share/duco_support/collision/GCR3_618/link_1.STL
-- Up-to-date: /home/user/ws_siasun/install/duco_support/share/duco_support/collision/RIGHT_ARM_0219
-- Up-to-date: /home/user/ws_siasun/install/duco_support/share/duco_support/collision/RIGHT_ARM_0219/J6_Link.STL
-- Up-to-date: /home/user/ws_siasun/install/duco_support/share/duco_support/collision/RIGHT_ARM_0219/base_link.STL
-- Up-to-date: /home/user/ws_siasun/install/duco_support/share/duco_support/collision/RIGHT_ARM_0219/J2_Link.STL
-- Up-to-date: /home/user/ws_siasun/install/duco_support/share/duco_support/collision/RIGHT_ARM_0219/J1_Link.STL
-- Up-to-date: /home/user/ws_siasun/install/duco_support/share/duco_support/collision/RIGHT_ARM_0219/J3_Link.STL
-- Up-to-date: /home/user/ws_siasun/install/duco_support/share/duco_support/collision/RIGHT_ARM_0219/J7_Link.STL
-- Up-to-date: /home/user/ws_siasun/install/duco_support/share/duco_support/collision/RIGHT_ARM_0219/J5_Link.STL
-- Up-to-date: /home/user/ws_siasun/install/duco_support/share/duco_support/collision/RIGHT_ARM_0219/J4_Link.STL
