[0.055s] DEBUG:colcon:Command line arguments: ['/usr/bin/colcon', 'build']
[0.055s] DEBUG:colcon:Parsed command line arguments: Namespace(log_base=None, log_level=None, verb_name='build', build_base='build', install_base='install', merge_install=False, symlink_install=False, test_result_base=None, continue_on_error=False, executor='parallel', parallel_workers=16, event_handlers=None, ignore_user_meta=False, metas=['./colcon.meta'], base_paths=['.'], packages_ignore=None, packages_ignore_regex=None, paths=None, packages_up_to=None, packages_up_to_regex=None, packages_above=None, packages_above_and_dependencies=None, packages_above_depth=None, packages_select_by_dep=None, packages_skip_by_dep=None, packages_skip_up_to=None, packages_select_build_failed=False, packages_skip_build_finished=False, packages_select_test_failures=False, packages_skip_test_passed=False, packages_select=None, packages_skip=None, packages_select_regex=None, packages_skip_regex=None, packages_start=None, packages_end=None, allow_overriding=[], cmake_args=None, cmake_target=None, cmake_target_skip_unavailable=False, cmake_clean_cache=False, cmake_clean_first=False, cmake_force_configure=False, ament_cmake_args=None, catkin_cmake_args=None, catkin_skip_building_tests=False, verb_parser=<colcon_defaults.argument_parser.defaults.DefaultArgumentsDecorator object at 0x7d174202fdc0>, verb_extension=<colcon_core.verb.build.BuildVerb object at 0x7d17421d9960>, main=<bound method BuildVerb.main of <colcon_core.verb.build.BuildVerb object at 0x7d17421d9960>>)
[0.137s] Level 1:colcon.colcon_core.package_discovery:discover_packages(colcon_meta) check parameters
[0.137s] Level 1:colcon.colcon_core.package_discovery:discover_packages(recursive) check parameters
[0.137s] Level 1:colcon.colcon_core.package_discovery:discover_packages(ignore) check parameters
[0.137s] Level 1:colcon.colcon_core.package_discovery:discover_packages(path) check parameters
[0.137s] Level 1:colcon.colcon_core.package_discovery:discover_packages(colcon_meta) discover
[0.137s] Level 1:colcon.colcon_core.package_discovery:discover_packages(recursive) discover
[0.137s] INFO:colcon.colcon_core.package_discovery:Crawling recursively for packages in '/home/user/ws_siasun'
[0.137s] Level 1:colcon.colcon_core.package_identification:_identify(.) by extensions ['ignore', 'ignore_ament_install']
[0.137s] Level 1:colcon.colcon_core.package_identification:_identify(.) by extension 'ignore'
[0.137s] Level 1:colcon.colcon_core.package_identification:_identify(.) by extension 'ignore_ament_install'
[0.138s] Level 1:colcon.colcon_core.package_identification:_identify(.) by extensions ['colcon_pkg']
[0.138s] Level 1:colcon.colcon_core.package_identification:_identify(.) by extension 'colcon_pkg'
[0.138s] Level 1:colcon.colcon_core.package_identification:_identify(.) by extensions ['colcon_meta']
[0.138s] Level 1:colcon.colcon_core.package_identification:_identify(.) by extension 'colcon_meta'
[0.138s] Level 1:colcon.colcon_core.package_identification:_identify(.) by extensions ['ros']
[0.138s] Level 1:colcon.colcon_core.package_identification:_identify(.) by extension 'ros'
[0.144s] Level 1:colcon.colcon_core.package_identification:_identify(.) by extensions ['cmake', 'python']
[0.144s] Level 1:colcon.colcon_core.package_identification:_identify(.) by extension 'cmake'
[0.144s] Level 1:colcon.colcon_core.package_identification:_identify(.) by extension 'python'
[0.144s] Level 1:colcon.colcon_core.package_identification:_identify(.) by extensions ['python_setup_py']
[0.144s] Level 1:colcon.colcon_core.package_identification:_identify(.) by extension 'python_setup_py'
[0.144s] Level 1:colcon.colcon_core.package_identification:_identify(build) by extensions ['ignore', 'ignore_ament_install']
[0.144s] Level 1:colcon.colcon_core.package_identification:_identify(build) by extension 'ignore'
[0.144s] Level 1:colcon.colcon_core.package_identification:_identify(build) ignored
[0.144s] Level 1:colcon.colcon_core.package_identification:_identify(install) by extensions ['ignore', 'ignore_ament_install']
[0.144s] Level 1:colcon.colcon_core.package_identification:_identify(install) by extension 'ignore'
[0.144s] Level 1:colcon.colcon_core.package_identification:_identify(install) ignored
[0.144s] Level 1:colcon.colcon_core.package_identification:_identify(log) by extensions ['ignore', 'ignore_ament_install']
[0.144s] Level 1:colcon.colcon_core.package_identification:_identify(log) by extension 'ignore'
[0.144s] Level 1:colcon.colcon_core.package_identification:_identify(log) ignored
[0.144s] Level 1:colcon.colcon_core.package_identification:_identify(src) by extensions ['ignore', 'ignore_ament_install']
[0.144s] Level 1:colcon.colcon_core.package_identification:_identify(src) by extension 'ignore'
[0.144s] Level 1:colcon.colcon_core.package_identification:_identify(src) by extension 'ignore_ament_install'
[0.144s] Level 1:colcon.colcon_core.package_identification:_identify(src) by extensions ['colcon_pkg']
[0.144s] Level 1:colcon.colcon_core.package_identification:_identify(src) by extension 'colcon_pkg'
[0.144s] Level 1:colcon.colcon_core.package_identification:_identify(src) by extensions ['colcon_meta']
[0.145s] Level 1:colcon.colcon_core.package_identification:_identify(src) by extension 'colcon_meta'
[0.145s] Level 1:colcon.colcon_core.package_identification:_identify(src) by extensions ['ros']
[0.145s] Level 1:colcon.colcon_core.package_identification:_identify(src) by extension 'ros'
[0.145s] Level 1:colcon.colcon_core.package_identification:_identify(src) by extensions ['cmake', 'python']
[0.145s] Level 1:colcon.colcon_core.package_identification:_identify(src) by extension 'cmake'
[0.145s] Level 1:colcon.colcon_core.package_identification:_identify(src) by extension 'python'
[0.145s] Level 1:colcon.colcon_core.package_identification:_identify(src) by extensions ['python_setup_py']
[0.145s] Level 1:colcon.colcon_core.package_identification:_identify(src) by extension 'python_setup_py'
[0.145s] Level 1:colcon.colcon_core.package_identification:_identify(src/aivt) by extensions ['ignore', 'ignore_ament_install']
[0.145s] Level 1:colcon.colcon_core.package_identification:_identify(src/aivt) by extension 'ignore'
[0.145s] Level 1:colcon.colcon_core.package_identification:_identify(src/aivt) by extension 'ignore_ament_install'
[0.145s] Level 1:colcon.colcon_core.package_identification:_identify(src/aivt) by extensions ['colcon_pkg']
[0.145s] Level 1:colcon.colcon_core.package_identification:_identify(src/aivt) by extension 'colcon_pkg'
[0.145s] Level 1:colcon.colcon_core.package_identification:_identify(src/aivt) by extensions ['colcon_meta']
[0.145s] Level 1:colcon.colcon_core.package_identification:_identify(src/aivt) by extension 'colcon_meta'
[0.145s] Level 1:colcon.colcon_core.package_identification:_identify(src/aivt) by extensions ['ros']
[0.145s] Level 1:colcon.colcon_core.package_identification:_identify(src/aivt) by extension 'ros'
[0.147s] DEBUG:colcon.colcon_core.package_identification:Package 'src/aivt' with type 'ros.ament_cmake' and name 'aivt'
[0.147s] Level 1:colcon.colcon_core.package_identification:_identify(src/aivt_interfaces) by extensions ['ignore', 'ignore_ament_install']
[0.147s] Level 1:colcon.colcon_core.package_identification:_identify(src/aivt_interfaces) by extension 'ignore'
[0.147s] Level 1:colcon.colcon_core.package_identification:_identify(src/aivt_interfaces) by extension 'ignore_ament_install'
[0.147s] Level 1:colcon.colcon_core.package_identification:_identify(src/aivt_interfaces) by extensions ['colcon_pkg']
[0.147s] Level 1:colcon.colcon_core.package_identification:_identify(src/aivt_interfaces) by extension 'colcon_pkg'
[0.147s] Level 1:colcon.colcon_core.package_identification:_identify(src/aivt_interfaces) by extensions ['colcon_meta']
[0.147s] Level 1:colcon.colcon_core.package_identification:_identify(src/aivt_interfaces) by extension 'colcon_meta'
[0.147s] Level 1:colcon.colcon_core.package_identification:_identify(src/aivt_interfaces) by extensions ['ros']
[0.147s] Level 1:colcon.colcon_core.package_identification:_identify(src/aivt_interfaces) by extension 'ros'
[0.147s] DEBUG:colcon.colcon_core.package_identification:Package 'src/aivt_interfaces' with type 'ros.ament_cmake' and name 'aivt_interfaces'
[0.147s] Level 1:colcon.colcon_core.package_identification:_identify(src/duco_arms) by extensions ['ignore', 'ignore_ament_install']
[0.147s] Level 1:colcon.colcon_core.package_identification:_identify(src/duco_arms) by extension 'ignore'
[0.147s] Level 1:colcon.colcon_core.package_identification:_identify(src/duco_arms) by extension 'ignore_ament_install'
[0.147s] Level 1:colcon.colcon_core.package_identification:_identify(src/duco_arms) by extensions ['colcon_pkg']
[0.147s] Level 1:colcon.colcon_core.package_identification:_identify(src/duco_arms) by extension 'colcon_pkg'
[0.147s] Level 1:colcon.colcon_core.package_identification:_identify(src/duco_arms) by extensions ['colcon_meta']
[0.147s] Level 1:colcon.colcon_core.package_identification:_identify(src/duco_arms) by extension 'colcon_meta'
[0.147s] Level 1:colcon.colcon_core.package_identification:_identify(src/duco_arms) by extensions ['ros']
[0.147s] Level 1:colcon.colcon_core.package_identification:_identify(src/duco_arms) by extension 'ros'
[0.148s] DEBUG:colcon.colcon_core.package_identification:Package 'src/duco_arms' with type 'ros.ament_cmake' and name 'duco_arms'
[0.148s] Level 1:colcon.colcon_core.package_identification:_identify(src/duco_gcr3_618_moveit_config) by extensions ['ignore', 'ignore_ament_install']
[0.148s] Level 1:colcon.colcon_core.package_identification:_identify(src/duco_gcr3_618_moveit_config) by extension 'ignore'
[0.148s] Level 1:colcon.colcon_core.package_identification:_identify(src/duco_gcr3_618_moveit_config) by extension 'ignore_ament_install'
[0.148s] Level 1:colcon.colcon_core.package_identification:_identify(src/duco_gcr3_618_moveit_config) by extensions ['colcon_pkg']
[0.148s] Level 1:colcon.colcon_core.package_identification:_identify(src/duco_gcr3_618_moveit_config) by extension 'colcon_pkg'
[0.148s] Level 1:colcon.colcon_core.package_identification:_identify(src/duco_gcr3_618_moveit_config) by extensions ['colcon_meta']
[0.148s] Level 1:colcon.colcon_core.package_identification:_identify(src/duco_gcr3_618_moveit_config) by extension 'colcon_meta'
[0.148s] Level 1:colcon.colcon_core.package_identification:_identify(src/duco_gcr3_618_moveit_config) by extensions ['ros']
[0.148s] Level 1:colcon.colcon_core.package_identification:_identify(src/duco_gcr3_618_moveit_config) by extension 'ros'
[0.148s] DEBUG:colcon.colcon_core.package_identification:Package 'src/duco_gcr3_618_moveit_config' with type 'ros.ament_cmake' and name 'duco_gcr3_618_moveit_config'
[0.148s] Level 1:colcon.colcon_core.package_identification:_identify(src/duco_msg) by extensions ['ignore', 'ignore_ament_install']
[0.149s] Level 1:colcon.colcon_core.package_identification:_identify(src/duco_msg) by extension 'ignore'
[0.149s] Level 1:colcon.colcon_core.package_identification:_identify(src/duco_msg) by extension 'ignore_ament_install'
[0.149s] Level 1:colcon.colcon_core.package_identification:_identify(src/duco_msg) by extensions ['colcon_pkg']
[0.149s] Level 1:colcon.colcon_core.package_identification:_identify(src/duco_msg) by extension 'colcon_pkg'
[0.149s] Level 1:colcon.colcon_core.package_identification:_identify(src/duco_msg) by extensions ['colcon_meta']
[0.149s] Level 1:colcon.colcon_core.package_identification:_identify(src/duco_msg) by extension 'colcon_meta'
[0.149s] Level 1:colcon.colcon_core.package_identification:_identify(src/duco_msg) by extensions ['ros']
[0.149s] Level 1:colcon.colcon_core.package_identification:_identify(src/duco_msg) by extension 'ros'
[0.149s] DEBUG:colcon.colcon_core.package_identification:Package 'src/duco_msg' with type 'ros.ament_cmake' and name 'duco_msg'
[0.149s] Level 1:colcon.colcon_core.package_identification:_identify(src/duco_ros_driver) by extensions ['ignore', 'ignore_ament_install']
[0.149s] Level 1:colcon.colcon_core.package_identification:_identify(src/duco_ros_driver) by extension 'ignore'
[0.149s] Level 1:colcon.colcon_core.package_identification:_identify(src/duco_ros_driver) by extension 'ignore_ament_install'
[0.149s] Level 1:colcon.colcon_core.package_identification:_identify(src/duco_ros_driver) by extensions ['colcon_pkg']
[0.149s] Level 1:colcon.colcon_core.package_identification:_identify(src/duco_ros_driver) by extension 'colcon_pkg'
[0.149s] Level 1:colcon.colcon_core.package_identification:_identify(src/duco_ros_driver) by extensions ['colcon_meta']
[0.149s] Level 1:colcon.colcon_core.package_identification:_identify(src/duco_ros_driver) by extension 'colcon_meta'
[0.149s] Level 1:colcon.colcon_core.package_identification:_identify(src/duco_ros_driver) by extensions ['ros']
[0.149s] Level 1:colcon.colcon_core.package_identification:_identify(src/duco_ros_driver) by extension 'ros'
[0.149s] DEBUG:colcon.colcon_core.package_identification:Package 'src/duco_ros_driver' with type 'ros.ament_cmake' and name 'duco_ros_driver'
[0.150s] Level 1:colcon.colcon_core.package_identification:_identify(src/duco_support) by extensions ['ignore', 'ignore_ament_install']
[0.150s] Level 1:colcon.colcon_core.package_identification:_identify(src/duco_support) by extension 'ignore'
[0.150s] Level 1:colcon.colcon_core.package_identification:_identify(src/duco_support) by extension 'ignore_ament_install'
[0.150s] Level 1:colcon.colcon_core.package_identification:_identify(src/duco_support) by extensions ['colcon_pkg']
[0.150s] Level 1:colcon.colcon_core.package_identification:_identify(src/duco_support) by extension 'colcon_pkg'
[0.150s] Level 1:colcon.colcon_core.package_identification:_identify(src/duco_support) by extensions ['colcon_meta']
[0.150s] Level 1:colcon.colcon_core.package_identification:_identify(src/duco_support) by extension 'colcon_meta'
[0.150s] Level 1:colcon.colcon_core.package_identification:_identify(src/duco_support) by extensions ['ros']
[0.150s] Level 1:colcon.colcon_core.package_identification:_identify(src/duco_support) by extension 'ros'
[0.150s] DEBUG:colcon.colcon_core.package_identification:Package 'src/duco_support' with type 'ros.ament_cmake' and name 'duco_support'
[0.150s] Level 1:colcon.colcon_core.package_identification:_identify(src/robot_control) by extensions ['ignore', 'ignore_ament_install']
[0.150s] Level 1:colcon.colcon_core.package_identification:_identify(src/robot_control) by extension 'ignore'
[0.150s] Level 1:colcon.colcon_core.package_identification:_identify(src/robot_control) by extension 'ignore_ament_install'
[0.150s] Level 1:colcon.colcon_core.package_identification:_identify(src/robot_control) by extensions ['colcon_pkg']
[0.150s] Level 1:colcon.colcon_core.package_identification:_identify(src/robot_control) by extension 'colcon_pkg'
[0.150s] Level 1:colcon.colcon_core.package_identification:_identify(src/robot_control) by extensions ['colcon_meta']
[0.150s] Level 1:colcon.colcon_core.package_identification:_identify(src/robot_control) by extension 'colcon_meta'
[0.150s] Level 1:colcon.colcon_core.package_identification:_identify(src/robot_control) by extensions ['ros']
[0.150s] Level 1:colcon.colcon_core.package_identification:_identify(src/robot_control) by extension 'ros'
[0.151s] DEBUG:colcon.colcon_core.package_identification:Package 'src/robot_control' with type 'ros.ament_cmake' and name 'robot_control'
[0.151s] Level 1:colcon.colcon_core.package_discovery:discover_packages(recursive) using defaults
[0.151s] Level 1:colcon.colcon_core.package_discovery:discover_packages(ignore) discover
[0.151s] Level 1:colcon.colcon_core.package_discovery:discover_packages(ignore) using defaults
[0.151s] Level 1:colcon.colcon_core.package_discovery:discover_packages(path) discover
[0.151s] Level 1:colcon.colcon_core.package_discovery:discover_packages(path) using defaults
[0.168s] Level 1:colcon.colcon_core.package_discovery:discover_packages(prefix_path) check parameters
[0.168s] Level 1:colcon.colcon_core.package_discovery:discover_packages(prefix_path) discover
[0.169s] DEBUG:colcon.colcon_installed_package_information.package_discovery:Found 8 installed packages in /home/user/ws_siasun/install
[0.170s] DEBUG:colcon.colcon_installed_package_information.package_discovery:Found 325 installed packages in /opt/ros/humble
[0.171s] Level 1:colcon.colcon_core.package_discovery:discover_packages(prefix_path) using defaults
[0.191s] Level 5:colcon.colcon_core.verb:set package 'aivt_interfaces' build argument 'cmake_args' from command line to 'None'
[0.191s] Level 5:colcon.colcon_core.verb:set package 'aivt_interfaces' build argument 'cmake_target' from command line to 'None'
[0.191s] Level 5:colcon.colcon_core.verb:set package 'aivt_interfaces' build argument 'cmake_target_skip_unavailable' from command line to 'False'
[0.191s] Level 5:colcon.colcon_core.verb:set package 'aivt_interfaces' build argument 'cmake_clean_cache' from command line to 'False'
[0.191s] Level 5:colcon.colcon_core.verb:set package 'aivt_interfaces' build argument 'cmake_clean_first' from command line to 'False'
[0.191s] Level 5:colcon.colcon_core.verb:set package 'aivt_interfaces' build argument 'cmake_force_configure' from command line to 'False'
[0.191s] Level 5:colcon.colcon_core.verb:set package 'aivt_interfaces' build argument 'ament_cmake_args' from command line to 'None'
[0.191s] Level 5:colcon.colcon_core.verb:set package 'aivt_interfaces' build argument 'catkin_cmake_args' from command line to 'None'
[0.191s] Level 5:colcon.colcon_core.verb:set package 'aivt_interfaces' build argument 'catkin_skip_building_tests' from command line to 'False'
[0.191s] DEBUG:colcon.colcon_core.verb:Building package 'aivt_interfaces' with the following arguments: {'ament_cmake_args': None, 'build_base': '/home/user/ws_siasun/build/aivt_interfaces', 'catkin_cmake_args': None, 'catkin_skip_building_tests': False, 'cmake_args': None, 'cmake_clean_cache': False, 'cmake_clean_first': False, 'cmake_force_configure': False, 'cmake_target': None, 'cmake_target_skip_unavailable': False, 'install_base': '/home/user/ws_siasun/install/aivt_interfaces', 'merge_install': False, 'path': '/home/user/ws_siasun/src/aivt_interfaces', 'symlink_install': False, 'test_result_base': None}
[0.191s] Level 5:colcon.colcon_core.verb:set package 'duco_msg' build argument 'cmake_args' from command line to 'None'
[0.191s] Level 5:colcon.colcon_core.verb:set package 'duco_msg' build argument 'cmake_target' from command line to 'None'
[0.191s] Level 5:colcon.colcon_core.verb:set package 'duco_msg' build argument 'cmake_target_skip_unavailable' from command line to 'False'
[0.191s] Level 5:colcon.colcon_core.verb:set package 'duco_msg' build argument 'cmake_clean_cache' from command line to 'False'
[0.191s] Level 5:colcon.colcon_core.verb:set package 'duco_msg' build argument 'cmake_clean_first' from command line to 'False'
[0.191s] Level 5:colcon.colcon_core.verb:set package 'duco_msg' build argument 'cmake_force_configure' from command line to 'False'
[0.191s] Level 5:colcon.colcon_core.verb:set package 'duco_msg' build argument 'ament_cmake_args' from command line to 'None'
[0.191s] Level 5:colcon.colcon_core.verb:set package 'duco_msg' build argument 'catkin_cmake_args' from command line to 'None'
[0.191s] Level 5:colcon.colcon_core.verb:set package 'duco_msg' build argument 'catkin_skip_building_tests' from command line to 'False'
[0.191s] DEBUG:colcon.colcon_core.verb:Building package 'duco_msg' with the following arguments: {'ament_cmake_args': None, 'build_base': '/home/user/ws_siasun/build/duco_msg', 'catkin_cmake_args': None, 'catkin_skip_building_tests': False, 'cmake_args': None, 'cmake_clean_cache': False, 'cmake_clean_first': False, 'cmake_force_configure': False, 'cmake_target': None, 'cmake_target_skip_unavailable': False, 'install_base': '/home/user/ws_siasun/install/duco_msg', 'merge_install': False, 'path': '/home/user/ws_siasun/src/duco_msg', 'symlink_install': False, 'test_result_base': None}
[0.191s] Level 5:colcon.colcon_core.verb:set package 'duco_support' build argument 'cmake_args' from command line to 'None'
[0.191s] Level 5:colcon.colcon_core.verb:set package 'duco_support' build argument 'cmake_target' from command line to 'None'
[0.191s] Level 5:colcon.colcon_core.verb:set package 'duco_support' build argument 'cmake_target_skip_unavailable' from command line to 'False'
[0.191s] Level 5:colcon.colcon_core.verb:set package 'duco_support' build argument 'cmake_clean_cache' from command line to 'False'
[0.191s] Level 5:colcon.colcon_core.verb:set package 'duco_support' build argument 'cmake_clean_first' from command line to 'False'
[0.191s] Level 5:colcon.colcon_core.verb:set package 'duco_support' build argument 'cmake_force_configure' from command line to 'False'
[0.191s] Level 5:colcon.colcon_core.verb:set package 'duco_support' build argument 'ament_cmake_args' from command line to 'None'
[0.191s] Level 5:colcon.colcon_core.verb:set package 'duco_support' build argument 'catkin_cmake_args' from command line to 'None'
[0.191s] Level 5:colcon.colcon_core.verb:set package 'duco_support' build argument 'catkin_skip_building_tests' from command line to 'False'
[0.191s] DEBUG:colcon.colcon_core.verb:Building package 'duco_support' with the following arguments: {'ament_cmake_args': None, 'build_base': '/home/user/ws_siasun/build/duco_support', 'catkin_cmake_args': None, 'catkin_skip_building_tests': False, 'cmake_args': None, 'cmake_clean_cache': False, 'cmake_clean_first': False, 'cmake_force_configure': False, 'cmake_target': None, 'cmake_target_skip_unavailable': False, 'install_base': '/home/user/ws_siasun/install/duco_support', 'merge_install': False, 'path': '/home/user/ws_siasun/src/duco_support', 'symlink_install': False, 'test_result_base': None}
[0.192s] Level 5:colcon.colcon_core.verb:set package 'duco_arms' build argument 'cmake_args' from command line to 'None'
[0.192s] Level 5:colcon.colcon_core.verb:set package 'duco_arms' build argument 'cmake_target' from command line to 'None'
[0.192s] Level 5:colcon.colcon_core.verb:set package 'duco_arms' build argument 'cmake_target_skip_unavailable' from command line to 'False'
[0.192s] Level 5:colcon.colcon_core.verb:set package 'duco_arms' build argument 'cmake_clean_cache' from command line to 'False'
[0.192s] Level 5:colcon.colcon_core.verb:set package 'duco_arms' build argument 'cmake_clean_first' from command line to 'False'
[0.192s] Level 5:colcon.colcon_core.verb:set package 'duco_arms' build argument 'cmake_force_configure' from command line to 'False'
[0.192s] Level 5:colcon.colcon_core.verb:set package 'duco_arms' build argument 'ament_cmake_args' from command line to 'None'
[0.192s] Level 5:colcon.colcon_core.verb:set package 'duco_arms' build argument 'catkin_cmake_args' from command line to 'None'
[0.192s] Level 5:colcon.colcon_core.verb:set package 'duco_arms' build argument 'catkin_skip_building_tests' from command line to 'False'
[0.192s] DEBUG:colcon.colcon_core.verb:Building package 'duco_arms' with the following arguments: {'ament_cmake_args': None, 'build_base': '/home/user/ws_siasun/build/duco_arms', 'catkin_cmake_args': None, 'catkin_skip_building_tests': False, 'cmake_args': None, 'cmake_clean_cache': False, 'cmake_clean_first': False, 'cmake_force_configure': False, 'cmake_target': None, 'cmake_target_skip_unavailable': False, 'install_base': '/home/user/ws_siasun/install/duco_arms', 'merge_install': False, 'path': '/home/user/ws_siasun/src/duco_arms', 'symlink_install': False, 'test_result_base': None}
[0.192s] Level 5:colcon.colcon_core.verb:set package 'duco_gcr3_618_moveit_config' build argument 'cmake_args' from command line to 'None'
[0.192s] Level 5:colcon.colcon_core.verb:set package 'duco_gcr3_618_moveit_config' build argument 'cmake_target' from command line to 'None'
[0.192s] Level 5:colcon.colcon_core.verb:set package 'duco_gcr3_618_moveit_config' build argument 'cmake_target_skip_unavailable' from command line to 'False'
[0.192s] Level 5:colcon.colcon_core.verb:set package 'duco_gcr3_618_moveit_config' build argument 'cmake_clean_cache' from command line to 'False'
[0.192s] Level 5:colcon.colcon_core.verb:set package 'duco_gcr3_618_moveit_config' build argument 'cmake_clean_first' from command line to 'False'
[0.192s] Level 5:colcon.colcon_core.verb:set package 'duco_gcr3_618_moveit_config' build argument 'cmake_force_configure' from command line to 'False'
[0.192s] Level 5:colcon.colcon_core.verb:set package 'duco_gcr3_618_moveit_config' build argument 'ament_cmake_args' from command line to 'None'
[0.192s] Level 5:colcon.colcon_core.verb:set package 'duco_gcr3_618_moveit_config' build argument 'catkin_cmake_args' from command line to 'None'
[0.192s] Level 5:colcon.colcon_core.verb:set package 'duco_gcr3_618_moveit_config' build argument 'catkin_skip_building_tests' from command line to 'False'
[0.192s] DEBUG:colcon.colcon_core.verb:Building package 'duco_gcr3_618_moveit_config' with the following arguments: {'ament_cmake_args': None, 'build_base': '/home/user/ws_siasun/build/duco_gcr3_618_moveit_config', 'catkin_cmake_args': None, 'catkin_skip_building_tests': False, 'cmake_args': None, 'cmake_clean_cache': False, 'cmake_clean_first': False, 'cmake_force_configure': False, 'cmake_target': None, 'cmake_target_skip_unavailable': False, 'install_base': '/home/user/ws_siasun/install/duco_gcr3_618_moveit_config', 'merge_install': False, 'path': '/home/user/ws_siasun/src/duco_gcr3_618_moveit_config', 'symlink_install': False, 'test_result_base': None}
[0.192s] Level 5:colcon.colcon_core.verb:set package 'robot_control' build argument 'cmake_args' from command line to 'None'
[0.192s] Level 5:colcon.colcon_core.verb:set package 'robot_control' build argument 'cmake_target' from command line to 'None'
[0.192s] Level 5:colcon.colcon_core.verb:set package 'robot_control' build argument 'cmake_target_skip_unavailable' from command line to 'False'
[0.192s] Level 5:colcon.colcon_core.verb:set package 'robot_control' build argument 'cmake_clean_cache' from command line to 'False'
[0.192s] Level 5:colcon.colcon_core.verb:set package 'robot_control' build argument 'cmake_clean_first' from command line to 'False'
[0.192s] Level 5:colcon.colcon_core.verb:set package 'robot_control' build argument 'cmake_force_configure' from command line to 'False'
[0.192s] Level 5:colcon.colcon_core.verb:set package 'robot_control' build argument 'ament_cmake_args' from command line to 'None'
[0.192s] Level 5:colcon.colcon_core.verb:set package 'robot_control' build argument 'catkin_cmake_args' from command line to 'None'
[0.192s] Level 5:colcon.colcon_core.verb:set package 'robot_control' build argument 'catkin_skip_building_tests' from command line to 'False'
[0.192s] DEBUG:colcon.colcon_core.verb:Building package 'robot_control' with the following arguments: {'ament_cmake_args': None, 'build_base': '/home/user/ws_siasun/build/robot_control', 'catkin_cmake_args': None, 'catkin_skip_building_tests': False, 'cmake_args': None, 'cmake_clean_cache': False, 'cmake_clean_first': False, 'cmake_force_configure': False, 'cmake_target': None, 'cmake_target_skip_unavailable': False, 'install_base': '/home/user/ws_siasun/install/robot_control', 'merge_install': False, 'path': '/home/user/ws_siasun/src/robot_control', 'symlink_install': False, 'test_result_base': None}
[0.192s] Level 5:colcon.colcon_core.verb:set package 'duco_ros_driver' build argument 'cmake_args' from command line to 'None'
[0.192s] Level 5:colcon.colcon_core.verb:set package 'duco_ros_driver' build argument 'cmake_target' from command line to 'None'
[0.192s] Level 5:colcon.colcon_core.verb:set package 'duco_ros_driver' build argument 'cmake_target_skip_unavailable' from command line to 'False'
[0.192s] Level 5:colcon.colcon_core.verb:set package 'duco_ros_driver' build argument 'cmake_clean_cache' from command line to 'False'
[0.192s] Level 5:colcon.colcon_core.verb:set package 'duco_ros_driver' build argument 'cmake_clean_first' from command line to 'False'
[0.192s] Level 5:colcon.colcon_core.verb:set package 'duco_ros_driver' build argument 'cmake_force_configure' from command line to 'False'
[0.192s] Level 5:colcon.colcon_core.verb:set package 'duco_ros_driver' build argument 'ament_cmake_args' from command line to 'None'
[0.192s] Level 5:colcon.colcon_core.verb:set package 'duco_ros_driver' build argument 'catkin_cmake_args' from command line to 'None'
[0.192s] Level 5:colcon.colcon_core.verb:set package 'duco_ros_driver' build argument 'catkin_skip_building_tests' from command line to 'False'
[0.192s] DEBUG:colcon.colcon_core.verb:Building package 'duco_ros_driver' with the following arguments: {'ament_cmake_args': None, 'build_base': '/home/user/ws_siasun/build/duco_ros_driver', 'catkin_cmake_args': None, 'catkin_skip_building_tests': False, 'cmake_args': None, 'cmake_clean_cache': False, 'cmake_clean_first': False, 'cmake_force_configure': False, 'cmake_target': None, 'cmake_target_skip_unavailable': False, 'install_base': '/home/user/ws_siasun/install/duco_ros_driver', 'merge_install': False, 'path': '/home/user/ws_siasun/src/duco_ros_driver', 'symlink_install': False, 'test_result_base': None}
[0.193s] Level 5:colcon.colcon_core.verb:set package 'aivt' build argument 'cmake_args' from command line to 'None'
[0.193s] Level 5:colcon.colcon_core.verb:set package 'aivt' build argument 'cmake_target' from command line to 'None'
[0.193s] Level 5:colcon.colcon_core.verb:set package 'aivt' build argument 'cmake_target_skip_unavailable' from command line to 'False'
[0.193s] Level 5:colcon.colcon_core.verb:set package 'aivt' build argument 'cmake_clean_cache' from command line to 'False'
[0.193s] Level 5:colcon.colcon_core.verb:set package 'aivt' build argument 'cmake_clean_first' from command line to 'False'
[0.193s] Level 5:colcon.colcon_core.verb:set package 'aivt' build argument 'cmake_force_configure' from command line to 'False'
[0.193s] Level 5:colcon.colcon_core.verb:set package 'aivt' build argument 'ament_cmake_args' from command line to 'None'
[0.193s] Level 5:colcon.colcon_core.verb:set package 'aivt' build argument 'catkin_cmake_args' from command line to 'None'
[0.193s] Level 5:colcon.colcon_core.verb:set package 'aivt' build argument 'catkin_skip_building_tests' from command line to 'False'
[0.193s] DEBUG:colcon.colcon_core.verb:Building package 'aivt' with the following arguments: {'ament_cmake_args': None, 'build_base': '/home/user/ws_siasun/build/aivt', 'catkin_cmake_args': None, 'catkin_skip_building_tests': False, 'cmake_args': None, 'cmake_clean_cache': False, 'cmake_clean_first': False, 'cmake_force_configure': False, 'cmake_target': None, 'cmake_target_skip_unavailable': False, 'install_base': '/home/user/ws_siasun/install/aivt', 'merge_install': False, 'path': '/home/user/ws_siasun/src/aivt', 'symlink_install': False, 'test_result_base': None}
[0.193s] INFO:colcon.colcon_core.executor:Executing jobs using 'parallel' executor
[0.193s] DEBUG:colcon.colcon_parallel_executor.executor.parallel:run_until_complete
[0.194s] INFO:colcon.colcon_ros.task.ament_cmake.build:Building ROS package in '/home/user/ws_siasun/src/duco_support' with build type 'ament_cmake'
[0.194s] INFO:colcon.colcon_cmake.task.cmake.build:Building CMake package in '/home/user/ws_siasun/src/duco_support'
[0.195s] INFO:colcon.colcon_core.plugin_system:Skipping extension 'colcon_core.shell.bat': Not used on non-Windows systems
[0.195s] INFO:colcon.colcon_core.shell:Skip shell extension 'powershell' for command environment: Not usable outside of PowerShell
[0.195s] DEBUG:colcon.colcon_core.shell:Skip shell extension 'dsv' for command environment
[0.197s] INFO:colcon.colcon_ros.task.ament_cmake.build:Building ROS package in '/home/user/ws_siasun/src/duco_msg' with build type 'ament_cmake'
[0.198s] INFO:colcon.colcon_cmake.task.cmake.build:Building CMake package in '/home/user/ws_siasun/src/duco_msg'
[0.198s] INFO:colcon.colcon_core.shell:Skip shell extension 'powershell' for command environment: Not usable outside of PowerShell
[0.198s] DEBUG:colcon.colcon_core.shell:Skip shell extension 'dsv' for command environment
[0.199s] INFO:colcon.colcon_ros.task.ament_cmake.build:Building ROS package in '/home/user/ws_siasun/src/aivt_interfaces' with build type 'ament_cmake'
[0.200s] INFO:colcon.colcon_cmake.task.cmake.build:Building CMake package in '/home/user/ws_siasun/src/aivt_interfaces'
[0.200s] INFO:colcon.colcon_core.shell:Skip shell extension 'powershell' for command environment: Not usable outside of PowerShell
[0.200s] DEBUG:colcon.colcon_core.shell:Skip shell extension 'dsv' for command environment
[0.205s] DEBUG:colcon.colcon_core.event_handler.log_command:Invoking command in '/home/user/ws_siasun/build/duco_support': CMAKE_PREFIX_PATH=${CMAKE_PREFIX_PATH}:/opt/ros/humble /usr/bin/cmake --build /home/user/ws_siasun/build/duco_support -- -j16 -l16
[0.206s] DEBUG:colcon.colcon_core.event_handler.log_command:Invoking command in '/home/user/ws_siasun/build/duco_msg': CMAKE_PREFIX_PATH=${CMAKE_PREFIX_PATH}:/opt/ros/humble /usr/bin/cmake --build /home/user/ws_siasun/build/duco_msg -- -j16 -l16
[0.209s] DEBUG:colcon.colcon_core.event_handler.log_command:Invoking command in '/home/user/ws_siasun/build/aivt_interfaces': CMAKE_PREFIX_PATH=${CMAKE_PREFIX_PATH}:/opt/ros/humble /usr/bin/cmake --build /home/user/ws_siasun/build/aivt_interfaces -- -j16 -l16
[0.234s] DEBUG:colcon.colcon_core.event_handler.log_command:Invoked command in '/home/user/ws_siasun/build/duco_support' returned '0': CMAKE_PREFIX_PATH=${CMAKE_PREFIX_PATH}:/opt/ros/humble /usr/bin/cmake --build /home/user/ws_siasun/build/duco_support -- -j16 -l16
[0.245s] DEBUG:colcon.colcon_core.event_handler.log_command:Invoking command in '/home/user/ws_siasun/build/duco_support': CMAKE_PREFIX_PATH=${CMAKE_PREFIX_PATH}:/opt/ros/humble /usr/bin/cmake --install /home/user/ws_siasun/build/duco_support
[0.267s] Level 1:colcon.colcon_core.environment:create_environment_scripts_only(duco_support)
[0.279s] Level 1:colcon.colcon_core.environment:checking '/home/user/ws_siasun/install/duco_support' for CMake module files
[0.280s] DEBUG:colcon.colcon_core.event_handler.log_command:Invoked command in '/home/user/ws_siasun/build/duco_support' returned '0': CMAKE_PREFIX_PATH=${CMAKE_PREFIX_PATH}:/opt/ros/humble /usr/bin/cmake --install /home/user/ws_siasun/build/duco_support
[0.280s] Level 1:colcon.colcon_core.environment:checking '/home/user/ws_siasun/install/duco_support' for CMake config files
[0.281s] Level 1:colcon.colcon_core.shell:create_environment_hook('duco_support', 'cmake_prefix_path')
[0.282s] INFO:colcon.colcon_core.shell:Creating environment hook '/home/user/ws_siasun/install/duco_support/share/duco_support/hook/cmake_prefix_path.ps1'
[0.282s] INFO:colcon.colcon_core.shell:Creating environment descriptor '/home/user/ws_siasun/install/duco_support/share/duco_support/hook/cmake_prefix_path.dsv'
[0.283s] INFO:colcon.colcon_core.shell:Creating environment hook '/home/user/ws_siasun/install/duco_support/share/duco_support/hook/cmake_prefix_path.sh'
[0.284s] Level 1:colcon.colcon_core.environment:checking '/home/user/ws_siasun/install/duco_support/bin'
[0.284s] Level 1:colcon.colcon_core.environment:checking '/home/user/ws_siasun/install/duco_support/lib/pkgconfig/duco_support.pc'
[0.284s] Level 1:colcon.colcon_core.environment:checking '/home/user/ws_siasun/install/duco_support/lib/python3.10/site-packages'
[0.284s] Level 1:colcon.colcon_core.environment:checking '/home/user/ws_siasun/install/duco_support/bin'
[0.285s] INFO:colcon.colcon_core.shell:Creating package script '/home/user/ws_siasun/install/duco_support/share/duco_support/package.ps1'
[0.285s] INFO:colcon.colcon_core.shell:Creating package descriptor '/home/user/ws_siasun/install/duco_support/share/duco_support/package.dsv'
[0.286s] INFO:colcon.colcon_core.shell:Creating package script '/home/user/ws_siasun/install/duco_support/share/duco_support/package.sh'
[0.287s] INFO:colcon.colcon_core.shell:Creating package script '/home/user/ws_siasun/install/duco_support/share/duco_support/package.bash'
[0.287s] INFO:colcon.colcon_core.shell:Creating package script '/home/user/ws_siasun/install/duco_support/share/duco_support/package.zsh'
[0.288s] Level 1:colcon.colcon_core.environment:create_file_with_runtime_dependencies(/home/user/ws_siasun/install/duco_support/share/colcon-core/packages/duco_support)
[0.289s] Level 1:colcon.colcon_core.environment:create_environment_scripts_only(duco_support)
[0.289s] Level 1:colcon.colcon_core.environment:checking '/home/user/ws_siasun/install/duco_support' for CMake module files
[0.289s] Level 1:colcon.colcon_core.environment:checking '/home/user/ws_siasun/install/duco_support' for CMake config files
[0.290s] Level 1:colcon.colcon_core.shell:create_environment_hook('duco_support', 'cmake_prefix_path')
[0.290s] INFO:colcon.colcon_core.shell:Creating environment hook '/home/user/ws_siasun/install/duco_support/share/duco_support/hook/cmake_prefix_path.ps1'
[0.290s] INFO:colcon.colcon_core.shell:Creating environment descriptor '/home/user/ws_siasun/install/duco_support/share/duco_support/hook/cmake_prefix_path.dsv'
[0.290s] INFO:colcon.colcon_core.shell:Creating environment hook '/home/user/ws_siasun/install/duco_support/share/duco_support/hook/cmake_prefix_path.sh'
[0.291s] Level 1:colcon.colcon_core.environment:checking '/home/user/ws_siasun/install/duco_support/bin'
[0.291s] Level 1:colcon.colcon_core.environment:checking '/home/user/ws_siasun/install/duco_support/lib/pkgconfig/duco_support.pc'
[0.291s] Level 1:colcon.colcon_core.environment:checking '/home/user/ws_siasun/install/duco_support/lib/python3.10/site-packages'
[0.291s] Level 1:colcon.colcon_core.environment:checking '/home/user/ws_siasun/install/duco_support/bin'
[0.291s] INFO:colcon.colcon_core.shell:Creating package script '/home/user/ws_siasun/install/duco_support/share/duco_support/package.ps1'
[0.292s] INFO:colcon.colcon_core.shell:Creating package descriptor '/home/user/ws_siasun/install/duco_support/share/duco_support/package.dsv'
[0.292s] INFO:colcon.colcon_core.shell:Creating package script '/home/user/ws_siasun/install/duco_support/share/duco_support/package.sh'
[0.292s] INFO:colcon.colcon_core.shell:Creating package script '/home/user/ws_siasun/install/duco_support/share/duco_support/package.bash'
[0.293s] INFO:colcon.colcon_core.shell:Creating package script '/home/user/ws_siasun/install/duco_support/share/duco_support/package.zsh'
[0.293s] Level 1:colcon.colcon_core.environment:create_file_with_runtime_dependencies(/home/user/ws_siasun/install/duco_support/share/colcon-core/packages/duco_support)
[0.293s] INFO:colcon.colcon_ros.task.ament_cmake.build:Building ROS package in '/home/user/ws_siasun/src/duco_arms' with build type 'ament_cmake'
[0.293s] INFO:colcon.colcon_cmake.task.cmake.build:Building CMake package in '/home/user/ws_siasun/src/duco_arms'
[0.293s] INFO:colcon.colcon_core.shell:Skip shell extension 'powershell' for command environment: Not usable outside of PowerShell
[0.294s] DEBUG:colcon.colcon_core.shell:Skip shell extension 'dsv' for command environment
[0.297s] INFO:colcon.colcon_ros.task.ament_cmake.build:Building ROS package in '/home/user/ws_siasun/src/duco_gcr3_618_moveit_config' with build type 'ament_cmake'
[0.297s] INFO:colcon.colcon_cmake.task.cmake.build:Building CMake package in '/home/user/ws_siasun/src/duco_gcr3_618_moveit_config'
[0.297s] INFO:colcon.colcon_core.shell:Skip shell extension 'powershell' for command environment: Not usable outside of PowerShell
[0.297s] DEBUG:colcon.colcon_core.shell:Skip shell extension 'dsv' for command environment
[0.305s] DEBUG:colcon.colcon_core.event_handler.log_command:Invoking command in '/home/user/ws_siasun/build/duco_arms': CMAKE_PREFIX_PATH=/home/user/ws_siasun/install/duco_support:/home/user/ws_siasun/install/robot_control:/home/user/ws_siasun/install/aivt:/home/user/ws_siasun/install/duco_ros_driver:/home/user/ws_siasun/install/duco_gcr3_618_moveit_config:/home/user/ws_siasun/install/duco_arms:/home/user/ws_siasun/install/duco_msg:/home/user/ws_siasun/install/aivt_interfaces:/opt/ros/humble /usr/bin/cmake --build /home/user/ws_siasun/build/duco_arms -- -j16 -l16
[0.308s] DEBUG:colcon.colcon_core.event_handler.log_command:Invoking command in '/home/user/ws_siasun/build/duco_gcr3_618_moveit_config': CMAKE_PREFIX_PATH=/home/user/ws_siasun/install/duco_support:/home/user/ws_siasun/install/robot_control:/home/user/ws_siasun/install/aivt:/home/user/ws_siasun/install/duco_ros_driver:/home/user/ws_siasun/install/duco_gcr3_618_moveit_config:/home/user/ws_siasun/install/duco_arms:/home/user/ws_siasun/install/duco_msg:/home/user/ws_siasun/install/aivt_interfaces:/opt/ros/humble /usr/bin/cmake --build /home/user/ws_siasun/build/duco_gcr3_618_moveit_config -- -j16 -l16
[0.333s] DEBUG:colcon.colcon_core.event_handler.log_command:Invoked command in '/home/user/ws_siasun/build/duco_arms' returned '0': CMAKE_PREFIX_PATH=/home/user/ws_siasun/install/duco_support:/home/user/ws_siasun/install/robot_control:/home/user/ws_siasun/install/aivt:/home/user/ws_siasun/install/duco_ros_driver:/home/user/ws_siasun/install/duco_gcr3_618_moveit_config:/home/user/ws_siasun/install/duco_arms:/home/user/ws_siasun/install/duco_msg:/home/user/ws_siasun/install/aivt_interfaces:/opt/ros/humble /usr/bin/cmake --build /home/user/ws_siasun/build/duco_arms -- -j16 -l16
[0.335s] DEBUG:colcon.colcon_core.event_handler.log_command:Invoking command in '/home/user/ws_siasun/build/duco_arms': CMAKE_PREFIX_PATH=/home/user/ws_siasun/install/duco_support:/home/user/ws_siasun/install/robot_control:/home/user/ws_siasun/install/aivt:/home/user/ws_siasun/install/duco_ros_driver:/home/user/ws_siasun/install/duco_gcr3_618_moveit_config:/home/user/ws_siasun/install/duco_arms:/home/user/ws_siasun/install/duco_msg:/home/user/ws_siasun/install/aivt_interfaces:/opt/ros/humble /usr/bin/cmake --install /home/user/ws_siasun/build/duco_arms
[0.336s] DEBUG:colcon.colcon_core.event_handler.log_command:Invoked command in '/home/user/ws_siasun/build/duco_gcr3_618_moveit_config' returned '0': CMAKE_PREFIX_PATH=/home/user/ws_siasun/install/duco_support:/home/user/ws_siasun/install/robot_control:/home/user/ws_siasun/install/aivt:/home/user/ws_siasun/install/duco_ros_driver:/home/user/ws_siasun/install/duco_gcr3_618_moveit_config:/home/user/ws_siasun/install/duco_arms:/home/user/ws_siasun/install/duco_msg:/home/user/ws_siasun/install/aivt_interfaces:/opt/ros/humble /usr/bin/cmake --build /home/user/ws_siasun/build/duco_gcr3_618_moveit_config -- -j16 -l16
[0.338s] DEBUG:colcon.colcon_core.event_handler.log_command:Invoking command in '/home/user/ws_siasun/build/duco_gcr3_618_moveit_config': CMAKE_PREFIX_PATH=/home/user/ws_siasun/install/duco_support:/home/user/ws_siasun/install/robot_control:/home/user/ws_siasun/install/aivt:/home/user/ws_siasun/install/duco_ros_driver:/home/user/ws_siasun/install/duco_gcr3_618_moveit_config:/home/user/ws_siasun/install/duco_arms:/home/user/ws_siasun/install/duco_msg:/home/user/ws_siasun/install/aivt_interfaces:/opt/ros/humble /usr/bin/cmake --install /home/user/ws_siasun/build/duco_gcr3_618_moveit_config
[0.345s] Level 1:colcon.colcon_core.environment:create_environment_scripts_only(duco_arms)
[0.345s] Level 1:colcon.colcon_core.environment:checking '/home/user/ws_siasun/install/duco_arms' for CMake module files
[0.347s] Level 1:colcon.colcon_core.environment:checking '/home/user/ws_siasun/install/duco_arms' for CMake config files
[0.348s] Level 1:colcon.colcon_core.shell:create_environment_hook('duco_arms', 'cmake_prefix_path')
[0.348s] INFO:colcon.colcon_core.shell:Creating environment hook '/home/user/ws_siasun/install/duco_arms/share/duco_arms/hook/cmake_prefix_path.ps1'
[0.349s] INFO:colcon.colcon_core.shell:Creating environment descriptor '/home/user/ws_siasun/install/duco_arms/share/duco_arms/hook/cmake_prefix_path.dsv'
[0.349s] INFO:colcon.colcon_core.shell:Creating environment hook '/home/user/ws_siasun/install/duco_arms/share/duco_arms/hook/cmake_prefix_path.sh'
[0.350s] Level 1:colcon.colcon_core.environment:checking '/home/user/ws_siasun/install/duco_arms/bin'
[0.350s] Level 1:colcon.colcon_core.environment:checking '/home/user/ws_siasun/install/duco_arms/lib/pkgconfig/duco_arms.pc'
[0.350s] Level 1:colcon.colcon_core.environment:checking '/home/user/ws_siasun/install/duco_arms/lib/python3.10/site-packages'
[0.351s] Level 1:colcon.colcon_core.environment:checking '/home/user/ws_siasun/install/duco_arms/bin'
[0.351s] INFO:colcon.colcon_core.shell:Creating package script '/home/user/ws_siasun/install/duco_arms/share/duco_arms/package.ps1'
[0.351s] INFO:colcon.colcon_core.shell:Creating package descriptor '/home/user/ws_siasun/install/duco_arms/share/duco_arms/package.dsv'
[0.352s] INFO:colcon.colcon_core.shell:Creating package script '/home/user/ws_siasun/install/duco_arms/share/duco_arms/package.sh'
[0.352s] DEBUG:colcon.colcon_core.event_handler.log_command:Invoked command in '/home/user/ws_siasun/build/duco_arms' returned '0': CMAKE_PREFIX_PATH=/home/user/ws_siasun/install/duco_support:/home/user/ws_siasun/install/robot_control:/home/user/ws_siasun/install/aivt:/home/user/ws_siasun/install/duco_ros_driver:/home/user/ws_siasun/install/duco_gcr3_618_moveit_config:/home/user/ws_siasun/install/duco_arms:/home/user/ws_siasun/install/duco_msg:/home/user/ws_siasun/install/aivt_interfaces:/opt/ros/humble /usr/bin/cmake --install /home/user/ws_siasun/build/duco_arms
[0.353s] INFO:colcon.colcon_core.shell:Creating package script '/home/user/ws_siasun/install/duco_arms/share/duco_arms/package.bash'
[0.354s] INFO:colcon.colcon_core.shell:Creating package script '/home/user/ws_siasun/install/duco_arms/share/duco_arms/package.zsh'
[0.354s] Level 1:colcon.colcon_core.environment:create_file_with_runtime_dependencies(/home/user/ws_siasun/install/duco_arms/share/colcon-core/packages/duco_arms)
[0.355s] Level 1:colcon.colcon_core.environment:create_environment_scripts_only(duco_arms)
[0.355s] Level 1:colcon.colcon_core.environment:checking '/home/user/ws_siasun/install/duco_arms' for CMake module files
[0.355s] Level 1:colcon.colcon_core.environment:checking '/home/user/ws_siasun/install/duco_arms' for CMake config files
[0.355s] Level 1:colcon.colcon_core.shell:create_environment_hook('duco_arms', 'cmake_prefix_path')
[0.356s] INFO:colcon.colcon_core.shell:Creating environment hook '/home/user/ws_siasun/install/duco_arms/share/duco_arms/hook/cmake_prefix_path.ps1'
[0.356s] INFO:colcon.colcon_core.shell:Creating environment descriptor '/home/user/ws_siasun/install/duco_arms/share/duco_arms/hook/cmake_prefix_path.dsv'
[0.357s] INFO:colcon.colcon_core.shell:Creating environment hook '/home/user/ws_siasun/install/duco_arms/share/duco_arms/hook/cmake_prefix_path.sh'
[0.357s] Level 1:colcon.colcon_core.environment:checking '/home/user/ws_siasun/install/duco_arms/bin'
[0.357s] Level 1:colcon.colcon_core.environment:checking '/home/user/ws_siasun/install/duco_arms/lib/pkgconfig/duco_arms.pc'
[0.357s] Level 1:colcon.colcon_core.environment:checking '/home/user/ws_siasun/install/duco_arms/lib/python3.10/site-packages'
[0.358s] Level 1:colcon.colcon_core.environment:checking '/home/user/ws_siasun/install/duco_arms/bin'
[0.358s] INFO:colcon.colcon_core.shell:Creating package script '/home/user/ws_siasun/install/duco_arms/share/duco_arms/package.ps1'
[0.358s] INFO:colcon.colcon_core.shell:Creating package descriptor '/home/user/ws_siasun/install/duco_arms/share/duco_arms/package.dsv'
[0.359s] INFO:colcon.colcon_core.shell:Creating package script '/home/user/ws_siasun/install/duco_arms/share/duco_arms/package.sh'
[0.359s] INFO:colcon.colcon_core.shell:Creating package script '/home/user/ws_siasun/install/duco_arms/share/duco_arms/package.bash'
[0.360s] INFO:colcon.colcon_core.shell:Creating package script '/home/user/ws_siasun/install/duco_arms/share/duco_arms/package.zsh'
[0.360s] Level 1:colcon.colcon_core.environment:create_file_with_runtime_dependencies(/home/user/ws_siasun/install/duco_arms/share/colcon-core/packages/duco_arms)
[0.361s] Level 1:colcon.colcon_core.environment:create_environment_scripts_only(duco_gcr3_618_moveit_config)
[0.362s] Level 1:colcon.colcon_core.environment:checking '/home/user/ws_siasun/install/duco_gcr3_618_moveit_config' for CMake module files
[0.362s] DEBUG:colcon.colcon_core.event_handler.log_command:Invoked command in '/home/user/ws_siasun/build/duco_gcr3_618_moveit_config' returned '0': CMAKE_PREFIX_PATH=/home/user/ws_siasun/install/duco_support:/home/user/ws_siasun/install/robot_control:/home/user/ws_siasun/install/aivt:/home/user/ws_siasun/install/duco_ros_driver:/home/user/ws_siasun/install/duco_gcr3_618_moveit_config:/home/user/ws_siasun/install/duco_arms:/home/user/ws_siasun/install/duco_msg:/home/user/ws_siasun/install/aivt_interfaces:/opt/ros/humble /usr/bin/cmake --install /home/user/ws_siasun/build/duco_gcr3_618_moveit_config
[0.362s] Level 1:colcon.colcon_core.environment:checking '/home/user/ws_siasun/install/duco_gcr3_618_moveit_config' for CMake config files
[0.363s] Level 1:colcon.colcon_core.shell:create_environment_hook('duco_gcr3_618_moveit_config', 'cmake_prefix_path')
[0.363s] INFO:colcon.colcon_core.shell:Creating environment hook '/home/user/ws_siasun/install/duco_gcr3_618_moveit_config/share/duco_gcr3_618_moveit_config/hook/cmake_prefix_path.ps1'
[0.363s] INFO:colcon.colcon_core.shell:Creating environment descriptor '/home/user/ws_siasun/install/duco_gcr3_618_moveit_config/share/duco_gcr3_618_moveit_config/hook/cmake_prefix_path.dsv'
[0.364s] INFO:colcon.colcon_core.shell:Creating environment hook '/home/user/ws_siasun/install/duco_gcr3_618_moveit_config/share/duco_gcr3_618_moveit_config/hook/cmake_prefix_path.sh'
[0.364s] Level 1:colcon.colcon_core.environment:checking '/home/user/ws_siasun/install/duco_gcr3_618_moveit_config/bin'
[0.364s] Level 1:colcon.colcon_core.environment:checking '/home/user/ws_siasun/install/duco_gcr3_618_moveit_config/lib/pkgconfig/duco_gcr3_618_moveit_config.pc'
[0.365s] Level 1:colcon.colcon_core.environment:checking '/home/user/ws_siasun/install/duco_gcr3_618_moveit_config/lib/python3.10/site-packages'
[0.365s] Level 1:colcon.colcon_core.environment:checking '/home/user/ws_siasun/install/duco_gcr3_618_moveit_config/bin'
[0.365s] INFO:colcon.colcon_core.shell:Creating package script '/home/user/ws_siasun/install/duco_gcr3_618_moveit_config/share/duco_gcr3_618_moveit_config/package.ps1'
[0.365s] INFO:colcon.colcon_core.shell:Creating package descriptor '/home/user/ws_siasun/install/duco_gcr3_618_moveit_config/share/duco_gcr3_618_moveit_config/package.dsv'
[0.366s] INFO:colcon.colcon_core.shell:Creating package script '/home/user/ws_siasun/install/duco_gcr3_618_moveit_config/share/duco_gcr3_618_moveit_config/package.sh'
[0.366s] INFO:colcon.colcon_core.shell:Creating package script '/home/user/ws_siasun/install/duco_gcr3_618_moveit_config/share/duco_gcr3_618_moveit_config/package.bash'
[0.367s] INFO:colcon.colcon_core.shell:Creating package script '/home/user/ws_siasun/install/duco_gcr3_618_moveit_config/share/duco_gcr3_618_moveit_config/package.zsh'
[0.367s] Level 1:colcon.colcon_core.environment:create_file_with_runtime_dependencies(/home/user/ws_siasun/install/duco_gcr3_618_moveit_config/share/colcon-core/packages/duco_gcr3_618_moveit_config)
[0.368s] Level 1:colcon.colcon_core.environment:create_environment_scripts_only(duco_gcr3_618_moveit_config)
[0.368s] Level 1:colcon.colcon_core.environment:checking '/home/user/ws_siasun/install/duco_gcr3_618_moveit_config' for CMake module files
[0.368s] Level 1:colcon.colcon_core.environment:checking '/home/user/ws_siasun/install/duco_gcr3_618_moveit_config' for CMake config files
[0.368s] Level 1:colcon.colcon_core.shell:create_environment_hook('duco_gcr3_618_moveit_config', 'cmake_prefix_path')
[0.369s] INFO:colcon.colcon_core.shell:Creating environment hook '/home/user/ws_siasun/install/duco_gcr3_618_moveit_config/share/duco_gcr3_618_moveit_config/hook/cmake_prefix_path.ps1'
[0.369s] INFO:colcon.colcon_core.shell:Creating environment descriptor '/home/user/ws_siasun/install/duco_gcr3_618_moveit_config/share/duco_gcr3_618_moveit_config/hook/cmake_prefix_path.dsv'
[0.369s] INFO:colcon.colcon_core.shell:Creating environment hook '/home/user/ws_siasun/install/duco_gcr3_618_moveit_config/share/duco_gcr3_618_moveit_config/hook/cmake_prefix_path.sh'
[0.370s] Level 1:colcon.colcon_core.environment:checking '/home/user/ws_siasun/install/duco_gcr3_618_moveit_config/bin'
[0.370s] Level 1:colcon.colcon_core.environment:checking '/home/user/ws_siasun/install/duco_gcr3_618_moveit_config/lib/pkgconfig/duco_gcr3_618_moveit_config.pc'
[0.370s] Level 1:colcon.colcon_core.environment:checking '/home/user/ws_siasun/install/duco_gcr3_618_moveit_config/lib/python3.10/site-packages'
[0.370s] Level 1:colcon.colcon_core.environment:checking '/home/user/ws_siasun/install/duco_gcr3_618_moveit_config/bin'
[0.371s] INFO:colcon.colcon_core.shell:Creating package script '/home/user/ws_siasun/install/duco_gcr3_618_moveit_config/share/duco_gcr3_618_moveit_config/package.ps1'
[0.371s] INFO:colcon.colcon_core.shell:Creating package descriptor '/home/user/ws_siasun/install/duco_gcr3_618_moveit_config/share/duco_gcr3_618_moveit_config/package.dsv'
[0.372s] INFO:colcon.colcon_core.shell:Creating package script '/home/user/ws_siasun/install/duco_gcr3_618_moveit_config/share/duco_gcr3_618_moveit_config/package.sh'
[0.372s] INFO:colcon.colcon_core.shell:Creating package script '/home/user/ws_siasun/install/duco_gcr3_618_moveit_config/share/duco_gcr3_618_moveit_config/package.bash'
[0.372s] INFO:colcon.colcon_core.shell:Creating package script '/home/user/ws_siasun/install/duco_gcr3_618_moveit_config/share/duco_gcr3_618_moveit_config/package.zsh'
[0.373s] Level 1:colcon.colcon_core.environment:create_file_with_runtime_dependencies(/home/user/ws_siasun/install/duco_gcr3_618_moveit_config/share/colcon-core/packages/duco_gcr3_618_moveit_config)
[0.455s] DEBUG:colcon.colcon_core.event_handler.log_command:Invoked command in '/home/user/ws_siasun/build/aivt_interfaces' returned '0': CMAKE_PREFIX_PATH=${CMAKE_PREFIX_PATH}:/opt/ros/humble /usr/bin/cmake --build /home/user/ws_siasun/build/aivt_interfaces -- -j16 -l16
[0.456s] DEBUG:colcon.colcon_core.event_handler.log_command:Invoking command in '/home/user/ws_siasun/build/aivt_interfaces': CMAKE_PREFIX_PATH=${CMAKE_PREFIX_PATH}:/opt/ros/humble /usr/bin/cmake --install /home/user/ws_siasun/build/aivt_interfaces
[0.493s] Level 1:colcon.colcon_core.environment:create_environment_scripts_only(aivt_interfaces)
[0.494s] Level 1:colcon.colcon_core.environment:checking '/home/user/ws_siasun/install/aivt_interfaces' for CMake module files
[0.496s] DEBUG:colcon.colcon_core.event_handler.log_command:Invoked command in '/home/user/ws_siasun/build/aivt_interfaces' returned '0': CMAKE_PREFIX_PATH=${CMAKE_PREFIX_PATH}:/opt/ros/humble /usr/bin/cmake --install /home/user/ws_siasun/build/aivt_interfaces
[0.496s] Level 1:colcon.colcon_core.environment:checking '/home/user/ws_siasun/install/aivt_interfaces' for CMake config files
[0.496s] Level 1:colcon.colcon_core.shell:create_environment_hook('aivt_interfaces', 'cmake_prefix_path')
[0.496s] INFO:colcon.colcon_core.shell:Creating environment hook '/home/user/ws_siasun/install/aivt_interfaces/share/aivt_interfaces/hook/cmake_prefix_path.ps1'
[0.497s] INFO:colcon.colcon_core.shell:Creating environment descriptor '/home/user/ws_siasun/install/aivt_interfaces/share/aivt_interfaces/hook/cmake_prefix_path.dsv'
[0.497s] INFO:colcon.colcon_core.shell:Creating environment hook '/home/user/ws_siasun/install/aivt_interfaces/share/aivt_interfaces/hook/cmake_prefix_path.sh'
[0.498s] Level 1:colcon.colcon_core.environment:checking '/home/user/ws_siasun/install/aivt_interfaces/lib'
[0.498s] Level 1:colcon.colcon_core.shell:create_environment_hook('aivt_interfaces', 'ld_library_path_lib')
[0.498s] INFO:colcon.colcon_core.shell:Creating environment hook '/home/user/ws_siasun/install/aivt_interfaces/share/aivt_interfaces/hook/ld_library_path_lib.ps1'
[0.499s] INFO:colcon.colcon_core.shell:Creating environment descriptor '/home/user/ws_siasun/install/aivt_interfaces/share/aivt_interfaces/hook/ld_library_path_lib.dsv'
[0.499s] INFO:colcon.colcon_core.shell:Creating environment hook '/home/user/ws_siasun/install/aivt_interfaces/share/aivt_interfaces/hook/ld_library_path_lib.sh'
[0.500s] Level 1:colcon.colcon_core.environment:checking '/home/user/ws_siasun/install/aivt_interfaces/bin'
[0.500s] Level 1:colcon.colcon_core.environment:checking '/home/user/ws_siasun/install/aivt_interfaces/lib/pkgconfig/aivt_interfaces.pc'
[0.500s] Level 1:colcon.colcon_core.environment:checking '/home/user/ws_siasun/install/aivt_interfaces/lib/python3.10/site-packages'
[0.500s] Level 1:colcon.colcon_core.environment:checking '/home/user/ws_siasun/install/aivt_interfaces/bin'
[0.500s] INFO:colcon.colcon_core.shell:Creating package script '/home/user/ws_siasun/install/aivt_interfaces/share/aivt_interfaces/package.ps1'
[0.501s] INFO:colcon.colcon_core.shell:Creating package descriptor '/home/user/ws_siasun/install/aivt_interfaces/share/aivt_interfaces/package.dsv'
[0.501s] INFO:colcon.colcon_core.shell:Creating package script '/home/user/ws_siasun/install/aivt_interfaces/share/aivt_interfaces/package.sh'
[0.501s] INFO:colcon.colcon_core.shell:Creating package script '/home/user/ws_siasun/install/aivt_interfaces/share/aivt_interfaces/package.bash'
[0.501s] INFO:colcon.colcon_core.shell:Creating package script '/home/user/ws_siasun/install/aivt_interfaces/share/aivt_interfaces/package.zsh'
[0.501s] Level 1:colcon.colcon_core.environment:create_file_with_runtime_dependencies(/home/user/ws_siasun/install/aivt_interfaces/share/colcon-core/packages/aivt_interfaces)
[0.502s] Level 1:colcon.colcon_core.environment:create_environment_scripts_only(aivt_interfaces)
[0.502s] Level 1:colcon.colcon_core.environment:checking '/home/user/ws_siasun/install/aivt_interfaces' for CMake module files
[0.502s] Level 1:colcon.colcon_core.environment:checking '/home/user/ws_siasun/install/aivt_interfaces' for CMake config files
[0.502s] Level 1:colcon.colcon_core.shell:create_environment_hook('aivt_interfaces', 'cmake_prefix_path')
[0.502s] INFO:colcon.colcon_core.shell:Creating environment hook '/home/user/ws_siasun/install/aivt_interfaces/share/aivt_interfaces/hook/cmake_prefix_path.ps1'
[0.503s] INFO:colcon.colcon_core.shell:Creating environment descriptor '/home/user/ws_siasun/install/aivt_interfaces/share/aivt_interfaces/hook/cmake_prefix_path.dsv'
[0.503s] INFO:colcon.colcon_core.shell:Creating environment hook '/home/user/ws_siasun/install/aivt_interfaces/share/aivt_interfaces/hook/cmake_prefix_path.sh'
[0.503s] Level 1:colcon.colcon_core.environment:checking '/home/user/ws_siasun/install/aivt_interfaces/lib'
[0.503s] Level 1:colcon.colcon_core.shell:create_environment_hook('aivt_interfaces', 'ld_library_path_lib')
[0.503s] INFO:colcon.colcon_core.shell:Creating environment hook '/home/user/ws_siasun/install/aivt_interfaces/share/aivt_interfaces/hook/ld_library_path_lib.ps1'
[0.504s] INFO:colcon.colcon_core.shell:Creating environment descriptor '/home/user/ws_siasun/install/aivt_interfaces/share/aivt_interfaces/hook/ld_library_path_lib.dsv'
[0.504s] INFO:colcon.colcon_core.shell:Creating environment hook '/home/user/ws_siasun/install/aivt_interfaces/share/aivt_interfaces/hook/ld_library_path_lib.sh'
[0.504s] Level 1:colcon.colcon_core.environment:checking '/home/user/ws_siasun/install/aivt_interfaces/bin'
[0.504s] Level 1:colcon.colcon_core.environment:checking '/home/user/ws_siasun/install/aivt_interfaces/lib/pkgconfig/aivt_interfaces.pc'
[0.504s] Level 1:colcon.colcon_core.environment:checking '/home/user/ws_siasun/install/aivt_interfaces/lib/python3.10/site-packages'
[0.504s] Level 1:colcon.colcon_core.environment:checking '/home/user/ws_siasun/install/aivt_interfaces/bin'
[0.504s] INFO:colcon.colcon_core.shell:Creating package script '/home/user/ws_siasun/install/aivt_interfaces/share/aivt_interfaces/package.ps1'
[0.505s] INFO:colcon.colcon_core.shell:Creating package descriptor '/home/user/ws_siasun/install/aivt_interfaces/share/aivt_interfaces/package.dsv'
[0.505s] INFO:colcon.colcon_core.shell:Creating package script '/home/user/ws_siasun/install/aivt_interfaces/share/aivt_interfaces/package.sh'
[0.505s] INFO:colcon.colcon_core.shell:Creating package script '/home/user/ws_siasun/install/aivt_interfaces/share/aivt_interfaces/package.bash'
[0.505s] INFO:colcon.colcon_core.shell:Creating package script '/home/user/ws_siasun/install/aivt_interfaces/share/aivt_interfaces/package.zsh'
[0.506s] Level 1:colcon.colcon_core.environment:create_file_with_runtime_dependencies(/home/user/ws_siasun/install/aivt_interfaces/share/colcon-core/packages/aivt_interfaces)
[0.507s] DEBUG:colcon.colcon_core.event_handler.log_command:Invoked command in '/home/user/ws_siasun/build/duco_msg' returned '0': CMAKE_PREFIX_PATH=${CMAKE_PREFIX_PATH}:/opt/ros/humble /usr/bin/cmake --build /home/user/ws_siasun/build/duco_msg -- -j16 -l16
[0.508s] DEBUG:colcon.colcon_core.event_handler.log_command:Invoking command in '/home/user/ws_siasun/build/duco_msg': CMAKE_PREFIX_PATH=${CMAKE_PREFIX_PATH}:/opt/ros/humble /usr/bin/cmake --install /home/user/ws_siasun/build/duco_msg
[0.554s] Level 1:colcon.colcon_core.environment:create_environment_scripts_only(duco_msg)
[0.554s] Level 1:colcon.colcon_core.environment:checking '/home/user/ws_siasun/install/duco_msg' for CMake module files
[0.556s] Level 1:colcon.colcon_core.environment:checking '/home/user/ws_siasun/install/duco_msg' for CMake config files
[0.557s] DEBUG:colcon.colcon_core.event_handler.log_command:Invoked command in '/home/user/ws_siasun/build/duco_msg' returned '0': CMAKE_PREFIX_PATH=${CMAKE_PREFIX_PATH}:/opt/ros/humble /usr/bin/cmake --install /home/user/ws_siasun/build/duco_msg
[0.557s] Level 1:colcon.colcon_core.shell:create_environment_hook('duco_msg', 'cmake_prefix_path')
[0.557s] INFO:colcon.colcon_core.shell:Creating environment hook '/home/user/ws_siasun/install/duco_msg/share/duco_msg/hook/cmake_prefix_path.ps1'
[0.558s] INFO:colcon.colcon_core.shell:Creating environment descriptor '/home/user/ws_siasun/install/duco_msg/share/duco_msg/hook/cmake_prefix_path.dsv'
[0.558s] INFO:colcon.colcon_core.shell:Creating environment hook '/home/user/ws_siasun/install/duco_msg/share/duco_msg/hook/cmake_prefix_path.sh'
[0.559s] Level 1:colcon.colcon_core.environment:checking '/home/user/ws_siasun/install/duco_msg/lib'
[0.559s] Level 1:colcon.colcon_core.shell:create_environment_hook('duco_msg', 'ld_library_path_lib')
[0.559s] INFO:colcon.colcon_core.shell:Creating environment hook '/home/user/ws_siasun/install/duco_msg/share/duco_msg/hook/ld_library_path_lib.ps1'
[0.559s] INFO:colcon.colcon_core.shell:Creating environment descriptor '/home/user/ws_siasun/install/duco_msg/share/duco_msg/hook/ld_library_path_lib.dsv'
[0.560s] INFO:colcon.colcon_core.shell:Creating environment hook '/home/user/ws_siasun/install/duco_msg/share/duco_msg/hook/ld_library_path_lib.sh'
[0.560s] Level 1:colcon.colcon_core.environment:checking '/home/user/ws_siasun/install/duco_msg/bin'
[0.560s] Level 1:colcon.colcon_core.environment:checking '/home/user/ws_siasun/install/duco_msg/lib/pkgconfig/duco_msg.pc'
[0.561s] Level 1:colcon.colcon_core.environment:checking '/home/user/ws_siasun/install/duco_msg/lib/python3.10/site-packages'
[0.561s] Level 1:colcon.colcon_core.environment:checking '/home/user/ws_siasun/install/duco_msg/bin'
[0.561s] INFO:colcon.colcon_core.shell:Creating package script '/home/user/ws_siasun/install/duco_msg/share/duco_msg/package.ps1'
[0.562s] INFO:colcon.colcon_core.shell:Creating package descriptor '/home/user/ws_siasun/install/duco_msg/share/duco_msg/package.dsv'
[0.562s] INFO:colcon.colcon_core.shell:Creating package script '/home/user/ws_siasun/install/duco_msg/share/duco_msg/package.sh'
[0.563s] INFO:colcon.colcon_core.shell:Creating package script '/home/user/ws_siasun/install/duco_msg/share/duco_msg/package.bash'
[0.563s] INFO:colcon.colcon_core.shell:Creating package script '/home/user/ws_siasun/install/duco_msg/share/duco_msg/package.zsh'
[0.563s] Level 1:colcon.colcon_core.environment:create_file_with_runtime_dependencies(/home/user/ws_siasun/install/duco_msg/share/colcon-core/packages/duco_msg)
[0.564s] Level 1:colcon.colcon_core.environment:create_environment_scripts_only(duco_msg)
[0.564s] Level 1:colcon.colcon_core.environment:checking '/home/user/ws_siasun/install/duco_msg' for CMake module files
[0.564s] Level 1:colcon.colcon_core.environment:checking '/home/user/ws_siasun/install/duco_msg' for CMake config files
[0.564s] Level 1:colcon.colcon_core.shell:create_environment_hook('duco_msg', 'cmake_prefix_path')
[0.565s] INFO:colcon.colcon_core.shell:Creating environment hook '/home/user/ws_siasun/install/duco_msg/share/duco_msg/hook/cmake_prefix_path.ps1'
[0.565s] INFO:colcon.colcon_core.shell:Creating environment descriptor '/home/user/ws_siasun/install/duco_msg/share/duco_msg/hook/cmake_prefix_path.dsv'
[0.565s] INFO:colcon.colcon_core.shell:Creating environment hook '/home/user/ws_siasun/install/duco_msg/share/duco_msg/hook/cmake_prefix_path.sh'
[0.565s] Level 1:colcon.colcon_core.environment:checking '/home/user/ws_siasun/install/duco_msg/lib'
[0.565s] Level 1:colcon.colcon_core.shell:create_environment_hook('duco_msg', 'ld_library_path_lib')
[0.566s] INFO:colcon.colcon_core.shell:Creating environment hook '/home/user/ws_siasun/install/duco_msg/share/duco_msg/hook/ld_library_path_lib.ps1'
[0.566s] INFO:colcon.colcon_core.shell:Creating environment descriptor '/home/user/ws_siasun/install/duco_msg/share/duco_msg/hook/ld_library_path_lib.dsv'
[0.566s] INFO:colcon.colcon_core.shell:Creating environment hook '/home/user/ws_siasun/install/duco_msg/share/duco_msg/hook/ld_library_path_lib.sh'
[0.566s] Level 1:colcon.colcon_core.environment:checking '/home/user/ws_siasun/install/duco_msg/bin'
[0.566s] Level 1:colcon.colcon_core.environment:checking '/home/user/ws_siasun/install/duco_msg/lib/pkgconfig/duco_msg.pc'
[0.566s] Level 1:colcon.colcon_core.environment:checking '/home/user/ws_siasun/install/duco_msg/lib/python3.10/site-packages'
[0.566s] Level 1:colcon.colcon_core.environment:checking '/home/user/ws_siasun/install/duco_msg/bin'
[0.567s] INFO:colcon.colcon_core.shell:Creating package script '/home/user/ws_siasun/install/duco_msg/share/duco_msg/package.ps1'
[0.567s] INFO:colcon.colcon_core.shell:Creating package descriptor '/home/user/ws_siasun/install/duco_msg/share/duco_msg/package.dsv'
[0.567s] INFO:colcon.colcon_core.shell:Creating package script '/home/user/ws_siasun/install/duco_msg/share/duco_msg/package.sh'
[0.568s] INFO:colcon.colcon_core.shell:Creating package script '/home/user/ws_siasun/install/duco_msg/share/duco_msg/package.bash'
[0.568s] INFO:colcon.colcon_core.shell:Creating package script '/home/user/ws_siasun/install/duco_msg/share/duco_msg/package.zsh'
[0.568s] Level 1:colcon.colcon_core.environment:create_file_with_runtime_dependencies(/home/user/ws_siasun/install/duco_msg/share/colcon-core/packages/duco_msg)
[0.568s] INFO:colcon.colcon_ros.task.ament_cmake.build:Building ROS package in '/home/user/ws_siasun/src/duco_ros_driver' with build type 'ament_cmake'
[0.568s] INFO:colcon.colcon_cmake.task.cmake.build:Building CMake package in '/home/user/ws_siasun/src/duco_ros_driver'
[0.569s] INFO:colcon.colcon_core.shell:Skip shell extension 'powershell' for command environment: Not usable outside of PowerShell
[0.569s] DEBUG:colcon.colcon_core.shell:Skip shell extension 'dsv' for command environment
[0.571s] INFO:colcon.colcon_ros.task.ament_cmake.build:Building ROS package in '/home/user/ws_siasun/src/robot_control' with build type 'ament_cmake'
[0.571s] INFO:colcon.colcon_cmake.task.cmake.build:Building CMake package in '/home/user/ws_siasun/src/robot_control'
[0.572s] INFO:colcon.colcon_core.shell:Skip shell extension 'powershell' for command environment: Not usable outside of PowerShell
[0.572s] DEBUG:colcon.colcon_core.shell:Skip shell extension 'dsv' for command environment
[0.579s] DEBUG:colcon.colcon_core.event_handler.log_command:Invoking command in '/home/user/ws_siasun/build/duco_ros_driver': CMAKE_PREFIX_PATH=/home/user/ws_siasun/install/duco_arms:/home/user/ws_siasun/install/duco_support:/home/user/ws_siasun/install/duco_msg:/home/user/ws_siasun/install/robot_control:/home/user/ws_siasun/install/aivt:/home/user/ws_siasun/install/duco_ros_driver:/home/user/ws_siasun/install/duco_gcr3_618_moveit_config:/home/user/ws_siasun/install/aivt_interfaces:/opt/ros/humble /usr/bin/cmake --build /home/user/ws_siasun/build/duco_ros_driver -- -j16 -l16
[0.582s] DEBUG:colcon.colcon_core.event_handler.log_command:Invoking command in '/home/user/ws_siasun/build/robot_control': CMAKE_PREFIX_PATH=/home/user/ws_siasun/install/duco_msg:/home/user/ws_siasun/install/robot_control:/home/user/ws_siasun/install/aivt:/home/user/ws_siasun/install/duco_ros_driver:/home/user/ws_siasun/install/duco_gcr3_618_moveit_config:/home/user/ws_siasun/install/duco_arms:/home/user/ws_siasun/install/duco_support:/home/user/ws_siasun/install/aivt_interfaces:/opt/ros/humble /usr/bin/cmake --build /home/user/ws_siasun/build/robot_control -- -j16 -l16
[0.639s] DEBUG:colcon.colcon_core.event_handler.log_command:Invoked command in '/home/user/ws_siasun/build/duco_ros_driver' returned '0': CMAKE_PREFIX_PATH=/home/user/ws_siasun/install/duco_arms:/home/user/ws_siasun/install/duco_support:/home/user/ws_siasun/install/duco_msg:/home/user/ws_siasun/install/robot_control:/home/user/ws_siasun/install/aivt:/home/user/ws_siasun/install/duco_ros_driver:/home/user/ws_siasun/install/duco_gcr3_618_moveit_config:/home/user/ws_siasun/install/aivt_interfaces:/opt/ros/humble /usr/bin/cmake --build /home/user/ws_siasun/build/duco_ros_driver -- -j16 -l16
[0.640s] DEBUG:colcon.colcon_core.event_handler.log_command:Invoking command in '/home/user/ws_siasun/build/duco_ros_driver': CMAKE_PREFIX_PATH=/home/user/ws_siasun/install/duco_arms:/home/user/ws_siasun/install/duco_support:/home/user/ws_siasun/install/duco_msg:/home/user/ws_siasun/install/robot_control:/home/user/ws_siasun/install/aivt:/home/user/ws_siasun/install/duco_ros_driver:/home/user/ws_siasun/install/duco_gcr3_618_moveit_config:/home/user/ws_siasun/install/aivt_interfaces:/opt/ros/humble /usr/bin/cmake --install /home/user/ws_siasun/build/duco_ros_driver
[0.643s] DEBUG:colcon.colcon_core.event_handler.log_command:Invoked command in '/home/user/ws_siasun/build/robot_control' returned '0': CMAKE_PREFIX_PATH=/home/user/ws_siasun/install/duco_msg:/home/user/ws_siasun/install/robot_control:/home/user/ws_siasun/install/aivt:/home/user/ws_siasun/install/duco_ros_driver:/home/user/ws_siasun/install/duco_gcr3_618_moveit_config:/home/user/ws_siasun/install/duco_arms:/home/user/ws_siasun/install/duco_support:/home/user/ws_siasun/install/aivt_interfaces:/opt/ros/humble /usr/bin/cmake --build /home/user/ws_siasun/build/robot_control -- -j16 -l16
[0.646s] DEBUG:colcon.colcon_core.event_handler.log_command:Invoking command in '/home/user/ws_siasun/build/robot_control': CMAKE_PREFIX_PATH=/home/user/ws_siasun/install/duco_msg:/home/user/ws_siasun/install/robot_control:/home/user/ws_siasun/install/aivt:/home/user/ws_siasun/install/duco_ros_driver:/home/user/ws_siasun/install/duco_gcr3_618_moveit_config:/home/user/ws_siasun/install/duco_arms:/home/user/ws_siasun/install/duco_support:/home/user/ws_siasun/install/aivt_interfaces:/opt/ros/humble /usr/bin/cmake --install /home/user/ws_siasun/build/robot_control
[0.650s] Level 1:colcon.colcon_core.environment:create_environment_scripts_only(duco_ros_driver)
[0.651s] Level 1:colcon.colcon_core.environment:checking '/home/user/ws_siasun/install/duco_ros_driver' for CMake module files
[0.651s] DEBUG:colcon.colcon_core.event_handler.log_command:Invoked command in '/home/user/ws_siasun/build/duco_ros_driver' returned '0': CMAKE_PREFIX_PATH=/home/user/ws_siasun/install/duco_arms:/home/user/ws_siasun/install/duco_support:/home/user/ws_siasun/install/duco_msg:/home/user/ws_siasun/install/robot_control:/home/user/ws_siasun/install/aivt:/home/user/ws_siasun/install/duco_ros_driver:/home/user/ws_siasun/install/duco_gcr3_618_moveit_config:/home/user/ws_siasun/install/aivt_interfaces:/opt/ros/humble /usr/bin/cmake --install /home/user/ws_siasun/build/duco_ros_driver
[0.651s] Level 1:colcon.colcon_core.environment:checking '/home/user/ws_siasun/install/duco_ros_driver' for CMake config files
[0.652s] Level 1:colcon.colcon_core.shell:create_environment_hook('duco_ros_driver', 'cmake_prefix_path')
[0.652s] INFO:colcon.colcon_core.shell:Creating environment hook '/home/user/ws_siasun/install/duco_ros_driver/share/duco_ros_driver/hook/cmake_prefix_path.ps1'
[0.652s] INFO:colcon.colcon_core.shell:Creating environment descriptor '/home/user/ws_siasun/install/duco_ros_driver/share/duco_ros_driver/hook/cmake_prefix_path.dsv'
[0.654s] INFO:colcon.colcon_core.shell:Creating environment hook '/home/user/ws_siasun/install/duco_ros_driver/share/duco_ros_driver/hook/cmake_prefix_path.sh'
[0.654s] Level 1:colcon.colcon_core.environment:checking '/home/user/ws_siasun/install/duco_ros_driver/lib'
[0.655s] Level 1:colcon.colcon_core.environment:checking '/home/user/ws_siasun/install/duco_ros_driver/bin'
[0.655s] Level 1:colcon.colcon_core.environment:checking '/home/user/ws_siasun/install/duco_ros_driver/lib/pkgconfig/duco_ros_driver.pc'
[0.655s] Level 1:colcon.colcon_core.environment:checking '/home/user/ws_siasun/install/duco_ros_driver/lib/python3.10/site-packages'
[0.655s] Level 1:colcon.colcon_core.environment:checking '/home/user/ws_siasun/install/duco_ros_driver/bin'
[0.655s] INFO:colcon.colcon_core.shell:Creating package script '/home/user/ws_siasun/install/duco_ros_driver/share/duco_ros_driver/package.ps1'
[0.656s] INFO:colcon.colcon_core.shell:Creating package descriptor '/home/user/ws_siasun/install/duco_ros_driver/share/duco_ros_driver/package.dsv'
[0.656s] INFO:colcon.colcon_core.shell:Creating package script '/home/user/ws_siasun/install/duco_ros_driver/share/duco_ros_driver/package.sh'
[0.657s] INFO:colcon.colcon_core.shell:Creating package script '/home/user/ws_siasun/install/duco_ros_driver/share/duco_ros_driver/package.bash'
[0.657s] INFO:colcon.colcon_core.shell:Creating package script '/home/user/ws_siasun/install/duco_ros_driver/share/duco_ros_driver/package.zsh'
[0.657s] Level 1:colcon.colcon_core.environment:create_file_with_runtime_dependencies(/home/user/ws_siasun/install/duco_ros_driver/share/colcon-core/packages/duco_ros_driver)
[0.658s] Level 1:colcon.colcon_core.environment:create_environment_scripts_only(duco_ros_driver)
[0.658s] Level 1:colcon.colcon_core.environment:checking '/home/user/ws_siasun/install/duco_ros_driver' for CMake module files
[0.659s] Level 1:colcon.colcon_core.environment:checking '/home/user/ws_siasun/install/duco_ros_driver' for CMake config files
[0.659s] Level 1:colcon.colcon_core.shell:create_environment_hook('duco_ros_driver', 'cmake_prefix_path')
[0.659s] INFO:colcon.colcon_core.shell:Creating environment hook '/home/user/ws_siasun/install/duco_ros_driver/share/duco_ros_driver/hook/cmake_prefix_path.ps1'
[0.659s] INFO:colcon.colcon_core.shell:Creating environment descriptor '/home/user/ws_siasun/install/duco_ros_driver/share/duco_ros_driver/hook/cmake_prefix_path.dsv'
[0.660s] INFO:colcon.colcon_core.shell:Creating environment hook '/home/user/ws_siasun/install/duco_ros_driver/share/duco_ros_driver/hook/cmake_prefix_path.sh'
[0.660s] Level 1:colcon.colcon_core.environment:checking '/home/user/ws_siasun/install/duco_ros_driver/lib'
[0.660s] Level 1:colcon.colcon_core.environment:checking '/home/user/ws_siasun/install/duco_ros_driver/bin'
[0.660s] Level 1:colcon.colcon_core.environment:checking '/home/user/ws_siasun/install/duco_ros_driver/lib/pkgconfig/duco_ros_driver.pc'
[0.661s] Level 1:colcon.colcon_core.environment:checking '/home/user/ws_siasun/install/duco_ros_driver/lib/python3.10/site-packages'
[0.661s] Level 1:colcon.colcon_core.environment:checking '/home/user/ws_siasun/install/duco_ros_driver/bin'
[0.661s] INFO:colcon.colcon_core.shell:Creating package script '/home/user/ws_siasun/install/duco_ros_driver/share/duco_ros_driver/package.ps1'
[0.661s] INFO:colcon.colcon_core.shell:Creating package descriptor '/home/user/ws_siasun/install/duco_ros_driver/share/duco_ros_driver/package.dsv'
[0.662s] INFO:colcon.colcon_core.shell:Creating package script '/home/user/ws_siasun/install/duco_ros_driver/share/duco_ros_driver/package.sh'
[0.662s] INFO:colcon.colcon_core.shell:Creating package script '/home/user/ws_siasun/install/duco_ros_driver/share/duco_ros_driver/package.bash'
[0.662s] INFO:colcon.colcon_core.shell:Creating package script '/home/user/ws_siasun/install/duco_ros_driver/share/duco_ros_driver/package.zsh'
[0.663s] Level 1:colcon.colcon_core.environment:create_file_with_runtime_dependencies(/home/user/ws_siasun/install/duco_ros_driver/share/colcon-core/packages/duco_ros_driver)
[0.663s] INFO:colcon.colcon_ros.task.ament_cmake.build:Building ROS package in '/home/user/ws_siasun/src/aivt' with build type 'ament_cmake'
[0.663s] INFO:colcon.colcon_cmake.task.cmake.build:Building CMake package in '/home/user/ws_siasun/src/aivt'
[0.663s] INFO:colcon.colcon_core.shell:Skip shell extension 'powershell' for command environment: Not usable outside of PowerShell
[0.663s] DEBUG:colcon.colcon_core.shell:Skip shell extension 'dsv' for command environment
[0.666s] Level 1:colcon.colcon_core.environment:create_environment_scripts_only(robot_control)
[0.667s] Level 1:colcon.colcon_core.environment:checking '/home/user/ws_siasun/install/robot_control' for CMake module files
[0.667s] DEBUG:colcon.colcon_core.event_handler.log_command:Invoked command in '/home/user/ws_siasun/build/robot_control' returned '0': CMAKE_PREFIX_PATH=/home/user/ws_siasun/install/duco_msg:/home/user/ws_siasun/install/robot_control:/home/user/ws_siasun/install/aivt:/home/user/ws_siasun/install/duco_ros_driver:/home/user/ws_siasun/install/duco_gcr3_618_moveit_config:/home/user/ws_siasun/install/duco_arms:/home/user/ws_siasun/install/duco_support:/home/user/ws_siasun/install/aivt_interfaces:/opt/ros/humble /usr/bin/cmake --install /home/user/ws_siasun/build/robot_control
[0.667s] Level 1:colcon.colcon_core.environment:checking '/home/user/ws_siasun/install/robot_control' for CMake config files
[0.667s] Level 1:colcon.colcon_core.shell:create_environment_hook('robot_control', 'cmake_prefix_path')
[0.668s] INFO:colcon.colcon_core.shell:Creating environment hook '/home/user/ws_siasun/install/robot_control/share/robot_control/hook/cmake_prefix_path.ps1'
[0.668s] INFO:colcon.colcon_core.shell:Creating environment descriptor '/home/user/ws_siasun/install/robot_control/share/robot_control/hook/cmake_prefix_path.dsv'
[0.668s] INFO:colcon.colcon_core.shell:Creating environment hook '/home/user/ws_siasun/install/robot_control/share/robot_control/hook/cmake_prefix_path.sh'
[0.668s] Level 1:colcon.colcon_core.environment:checking '/home/user/ws_siasun/install/robot_control/lib'
[0.668s] Level 1:colcon.colcon_core.environment:checking '/home/user/ws_siasun/install/robot_control/bin'
[0.668s] Level 1:colcon.colcon_core.environment:checking '/home/user/ws_siasun/install/robot_control/lib/pkgconfig/robot_control.pc'
[0.669s] Level 1:colcon.colcon_core.environment:checking '/home/user/ws_siasun/install/robot_control/lib/python3.10/site-packages'
[0.669s] Level 1:colcon.colcon_core.environment:checking '/home/user/ws_siasun/install/robot_control/bin'
[0.669s] INFO:colcon.colcon_core.shell:Creating package script '/home/user/ws_siasun/install/robot_control/share/robot_control/package.ps1'
[0.669s] INFO:colcon.colcon_core.shell:Creating package descriptor '/home/user/ws_siasun/install/robot_control/share/robot_control/package.dsv'
[0.669s] INFO:colcon.colcon_core.shell:Creating package script '/home/user/ws_siasun/install/robot_control/share/robot_control/package.sh'
[0.670s] INFO:colcon.colcon_core.shell:Creating package script '/home/user/ws_siasun/install/robot_control/share/robot_control/package.bash'
[0.670s] INFO:colcon.colcon_core.shell:Creating package script '/home/user/ws_siasun/install/robot_control/share/robot_control/package.zsh'
[0.670s] Level 1:colcon.colcon_core.environment:create_file_with_runtime_dependencies(/home/user/ws_siasun/install/robot_control/share/colcon-core/packages/robot_control)
[0.670s] Level 1:colcon.colcon_core.environment:create_environment_scripts_only(robot_control)
[0.671s] Level 1:colcon.colcon_core.environment:checking '/home/user/ws_siasun/install/robot_control' for CMake module files
[0.671s] Level 1:colcon.colcon_core.environment:checking '/home/user/ws_siasun/install/robot_control' for CMake config files
[0.671s] Level 1:colcon.colcon_core.shell:create_environment_hook('robot_control', 'cmake_prefix_path')
[0.671s] INFO:colcon.colcon_core.shell:Creating environment hook '/home/user/ws_siasun/install/robot_control/share/robot_control/hook/cmake_prefix_path.ps1'
[0.672s] INFO:colcon.colcon_core.shell:Creating environment descriptor '/home/user/ws_siasun/install/robot_control/share/robot_control/hook/cmake_prefix_path.dsv'
[0.672s] INFO:colcon.colcon_core.shell:Creating environment hook '/home/user/ws_siasun/install/robot_control/share/robot_control/hook/cmake_prefix_path.sh'
[0.672s] Level 1:colcon.colcon_core.environment:checking '/home/user/ws_siasun/install/robot_control/lib'
[0.672s] Level 1:colcon.colcon_core.environment:checking '/home/user/ws_siasun/install/robot_control/bin'
[0.672s] Level 1:colcon.colcon_core.environment:checking '/home/user/ws_siasun/install/robot_control/lib/pkgconfig/robot_control.pc'
[0.672s] Level 1:colcon.colcon_core.environment:checking '/home/user/ws_siasun/install/robot_control/lib/python3.10/site-packages'
[0.672s] Level 1:colcon.colcon_core.environment:checking '/home/user/ws_siasun/install/robot_control/bin'
[0.673s] INFO:colcon.colcon_core.shell:Creating package script '/home/user/ws_siasun/install/robot_control/share/robot_control/package.ps1'
[0.673s] INFO:colcon.colcon_core.shell:Creating package descriptor '/home/user/ws_siasun/install/robot_control/share/robot_control/package.dsv'
[0.673s] INFO:colcon.colcon_core.shell:Creating package script '/home/user/ws_siasun/install/robot_control/share/robot_control/package.sh'
[0.673s] INFO:colcon.colcon_core.shell:Creating package script '/home/user/ws_siasun/install/robot_control/share/robot_control/package.bash'
[0.674s] INFO:colcon.colcon_core.shell:Creating package script '/home/user/ws_siasun/install/robot_control/share/robot_control/package.zsh'
[0.674s] Level 1:colcon.colcon_core.environment:create_file_with_runtime_dependencies(/home/user/ws_siasun/install/robot_control/share/colcon-core/packages/robot_control)
[0.677s] DEBUG:colcon.colcon_core.event_handler.log_command:Invoking command in '/home/user/ws_siasun/build/aivt': CMAKE_PREFIX_PATH=/home/user/ws_siasun/install/duco_ros_driver:/home/user/ws_siasun/install/duco_arms:/home/user/ws_siasun/install/duco_support:/home/user/ws_siasun/install/duco_msg:/home/user/ws_siasun/install/aivt_interfaces:/home/user/ws_siasun/install/robot_control:/home/user/ws_siasun/install/aivt:/home/user/ws_siasun/install/duco_gcr3_618_moveit_config:/opt/ros/humble /usr/bin/cmake --build /home/user/ws_siasun/build/aivt -- -j16 -l16
[1.584s] DEBUG:colcon.colcon_core.event_handler.log_command:Invoked command in '/home/user/ws_siasun/build/aivt' returned '2': CMAKE_PREFIX_PATH=/home/user/ws_siasun/install/duco_ros_driver:/home/user/ws_siasun/install/duco_arms:/home/user/ws_siasun/install/duco_support:/home/user/ws_siasun/install/duco_msg:/home/user/ws_siasun/install/aivt_interfaces:/home/user/ws_siasun/install/robot_control:/home/user/ws_siasun/install/aivt:/home/user/ws_siasun/install/duco_gcr3_618_moveit_config:/opt/ros/humble /usr/bin/cmake --build /home/user/ws_siasun/build/aivt -- -j16 -l16
[1.585s] Level 1:colcon.colcon_core.environment:create_environment_scripts_only(aivt)
[1.585s] Level 1:colcon.colcon_core.environment:checking '/home/user/ws_siasun/install/aivt' for CMake module files
[1.585s] Level 1:colcon.colcon_core.environment:checking '/home/user/ws_siasun/install/aivt' for CMake config files
[1.586s] Level 1:colcon.colcon_core.shell:create_environment_hook('aivt', 'cmake_prefix_path')
[1.586s] INFO:colcon.colcon_core.shell:Creating environment hook '/home/user/ws_siasun/install/aivt/share/aivt/hook/cmake_prefix_path.ps1'
[1.586s] INFO:colcon.colcon_core.shell:Creating environment descriptor '/home/user/ws_siasun/install/aivt/share/aivt/hook/cmake_prefix_path.dsv'
[1.587s] INFO:colcon.colcon_core.shell:Creating environment hook '/home/user/ws_siasun/install/aivt/share/aivt/hook/cmake_prefix_path.sh'
[1.587s] Level 1:colcon.colcon_core.environment:checking '/home/user/ws_siasun/install/aivt/lib'
[1.587s] Level 1:colcon.colcon_core.environment:checking '/home/user/ws_siasun/install/aivt/bin'
[1.587s] Level 1:colcon.colcon_core.environment:checking '/home/user/ws_siasun/install/aivt/lib/pkgconfig/aivt.pc'
[1.587s] Level 1:colcon.colcon_core.environment:checking '/home/user/ws_siasun/install/aivt/lib/python3.10/site-packages'
[1.588s] Level 1:colcon.colcon_core.environment:checking '/home/user/ws_siasun/install/aivt/bin'
[1.588s] INFO:colcon.colcon_core.shell:Creating package script '/home/user/ws_siasun/install/aivt/share/aivt/package.ps1'
[1.588s] INFO:colcon.colcon_core.shell:Creating package descriptor '/home/user/ws_siasun/install/aivt/share/aivt/package.dsv'
[1.589s] INFO:colcon.colcon_core.shell:Creating package script '/home/user/ws_siasun/install/aivt/share/aivt/package.sh'
[1.589s] INFO:colcon.colcon_core.shell:Creating package script '/home/user/ws_siasun/install/aivt/share/aivt/package.bash'
[1.590s] INFO:colcon.colcon_core.shell:Creating package script '/home/user/ws_siasun/install/aivt/share/aivt/package.zsh'
[1.590s] Level 1:colcon.colcon_core.environment:create_file_with_runtime_dependencies(/home/user/ws_siasun/install/aivt/share/colcon-core/packages/aivt)
[1.600s] DEBUG:colcon.colcon_parallel_executor.executor.parallel:closing loop
[1.601s] DEBUG:colcon.colcon_parallel_executor.executor.parallel:loop closed
[1.601s] DEBUG:colcon.colcon_parallel_executor.executor.parallel:run_until_complete finished with '2'
[1.601s] DEBUG:colcon.colcon_core.event_reactor:joining thread
[1.605s] INFO:colcon.colcon_core.plugin_system:Skipping extension 'colcon_notification.desktop_notification.terminal_notifier': Not used on non-Darwin systems
[1.605s] INFO:colcon.colcon_core.plugin_system:Skipping extension 'colcon_notification.desktop_notification.win32': Not used on non-Windows systems
[1.605s] INFO:colcon.colcon_notification.desktop_notification:Sending desktop notification using 'notify2'
[1.614s] DEBUG:colcon.colcon_core.event_reactor:joined thread
[1.614s] INFO:colcon.colcon_core.shell:Creating prefix script '/home/user/ws_siasun/install/local_setup.ps1'
[1.615s] INFO:colcon.colcon_core.shell:Creating prefix util module '/home/user/ws_siasun/install/_local_setup_util_ps1.py'
[1.616s] INFO:colcon.colcon_core.shell:Creating prefix chain script '/home/user/ws_siasun/install/setup.ps1'
[1.617s] INFO:colcon.colcon_core.shell:Creating prefix script '/home/user/ws_siasun/install/local_setup.sh'
[1.617s] INFO:colcon.colcon_core.shell:Creating prefix util module '/home/user/ws_siasun/install/_local_setup_util_sh.py'
[1.618s] INFO:colcon.colcon_core.shell:Creating prefix chain script '/home/user/ws_siasun/install/setup.sh'
[1.618s] INFO:colcon.colcon_core.shell:Creating prefix script '/home/user/ws_siasun/install/local_setup.bash'
[1.619s] INFO:colcon.colcon_core.shell:Creating prefix chain script '/home/user/ws_siasun/install/setup.bash'
[1.619s] INFO:colcon.colcon_core.shell:Creating prefix script '/home/user/ws_siasun/install/local_setup.zsh'
[1.620s] INFO:colcon.colcon_core.shell:Creating prefix chain script '/home/user/ws_siasun/install/setup.zsh'
