-- The C compiler identification is GNU 11.4.0
-- The CXX compiler identification is GNU 11.4.0
-- Detecting C compiler ABI info
-- Detecting C compiler ABI info - done
-- Check for working C compiler: /usr/bin/cc - skipped
-- Detecting C compile features
-- Detecting C compile features - done
-- Detecting CXX compiler ABI info
-- Detecting CXX compiler ABI info - done
-- Check for working CXX compiler: /usr/bin/c++ - skipped
-- Detecting CXX compile features
-- Detecting CXX compile features - done
-- Found ament_cmake: 1.3.11 (/opt/ros/humble/share/ament_cmake/cmake)
-- Found Python3: /usr/bin/python3 (found version "3.10.12") found components: Interpreter 
-- Found ament_lint_auto: 0.12.11 (/opt/ros/humble/share/ament_lint_auto/cmake)
-- Found geometry_msgs: 4.2.4 (/opt/ros/humble/share/geometry_msgs/cmake)
-- Found rosidl_generator_c: 3.1.6 (/opt/ros/humble/share/rosidl_generator_c/cmake)
-- Found rosidl_adapter: 3.1.6 (/opt/ros/humble/share/rosidl_adapter/cmake)
-- Found rosidl_generator_cpp: 3.1.6 (/opt/ros/humble/share/rosidl_generator_cpp/cmake)
-- Using all available rosidl_typesupport_c: rosidl_typesupport_fastrtps_c;rosidl_typesupport_introspection_c
-- Using all available rosidl_typesupport_cpp: rosidl_typesupport_fastrtps_cpp;rosidl_typesupport_introspection_cpp
-- Found sensor_msgs: 4.2.4 (/opt/ros/humble/share/sensor_msgs/cmake)
-- Found rosidl_default_generators: 1.2.0 (/opt/ros/humble/share/rosidl_default_generators/cmake)
-- Found ament_cmake_ros: 0.10.0 (/opt/ros/humble/share/ament_cmake_ros/cmake)
-- Using all available rosidl_typesupport_c: rosidl_typesupport_fastrtps_c;rosidl_typesupport_introspection_c
-- Using all available rosidl_typesupport_cpp: rosidl_typesupport_fastrtps_cpp;rosidl_typesupport_introspection_cpp
-- Found PythonInterp: /usr/bin/python3 (found suitable version "3.10.12", minimum required is "3.6") 
-- Found python_cmake_module: 0.10.0 (/opt/ros/humble/share/python_cmake_module/cmake)
-- Found PythonLibs: /usr/lib/x86_64-linux-gnu/libpython3.10.so (found suitable version "3.10.12", minimum required is "3.5") 
-- Using PYTHON_EXECUTABLE: /usr/bin/python3
-- Using PYTHON_INCLUDE_DIRS: /usr/include/python3.10
-- Using PYTHON_LIBRARIES: /usr/lib/x86_64-linux-gnu/libpython3.10.so
-- Found PythonExtra: .so  
-- Added test 'lint_cmake' to check CMake code style
-- Added test 'xmllint' to check XML markup files
-- Configuring done
-- Generating done
-- Build files have been written to: /home/user/ws_siasun/build/duco_msg
[  1%] [34m[1mGenerating C code for ROS interfaces[0m
[  1%] [34m[1mGenerating C++ code for ROS interfaces[0m
[  1%] Built target ament_cmake_python_copy_duco_msg
running egg_info
creating duco_msg.egg-info
writing duco_msg.egg-info/PKG-INFO
writing dependency_links to duco_msg.egg-info/dependency_links.txt
writing top-level names to duco_msg.egg-info/top_level.txt
writing manifest file 'duco_msg.egg-info/SOURCES.txt'
reading manifest file 'duco_msg.egg-info/SOURCES.txt'
writing manifest file 'duco_msg.egg-info/SOURCES.txt'
[  1%] Built target ament_cmake_python_build_duco_msg_egg
[  2%] [32mBuilding C object CMakeFiles/duco_msg__rosidl_generator_c.dir/rosidl_generator_c/duco_msg/srv/detail/duco_robot_states__functions.c.o[0m
[  3%] [32mBuilding C object CMakeFiles/duco_msg__rosidl_generator_c.dir/rosidl_generator_c/duco_msg/srv/detail/pose_estimation__functions.c.o[0m
[  5%] [32mBuilding C object CMakeFiles/duco_msg__rosidl_generator_c.dir/rosidl_generator_c/duco_msg/msg/detail/duco_robot_state__functions.c.o[0m
[  5%] [32mBuilding C object CMakeFiles/duco_msg__rosidl_generator_c.dir/rosidl_generator_c/duco_msg/msg/detail/virtual_servo_pose__functions.c.o[0m
[  5%] [32mBuilding C object CMakeFiles/duco_msg__rosidl_generator_c.dir/rosidl_generator_c/duco_msg/srv/detail/robot_io_control__functions.c.o[0m
[  8%] [32mBuilding C object CMakeFiles/duco_msg__rosidl_generator_c.dir/rosidl_generator_c/duco_msg/srv/detail/robot_control__functions.c.o[0m
[  8%] [32mBuilding C object CMakeFiles/duco_msg__rosidl_generator_c.dir/rosidl_generator_c/duco_msg/srv/detail/speech__functions.c.o[0m
[  8%] [32mBuilding C object CMakeFiles/duco_msg__rosidl_generator_c.dir/rosidl_generator_c/duco_msg/srv/detail/robot_move__functions.c.o[0m
[  9%] [32mBuilding C object CMakeFiles/duco_msg__rosidl_generator_c.dir/rosidl_generator_c/duco_msg/srv/detail/grippers__functions.c.o[0m
[ 10%] [32mBuilding C object CMakeFiles/duco_msg__rosidl_generator_c.dir/rosidl_generator_c/duco_msg/msg/detail/virtual_servo_point_cloud__functions.c.o[0m
[ 11%] [32mBuilding C object CMakeFiles/duco_msg__rosidl_generator_c.dir/rosidl_generator_c/duco_msg/srv/detail/robot_task_state_rquest__functions.c.o[0m
[ 12%] [32m[1mLinking C shared library libduco_msg__rosidl_generator_c.so[0m
[ 12%] Built target duco_msg__cpp
[ 13%] [34m[1mGenerating C++ type support dispatch for ROS interfaces[0m
[ 13%] [34m[1mGenerating C++ type support for eProsima Fast-RTPS[0m
[ 14%] [34m[1mGenerating C++ introspection for ROS interfaces[0m
[ 14%] Built target duco_msg__rosidl_generator_c
[ 15%] [34m[1mGenerating C type support dispatch for ROS interfaces[0m
[ 17%] [34m[1mGenerating C type support for eProsima Fast-RTPS[0m
[ 17%] [34m[1mGenerating C introspection for ROS interfaces[0m
[ 18%] [32mBuilding CXX object CMakeFiles/duco_msg__rosidl_typesupport_cpp.dir/rosidl_typesupport_cpp/duco_msg/msg/virtual_servo_pose__type_support.cpp.o[0m
[ 20%] [32mBuilding CXX object CMakeFiles/duco_msg__rosidl_typesupport_cpp.dir/rosidl_typesupport_cpp/duco_msg/msg/duco_robot_state__type_support.cpp.o[0m
[ 20%] [32mBuilding CXX object CMakeFiles/duco_msg__rosidl_typesupport_cpp.dir/rosidl_typesupport_cpp/duco_msg/msg/virtual_servo_point_cloud__type_support.cpp.o[0m
[ 22%] [32mBuilding CXX object CMakeFiles/duco_msg__rosidl_typesupport_cpp.dir/rosidl_typesupport_cpp/duco_msg/srv/duco_robot_states__type_support.cpp.o[0m
[ 22%] [32mBuilding CXX object CMakeFiles/duco_msg__rosidl_typesupport_cpp.dir/rosidl_typesupport_cpp/duco_msg/srv/robot_control__type_support.cpp.o[0m
[ 23%] [32mBuilding CXX object CMakeFiles/duco_msg__rosidl_typesupport_cpp.dir/rosidl_typesupport_cpp/duco_msg/srv/pose_estimation__type_support.cpp.o[0m
[ 25%] [32mBuilding CXX object CMakeFiles/duco_msg__rosidl_typesupport_cpp.dir/rosidl_typesupport_cpp/duco_msg/srv/robot_task_state_rquest__type_support.cpp.o[0m
[ 25%] [32mBuilding CXX object CMakeFiles/duco_msg__rosidl_typesupport_cpp.dir/rosidl_typesupport_cpp/duco_msg/srv/robot_move__type_support.cpp.o[0m
[ 25%] [32mBuilding CXX object CMakeFiles/duco_msg__rosidl_typesupport_cpp.dir/rosidl_typesupport_cpp/duco_msg/srv/robot_io_control__type_support.cpp.o[0m
[ 26%] [32mBuilding CXX object CMakeFiles/duco_msg__rosidl_typesupport_cpp.dir/rosidl_typesupport_cpp/duco_msg/srv/speech__type_support.cpp.o[0m
[ 27%] [32mBuilding CXX object CMakeFiles/duco_msg__rosidl_typesupport_cpp.dir/rosidl_typesupport_cpp/duco_msg/srv/grippers__type_support.cpp.o[0m
[ 28%] [32mBuilding CXX object CMakeFiles/duco_msg__rosidl_typesupport_c.dir/rosidl_typesupport_c/duco_msg/msg/duco_robot_state__type_support.cpp.o[0m
[ 29%] [32mBuilding CXX object CMakeFiles/duco_msg__rosidl_typesupport_c.dir/rosidl_typesupport_c/duco_msg/msg/virtual_servo_point_cloud__type_support.cpp.o[0m
[ 29%] [32mBuilding CXX object CMakeFiles/duco_msg__rosidl_typesupport_c.dir/rosidl_typesupport_c/duco_msg/msg/virtual_servo_pose__type_support.cpp.o[0m
[ 30%] [32mBuilding CXX object CMakeFiles/duco_msg__rosidl_typesupport_c.dir/rosidl_typesupport_c/duco_msg/srv/duco_robot_states__type_support.cpp.o[0m
[ 31%] [32mBuilding CXX object CMakeFiles/duco_msg__rosidl_typesupport_c.dir/rosidl_typesupport_c/duco_msg/srv/pose_estimation__type_support.cpp.o[0m
[ 32%] [32mBuilding CXX object CMakeFiles/duco_msg__rosidl_typesupport_c.dir/rosidl_typesupport_c/duco_msg/srv/robot_control__type_support.cpp.o[0m
[ 33%] [32mBuilding CXX object CMakeFiles/duco_msg__rosidl_typesupport_c.dir/rosidl_typesupport_c/duco_msg/srv/robot_move__type_support.cpp.o[0m
[ 34%] [32mBuilding CXX object CMakeFiles/duco_msg__rosidl_typesupport_c.dir/rosidl_typesupport_c/duco_msg/srv/robot_io_control__type_support.cpp.o[0m
[ 35%] [32mBuilding CXX object CMakeFiles/duco_msg__rosidl_typesupport_c.dir/rosidl_typesupport_c/duco_msg/srv/robot_task_state_rquest__type_support.cpp.o[0m
[ 36%] [32mBuilding CXX object CMakeFiles/duco_msg__rosidl_typesupport_fastrtps_cpp.dir/rosidl_typesupport_fastrtps_cpp/duco_msg/msg/detail/dds_fastrtps/duco_robot_state__type_support.cpp.o[0m
[ 37%] [32mBuilding CXX object CMakeFiles/duco_msg__rosidl_typesupport_c.dir/rosidl_typesupport_c/duco_msg/srv/speech__type_support.cpp.o[0m
[ 38%] [32mBuilding CXX object CMakeFiles/duco_msg__rosidl_typesupport_c.dir/rosidl_typesupport_c/duco_msg/srv/grippers__type_support.cpp.o[0m
[ 39%] [32mBuilding CXX object CMakeFiles/duco_msg__rosidl_typesupport_fastrtps_cpp.dir/rosidl_typesupport_fastrtps_cpp/duco_msg/msg/detail/dds_fastrtps/virtual_servo_point_cloud__type_support.cpp.o[0m
[ 40%] [32mBuilding CXX object CMakeFiles/duco_msg__rosidl_typesupport_fastrtps_cpp.dir/rosidl_typesupport_fastrtps_cpp/duco_msg/msg/detail/dds_fastrtps/virtual_servo_pose__type_support.cpp.o[0m
[ 41%] [32mBuilding CXX object CMakeFiles/duco_msg__rosidl_typesupport_fastrtps_cpp.dir/rosidl_typesupport_fastrtps_cpp/duco_msg/srv/detail/dds_fastrtps/duco_robot_states__type_support.cpp.o[0m
[ 42%] [32mBuilding CXX object CMakeFiles/duco_msg__rosidl_typesupport_fastrtps_cpp.dir/rosidl_typesupport_fastrtps_cpp/duco_msg/srv/detail/dds_fastrtps/pose_estimation__type_support.cpp.o[0m
[ 43%] [32mBuilding CXX object CMakeFiles/duco_msg__rosidl_typesupport_fastrtps_cpp.dir/rosidl_typesupport_fastrtps_cpp/duco_msg/srv/detail/dds_fastrtps/robot_control__type_support.cpp.o[0m
[ 44%] [32mBuilding CXX object CMakeFiles/duco_msg__rosidl_typesupport_fastrtps_cpp.dir/rosidl_typesupport_fastrtps_cpp/duco_msg/srv/detail/dds_fastrtps/robot_io_control__type_support.cpp.o[0m
[ 45%] [32mBuilding CXX object CMakeFiles/duco_msg__rosidl_typesupport_fastrtps_cpp.dir/rosidl_typesupport_fastrtps_cpp/duco_msg/srv/detail/dds_fastrtps/robot_move__type_support.cpp.o[0m
[ 46%] [32mBuilding CXX object CMakeFiles/duco_msg__rosidl_typesupport_fastrtps_cpp.dir/rosidl_typesupport_fastrtps_cpp/duco_msg/srv/detail/dds_fastrtps/robot_task_state_rquest__type_support.cpp.o[0m
[ 47%] [32mBuilding C object CMakeFiles/duco_msg__rosidl_typesupport_introspection_c.dir/rosidl_typesupport_introspection_c/duco_msg/msg/detail/duco_robot_state__type_support.c.o[0m
[ 48%] [32mBuilding C object CMakeFiles/duco_msg__rosidl_typesupport_introspection_c.dir/rosidl_typesupport_introspection_c/duco_msg/msg/detail/virtual_servo_point_cloud__type_support.c.o[0m
[ 49%] [32mBuilding CXX object CMakeFiles/duco_msg__rosidl_typesupport_introspection_cpp.dir/rosidl_typesupport_introspection_cpp/duco_msg/msg/detail/duco_robot_state__type_support.cpp.o[0m
[ 50%] [32m[1mLinking CXX shared library libduco_msg__rosidl_typesupport_c.so[0m
[ 50%] [32mBuilding CXX object CMakeFiles/duco_msg__rosidl_typesupport_fastrtps_cpp.dir/rosidl_typesupport_fastrtps_cpp/duco_msg/srv/detail/dds_fastrtps/speech__type_support.cpp.o[0m
[ 51%] [32m[1mLinking CXX shared library libduco_msg__rosidl_typesupport_cpp.so[0m
[ 52%] [32mBuilding C object CMakeFiles/duco_msg__rosidl_typesupport_introspection_c.dir/rosidl_typesupport_introspection_c/duco_msg/msg/detail/virtual_servo_pose__type_support.c.o[0m
[ 52%] Built target duco_msg__rosidl_typesupport_c
[ 53%] [32mBuilding CXX object CMakeFiles/duco_msg__rosidl_typesupport_fastrtps_cpp.dir/rosidl_typesupport_fastrtps_cpp/duco_msg/srv/detail/dds_fastrtps/grippers__type_support.cpp.o[0m
[ 53%] [32mBuilding CXX object CMakeFiles/duco_msg__rosidl_typesupport_introspection_cpp.dir/rosidl_typesupport_introspection_cpp/duco_msg/msg/detail/virtual_servo_point_cloud__type_support.cpp.o[0m
[ 54%] [32mBuilding C object CMakeFiles/duco_msg__rosidl_typesupport_introspection_c.dir/rosidl_typesupport_introspection_c/duco_msg/srv/detail/duco_robot_states__type_support.c.o[0m
[ 54%] Built target duco_msg__rosidl_typesupport_cpp
[ 55%] [32mBuilding C object CMakeFiles/duco_msg__rosidl_typesupport_introspection_c.dir/rosidl_typesupport_introspection_c/duco_msg/srv/detail/pose_estimation__type_support.c.o[0m
[ 56%] [32mBuilding CXX object CMakeFiles/duco_msg__rosidl_typesupport_introspection_cpp.dir/rosidl_typesupport_introspection_cpp/duco_msg/msg/detail/virtual_servo_pose__type_support.cpp.o[0m
[ 57%] [32mBuilding C object CMakeFiles/duco_msg__rosidl_typesupport_introspection_c.dir/rosidl_typesupport_introspection_c/duco_msg/srv/detail/robot_control__type_support.c.o[0m
[ 57%] [32mBuilding C object CMakeFiles/duco_msg__rosidl_typesupport_introspection_c.dir/rosidl_typesupport_introspection_c/duco_msg/srv/detail/robot_move__type_support.c.o[0m
[ 58%] [32mBuilding CXX object CMakeFiles/duco_msg__rosidl_typesupport_fastrtps_c.dir/rosidl_typesupport_fastrtps_c/duco_msg/msg/detail/duco_robot_state__type_support_c.cpp.o[0m
[ 59%] [32mBuilding C object CMakeFiles/duco_msg__rosidl_typesupport_introspection_c.dir/rosidl_typesupport_introspection_c/duco_msg/srv/detail/robot_io_control__type_support.c.o[0m
[ 60%] [32mBuilding C object CMakeFiles/duco_msg__rosidl_typesupport_introspection_c.dir/rosidl_typesupport_introspection_c/duco_msg/srv/detail/robot_task_state_rquest__type_support.c.o[0m
[ 61%] [32mBuilding C object CMakeFiles/duco_msg__rosidl_typesupport_introspection_c.dir/rosidl_typesupport_introspection_c/duco_msg/srv/detail/speech__type_support.c.o[0m
[ 62%] [32mBuilding C object CMakeFiles/duco_msg__rosidl_typesupport_introspection_c.dir/rosidl_typesupport_introspection_c/duco_msg/srv/detail/grippers__type_support.c.o[0m
[ 63%] [32mBuilding CXX object CMakeFiles/duco_msg__rosidl_typesupport_introspection_cpp.dir/rosidl_typesupport_introspection_cpp/duco_msg/srv/detail/duco_robot_states__type_support.cpp.o[0m
[ 64%] [32mBuilding CXX object CMakeFiles/duco_msg__rosidl_typesupport_introspection_cpp.dir/rosidl_typesupport_introspection_cpp/duco_msg/srv/detail/pose_estimation__type_support.cpp.o[0m
[ 65%] [32m[1mLinking C shared library libduco_msg__rosidl_typesupport_introspection_c.so[0m
[ 66%] [32mBuilding CXX object CMakeFiles/duco_msg__rosidl_typesupport_fastrtps_c.dir/rosidl_typesupport_fastrtps_c/duco_msg/msg/detail/virtual_servo_point_cloud__type_support_c.cpp.o[0m
[ 67%] [32mBuilding CXX object CMakeFiles/duco_msg__rosidl_typesupport_introspection_cpp.dir/rosidl_typesupport_introspection_cpp/duco_msg/srv/detail/robot_control__type_support.cpp.o[0m
[ 67%] Built target duco_msg__rosidl_typesupport_introspection_c
[ 68%] [32mBuilding CXX object CMakeFiles/duco_msg__rosidl_typesupport_fastrtps_c.dir/rosidl_typesupport_fastrtps_c/duco_msg/msg/detail/virtual_servo_pose__type_support_c.cpp.o[0m
[ 69%] [32mBuilding CXX object CMakeFiles/duco_msg__rosidl_typesupport_fastrtps_c.dir/rosidl_typesupport_fastrtps_c/duco_msg/srv/detail/duco_robot_states__type_support_c.cpp.o[0m
[ 69%] [32mBuilding CXX object CMakeFiles/duco_msg__rosidl_typesupport_fastrtps_c.dir/rosidl_typesupport_fastrtps_c/duco_msg/srv/detail/pose_estimation__type_support_c.cpp.o[0m
[ 70%] [32mBuilding CXX object CMakeFiles/duco_msg__rosidl_typesupport_fastrtps_c.dir/rosidl_typesupport_fastrtps_c/duco_msg/srv/detail/robot_control__type_support_c.cpp.o[0m
[ 72%] [32mBuilding CXX object CMakeFiles/duco_msg__rosidl_typesupport_introspection_cpp.dir/rosidl_typesupport_introspection_cpp/duco_msg/srv/detail/robot_move__type_support.cpp.o[0m
[ 72%] [32mBuilding CXX object CMakeFiles/duco_msg__rosidl_typesupport_fastrtps_c.dir/rosidl_typesupport_fastrtps_c/duco_msg/srv/detail/robot_move__type_support_c.cpp.o[0m
[ 73%] [32mBuilding CXX object CMakeFiles/duco_msg__rosidl_typesupport_fastrtps_c.dir/rosidl_typesupport_fastrtps_c/duco_msg/srv/detail/robot_io_control__type_support_c.cpp.o[0m
[ 74%] [32mBuilding CXX object CMakeFiles/duco_msg__rosidl_typesupport_introspection_cpp.dir/rosidl_typesupport_introspection_cpp/duco_msg/srv/detail/robot_io_control__type_support.cpp.o[0m
[ 75%] [32mBuilding CXX object CMakeFiles/duco_msg__rosidl_typesupport_fastrtps_c.dir/rosidl_typesupport_fastrtps_c/duco_msg/srv/detail/robot_task_state_rquest__type_support_c.cpp.o[0m
[ 76%] [32mBuilding CXX object CMakeFiles/duco_msg__rosidl_typesupport_fastrtps_c.dir/rosidl_typesupport_fastrtps_c/duco_msg/srv/detail/speech__type_support_c.cpp.o[0m
[ 77%] [32mBuilding CXX object CMakeFiles/duco_msg__rosidl_typesupport_introspection_cpp.dir/rosidl_typesupport_introspection_cpp/duco_msg/srv/detail/robot_task_state_rquest__type_support.cpp.o[0m
[ 78%] [32m[1mLinking CXX shared library libduco_msg__rosidl_typesupport_fastrtps_cpp.so[0m
[ 79%] [32mBuilding CXX object CMakeFiles/duco_msg__rosidl_typesupport_fastrtps_c.dir/rosidl_typesupport_fastrtps_c/duco_msg/srv/detail/grippers__type_support_c.cpp.o[0m
[ 79%] Built target duco_msg__rosidl_typesupport_fastrtps_cpp
[ 80%] [32mBuilding CXX object CMakeFiles/duco_msg__rosidl_typesupport_introspection_cpp.dir/rosidl_typesupport_introspection_cpp/duco_msg/srv/detail/speech__type_support.cpp.o[0m
[ 81%] [32mBuilding CXX object CMakeFiles/duco_msg__rosidl_typesupport_introspection_cpp.dir/rosidl_typesupport_introspection_cpp/duco_msg/srv/detail/grippers__type_support.cpp.o[0m
[ 82%] [32m[1mLinking CXX shared library libduco_msg__rosidl_typesupport_fastrtps_c.so[0m
[ 83%] [32m[1mLinking CXX shared library libduco_msg__rosidl_typesupport_introspection_cpp.so[0m
[ 83%] Built target duco_msg__rosidl_typesupport_fastrtps_c
[ 83%] Built target duco_msg__rosidl_typesupport_introspection_cpp
[ 83%] Built target duco_msg
[ 84%] [34m[1mGenerating Python code for ROS interfaces[0m
[ 84%] Built target duco_msg__py
[ 85%] [32mBuilding C object CMakeFiles/duco_msg__rosidl_generator_py.dir/rosidl_generator_py/duco_msg/srv/_robot_control_s.c.o[0m
[ 85%] [32mBuilding C object CMakeFiles/duco_msg__rosidl_generator_py.dir/rosidl_generator_py/duco_msg/srv/_robot_io_control_s.c.o[0m
[ 86%] [32mBuilding C object CMakeFiles/duco_msg__rosidl_generator_py.dir/rosidl_generator_py/duco_msg/srv/_duco_robot_states_s.c.o[0m
[ 88%] [32mBuilding C object CMakeFiles/duco_msg__rosidl_generator_py.dir/rosidl_generator_py/duco_msg/msg/_duco_robot_state_s.c.o[0m
[ 88%] [32mBuilding C object CMakeFiles/duco_msg__rosidl_generator_py.dir/rosidl_generator_py/duco_msg/msg/_virtual_servo_point_cloud_s.c.o[0m
[ 89%] [32mBuilding C object CMakeFiles/duco_msg__rosidl_generator_py.dir/rosidl_generator_py/duco_msg/msg/_virtual_servo_pose_s.c.o[0m
[ 90%] [32mBuilding C object CMakeFiles/duco_msg__rosidl_generator_py.dir/rosidl_generator_py/duco_msg/srv/_pose_estimation_s.c.o[0m
[ 91%] [32mBuilding C object CMakeFiles/duco_msg__rosidl_generator_py.dir/rosidl_generator_py/duco_msg/srv/_grippers_s.c.o[0m
[ 92%] [32mBuilding C object CMakeFiles/duco_msg__rosidl_generator_py.dir/rosidl_generator_py/duco_msg/srv/_robot_move_s.c.o[0m
[ 93%] [32mBuilding C object CMakeFiles/duco_msg__rosidl_generator_py.dir/rosidl_generator_py/duco_msg/srv/_speech_s.c.o[0m
[ 94%] [32mBuilding C object CMakeFiles/duco_msg__rosidl_generator_py.dir/rosidl_generator_py/duco_msg/srv/_robot_task_state_rquest_s.c.o[0m
[ 95%] [32m[1mLinking C shared library rosidl_generator_py/duco_msg/libduco_msg__rosidl_generator_py.so[0m
[ 95%] Built target duco_msg__rosidl_generator_py
[ 96%] [32mBuilding C object CMakeFiles/duco_msg__rosidl_typesupport_introspection_c__pyext.dir/rosidl_generator_py/duco_msg/_duco_msg_s.ep.rosidl_typesupport_introspection_c.c.o[0m
[ 96%] [32mBuilding C object CMakeFiles/duco_msg__rosidl_typesupport_c__pyext.dir/rosidl_generator_py/duco_msg/_duco_msg_s.ep.rosidl_typesupport_c.c.o[0m
[ 97%] [32mBuilding C object CMakeFiles/duco_msg__rosidl_typesupport_fastrtps_c__pyext.dir/rosidl_generator_py/duco_msg/_duco_msg_s.ep.rosidl_typesupport_fastrtps_c.c.o[0m
[ 98%] [32m[1mLinking C shared library rosidl_generator_py/duco_msg/duco_msg_s__rosidl_typesupport_fastrtps_c.cpython-310-x86_64-linux-gnu.so[0m
[ 99%] [32m[1mLinking C shared library rosidl_generator_py/duco_msg/duco_msg_s__rosidl_typesupport_c.cpython-310-x86_64-linux-gnu.so[0m
[100%] [32m[1mLinking C shared library rosidl_generator_py/duco_msg/duco_msg_s__rosidl_typesupport_introspection_c.cpython-310-x86_64-linux-gnu.so[0m
[100%] Built target duco_msg__rosidl_typesupport_c__pyext
[100%] Built target duco_msg__rosidl_typesupport_fastrtps_c__pyext
[100%] Built target duco_msg__rosidl_typesupport_introspection_c__pyext
-- Install configuration: ""
-- Installing: /home/user/ws_siasun/install/duco_msg/share/ament_index/resource_index/rosidl_interfaces/duco_msg
-- Installing: /home/user/ws_siasun/install/duco_msg/include/duco_msg/duco_msg
-- Installing: /home/user/ws_siasun/install/duco_msg/include/duco_msg/duco_msg/msg
-- Installing: /home/user/ws_siasun/install/duco_msg/include/duco_msg/duco_msg/msg/rosidl_generator_c__visibility_control.h
-- Installing: /home/user/ws_siasun/install/duco_msg/include/duco_msg/duco_msg/msg/virtual_servo_pose.h
-- Installing: /home/user/ws_siasun/install/duco_msg/include/duco_msg/duco_msg/msg/detail
-- Installing: /home/user/ws_siasun/install/duco_msg/include/duco_msg/duco_msg/msg/detail/duco_robot_state__struct.h
-- Installing: /home/user/ws_siasun/install/duco_msg/include/duco_msg/duco_msg/msg/detail/duco_robot_state__functions.c
-- Installing: /home/user/ws_siasun/install/duco_msg/include/duco_msg/duco_msg/msg/detail/virtual_servo_point_cloud__functions.c
-- Installing: /home/user/ws_siasun/install/duco_msg/include/duco_msg/duco_msg/msg/detail/virtual_servo_pose__functions.h
-- Installing: /home/user/ws_siasun/install/duco_msg/include/duco_msg/duco_msg/msg/detail/duco_robot_state__type_support.h
-- Installing: /home/user/ws_siasun/install/duco_msg/include/duco_msg/duco_msg/msg/detail/virtual_servo_pose__functions.c
-- Installing: /home/user/ws_siasun/install/duco_msg/include/duco_msg/duco_msg/msg/detail/virtual_servo_pose__type_support.h
-- Installing: /home/user/ws_siasun/install/duco_msg/include/duco_msg/duco_msg/msg/detail/virtual_servo_point_cloud__functions.h
-- Installing: /home/user/ws_siasun/install/duco_msg/include/duco_msg/duco_msg/msg/detail/virtual_servo_point_cloud__type_support.h
-- Installing: /home/user/ws_siasun/install/duco_msg/include/duco_msg/duco_msg/msg/detail/virtual_servo_point_cloud__struct.h
-- Installing: /home/user/ws_siasun/install/duco_msg/include/duco_msg/duco_msg/msg/detail/duco_robot_state__functions.h
-- Installing: /home/user/ws_siasun/install/duco_msg/include/duco_msg/duco_msg/msg/detail/virtual_servo_pose__struct.h
-- Installing: /home/user/ws_siasun/install/duco_msg/include/duco_msg/duco_msg/msg/virtual_servo_point_cloud.h
-- Installing: /home/user/ws_siasun/install/duco_msg/include/duco_msg/duco_msg/msg/duco_robot_state.h
-- Installing: /home/user/ws_siasun/install/duco_msg/include/duco_msg/duco_msg/srv
-- Installing: /home/user/ws_siasun/install/duco_msg/include/duco_msg/duco_msg/srv/robot_move.h
-- Installing: /home/user/ws_siasun/install/duco_msg/include/duco_msg/duco_msg/srv/robot_task_state_rquest.h
-- Installing: /home/user/ws_siasun/install/duco_msg/include/duco_msg/duco_msg/srv/speech.h
-- Installing: /home/user/ws_siasun/install/duco_msg/include/duco_msg/duco_msg/srv/robot_io_control.h
-- Installing: /home/user/ws_siasun/install/duco_msg/include/duco_msg/duco_msg/srv/detail
-- Installing: /home/user/ws_siasun/install/duco_msg/include/duco_msg/duco_msg/srv/detail/duco_robot_states__type_support.h
-- Installing: /home/user/ws_siasun/install/duco_msg/include/duco_msg/duco_msg/srv/detail/robot_task_state_rquest__type_support.h
-- Installing: /home/user/ws_siasun/install/duco_msg/include/duco_msg/duco_msg/srv/detail/speech__functions.c
-- Installing: /home/user/ws_siasun/install/duco_msg/include/duco_msg/duco_msg/srv/detail/pose_estimation__functions.c
-- Installing: /home/user/ws_siasun/install/duco_msg/include/duco_msg/duco_msg/srv/detail/robot_control__functions.h
-- Installing: /home/user/ws_siasun/install/duco_msg/include/duco_msg/duco_msg/srv/detail/robot_control__type_support.h
-- Installing: /home/user/ws_siasun/install/duco_msg/include/duco_msg/duco_msg/srv/detail/pose_estimation__type_support.h
-- Installing: /home/user/ws_siasun/install/duco_msg/include/duco_msg/duco_msg/srv/detail/robot_move__type_support.h
-- Installing: /home/user/ws_siasun/install/duco_msg/include/duco_msg/duco_msg/srv/detail/robot_move__struct.h
-- Installing: /home/user/ws_siasun/install/duco_msg/include/duco_msg/duco_msg/srv/detail/speech__type_support.h
-- Installing: /home/user/ws_siasun/install/duco_msg/include/duco_msg/duco_msg/srv/detail/robot_io_control__functions.h
-- Installing: /home/user/ws_siasun/install/duco_msg/include/duco_msg/duco_msg/srv/detail/robot_io_control__functions.c
-- Installing: /home/user/ws_siasun/install/duco_msg/include/duco_msg/duco_msg/srv/detail/robot_task_state_rquest__functions.c
-- Installing: /home/user/ws_siasun/install/duco_msg/include/duco_msg/duco_msg/srv/detail/robot_control__functions.c
-- Installing: /home/user/ws_siasun/install/duco_msg/include/duco_msg/duco_msg/srv/detail/robot_task_state_rquest__functions.h
-- Installing: /home/user/ws_siasun/install/duco_msg/include/duco_msg/duco_msg/srv/detail/pose_estimation__functions.h
-- Installing: /home/user/ws_siasun/install/duco_msg/include/duco_msg/duco_msg/srv/detail/grippers__type_support.h
-- Installing: /home/user/ws_siasun/install/duco_msg/include/duco_msg/duco_msg/srv/detail/robot_io_control__struct.h
-- Installing: /home/user/ws_siasun/install/duco_msg/include/duco_msg/duco_msg/srv/detail/speech__struct.h
-- Installing: /home/user/ws_siasun/install/duco_msg/include/duco_msg/duco_msg/srv/detail/duco_robot_states__struct.h
-- Installing: /home/user/ws_siasun/install/duco_msg/include/duco_msg/duco_msg/srv/detail/robot_move__functions.h
-- Installing: /home/user/ws_siasun/install/duco_msg/include/duco_msg/duco_msg/srv/detail/duco_robot_states__functions.c
-- Installing: /home/user/ws_siasun/install/duco_msg/include/duco_msg/duco_msg/srv/detail/pose_estimation__struct.h
-- Installing: /home/user/ws_siasun/install/duco_msg/include/duco_msg/duco_msg/srv/detail/robot_control__struct.h
-- Installing: /home/user/ws_siasun/install/duco_msg/include/duco_msg/duco_msg/srv/detail/duco_robot_states__functions.h
-- Installing: /home/user/ws_siasun/install/duco_msg/include/duco_msg/duco_msg/srv/detail/grippers__struct.h
-- Installing: /home/user/ws_siasun/install/duco_msg/include/duco_msg/duco_msg/srv/detail/robot_move__functions.c
-- Installing: /home/user/ws_siasun/install/duco_msg/include/duco_msg/duco_msg/srv/detail/grippers__functions.h
-- Installing: /home/user/ws_siasun/install/duco_msg/include/duco_msg/duco_msg/srv/detail/robot_io_control__type_support.h
-- Installing: /home/user/ws_siasun/install/duco_msg/include/duco_msg/duco_msg/srv/detail/robot_task_state_rquest__struct.h
-- Installing: /home/user/ws_siasun/install/duco_msg/include/duco_msg/duco_msg/srv/detail/grippers__functions.c
-- Installing: /home/user/ws_siasun/install/duco_msg/include/duco_msg/duco_msg/srv/detail/speech__functions.h
-- Installing: /home/user/ws_siasun/install/duco_msg/include/duco_msg/duco_msg/srv/grippers.h
-- Installing: /home/user/ws_siasun/install/duco_msg/include/duco_msg/duco_msg/srv/robot_control.h
-- Installing: /home/user/ws_siasun/install/duco_msg/include/duco_msg/duco_msg/srv/duco_robot_states.h
-- Installing: /home/user/ws_siasun/install/duco_msg/include/duco_msg/duco_msg/srv/pose_estimation.h
-- Installing: /home/user/ws_siasun/install/duco_msg/share/duco_msg/environment/library_path.sh
-- Installing: /home/user/ws_siasun/install/duco_msg/share/duco_msg/environment/library_path.dsv
-- Installing: /home/user/ws_siasun/install/duco_msg/lib/libduco_msg__rosidl_generator_c.so
-- Set runtime path of "/home/user/ws_siasun/install/duco_msg/lib/libduco_msg__rosidl_generator_c.so" to ""
-- Up-to-date: /home/user/ws_siasun/install/duco_msg/include/duco_msg/duco_msg
-- Up-to-date: /home/user/ws_siasun/install/duco_msg/include/duco_msg/duco_msg/msg
-- Installing: /home/user/ws_siasun/install/duco_msg/include/duco_msg/duco_msg/msg/rosidl_typesupport_fastrtps_c__visibility_control.h
-- Up-to-date: /home/user/ws_siasun/install/duco_msg/include/duco_msg/duco_msg/msg/detail
-- Installing: /home/user/ws_siasun/install/duco_msg/include/duco_msg/duco_msg/msg/detail/virtual_servo_pose__rosidl_typesupport_fastrtps_c.h
-- Installing: /home/user/ws_siasun/install/duco_msg/include/duco_msg/duco_msg/msg/detail/virtual_servo_point_cloud__rosidl_typesupport_fastrtps_c.h
-- Installing: /home/user/ws_siasun/install/duco_msg/include/duco_msg/duco_msg/msg/detail/duco_robot_state__rosidl_typesupport_fastrtps_c.h
-- Up-to-date: /home/user/ws_siasun/install/duco_msg/include/duco_msg/duco_msg/srv
-- Up-to-date: /home/user/ws_siasun/install/duco_msg/include/duco_msg/duco_msg/srv/detail
-- Installing: /home/user/ws_siasun/install/duco_msg/include/duco_msg/duco_msg/srv/detail/robot_move__rosidl_typesupport_fastrtps_c.h
-- Installing: /home/user/ws_siasun/install/duco_msg/include/duco_msg/duco_msg/srv/detail/robot_control__rosidl_typesupport_fastrtps_c.h
-- Installing: /home/user/ws_siasun/install/duco_msg/include/duco_msg/duco_msg/srv/detail/robot_io_control__rosidl_typesupport_fastrtps_c.h
-- Installing: /home/user/ws_siasun/install/duco_msg/include/duco_msg/duco_msg/srv/detail/robot_task_state_rquest__rosidl_typesupport_fastrtps_c.h
-- Installing: /home/user/ws_siasun/install/duco_msg/include/duco_msg/duco_msg/srv/detail/pose_estimation__rosidl_typesupport_fastrtps_c.h
-- Installing: /home/user/ws_siasun/install/duco_msg/include/duco_msg/duco_msg/srv/detail/grippers__rosidl_typesupport_fastrtps_c.h
-- Installing: /home/user/ws_siasun/install/duco_msg/include/duco_msg/duco_msg/srv/detail/speech__rosidl_typesupport_fastrtps_c.h
-- Installing: /home/user/ws_siasun/install/duco_msg/include/duco_msg/duco_msg/srv/detail/duco_robot_states__rosidl_typesupport_fastrtps_c.h
-- Installing: /home/user/ws_siasun/install/duco_msg/lib/libduco_msg__rosidl_typesupport_fastrtps_c.so
-- Set runtime path of "/home/user/ws_siasun/install/duco_msg/lib/libduco_msg__rosidl_typesupport_fastrtps_c.so" to ""
-- Up-to-date: /home/user/ws_siasun/install/duco_msg/include/duco_msg/duco_msg
-- Up-to-date: /home/user/ws_siasun/install/duco_msg/include/duco_msg/duco_msg/msg
-- Installing: /home/user/ws_siasun/install/duco_msg/include/duco_msg/duco_msg/msg/virtual_servo_point_cloud.hpp
-- Installing: /home/user/ws_siasun/install/duco_msg/include/duco_msg/duco_msg/msg/virtual_servo_pose.hpp
-- Up-to-date: /home/user/ws_siasun/install/duco_msg/include/duco_msg/duco_msg/msg/detail
-- Installing: /home/user/ws_siasun/install/duco_msg/include/duco_msg/duco_msg/msg/detail/duco_robot_state__traits.hpp
-- Installing: /home/user/ws_siasun/install/duco_msg/include/duco_msg/duco_msg/msg/detail/virtual_servo_point_cloud__builder.hpp
-- Installing: /home/user/ws_siasun/install/duco_msg/include/duco_msg/duco_msg/msg/detail/virtual_servo_pose__struct.hpp
-- Installing: /home/user/ws_siasun/install/duco_msg/include/duco_msg/duco_msg/msg/detail/duco_robot_state__struct.hpp
-- Installing: /home/user/ws_siasun/install/duco_msg/include/duco_msg/duco_msg/msg/detail/virtual_servo_point_cloud__traits.hpp
-- Installing: /home/user/ws_siasun/install/duco_msg/include/duco_msg/duco_msg/msg/detail/virtual_servo_pose__traits.hpp
-- Installing: /home/user/ws_siasun/install/duco_msg/include/duco_msg/duco_msg/msg/detail/virtual_servo_pose__builder.hpp
-- Installing: /home/user/ws_siasun/install/duco_msg/include/duco_msg/duco_msg/msg/detail/duco_robot_state__type_support.hpp
-- Installing: /home/user/ws_siasun/install/duco_msg/include/duco_msg/duco_msg/msg/detail/virtual_servo_point_cloud__type_support.hpp
-- Installing: /home/user/ws_siasun/install/duco_msg/include/duco_msg/duco_msg/msg/detail/virtual_servo_pose__type_support.hpp
-- Installing: /home/user/ws_siasun/install/duco_msg/include/duco_msg/duco_msg/msg/detail/duco_robot_state__builder.hpp
-- Installing: /home/user/ws_siasun/install/duco_msg/include/duco_msg/duco_msg/msg/detail/virtual_servo_point_cloud__struct.hpp
-- Installing: /home/user/ws_siasun/install/duco_msg/include/duco_msg/duco_msg/msg/rosidl_generator_cpp__visibility_control.hpp
-- Installing: /home/user/ws_siasun/install/duco_msg/include/duco_msg/duco_msg/msg/duco_robot_state.hpp
-- Up-to-date: /home/user/ws_siasun/install/duco_msg/include/duco_msg/duco_msg/srv
-- Installing: /home/user/ws_siasun/install/duco_msg/include/duco_msg/duco_msg/srv/duco_robot_states.hpp
-- Installing: /home/user/ws_siasun/install/duco_msg/include/duco_msg/duco_msg/srv/pose_estimation.hpp
-- Installing: /home/user/ws_siasun/install/duco_msg/include/duco_msg/duco_msg/srv/speech.hpp
-- Installing: /home/user/ws_siasun/install/duco_msg/include/duco_msg/duco_msg/srv/robot_io_control.hpp
-- Up-to-date: /home/user/ws_siasun/install/duco_msg/include/duco_msg/duco_msg/srv/detail
-- Installing: /home/user/ws_siasun/install/duco_msg/include/duco_msg/duco_msg/srv/detail/robot_control__struct.hpp
-- Installing: /home/user/ws_siasun/install/duco_msg/include/duco_msg/duco_msg/srv/detail/robot_control__traits.hpp
-- Installing: /home/user/ws_siasun/install/duco_msg/include/duco_msg/duco_msg/srv/detail/robot_io_control__type_support.hpp
-- Installing: /home/user/ws_siasun/install/duco_msg/include/duco_msg/duco_msg/srv/detail/robot_task_state_rquest__traits.hpp
-- Installing: /home/user/ws_siasun/install/duco_msg/include/duco_msg/duco_msg/srv/detail/robot_move__struct.hpp
-- Installing: /home/user/ws_siasun/install/duco_msg/include/duco_msg/duco_msg/srv/detail/robot_task_state_rquest__struct.hpp
-- Installing: /home/user/ws_siasun/install/duco_msg/include/duco_msg/duco_msg/srv/detail/robot_control__builder.hpp
-- Installing: /home/user/ws_siasun/install/duco_msg/include/duco_msg/duco_msg/srv/detail/pose_estimation__builder.hpp
-- Installing: /home/user/ws_siasun/install/duco_msg/include/duco_msg/duco_msg/srv/detail/pose_estimation__traits.hpp
-- Installing: /home/user/ws_siasun/install/duco_msg/include/duco_msg/duco_msg/srv/detail/grippers__builder.hpp
-- Installing: /home/user/ws_siasun/install/duco_msg/include/duco_msg/duco_msg/srv/detail/robot_move__traits.hpp
-- Installing: /home/user/ws_siasun/install/duco_msg/include/duco_msg/duco_msg/srv/detail/duco_robot_states__builder.hpp
-- Installing: /home/user/ws_siasun/install/duco_msg/include/duco_msg/duco_msg/srv/detail/robot_io_control__traits.hpp
-- Installing: /home/user/ws_siasun/install/duco_msg/include/duco_msg/duco_msg/srv/detail/speech__builder.hpp
-- Installing: /home/user/ws_siasun/install/duco_msg/include/duco_msg/duco_msg/srv/detail/robot_io_control__builder.hpp
-- Installing: /home/user/ws_siasun/install/duco_msg/include/duco_msg/duco_msg/srv/detail/grippers__traits.hpp
-- Installing: /home/user/ws_siasun/install/duco_msg/include/duco_msg/duco_msg/srv/detail/duco_robot_states__struct.hpp
-- Installing: /home/user/ws_siasun/install/duco_msg/include/duco_msg/duco_msg/srv/detail/speech__struct.hpp
-- Installing: /home/user/ws_siasun/install/duco_msg/include/duco_msg/duco_msg/srv/detail/pose_estimation__type_support.hpp
-- Installing: /home/user/ws_siasun/install/duco_msg/include/duco_msg/duco_msg/srv/detail/robot_task_state_rquest__builder.hpp
-- Installing: /home/user/ws_siasun/install/duco_msg/include/duco_msg/duco_msg/srv/detail/duco_robot_states__traits.hpp
-- Installing: /home/user/ws_siasun/install/duco_msg/include/duco_msg/duco_msg/srv/detail/robot_move__builder.hpp
-- Installing: /home/user/ws_siasun/install/duco_msg/include/duco_msg/duco_msg/srv/detail/speech__traits.hpp
-- Installing: /home/user/ws_siasun/install/duco_msg/include/duco_msg/duco_msg/srv/detail/robot_io_control__struct.hpp
-- Installing: /home/user/ws_siasun/install/duco_msg/include/duco_msg/duco_msg/srv/detail/grippers__type_support.hpp
-- Installing: /home/user/ws_siasun/install/duco_msg/include/duco_msg/duco_msg/srv/detail/pose_estimation__struct.hpp
-- Installing: /home/user/ws_siasun/install/duco_msg/include/duco_msg/duco_msg/srv/detail/speech__type_support.hpp
-- Installing: /home/user/ws_siasun/install/duco_msg/include/duco_msg/duco_msg/srv/detail/grippers__struct.hpp
-- Installing: /home/user/ws_siasun/install/duco_msg/include/duco_msg/duco_msg/srv/detail/robot_move__type_support.hpp
-- Installing: /home/user/ws_siasun/install/duco_msg/include/duco_msg/duco_msg/srv/detail/robot_control__type_support.hpp
-- Installing: /home/user/ws_siasun/install/duco_msg/include/duco_msg/duco_msg/srv/detail/robot_task_state_rquest__type_support.hpp
-- Installing: /home/user/ws_siasun/install/duco_msg/include/duco_msg/duco_msg/srv/detail/duco_robot_states__type_support.hpp
-- Installing: /home/user/ws_siasun/install/duco_msg/include/duco_msg/duco_msg/srv/grippers.hpp
-- Installing: /home/user/ws_siasun/install/duco_msg/include/duco_msg/duco_msg/srv/robot_move.hpp
-- Installing: /home/user/ws_siasun/install/duco_msg/include/duco_msg/duco_msg/srv/robot_task_state_rquest.hpp
-- Installing: /home/user/ws_siasun/install/duco_msg/include/duco_msg/duco_msg/srv/robot_control.hpp
-- Up-to-date: /home/user/ws_siasun/install/duco_msg/include/duco_msg/duco_msg
-- Up-to-date: /home/user/ws_siasun/install/duco_msg/include/duco_msg/duco_msg/msg
-- Installing: /home/user/ws_siasun/install/duco_msg/include/duco_msg/duco_msg/msg/rosidl_typesupport_fastrtps_cpp__visibility_control.h
-- Up-to-date: /home/user/ws_siasun/install/duco_msg/include/duco_msg/duco_msg/msg/detail
-- Installing: /home/user/ws_siasun/install/duco_msg/include/duco_msg/duco_msg/msg/detail/virtual_servo_pose__rosidl_typesupport_fastrtps_cpp.hpp
-- Installing: /home/user/ws_siasun/install/duco_msg/include/duco_msg/duco_msg/msg/detail/dds_fastrtps
-- Installing: /home/user/ws_siasun/install/duco_msg/include/duco_msg/duco_msg/msg/detail/virtual_servo_point_cloud__rosidl_typesupport_fastrtps_cpp.hpp
-- Installing: /home/user/ws_siasun/install/duco_msg/include/duco_msg/duco_msg/msg/detail/duco_robot_state__rosidl_typesupport_fastrtps_cpp.hpp
-- Up-to-date: /home/user/ws_siasun/install/duco_msg/include/duco_msg/duco_msg/srv
-- Up-to-date: /home/user/ws_siasun/install/duco_msg/include/duco_msg/duco_msg/srv/detail
-- Installing: /home/user/ws_siasun/install/duco_msg/include/duco_msg/duco_msg/srv/detail/robot_move__rosidl_typesupport_fastrtps_cpp.hpp
-- Installing: /home/user/ws_siasun/install/duco_msg/include/duco_msg/duco_msg/srv/detail/robot_task_state_rquest__rosidl_typesupport_fastrtps_cpp.hpp
-- Installing: /home/user/ws_siasun/install/duco_msg/include/duco_msg/duco_msg/srv/detail/speech__rosidl_typesupport_fastrtps_cpp.hpp
-- Installing: /home/user/ws_siasun/install/duco_msg/include/duco_msg/duco_msg/srv/detail/pose_estimation__rosidl_typesupport_fastrtps_cpp.hpp
-- Installing: /home/user/ws_siasun/install/duco_msg/include/duco_msg/duco_msg/srv/detail/duco_robot_states__rosidl_typesupport_fastrtps_cpp.hpp
-- Installing: /home/user/ws_siasun/install/duco_msg/include/duco_msg/duco_msg/srv/detail/grippers__rosidl_typesupport_fastrtps_cpp.hpp
-- Installing: /home/user/ws_siasun/install/duco_msg/include/duco_msg/duco_msg/srv/detail/dds_fastrtps
-- Installing: /home/user/ws_siasun/install/duco_msg/include/duco_msg/duco_msg/srv/detail/robot_io_control__rosidl_typesupport_fastrtps_cpp.hpp
-- Installing: /home/user/ws_siasun/install/duco_msg/include/duco_msg/duco_msg/srv/detail/robot_control__rosidl_typesupport_fastrtps_cpp.hpp
-- Installing: /home/user/ws_siasun/install/duco_msg/lib/libduco_msg__rosidl_typesupport_fastrtps_cpp.so
-- Set runtime path of "/home/user/ws_siasun/install/duco_msg/lib/libduco_msg__rosidl_typesupport_fastrtps_cpp.so" to ""
-- Up-to-date: /home/user/ws_siasun/install/duco_msg/include/duco_msg/duco_msg
-- Up-to-date: /home/user/ws_siasun/install/duco_msg/include/duco_msg/duco_msg/msg
-- Up-to-date: /home/user/ws_siasun/install/duco_msg/include/duco_msg/duco_msg/msg/detail
-- Installing: /home/user/ws_siasun/install/duco_msg/include/duco_msg/duco_msg/msg/detail/duco_robot_state__type_support.c
-- Installing: /home/user/ws_siasun/install/duco_msg/include/duco_msg/duco_msg/msg/detail/virtual_servo_pose__type_support.c
-- Installing: /home/user/ws_siasun/install/duco_msg/include/duco_msg/duco_msg/msg/detail/virtual_servo_point_cloud__rosidl_typesupport_introspection_c.h
-- Installing: /home/user/ws_siasun/install/duco_msg/include/duco_msg/duco_msg/msg/detail/duco_robot_state__rosidl_typesupport_introspection_c.h
-- Installing: /home/user/ws_siasun/install/duco_msg/include/duco_msg/duco_msg/msg/detail/virtual_servo_pose__rosidl_typesupport_introspection_c.h
-- Installing: /home/user/ws_siasun/install/duco_msg/include/duco_msg/duco_msg/msg/detail/virtual_servo_point_cloud__type_support.c
-- Installing: /home/user/ws_siasun/install/duco_msg/include/duco_msg/duco_msg/msg/rosidl_typesupport_introspection_c__visibility_control.h
-- Up-to-date: /home/user/ws_siasun/install/duco_msg/include/duco_msg/duco_msg/srv
-- Up-to-date: /home/user/ws_siasun/install/duco_msg/include/duco_msg/duco_msg/srv/detail
-- Installing: /home/user/ws_siasun/install/duco_msg/include/duco_msg/duco_msg/srv/detail/duco_robot_states__type_support.c
-- Installing: /home/user/ws_siasun/install/duco_msg/include/duco_msg/duco_msg/srv/detail/robot_task_state_rquest__type_support.c
-- Installing: /home/user/ws_siasun/install/duco_msg/include/duco_msg/duco_msg/srv/detail/robot_task_state_rquest__rosidl_typesupport_introspection_c.h
-- Installing: /home/user/ws_siasun/install/duco_msg/include/duco_msg/duco_msg/srv/detail/robot_control__type_support.c
-- Installing: /home/user/ws_siasun/install/duco_msg/include/duco_msg/duco_msg/srv/detail/robot_io_control__rosidl_typesupport_introspection_c.h
-- Installing: /home/user/ws_siasun/install/duco_msg/include/duco_msg/duco_msg/srv/detail/speech__type_support.c
-- Installing: /home/user/ws_siasun/install/duco_msg/include/duco_msg/duco_msg/srv/detail/pose_estimation__rosidl_typesupport_introspection_c.h
-- Installing: /home/user/ws_siasun/install/duco_msg/include/duco_msg/duco_msg/srv/detail/grippers__type_support.c
-- Installing: /home/user/ws_siasun/install/duco_msg/include/duco_msg/duco_msg/srv/detail/speech__rosidl_typesupport_introspection_c.h
-- Installing: /home/user/ws_siasun/install/duco_msg/include/duco_msg/duco_msg/srv/detail/robot_move__rosidl_typesupport_introspection_c.h
-- Installing: /home/user/ws_siasun/install/duco_msg/include/duco_msg/duco_msg/srv/detail/robot_io_control__type_support.c
-- Installing: /home/user/ws_siasun/install/duco_msg/include/duco_msg/duco_msg/srv/detail/grippers__rosidl_typesupport_introspection_c.h
-- Installing: /home/user/ws_siasun/install/duco_msg/include/duco_msg/duco_msg/srv/detail/robot_control__rosidl_typesupport_introspection_c.h
-- Installing: /home/user/ws_siasun/install/duco_msg/include/duco_msg/duco_msg/srv/detail/duco_robot_states__rosidl_typesupport_introspection_c.h
-- Installing: /home/user/ws_siasun/install/duco_msg/include/duco_msg/duco_msg/srv/detail/robot_move__type_support.c
-- Installing: /home/user/ws_siasun/install/duco_msg/include/duco_msg/duco_msg/srv/detail/pose_estimation__type_support.c
-- Installing: /home/user/ws_siasun/install/duco_msg/lib/libduco_msg__rosidl_typesupport_introspection_c.so
-- Set runtime path of "/home/user/ws_siasun/install/duco_msg/lib/libduco_msg__rosidl_typesupport_introspection_c.so" to ""
-- Installing: /home/user/ws_siasun/install/duco_msg/lib/libduco_msg__rosidl_typesupport_c.so
-- Set runtime path of "/home/user/ws_siasun/install/duco_msg/lib/libduco_msg__rosidl_typesupport_c.so" to ""
-- Up-to-date: /home/user/ws_siasun/install/duco_msg/include/duco_msg/duco_msg
-- Up-to-date: /home/user/ws_siasun/install/duco_msg/include/duco_msg/duco_msg/msg
-- Up-to-date: /home/user/ws_siasun/install/duco_msg/include/duco_msg/duco_msg/msg/detail
-- Installing: /home/user/ws_siasun/install/duco_msg/include/duco_msg/duco_msg/msg/detail/virtual_servo_point_cloud__type_support.cpp
-- Installing: /home/user/ws_siasun/install/duco_msg/include/duco_msg/duco_msg/msg/detail/virtual_servo_pose__type_support.cpp
-- Installing: /home/user/ws_siasun/install/duco_msg/include/duco_msg/duco_msg/msg/detail/duco_robot_state__rosidl_typesupport_introspection_cpp.hpp
-- Installing: /home/user/ws_siasun/install/duco_msg/include/duco_msg/duco_msg/msg/detail/virtual_servo_point_cloud__rosidl_typesupport_introspection_cpp.hpp
-- Installing: /home/user/ws_siasun/install/duco_msg/include/duco_msg/duco_msg/msg/detail/virtual_servo_pose__rosidl_typesupport_introspection_cpp.hpp
-- Installing: /home/user/ws_siasun/install/duco_msg/include/duco_msg/duco_msg/msg/detail/duco_robot_state__type_support.cpp
-- Up-to-date: /home/user/ws_siasun/install/duco_msg/include/duco_msg/duco_msg/srv
-- Up-to-date: /home/user/ws_siasun/install/duco_msg/include/duco_msg/duco_msg/srv/detail
-- Installing: /home/user/ws_siasun/install/duco_msg/include/duco_msg/duco_msg/srv/detail/speech__rosidl_typesupport_introspection_cpp.hpp
-- Installing: /home/user/ws_siasun/install/duco_msg/include/duco_msg/duco_msg/srv/detail/pose_estimation__rosidl_typesupport_introspection_cpp.hpp
-- Installing: /home/user/ws_siasun/install/duco_msg/include/duco_msg/duco_msg/srv/detail/speech__type_support.cpp
-- Installing: /home/user/ws_siasun/install/duco_msg/include/duco_msg/duco_msg/srv/detail/robot_move__rosidl_typesupport_introspection_cpp.hpp
-- Installing: /home/user/ws_siasun/install/duco_msg/include/duco_msg/duco_msg/srv/detail/grippers__type_support.cpp
-- Installing: /home/user/ws_siasun/install/duco_msg/include/duco_msg/duco_msg/srv/detail/robot_control__rosidl_typesupport_introspection_cpp.hpp
-- Installing: /home/user/ws_siasun/install/duco_msg/include/duco_msg/duco_msg/srv/detail/robot_io_control__type_support.cpp
-- Installing: /home/user/ws_siasun/install/duco_msg/include/duco_msg/duco_msg/srv/detail/grippers__rosidl_typesupport_introspection_cpp.hpp
-- Installing: /home/user/ws_siasun/install/duco_msg/include/duco_msg/duco_msg/srv/detail/duco_robot_states__type_support.cpp
-- Installing: /home/user/ws_siasun/install/duco_msg/include/duco_msg/duco_msg/srv/detail/duco_robot_states__rosidl_typesupport_introspection_cpp.hpp
-- Installing: /home/user/ws_siasun/install/duco_msg/include/duco_msg/duco_msg/srv/detail/robot_task_state_rquest__rosidl_typesupport_introspection_cpp.hpp
-- Installing: /home/user/ws_siasun/install/duco_msg/include/duco_msg/duco_msg/srv/detail/robot_control__type_support.cpp
-- Installing: /home/user/ws_siasun/install/duco_msg/include/duco_msg/duco_msg/srv/detail/pose_estimation__type_support.cpp
-- Installing: /home/user/ws_siasun/install/duco_msg/include/duco_msg/duco_msg/srv/detail/robot_move__type_support.cpp
-- Installing: /home/user/ws_siasun/install/duco_msg/include/duco_msg/duco_msg/srv/detail/robot_io_control__rosidl_typesupport_introspection_cpp.hpp
-- Installing: /home/user/ws_siasun/install/duco_msg/include/duco_msg/duco_msg/srv/detail/robot_task_state_rquest__type_support.cpp
-- Installing: /home/user/ws_siasun/install/duco_msg/lib/libduco_msg__rosidl_typesupport_introspection_cpp.so
-- Set runtime path of "/home/user/ws_siasun/install/duco_msg/lib/libduco_msg__rosidl_typesupport_introspection_cpp.so" to ""
-- Installing: /home/user/ws_siasun/install/duco_msg/lib/libduco_msg__rosidl_typesupport_cpp.so
-- Set runtime path of "/home/user/ws_siasun/install/duco_msg/lib/libduco_msg__rosidl_typesupport_cpp.so" to ""
-- Installing: /home/user/ws_siasun/install/duco_msg/share/duco_msg/environment/pythonpath.sh
-- Installing: /home/user/ws_siasun/install/duco_msg/share/duco_msg/environment/pythonpath.dsv
-- Installing: /home/user/ws_siasun/install/duco_msg/local/lib/python3.10/dist-packages/duco_msg-0.0.0-py3.10.egg-info
-- Installing: /home/user/ws_siasun/install/duco_msg/local/lib/python3.10/dist-packages/duco_msg-0.0.0-py3.10.egg-info/top_level.txt
-- Installing: /home/user/ws_siasun/install/duco_msg/local/lib/python3.10/dist-packages/duco_msg-0.0.0-py3.10.egg-info/PKG-INFO
-- Installing: /home/user/ws_siasun/install/duco_msg/local/lib/python3.10/dist-packages/duco_msg-0.0.0-py3.10.egg-info/SOURCES.txt
-- Installing: /home/user/ws_siasun/install/duco_msg/local/lib/python3.10/dist-packages/duco_msg-0.0.0-py3.10.egg-info/dependency_links.txt
-- Installing: /home/user/ws_siasun/install/duco_msg/local/lib/python3.10/dist-packages/duco_msg
-- Installing: /home/user/ws_siasun/install/duco_msg/local/lib/python3.10/dist-packages/duco_msg/_duco_msg_s.ep.rosidl_typesupport_fastrtps_c.c
-- Installing: /home/user/ws_siasun/install/duco_msg/local/lib/python3.10/dist-packages/duco_msg/libduco_msg__rosidl_generator_py.so
-- Installing: /home/user/ws_siasun/install/duco_msg/local/lib/python3.10/dist-packages/duco_msg/duco_msg_s__rosidl_typesupport_introspection_c.cpython-310-x86_64-linux-gnu.so
-- Installing: /home/user/ws_siasun/install/duco_msg/local/lib/python3.10/dist-packages/duco_msg/duco_msg_s__rosidl_typesupport_c.cpython-310-x86_64-linux-gnu.so
-- Installing: /home/user/ws_siasun/install/duco_msg/local/lib/python3.10/dist-packages/duco_msg/__init__.py
-- Installing: /home/user/ws_siasun/install/duco_msg/local/lib/python3.10/dist-packages/duco_msg/msg
-- Installing: /home/user/ws_siasun/install/duco_msg/local/lib/python3.10/dist-packages/duco_msg/msg/_virtual_servo_point_cloud.py
-- Installing: /home/user/ws_siasun/install/duco_msg/local/lib/python3.10/dist-packages/duco_msg/msg/_duco_robot_state.py
-- Installing: /home/user/ws_siasun/install/duco_msg/local/lib/python3.10/dist-packages/duco_msg/msg/_virtual_servo_pose_s.c
-- Installing: /home/user/ws_siasun/install/duco_msg/local/lib/python3.10/dist-packages/duco_msg/msg/_duco_robot_state_s.c
-- Installing: /home/user/ws_siasun/install/duco_msg/local/lib/python3.10/dist-packages/duco_msg/msg/__init__.py
-- Installing: /home/user/ws_siasun/install/duco_msg/local/lib/python3.10/dist-packages/duco_msg/msg/_virtual_servo_pose.py
-- Installing: /home/user/ws_siasun/install/duco_msg/local/lib/python3.10/dist-packages/duco_msg/msg/_virtual_servo_point_cloud_s.c
-- Installing: /home/user/ws_siasun/install/duco_msg/local/lib/python3.10/dist-packages/duco_msg/_duco_msg_s.ep.rosidl_typesupport_introspection_c.c
-- Installing: /home/user/ws_siasun/install/duco_msg/local/lib/python3.10/dist-packages/duco_msg/srv
-- Installing: /home/user/ws_siasun/install/duco_msg/local/lib/python3.10/dist-packages/duco_msg/srv/_duco_robot_states.py
-- Installing: /home/user/ws_siasun/install/duco_msg/local/lib/python3.10/dist-packages/duco_msg/srv/_robot_move_s.c
-- Installing: /home/user/ws_siasun/install/duco_msg/local/lib/python3.10/dist-packages/duco_msg/srv/_robot_control.py
-- Installing: /home/user/ws_siasun/install/duco_msg/local/lib/python3.10/dist-packages/duco_msg/srv/_grippers.py
-- Installing: /home/user/ws_siasun/install/duco_msg/local/lib/python3.10/dist-packages/duco_msg/srv/_robot_control_s.c
-- Installing: /home/user/ws_siasun/install/duco_msg/local/lib/python3.10/dist-packages/duco_msg/srv/__init__.py
-- Installing: /home/user/ws_siasun/install/duco_msg/local/lib/python3.10/dist-packages/duco_msg/srv/_pose_estimation.py
-- Installing: /home/user/ws_siasun/install/duco_msg/local/lib/python3.10/dist-packages/duco_msg/srv/_robot_task_state_rquest_s.c
-- Installing: /home/user/ws_siasun/install/duco_msg/local/lib/python3.10/dist-packages/duco_msg/srv/_duco_robot_states_s.c
-- Installing: /home/user/ws_siasun/install/duco_msg/local/lib/python3.10/dist-packages/duco_msg/srv/_speech_s.c
-- Installing: /home/user/ws_siasun/install/duco_msg/local/lib/python3.10/dist-packages/duco_msg/srv/_pose_estimation_s.c
-- Installing: /home/user/ws_siasun/install/duco_msg/local/lib/python3.10/dist-packages/duco_msg/srv/_robot_io_control.py
-- Installing: /home/user/ws_siasun/install/duco_msg/local/lib/python3.10/dist-packages/duco_msg/srv/_robot_move.py
-- Installing: /home/user/ws_siasun/install/duco_msg/local/lib/python3.10/dist-packages/duco_msg/srv/_grippers_s.c
-- Installing: /home/user/ws_siasun/install/duco_msg/local/lib/python3.10/dist-packages/duco_msg/srv/_robot_task_state_rquest.py
-- Installing: /home/user/ws_siasun/install/duco_msg/local/lib/python3.10/dist-packages/duco_msg/srv/_speech.py
-- Installing: /home/user/ws_siasun/install/duco_msg/local/lib/python3.10/dist-packages/duco_msg/srv/_robot_io_control_s.c
-- Installing: /home/user/ws_siasun/install/duco_msg/local/lib/python3.10/dist-packages/duco_msg/_duco_msg_s.ep.rosidl_typesupport_c.c
-- Installing: /home/user/ws_siasun/install/duco_msg/local/lib/python3.10/dist-packages/duco_msg/duco_msg_s__rosidl_typesupport_fastrtps_c.cpython-310-x86_64-linux-gnu.so
Listing '/home/user/ws_siasun/install/duco_msg/local/lib/python3.10/dist-packages/duco_msg'...
Compiling '/home/user/ws_siasun/install/duco_msg/local/lib/python3.10/dist-packages/duco_msg/__init__.py'...
Listing '/home/user/ws_siasun/install/duco_msg/local/lib/python3.10/dist-packages/duco_msg/msg'...
Compiling '/home/user/ws_siasun/install/duco_msg/local/lib/python3.10/dist-packages/duco_msg/msg/__init__.py'...
Compiling '/home/user/ws_siasun/install/duco_msg/local/lib/python3.10/dist-packages/duco_msg/msg/_duco_robot_state.py'...
Compiling '/home/user/ws_siasun/install/duco_msg/local/lib/python3.10/dist-packages/duco_msg/msg/_virtual_servo_point_cloud.py'...
Compiling '/home/user/ws_siasun/install/duco_msg/local/lib/python3.10/dist-packages/duco_msg/msg/_virtual_servo_pose.py'...
Listing '/home/user/ws_siasun/install/duco_msg/local/lib/python3.10/dist-packages/duco_msg/srv'...
Compiling '/home/user/ws_siasun/install/duco_msg/local/lib/python3.10/dist-packages/duco_msg/srv/__init__.py'...
Compiling '/home/user/ws_siasun/install/duco_msg/local/lib/python3.10/dist-packages/duco_msg/srv/_duco_robot_states.py'...
Compiling '/home/user/ws_siasun/install/duco_msg/local/lib/python3.10/dist-packages/duco_msg/srv/_grippers.py'...
Compiling '/home/user/ws_siasun/install/duco_msg/local/lib/python3.10/dist-packages/duco_msg/srv/_pose_estimation.py'...
Compiling '/home/user/ws_siasun/install/duco_msg/local/lib/python3.10/dist-packages/duco_msg/srv/_robot_control.py'...
Compiling '/home/user/ws_siasun/install/duco_msg/local/lib/python3.10/dist-packages/duco_msg/srv/_robot_io_control.py'...
Compiling '/home/user/ws_siasun/install/duco_msg/local/lib/python3.10/dist-packages/duco_msg/srv/_robot_move.py'...
Compiling '/home/user/ws_siasun/install/duco_msg/local/lib/python3.10/dist-packages/duco_msg/srv/_robot_task_state_rquest.py'...
Compiling '/home/user/ws_siasun/install/duco_msg/local/lib/python3.10/dist-packages/duco_msg/srv/_speech.py'...
-- Installing: /home/user/ws_siasun/install/duco_msg/local/lib/python3.10/dist-packages/duco_msg/duco_msg_s__rosidl_typesupport_fastrtps_c.cpython-310-x86_64-linux-gnu.so
-- Set runtime path of "/home/user/ws_siasun/install/duco_msg/local/lib/python3.10/dist-packages/duco_msg/duco_msg_s__rosidl_typesupport_fastrtps_c.cpython-310-x86_64-linux-gnu.so" to ""
-- Installing: /home/user/ws_siasun/install/duco_msg/local/lib/python3.10/dist-packages/duco_msg/duco_msg_s__rosidl_typesupport_introspection_c.cpython-310-x86_64-linux-gnu.so
-- Set runtime path of "/home/user/ws_siasun/install/duco_msg/local/lib/python3.10/dist-packages/duco_msg/duco_msg_s__rosidl_typesupport_introspection_c.cpython-310-x86_64-linux-gnu.so" to ""
-- Installing: /home/user/ws_siasun/install/duco_msg/local/lib/python3.10/dist-packages/duco_msg/duco_msg_s__rosidl_typesupport_c.cpython-310-x86_64-linux-gnu.so
-- Set runtime path of "/home/user/ws_siasun/install/duco_msg/local/lib/python3.10/dist-packages/duco_msg/duco_msg_s__rosidl_typesupport_c.cpython-310-x86_64-linux-gnu.so" to ""
-- Installing: /home/user/ws_siasun/install/duco_msg/lib/libduco_msg__rosidl_generator_py.so
-- Set runtime path of "/home/user/ws_siasun/install/duco_msg/lib/libduco_msg__rosidl_generator_py.so" to ""
-- Installing: /home/user/ws_siasun/install/duco_msg/share/duco_msg/msg/DucoRobotState.idl
-- Installing: /home/user/ws_siasun/install/duco_msg/share/duco_msg/msg/VirtualServoPointCloud.idl
-- Installing: /home/user/ws_siasun/install/duco_msg/share/duco_msg/msg/VirtualServoPose.idl
-- Installing: /home/user/ws_siasun/install/duco_msg/share/duco_msg/srv/DucoRobotStates.idl
-- Installing: /home/user/ws_siasun/install/duco_msg/share/duco_msg/srv/PoseEstimation.idl
-- Installing: /home/user/ws_siasun/install/duco_msg/share/duco_msg/srv/RobotControl.idl
-- Installing: /home/user/ws_siasun/install/duco_msg/share/duco_msg/srv/RobotMove.idl
-- Installing: /home/user/ws_siasun/install/duco_msg/share/duco_msg/srv/RobotIoControl.idl
-- Installing: /home/user/ws_siasun/install/duco_msg/share/duco_msg/srv/RobotTaskStateRquest.idl
-- Installing: /home/user/ws_siasun/install/duco_msg/share/duco_msg/srv/Speech.idl
-- Installing: /home/user/ws_siasun/install/duco_msg/share/duco_msg/srv/Grippers.idl
-- Installing: /home/user/ws_siasun/install/duco_msg/share/duco_msg/msg/DucoRobotState.msg
-- Installing: /home/user/ws_siasun/install/duco_msg/share/duco_msg/msg/VirtualServoPointCloud.msg
-- Installing: /home/user/ws_siasun/install/duco_msg/share/duco_msg/msg/VirtualServoPose.msg
-- Installing: /home/user/ws_siasun/install/duco_msg/share/duco_msg/srv/DucoRobotStates.srv
-- Installing: /home/user/ws_siasun/install/duco_msg/share/duco_msg/srv/DucoRobotStates_Request.msg
-- Installing: /home/user/ws_siasun/install/duco_msg/share/duco_msg/srv/DucoRobotStates_Response.msg
-- Installing: /home/user/ws_siasun/install/duco_msg/share/duco_msg/srv/PoseEstimation.srv
-- Installing: /home/user/ws_siasun/install/duco_msg/share/duco_msg/srv/PoseEstimation_Request.msg
-- Installing: /home/user/ws_siasun/install/duco_msg/share/duco_msg/srv/PoseEstimation_Response.msg
-- Installing: /home/user/ws_siasun/install/duco_msg/share/duco_msg/srv/RobotControl.srv
-- Installing: /home/user/ws_siasun/install/duco_msg/share/duco_msg/srv/RobotControl_Request.msg
-- Installing: /home/user/ws_siasun/install/duco_msg/share/duco_msg/srv/RobotControl_Response.msg
-- Installing: /home/user/ws_siasun/install/duco_msg/share/duco_msg/srv/RobotMove.srv
-- Installing: /home/user/ws_siasun/install/duco_msg/share/duco_msg/srv/RobotMove_Request.msg
-- Installing: /home/user/ws_siasun/install/duco_msg/share/duco_msg/srv/RobotMove_Response.msg
-- Installing: /home/user/ws_siasun/install/duco_msg/share/duco_msg/srv/RobotIoControl.srv
-- Installing: /home/user/ws_siasun/install/duco_msg/share/duco_msg/srv/RobotIoControl_Request.msg
-- Installing: /home/user/ws_siasun/install/duco_msg/share/duco_msg/srv/RobotIoControl_Response.msg
-- Installing: /home/user/ws_siasun/install/duco_msg/share/duco_msg/srv/RobotTaskStateRquest.srv
-- Installing: /home/user/ws_siasun/install/duco_msg/share/duco_msg/srv/RobotTaskStateRquest_Request.msg
-- Installing: /home/user/ws_siasun/install/duco_msg/share/duco_msg/srv/RobotTaskStateRquest_Response.msg
-- Installing: /home/user/ws_siasun/install/duco_msg/share/duco_msg/srv/Speech.srv
-- Installing: /home/user/ws_siasun/install/duco_msg/share/duco_msg/srv/Speech_Request.msg
-- Installing: /home/user/ws_siasun/install/duco_msg/share/duco_msg/srv/Speech_Response.msg
-- Installing: /home/user/ws_siasun/install/duco_msg/share/duco_msg/srv/Grippers.srv
-- Installing: /home/user/ws_siasun/install/duco_msg/share/duco_msg/srv/Grippers_Request.msg
-- Installing: /home/user/ws_siasun/install/duco_msg/share/duco_msg/srv/Grippers_Response.msg
-- Installing: /home/user/ws_siasun/install/duco_msg/share/ament_index/resource_index/package_run_dependencies/duco_msg
-- Installing: /home/user/ws_siasun/install/duco_msg/share/ament_index/resource_index/parent_prefix_path/duco_msg
-- Installing: /home/user/ws_siasun/install/duco_msg/share/duco_msg/environment/ament_prefix_path.sh
-- Installing: /home/user/ws_siasun/install/duco_msg/share/duco_msg/environment/ament_prefix_path.dsv
-- Installing: /home/user/ws_siasun/install/duco_msg/share/duco_msg/environment/path.sh
-- Installing: /home/user/ws_siasun/install/duco_msg/share/duco_msg/environment/path.dsv
-- Installing: /home/user/ws_siasun/install/duco_msg/share/duco_msg/local_setup.bash
-- Installing: /home/user/ws_siasun/install/duco_msg/share/duco_msg/local_setup.sh
-- Installing: /home/user/ws_siasun/install/duco_msg/share/duco_msg/local_setup.zsh
-- Installing: /home/user/ws_siasun/install/duco_msg/share/duco_msg/local_setup.dsv
-- Installing: /home/user/ws_siasun/install/duco_msg/share/duco_msg/package.dsv
-- Installing: /home/user/ws_siasun/install/duco_msg/share/ament_index/resource_index/packages/duco_msg
-- Installing: /home/user/ws_siasun/install/duco_msg/share/duco_msg/cmake/export_duco_msg__rosidl_generator_cExport.cmake
-- Installing: /home/user/ws_siasun/install/duco_msg/share/duco_msg/cmake/export_duco_msg__rosidl_generator_cExport-noconfig.cmake
-- Installing: /home/user/ws_siasun/install/duco_msg/share/duco_msg/cmake/export_duco_msg__rosidl_typesupport_fastrtps_cExport.cmake
-- Installing: /home/user/ws_siasun/install/duco_msg/share/duco_msg/cmake/export_duco_msg__rosidl_typesupport_fastrtps_cExport-noconfig.cmake
-- Installing: /home/user/ws_siasun/install/duco_msg/share/duco_msg/cmake/export_duco_msg__rosidl_generator_cppExport.cmake
-- Installing: /home/user/ws_siasun/install/duco_msg/share/duco_msg/cmake/export_duco_msg__rosidl_typesupport_fastrtps_cppExport.cmake
-- Installing: /home/user/ws_siasun/install/duco_msg/share/duco_msg/cmake/export_duco_msg__rosidl_typesupport_fastrtps_cppExport-noconfig.cmake
-- Installing: /home/user/ws_siasun/install/duco_msg/share/duco_msg/cmake/duco_msg__rosidl_typesupport_introspection_cExport.cmake
-- Installing: /home/user/ws_siasun/install/duco_msg/share/duco_msg/cmake/duco_msg__rosidl_typesupport_introspection_cExport-noconfig.cmake
-- Installing: /home/user/ws_siasun/install/duco_msg/share/duco_msg/cmake/duco_msg__rosidl_typesupport_cExport.cmake
-- Installing: /home/user/ws_siasun/install/duco_msg/share/duco_msg/cmake/duco_msg__rosidl_typesupport_cExport-noconfig.cmake
-- Installing: /home/user/ws_siasun/install/duco_msg/share/duco_msg/cmake/duco_msg__rosidl_typesupport_introspection_cppExport.cmake
-- Installing: /home/user/ws_siasun/install/duco_msg/share/duco_msg/cmake/duco_msg__rosidl_typesupport_introspection_cppExport-noconfig.cmake
-- Installing: /home/user/ws_siasun/install/duco_msg/share/duco_msg/cmake/duco_msg__rosidl_typesupport_cppExport.cmake
-- Installing: /home/user/ws_siasun/install/duco_msg/share/duco_msg/cmake/duco_msg__rosidl_typesupport_cppExport-noconfig.cmake
-- Installing: /home/user/ws_siasun/install/duco_msg/share/duco_msg/cmake/export_duco_msg__rosidl_generator_pyExport.cmake
-- Installing: /home/user/ws_siasun/install/duco_msg/share/duco_msg/cmake/export_duco_msg__rosidl_generator_pyExport-noconfig.cmake
-- Installing: /home/user/ws_siasun/install/duco_msg/share/duco_msg/cmake/rosidl_cmake-extras.cmake
-- Installing: /home/user/ws_siasun/install/duco_msg/share/duco_msg/cmake/ament_cmake_export_dependencies-extras.cmake
-- Installing: /home/user/ws_siasun/install/duco_msg/share/duco_msg/cmake/ament_cmake_export_include_directories-extras.cmake
-- Installing: /home/user/ws_siasun/install/duco_msg/share/duco_msg/cmake/ament_cmake_export_libraries-extras.cmake
-- Installing: /home/user/ws_siasun/install/duco_msg/share/duco_msg/cmake/ament_cmake_export_targets-extras.cmake
-- Installing: /home/user/ws_siasun/install/duco_msg/share/duco_msg/cmake/rosidl_cmake_export_typesupport_targets-extras.cmake
-- Installing: /home/user/ws_siasun/install/duco_msg/share/duco_msg/cmake/rosidl_cmake_export_typesupport_libraries-extras.cmake
-- Installing: /home/user/ws_siasun/install/duco_msg/share/duco_msg/cmake/duco_msgConfig.cmake
-- Installing: /home/user/ws_siasun/install/duco_msg/share/duco_msg/cmake/duco_msgConfig-version.cmake
-- Installing: /home/user/ws_siasun/install/duco_msg/share/duco_msg/package.xml
